Flat profile:

Each sample counts as 0.001 seconds.
  %   cumulative   self              self     total           
 time   seconds   seconds    calls   s/call   s/call  name    
 25.34     91.62    91.62   416250     0.00     0.00  NNLayer::propagate(float*)
 18.86    159.81    68.19 21312000     0.00     0.00  __divdf3
 13.26    207.77    47.96 91598800     0.00     0.00  __eqsf2
  8.38    238.07    30.30       10     3.03    33.14  Image::apply_NN(NN*, int, int)
  7.37    264.70    26.63 38662040     0.00     0.00  __udivsi3
  6.05    286.59    21.89 38665460     0.00     0.00  __umodsi3
  5.02    304.76    18.17                             read
  3.24    316.49    11.73 21313530     0.00     0.00  __floatsidf
  2.69    326.22     9.73 21312000     0.00     0.00  __truncdfsf2
  2.65    335.79     9.57 17009122     0.00     0.00  __clzsi2
  2.00    343.02     7.23 21633750     0.00     0.00  Image::source_pixel(int, int)
  1.51    348.48     5.46 14235665     0.00     0.00  __floatsisf
  0.82    351.46     2.98   756904     0.00     0.00  __addsf3
  0.51    353.30     1.84    46964     0.00     0.00  __divsf3
  0.29    354.33     1.04   667874     0.00     0.00  __mulsf3
  0.28    355.33     0.99      170     0.01     0.01  __extendsfdf2
  0.22    356.14     0.81                             __modsi3
  0.22    356.94     0.81                             abort
  0.18    357.58     0.63   278699     0.00     0.00  __gesf2
  0.15    358.10     0.53        1     0.53     0.53  Image::make_bw()
  0.14    358.61     0.51                             _Unwind_Backtrace
  0.14    359.10     0.49        1     0.49     7.54  Image::make_fractal()
  0.12    359.53     0.43    83250     0.00     0.00  NN::propagate(float*)
  0.10    359.89     0.35   107250     0.00     0.00  __fixsfsi
  0.09    360.21     0.32   195046     0.00     0.00  __subsf3
  0.08    360.49     0.28    11741     0.00     0.00  Image::Get_Fractal_Level(float, float)
  0.06    360.71     0.22     6125     0.00     0.00  altera_avalon_jtag_uart_write
  0.03    360.81     0.11       12     0.01     0.02  Image::printToScreen(int, int, VGA*)
  0.02    360.90     0.08       11     0.01     0.02  Image::randomize()
  0.02    360.97     0.08    11260     0.00     0.00  ___vfprintf_internal_r
  0.02    361.05     0.07   102090     0.00     0.00  rand
  0.02    361.11     0.06   107250     0.00     0.00  VGA::Set_Pixel_Color(unsigned int, unsigned int, unsigned int)
  0.01    361.15     0.04     8013     0.00     0.00  __sfvwrite_r
  0.01    361.18     0.03     6630     0.00     0.00  __udivdi3
  0.01    361.20     0.02   102090     0.00     0.00  __muldi3
  0.01    361.23     0.02     6630     0.00     0.00  __umoddi3
  0.01    361.25     0.02     6125     0.00     0.00  write
  0.01    361.27     0.02        1     0.02     0.02  VGA::clr()
  0.01    361.29     0.02        1     0.02     0.02  _exit
  0.01    361.31     0.02                             NNLayer::print_activation()
  0.01    361.33     0.02    83250     0.00     0.00  __fixunssfsi
  0.00    361.35     0.02     5630     0.00     0.00  __sbprintf
  0.00    361.36     0.02    11446     0.00     0.00  strlen
  0.00    361.38     0.01     6125     0.00     0.00  __swrite
  0.00    361.39     0.01     7833     0.00     0.00  __sclose
  0.00    361.40     0.01                             fstat
  0.00    361.41     0.01     9620     0.00     0.00  memmove
  0.00    361.42     0.01        5     0.00     0.27  NNLayer::print()
  0.00    361.42     0.01        1     0.01     0.01  NN::NN(int)
  0.00    361.42     0.00     6136     0.00     0.00  memcpy
  0.00    361.43     0.00     5762     0.00     0.00  __sflush_r
  0.00    361.43     0.00        8     0.00     0.00  _sbrk_r
  0.00    361.44     0.00     6125     0.00     0.00  _write_r
  0.00    361.44     0.00     5630     0.00     0.00  printf
  0.00    361.44     0.00     5759     0.00     0.00  _fflush_r
  0.00    361.44     0.00     3420     0.00     0.00  simpleRand()
  0.00    361.45     0.00      170     0.00     0.00  _dtoa_r
  0.00    361.45     0.00                             __cxa_deleted_virtual
  0.00    361.45     0.00     1700     0.00     0.00  __muldf3
  0.00    361.45     0.00     1530     0.00     0.00  __subdf3
  0.00    361.46     0.00      340     0.00     0.00  _Balloc
  0.00    361.46     0.00                             NN::getMaxOutputIndex()
  0.00    361.46     0.00    11741     0.00     0.00  Image::Get_Fractal_Color(int)
  0.00    361.46     0.00     3420     0.00     0.00  NNLayer::MYrand(int)
  0.00    361.46     0.00     7830     0.00     0.00  __sprint_r
  0.00    361.46     0.00    11260     0.00     0.00  _localeconv_r
  0.00    361.47     0.00       11     0.00     0.00  Image::~Image()
  0.00    361.47     0.00     6125     0.00     0.00  altera_avalon_jtag_uart_write_fd
  0.00    361.47     0.00     5630     0.00     0.00  __vfprintf_internal
  0.00    361.47     0.00        5     0.00     0.00  NNLayer::random_init(int, int, int)
  0.00    361.47     0.00        1     0.00   341.13  main
  0.00    361.47     0.00        4     0.00     0.00  altera_avalon_jtag_uart_close_fd
  0.00    361.47     0.00      340     0.00     0.00  __fpclassifyd
  0.00    361.47     0.00      183     0.00     0.00  _puts_r
  0.00    361.48     0.00        1     0.00     0.00  __swsetup_r
  0.00    361.48     0.00        3     0.00     0.00  _close_r
  0.00    361.48     0.00   674545     0.00     0.00  alt_tick
  0.00    361.48     0.00                             _putchar_r
  0.00    361.48     0.00                             srand
  0.00    361.48     0.00                             memchr
  0.00    361.48     0.00                             ___vfiprintf_internal_r
  0.00    361.48     0.00                             altera_avalon_jtag_uart_ioctl_fd
  0.00    361.48     0.00                             __locale_cjk_lang
  0.00    361.48     0.00                             _printf_r
  0.00    361.48     0.00                             setlocale
  0.00    361.48     0.00                             __seofread
  0.00    361.48     0.00   678825     0.00     0.00  alt_irq_handler
  0.00    361.48     0.00   674545     0.00     0.00  alt_avalon_timer_sc_irq
  0.00    361.48     0.00     4322     0.00     0.00  altera_avalon_jtag_uart_irq
  0.00    361.48     0.00     1360     0.00     0.00  __fixdfsi
  0.00    361.48     0.00      680     0.00     0.00  __adddf3
  0.00    361.48     0.00      674     0.00     0.00  altera_avalon_jtag_uart_timeout
  0.00    361.48     0.00      510     0.00     0.00  __nedf2
  0.00    361.48     0.00      340     0.00     0.00  __gedf2
  0.00    361.48     0.00      340     0.00     0.00  __ltdf2
  0.00    361.48     0.00      339     0.00     0.00  _Bfree
  0.00    361.48     0.00      183     0.00     0.00  puts
  0.00    361.48     0.00      170     0.00     0.00  __d2b
  0.00    361.48     0.00      170     0.00     0.00  __lo0bits
  0.00    361.48     0.00      129     0.00     0.00  __swbuf_r
  0.00    361.48     0.00      129     0.00     0.00  _putc_r
  0.00    361.48     0.00      129     0.00     0.00  putchar
  0.00    361.48     0.00       66     0.00     0.00  __malloc_lock
  0.00    361.48     0.00       66     0.00     0.00  __malloc_unlock
  0.00    361.48     0.00       42     0.00     0.00  _malloc_r
  0.00    361.48     0.00       39     0.00     0.00  _Unwind_SjLj_Register
  0.00    361.48     0.00       39     0.00     0.00  _Unwind_SjLj_Unregister
  0.00    361.48     0.00       39     0.00     0.00  malloc
  0.00    361.48     0.00       38     0.00     0.00  operator new(unsigned int)
  0.00    361.48     0.00       27     0.00     0.00  operator new[](unsigned int)
  0.00    361.48     0.00       24     0.00     0.00  _free_r
  0.00    361.48     0.00       21     0.00     0.00  operator delete(void*)
  0.00    361.48     0.00       21     0.00     0.00  free
  0.00    361.48     0.00       11     0.00     0.02  Image::init(int, int)
  0.00    361.48     0.00       11     0.00     0.02  Image::Image(int, int)
  0.00    361.48     0.00       11     0.00     0.00  operator delete[](void*)
  0.00    361.48     0.00        7     0.00     0.00  alt_release_fd
  0.00    361.48     0.00        5     0.00     0.00  NNLayer::init(int, int, int)
  0.00    361.48     0.00        5     0.00     0.00  NNLayer::NNLayer()
  0.00    361.48     0.00        5     0.00     0.00  memset
  0.00    361.48     0.00        4     0.00     0.00  altera_avalon_jtag_uart_close
  0.00    361.48     0.00        4     0.00     0.00  close
  0.00    361.48     0.00        3     0.00     0.00  __sfp_lock_acquire
  0.00    361.48     0.00        3     0.00     0.00  __sfp_lock_release
  0.00    361.48     0.00        3     0.00     0.00  _calloc_r
  0.00    361.48     0.00        3     0.00     0.00  _fclose_r
  0.00    361.48     0.00        3     0.00     0.00  alt_find_dev
  0.00    361.48     0.00        3     0.00     0.00  alt_get_fd
  0.00    361.48     0.00        3     0.00     0.00  memcmp
  0.00    361.48     0.00        3     0.00     0.00  open
  0.00    361.48     0.00        2     0.00     0.00  _cleanup_r
  0.00    361.48     0.00        2     0.00     0.00  alt_alarm_start
  0.00    361.48     0.00        2     0.00     0.00  alt_ic_irq_enable
  0.00    361.48     0.00        2     0.00     0.00  alt_ic_isr_register
  0.00    361.48     0.00        2     0.00     0.00  alt_iic_isr_register
  0.00    361.48     0.00        1     0.00     0.00  _GLOBAL__sub_I___cxa_allocate_exception
  0.00    361.48     0.00        1     0.00     0.00  NN::~NN()
  0.00    361.48     0.00        1     0.00     0.00  VGA::send_to_display()
  0.00    361.48     0.00        1     0.00     0.00  VGA::VGA(int, int)
  0.00    361.48     0.00        1     0.00     0.00  __call_exitprocs
  0.00    361.48     0.00        1     0.00     0.00  __register_exitproc
  0.00    361.48     0.00        1     0.00     0.00  __sinit
  0.00    361.48     0.00        1     0.00     0.00  __smakebuf_r
  0.00    361.48     0.00        1     0.00     0.00  _do_ctors
  0.00    361.48     0.00        1     0.00     0.00  _do_dtors
  0.00    361.48     0.00        1     0.00     0.00  _fwalk_reent
  0.00    361.48     0.00        1     0.00     0.00  alt_avalon_timer_sc_init
  0.00    361.48     0.00        1     0.00     0.00  alt_dcache_flush_all
  0.00    361.48     0.00        1     0.00     0.00  alt_dev_llist_insert
  0.00    361.48     0.00        1     0.00     0.00  alt_icache_flush
  0.00    361.48     0.00        1     0.00     0.00  alt_icache_flush_all
  0.00    361.48     0.00        1     0.00     0.00  alt_io_redirect
  0.00    361.48     0.00        1     0.00     0.00  alt_irq_init
  0.00    361.48     0.00        1     0.00     0.00  alt_load
  0.00    361.48     0.00        1     0.00   341.15  alt_main
  0.00    361.48     0.00        1     0.00     0.00  alt_sys_init
  0.00    361.48     0.00        1     0.00     0.00  altera_avalon_jtag_uart_init
  0.00    361.48     0.00        1     0.00     0.00  altera_nios2_gen2_irq_init
  0.00    361.48     0.00        1     0.00     0.00  atexit
  0.00    361.48     0.00        1     0.00     0.02  exit

 %         the percentage of the total running time of the
time       program used by this function.

cumulative a running sum of the number of seconds accounted
 seconds   for by this function and those listed above it.

 self      the number of seconds accounted for by this
seconds    function alone.  This is the major sort for this
           listing.

calls      the number of times this function was invoked, if
           this function is profiled, else blank.

 self      the average number of milliseconds spent in this
ms/call    function per call, if this function is profiled,
	   else blank.

 total     the average number of milliseconds spent in this
ms/call    function and its descendents per call, if this
	   function is profiled, else blank.

name       the name of the function.  This is the minor sort
           for this listing. The index shows the location of
	   the function in the gprof listing. If the index is
	   in parenthesis it shows where it would appear in
	   the gprof listing if it were to be printed.

Copyright (C) 2012-2015 Free Software Foundation, Inc.

Copying and distribution of this file, with or without modification,
are permitted in any medium without royalty provided the copyright
notice and this notice are preserved.

		     Call graph (explanation follows)


granularity: each sample hit covers 32 byte(s) for 0.00% of 361.48 seconds

index % time    self  children    called     name
                                                 <spontaneous>
[1]     94.4    0.00  341.15                 _start [1]
                0.00  341.15       1/1           alt_main [2]
                0.00    0.00       1/1           alt_load [112]
                0.00    0.00       1/1           alt_icache_flush [131]
                0.00    0.00       1/1           alt_icache_flush_all [132]
-----------------------------------------------
                0.00  341.15       1/1           _start [1]
[2]     94.4    0.00  341.15       1         alt_main [2]
                0.00  341.12       1/1           main [3]
                0.00    0.02       1/1           exit [51]
                0.00    0.00       1/4           close [88]
                0.00    0.00       1/1           _do_ctors [108]
                0.00    0.00       1/1           alt_io_redirect [111]
                0.00    0.00       1/1           atexit [137]
                0.00    0.00       1/1           alt_irq_init [133]
                0.00    0.00       1/1           alt_dev_llist_insert [130]
                0.00    0.00       1/1           alt_sys_init [134]
                0.00    0.00       1/1           __register_exitproc [188]
                0.00    0.00       1/7           alt_release_fd [119]
-----------------------------------------------
                0.00  341.12       1/1           alt_main [2]
[3]     94.4    0.00  341.12       1         main [3]
               30.30  301.11      10/10          Image::apply_NN(NN*, int, int) [4]
                0.49    7.05       1/1           Image::make_fractal() [16]
                0.01    1.37       5/5           NNLayer::print() [21]
                0.53    0.01       1/1           Image::make_bw() [29]
                0.11    0.10      12/12          Image::printToScreen(int, int, VGA*) [43]
                0.02    0.00       1/1           VGA::clr() [52]
                0.00    0.02       1/11          Image::Image(int, int) [41]
                0.00    0.01       5/5           NNLayer::random_init(int, int, int) [55]
                0.01    0.00       1/1           NN::NN(int) [64]
                0.00    0.00      11/11          Image::~Image() [83]
                0.00    0.00      10/5630        printf [27]
                0.00    0.00       1/38          operator new(unsigned int) [68]
                0.00    0.00       3/183         _puts_r [70]
                0.00    0.00      10/21          operator delete(void*) [178]
                0.00    0.00      10/24          _free_r [177]
                0.00    0.00      10/66          __malloc_unlock [174]
                0.00    0.00      10/21          free [118]
                0.00    0.00       3/183         puts [115]
                0.00    0.00       1/39          _Unwind_SjLj_Register [175]
                0.00    0.00       1/39          _Unwind_SjLj_Unregister [176]
                0.00    0.00       1/1           NN::~NN() [184]
                0.00    0.00       1/1           VGA::VGA(int, int) [186]
                0.00    0.00       1/1           VGA::send_to_display() [185]
-----------------------------------------------
               30.30  301.11      10/10          main [3]
[4]     91.7   30.30  301.11      10         Image::apply_NN(NN*, int, int) [4]
                0.43  148.98   83250/83250       NN::propagate(float*) [5]
               68.19   48.49 21312000/21312000     __divdf3 [7]
               11.73    5.44 21312000/21313530     __floatsidf [12]
                9.73    0.00 21312000/21312000     __truncdfsf2 [13]
                7.15    0.00 21395250/21633750     Image::source_pixel(int, int) [17]
                0.02    0.46   83250/83250       __fixunssfsi [31]
                0.00    0.19      10/11          Image::Image(int, int) [41]
                0.00    0.18    1860/5630        printf [27]
                0.13    0.00   83250/667874      __mulsf3 [22]
                0.00    0.00      10/38          operator new(unsigned int) [68]
                0.00    0.00      10/183         _puts_r [70]
                0.00    0.00      10/183         puts [115]
                0.00    0.00      10/39          _Unwind_SjLj_Register [175]
                0.00    0.00      10/39          _Unwind_SjLj_Unregister [176]
-----------------------------------------------
                0.43  148.98   83250/83250       Image::apply_NN(NN*, int, int) [4]
[5]     41.3    0.43  148.98   83250         NN::propagate(float*) [5]
               91.62   57.36  416250/416250      NNLayer::propagate(float*) [6]
-----------------------------------------------
               91.62   57.36  416250/416250      NN::propagate(float*) [5]
[6]     41.2   91.62   57.36  416250         NNLayer::propagate(float*) [6]
               47.95    0.00 91575000/91598800     __eqsf2 [8]
                5.43    3.98 14152500/14235665     __floatsisf [15]
-----------------------------------------------
               68.19   48.49 21312000/21312000     Image::apply_NN(NN*, int, int) [4]
[7]     32.3   68.19   48.49 21312000         __divdf3 [7]
               26.61    0.00 38635520/38662040     __udivsi3 [9]
               21.87    0.00 38635520/38665460     __umodsi3 [10]
-----------------------------------------------
                0.01    0.00   23800/91598800     Image::make_fractal() [16]
               47.95    0.00 91575000/91598800     NNLayer::propagate(float*) [6]
[8]     13.3   47.96    0.00 91598800         __eqsf2 [8]
-----------------------------------------------
                0.01    0.00   13260/38662040     __udivdi3 [48]
                0.01    0.00   13260/38662040     __umoddi3 [49]
               26.61    0.00 38635520/38662040     __divdf3 [7]
[9]      7.4   26.63    0.00 38662040         __udivsi3 [9]
-----------------------------------------------
                0.00    0.00    3420/38665460     NNLayer::MYrand(int) [58]
                0.01    0.00   13260/38665460     __udivdi3 [48]
                0.01    0.00   13260/38665460     __umoddi3 [49]
               21.87    0.00 38635520/38665460     __divdf3 [7]
[10]     6.1   21.89    0.00 38665460         __umodsi3 [10]
-----------------------------------------------
                                                 <spontaneous>
[11]     5.0   18.17    0.00                 read [11]
-----------------------------------------------
                0.00    0.00    1530/21313530     _dtoa_r [59]
               11.73    5.44 21312000/21313530     Image::apply_NN(NN*, int, int) [4]
[12]     4.7   11.73    5.44 21313530         __floatsidf [12]
                5.44    0.00 9659220/17009122     __clzsi2 [14]
-----------------------------------------------
                9.73    0.00 21312000/21312000     Image::apply_NN(NN*, int, int) [4]
[13]     2.7    9.73    0.00 21312000         __truncdfsf2 [13]
-----------------------------------------------
                0.00    0.00     170/17009122     __adddf3 [106]
                0.00    0.00     340/17009122     __subdf3 [74]
                0.06    0.00   99219/17009122     __subsf3 [32]
                0.08    0.00  136268/17009122     __addsf3 [19]
                4.00    0.00 7113905/17009122     __floatsisf [15]
                5.44    0.00 9659220/17009122     __floatsidf [12]
[14]     2.6    9.57    0.00 17009122         __clzsi2 [14]
-----------------------------------------------
                0.03    0.02   83165/14235665     Image::make_fractal() [16]
                5.43    3.98 14152500/14235665     NNLayer::propagate(float*) [6]
[15]     2.6    5.46    4.00 14235665         __floatsisf [15]
                4.00    0.00 7113905/17009122     __clzsi2 [14]
-----------------------------------------------
                0.49    7.05       1/1           main [3]
[16]     2.1    0.49    7.05       1         Image::make_fractal() [16]
                0.28    4.40   11741/11741       Image::Get_Fractal_Level(float, float) [18]
                1.84    0.00   46964/46964       __divsf3 [20]
                0.23    0.01   59164/756904      __addsf3 [19]
                0.08    0.00   24000/107250      __fixsfsi [33]
                0.07    0.00   46964/667874      __mulsf3 [22]
                0.03    0.02   83165/14235665     __floatsisf [15]
                0.04    0.01   23482/195046      __subsf3 [32]
                0.03    0.00   12401/278699      __gesf2 [26]
                0.01    0.00   23800/91598800     __eqsf2 [8]
                0.00    0.00   12000/21633750     Image::source_pixel(int, int) [17]
                0.00    0.00   11741/11741       Image::Get_Fractal_Color(int) [80]
-----------------------------------------------
                0.00    0.00   12000/21633750     Image::make_fractal() [16]
                0.01    0.00   24000/21633750     Image::make_bw() [29]
                0.03    0.00   95250/21633750     Image::randomize() [42]
                0.04    0.00  107250/21633750     Image::printToScreen(int, int, VGA*) [43]
                7.15    0.00 21395250/21633750     Image::apply_NN(NN*, int, int) [4]
[17]     2.0    7.23    0.00 21633750         Image::source_pixel(int, int) [17]
-----------------------------------------------
                0.28    4.40   11741/11741       Image::make_fractal() [16]
[18]     1.3    0.28    4.40   11741         Image::Get_Fractal_Level(float, float) [18]
                2.75    0.07  697740/756904      __addsf3 [19]
                0.83    0.00  537660/667874      __mulsf3 [22]
                0.42    0.00  183048/278699      __gesf2 [26]
                0.28    0.05  171564/195046      __subsf3 [32]
-----------------------------------------------
                0.23    0.01   59164/756904      Image::make_fractal() [16]
                2.75    0.07  697740/756904      Image::Get_Fractal_Level(float, float) [18]
[19]     0.8    2.98    0.08  756904         __addsf3 [19]
                0.08    0.00  136268/17009122     __clzsi2 [14]
-----------------------------------------------
                1.84    0.00   46964/46964       Image::make_fractal() [16]
[20]     0.5    1.84    0.00   46964         __divsf3 [20]
-----------------------------------------------
                0.01    1.37       5/5           main [3]
[21]     0.4    0.01    1.37       5         NNLayer::print() [21]
                0.99    0.00     170/170         __extendsfdf2 [23]
                0.00    0.36    3760/5630        printf [27]
                0.00    0.01     129/129         __swbuf_r [63]
                0.00    0.00     170/183         _puts_r [70]
                0.00    0.00     170/183         puts [115]
                0.00    0.00     129/129         putchar [116]
                0.00    0.00     129/129         _putc_r [172]
-----------------------------------------------
                0.07    0.00   46964/667874      Image::make_fractal() [16]
                0.13    0.00   83250/667874      Image::apply_NN(NN*, int, int) [4]
                0.83    0.00  537660/667874      Image::Get_Fractal_Level(float, float) [18]
[22]     0.3    1.04    0.00  667874         __mulsf3 [22]
-----------------------------------------------
                0.99    0.00     170/170         NNLayer::print() [21]
[23]     0.3    0.99    0.00     170         __extendsfdf2 [23]
-----------------------------------------------
                                                 <spontaneous>
[24]     0.2    0.81    0.00                 __modsi3 [24]
-----------------------------------------------
                                                 <spontaneous>
[25]     0.2    0.81    0.00                 abort [25]
-----------------------------------------------
                0.03    0.00   12401/278699      Image::make_fractal() [16]
                0.19    0.00   83250/278699      __fixunssfsi [31]
                0.42    0.00  183048/278699      Image::Get_Fractal_Level(float, float) [18]
[26]     0.2    0.63    0.00  278699         __gesf2 [26]
-----------------------------------------------
                0.00    0.00      10/5630        main [3]
                0.00    0.18    1860/5630        Image::apply_NN(NN*, int, int) [4]
                0.00    0.36    3760/5630        NNLayer::print() [21]
[27]     0.2    0.00    0.54    5630         printf [27]
                0.09    0.45    5630/5630        ___vfprintf_internal_r <cycle 1> [35]
                0.00    0.00    5630/5630        __vfprintf_internal [85]
-----------------------------------------------
[28]     0.1    0.09    0.45    5630+11260   <cycle 1 as a whole> [28]
                0.02    0.25    5630             __sbprintf <cycle 1> [34]
                0.08    0.19   11260             ___vfprintf_internal_r <cycle 1> [35]
-----------------------------------------------
                0.53    0.01       1/1           main [3]
[29]     0.1    0.53    0.01       1         Image::make_bw() [29]
                0.01    0.00   24000/21633750     Image::source_pixel(int, int) [17]
-----------------------------------------------
                                                 <spontaneous>
[30]     0.1    0.51    0.00                 _Unwind_Backtrace [30]
-----------------------------------------------
                0.02    0.46   83250/83250       Image::apply_NN(NN*, int, int) [4]
[31]     0.1    0.02    0.46   83250         __fixunssfsi [31]
                0.27    0.00   83250/107250      __fixsfsi [33]
                0.19    0.00   83250/278699      __gesf2 [26]
-----------------------------------------------
                0.04    0.01   23482/195046      Image::make_fractal() [16]
                0.28    0.05  171564/195046      Image::Get_Fractal_Level(float, float) [18]
[32]     0.1    0.32    0.06  195046         __subsf3 [32]
                0.06    0.00   99219/17009122     __clzsi2 [14]
-----------------------------------------------
                0.08    0.00   24000/107250      Image::make_fractal() [16]
                0.27    0.00   83250/107250      __fixunssfsi [31]
[33]     0.1    0.35    0.00  107250         __fixsfsi [33]
-----------------------------------------------
                                5630             ___vfprintf_internal_r <cycle 1> [35]
[34]     0.1    0.02    0.25    5630         __sbprintf <cycle 1> [34]
                0.00    0.25    5630/5762        __sflush_r [36]
                0.00    0.00    5630/5759        _fflush_r [69]
                                5630             ___vfprintf_internal_r <cycle 1> [35]
-----------------------------------------------
                                5630             __sbprintf <cycle 1> [34]
                0.09    0.45    5630/5630        printf [27]
[35]     0.1    0.08    0.19   11260         ___vfprintf_internal_r <cycle 1> [35]
                0.01    0.07    7830/7833        __sclose [45]
                0.03    0.02    6630/6630        __udivdi3 [48]
                0.02    0.02    6630/6630        __umoddi3 [49]
                0.01    0.00   11260/11446       strlen [56]
                0.00    0.01     170/170         _dtoa_r [59]
                0.00    0.00    7830/7830        __sprint_r [81]
                0.00    0.00   11260/11260       _localeconv_r [82]
                0.00    0.00     340/340         __fpclassifyd [90]
                0.00    0.00     340/510         __nedf2 [167]
                                5630             __sbprintf <cycle 1> [34]
-----------------------------------------------
                0.00    0.00       3/5762        _fclose_r [77]
                0.00    0.01     129/5762        __swbuf_r [63]
                0.00    0.25    5630/5762        __sbprintf <cycle 1> [34]
[36]     0.1    0.00    0.25    5762         __sflush_r [36]
                0.00    0.23    5759/6125        _write_r [37]
                0.01    0.00    5759/6125        __swrite [57]
-----------------------------------------------
                0.00    0.01     366/6125        __sfvwrite_r [46]
                0.00    0.23    5759/6125        __sflush_r [36]
[37]     0.1    0.00    0.25    6125         _write_r [37]
                0.02    0.23    6125/6125        write [38]
-----------------------------------------------
                0.02    0.23    6125/6125        _write_r [37]
[38]     0.1    0.02    0.23    6125         write [38]
                0.22    0.00    6125/6125        altera_avalon_jtag_uart_write [39]
                0.00    0.00    6125/6125        altera_avalon_jtag_uart_write_fd [84]
-----------------------------------------------
                0.22    0.00    6125/6125        write [38]
[39]     0.1    0.22    0.00    6125         altera_avalon_jtag_uart_write [39]
                0.00    0.00    6134/6136        memcpy [65]
-----------------------------------------------
                0.00    0.21      11/11          Image::Image(int, int) [41]
[40]     0.1    0.00    0.21      11         Image::init(int, int) [40]
                0.08    0.12      11/11          Image::randomize() [42]
                0.00    0.00      11/27          operator new[](unsigned int) [73]
-----------------------------------------------
                0.00    0.02       1/11          main [3]
                0.00    0.19      10/11          Image::apply_NN(NN*, int, int) [4]
[41]     0.1    0.00    0.21      11         Image::Image(int, int) [41]
                0.00    0.21      11/11          Image::init(int, int) [40]
-----------------------------------------------
                0.08    0.12      11/11          Image::init(int, int) [40]
[42]     0.1    0.08    0.12      11         Image::randomize() [42]
                0.07    0.02   95250/102090      rand [44]
                0.03    0.00   95250/21633750     Image::source_pixel(int, int) [17]
-----------------------------------------------
                0.11    0.10      12/12          main [3]
[43]     0.1    0.11    0.10      12         Image::printToScreen(int, int, VGA*) [43]
                0.06    0.00  107250/107250      VGA::Set_Pixel_Color(unsigned int, unsigned int, unsigned int) [47]
                0.04    0.00  107250/21633750     Image::source_pixel(int, int) [17]
-----------------------------------------------
                0.01    0.00    6840/102090      simpleRand() [60]
                0.07    0.02   95250/102090      Image::randomize() [42]
[44]     0.0    0.07    0.02  102090         rand [44]
                0.02    0.00  102090/102090      __muldi3 [50]
-----------------------------------------------
                0.00    0.00       3/7833        _fclose_r [77]
                0.01    0.07    7830/7833        ___vfprintf_internal_r <cycle 1> [35]
[45]     0.0    0.01    0.07    7833         __sclose [45]
                0.04    0.02    7830/8013        __sfvwrite_r [46]
-----------------------------------------------
                0.00    0.00     183/8013        _puts_r [70]
                0.04    0.02    7830/8013        __sclose [45]
[46]     0.0    0.04    0.02    8013         __sfvwrite_r [46]
                0.00    0.01     366/6125        _write_r [37]
                0.01    0.00    9620/9620        memmove [62]
                0.00    0.00       1/1           __swsetup_r [91]
                0.00    0.00     366/6125        __swrite [57]
-----------------------------------------------
                0.06    0.00  107250/107250      Image::printToScreen(int, int, VGA*) [43]
[47]     0.0    0.06    0.00  107250         VGA::Set_Pixel_Color(unsigned int, unsigned int, unsigned int) [47]
-----------------------------------------------
                0.03    0.02    6630/6630        ___vfprintf_internal_r <cycle 1> [35]
[48]     0.0    0.03    0.02    6630         __udivdi3 [48]
                0.01    0.00   13260/38662040     __udivsi3 [9]
                0.01    0.00   13260/38665460     __umodsi3 [10]
-----------------------------------------------
                0.02    0.02    6630/6630        ___vfprintf_internal_r <cycle 1> [35]
[49]     0.0    0.02    0.02    6630         __umoddi3 [49]
                0.01    0.00   13260/38662040     __udivsi3 [9]
                0.01    0.00   13260/38665460     __umodsi3 [10]
-----------------------------------------------
                0.02    0.00  102090/102090      rand [44]
[50]     0.0    0.02    0.00  102090         __muldi3 [50]
-----------------------------------------------
                0.00    0.02       1/1           alt_main [2]
[51]     0.0    0.00    0.02       1         exit [51]
                0.02    0.00       1/1           _exit [53]
                0.00    0.00       1/1           _fwalk_reent [78]
                0.00    0.00       1/1           __call_exitprocs [187]
                0.00    0.00       1/2           _cleanup_r [183]
-----------------------------------------------
                0.02    0.00       1/1           main [3]
[52]     0.0    0.02    0.00       1         VGA::clr() [52]
-----------------------------------------------
                0.02    0.00       1/1           exit [51]
[53]     0.0    0.02    0.00       1         _exit [53]
-----------------------------------------------
                                                 <spontaneous>
[54]     0.0    0.02    0.00                 NNLayer::print_activation() [54]
-----------------------------------------------
                0.00    0.01       5/5           main [3]
[55]     0.0    0.00    0.01       5         NNLayer::random_init(int, int, int) [55]
                0.00    0.01    3420/3420        NNLayer::MYrand(int) [58]
                0.00    0.00       5/5           NNLayer::init(int, int, int) [86]
-----------------------------------------------
                0.00    0.00       3/11446       alt_find_dev [109]
                0.00    0.00     183/11446       _puts_r [70]
                0.01    0.00   11260/11446       ___vfprintf_internal_r <cycle 1> [35]
[56]     0.0    0.02    0.00   11446         strlen [56]
-----------------------------------------------
                0.00    0.00     366/6125        __sfvwrite_r [46]
                0.01    0.00    5759/6125        __sflush_r [36]
[57]     0.0    0.01    0.00    6125         __swrite [57]
-----------------------------------------------
                0.00    0.01    3420/3420        NNLayer::random_init(int, int, int) [55]
[58]     0.0    0.00    0.01    3420         NNLayer::MYrand(int) [58]
                0.00    0.01    3420/3420        simpleRand() [60]
                0.00    0.00    3420/38665460     __umodsi3 [10]
-----------------------------------------------
                0.00    0.01     170/170         ___vfprintf_internal_r <cycle 1> [35]
[59]     0.0    0.00    0.01     170         _dtoa_r [59]
                0.00    0.00    1530/1530        __subdf3 [74]
                0.00    0.00    1700/1700        __muldf3 [75]
                0.00    0.00    1530/21313530     __floatsidf [12]
                0.00    0.00     170/170         __d2b [89]
                0.00    0.00     170/340         _Balloc [72]
                0.00    0.00     680/680         __adddf3 [106]
                0.00    0.00    1360/1360        __fixdfsi [166]
                0.00    0.00     340/340         __gedf2 [168]
                0.00    0.00     340/340         __ltdf2 [169]
                0.00    0.00     339/339         _Bfree [170]
                0.00    0.00     170/510         __nedf2 [167]
-----------------------------------------------
                0.00    0.01    3420/3420        NNLayer::MYrand(int) [58]
[60]     0.0    0.00    0.01    3420         simpleRand() [60]
                0.01    0.00    6840/102090      rand [44]
-----------------------------------------------
                                                 <spontaneous>
[61]     0.0    0.01    0.00                 fstat [61]
-----------------------------------------------
                0.01    0.00    9620/9620        __sfvwrite_r [46]
[62]     0.0    0.01    0.00    9620         memmove [62]
-----------------------------------------------
                0.00    0.01     129/129         NNLayer::print() [21]
[63]     0.0    0.00    0.01     129         __swbuf_r [63]
                0.00    0.01     129/5762        __sflush_r [36]
                0.00    0.00     129/5759        _fflush_r [69]
-----------------------------------------------
                0.01    0.00       1/1           main [3]
[64]     0.0    0.01    0.00       1         NN::NN(int) [64]
                0.00    0.00       1/27          operator new[](unsigned int) [73]
                0.00    0.00       5/5           NNLayer::NNLayer() [180]
                0.00    0.00       1/39          _Unwind_SjLj_Register [175]
                0.00    0.00       1/39          _Unwind_SjLj_Unregister [176]
-----------------------------------------------
                0.00    0.00       2/6136        alt_load [112]
                0.00    0.00    6134/6136        altera_avalon_jtag_uart_write [39]
[65]     0.0    0.00    0.00    6136         memcpy [65]
-----------------------------------------------
                0.00    0.00       1/42          _GLOBAL__sub_I___cxa_allocate_exception [107]
                0.00    0.00       3/42          _calloc_r [102]
                0.00    0.00      38/42          operator new(unsigned int) [68]
[66]     0.0    0.00    0.00      42         _malloc_r [66]
                0.00    0.00       8/8           _sbrk_r [67]
                0.00    0.00      45/66          __malloc_unlock [174]
                0.00    0.00      42/66          __malloc_lock [173]
                0.00    0.00       3/24          _free_r [177]
-----------------------------------------------
                0.00    0.00       8/8           _malloc_r [66]
[67]     0.0    0.00    0.00       8         _sbrk_r [67]
-----------------------------------------------
                0.00    0.00       1/38          main [3]
                0.00    0.00      10/38          Image::apply_NN(NN*, int, int) [4]
                0.00    0.00      27/38          operator new[](unsigned int) [73]
[68]     0.0    0.00    0.00      38         operator new(unsigned int) [68]
                0.00    0.00      38/42          _malloc_r [66]
                0.00    0.00      38/39          malloc [117]
-----------------------------------------------
                0.00    0.00     129/5759        __swbuf_r [63]
                0.00    0.00    5630/5759        __sbprintf <cycle 1> [34]
[69]     0.0    0.00    0.00    5759         _fflush_r [69]
-----------------------------------------------
                0.00    0.00       3/183         main [3]
                0.00    0.00      10/183         Image::apply_NN(NN*, int, int) [4]
                0.00    0.00     170/183         NNLayer::print() [21]
[70]     0.0    0.00    0.00     183         _puts_r [70]
                0.00    0.00     183/8013        __sfvwrite_r [46]
                0.00    0.00     183/11446       strlen [56]
                0.00    0.00       1/1           __sinit [189]
                0.00    0.00       1/2           _cleanup_r [183]
-----------------------------------------------
                                                 <spontaneous>
[71]     0.0    0.00    0.00                 __cxa_deleted_virtual [71]
-----------------------------------------------
                0.00    0.00     170/340         _dtoa_r [59]
                0.00    0.00     170/340         __d2b [89]
[72]     0.0    0.00    0.00     340         _Balloc [72]
                0.00    0.00       3/3           _calloc_r [102]
-----------------------------------------------
                0.00    0.00       1/27          NN::NN(int) [64]
                0.00    0.00      11/27          Image::init(int, int) [40]
                0.00    0.00      15/27          NNLayer::init(int, int, int) [86]
[73]     0.0    0.00    0.00      27         operator new[](unsigned int) [73]
                0.00    0.00      27/38          operator new(unsigned int) [68]
                0.00    0.00      27/39          _Unwind_SjLj_Register [175]
                0.00    0.00      27/39          _Unwind_SjLj_Unregister [176]
-----------------------------------------------
                0.00    0.00    1530/1530        _dtoa_r [59]
[74]     0.0    0.00    0.00    1530         __subdf3 [74]
                0.00    0.00     340/17009122     __clzsi2 [14]
-----------------------------------------------
                0.00    0.00    1700/1700        _dtoa_r [59]
[75]     0.0    0.00    0.00    1700         __muldf3 [75]
-----------------------------------------------
                                                 <spontaneous>
[76]     0.0    0.00    0.00                 NN::getMaxOutputIndex() [76]
-----------------------------------------------
                0.00    0.00       3/3           _fwalk_reent [78]
[77]     0.0    0.00    0.00       3         _fclose_r [77]
                0.00    0.00       3/3           _close_r [79]
                0.00    0.00       3/5762        __sflush_r [36]
                0.00    0.00       3/7833        __sclose [45]
                0.00    0.00       3/3           __sfp_lock_acquire [181]
                0.00    0.00       3/3           __sfp_lock_release [182]
-----------------------------------------------
                0.00    0.00       1/1           exit [51]
[78]     0.0    0.00    0.00       1         _fwalk_reent [78]
                0.00    0.00       3/3           _fclose_r [77]
-----------------------------------------------
                0.00    0.00       3/3           _fclose_r [77]
[79]     0.0    0.00    0.00       3         _close_r [79]
                0.00    0.00       3/4           close [88]
-----------------------------------------------
                0.00    0.00   11741/11741       Image::make_fractal() [16]
[80]     0.0    0.00    0.00   11741         Image::Get_Fractal_Color(int) [80]
-----------------------------------------------
                0.00    0.00    7830/7830        ___vfprintf_internal_r <cycle 1> [35]
[81]     0.0    0.00    0.00    7830         __sprint_r [81]
-----------------------------------------------
                0.00    0.00   11260/11260       ___vfprintf_internal_r <cycle 1> [35]
[82]     0.0    0.00    0.00   11260         _localeconv_r [82]
-----------------------------------------------
                0.00    0.00      11/11          main [3]
[83]     0.0    0.00    0.00      11         Image::~Image() [83]
                0.00    0.00      11/11          operator delete[](void*) [179]
                0.00    0.00      11/21          operator delete(void*) [178]
                0.00    0.00      11/24          _free_r [177]
                0.00    0.00      11/66          __malloc_unlock [174]
                0.00    0.00      11/21          free [118]
-----------------------------------------------
                0.00    0.00    6125/6125        write [38]
[84]     0.0    0.00    0.00    6125         altera_avalon_jtag_uart_write_fd [84]
-----------------------------------------------
                0.00    0.00    5630/5630        printf [27]
[85]     0.0    0.00    0.00    5630         __vfprintf_internal [85]
-----------------------------------------------
                0.00    0.00       5/5           NNLayer::random_init(int, int, int) [55]
[86]     0.0    0.00    0.00       5         NNLayer::init(int, int, int) [86]
                0.00    0.00      15/27          operator new[](unsigned int) [73]
-----------------------------------------------
                0.00    0.00       4/4           close [88]
[87]     0.0    0.00    0.00       4         altera_avalon_jtag_uart_close_fd [87]
-----------------------------------------------
                0.00    0.00       1/4           alt_main [2]
                0.00    0.00       3/4           _close_r [79]
[88]     0.0    0.00    0.00       4         close [88]
                0.00    0.00       4/4           altera_avalon_jtag_uart_close_fd [87]
                0.00    0.00       4/4           altera_avalon_jtag_uart_close [121]
                0.00    0.00       4/7           alt_release_fd [119]
-----------------------------------------------
                0.00    0.00     170/170         _dtoa_r [59]
[89]     0.0    0.00    0.00     170         __d2b [89]
                0.00    0.00     170/340         _Balloc [72]
                0.00    0.00     170/170         __lo0bits [171]
-----------------------------------------------
                0.00    0.00     340/340         ___vfprintf_internal_r <cycle 1> [35]
[90]     0.0    0.00    0.00     340         __fpclassifyd [90]
-----------------------------------------------
                0.00    0.00       1/1           __sfvwrite_r [46]
[91]     0.0    0.00    0.00       1         __swsetup_r [91]
                0.00    0.00       1/1           __smakebuf_r [190]
-----------------------------------------------
                0.00    0.00  678825/678825      alt_exception [95]
[92]     0.0    0.00    0.00  678825         alt_irq_handler [92]
                0.00    0.00  674545/674545      alt_avalon_timer_sc_irq [93]
                0.00    0.00    4322/4322        altera_avalon_jtag_uart_irq [113]
-----------------------------------------------
                0.00    0.00  674545/674545      alt_irq_handler [92]
[93]     0.0    0.00    0.00  674545         alt_avalon_timer_sc_irq [93]
                0.00    0.00  674545/674545      alt_tick [94]
-----------------------------------------------
                0.00    0.00  674545/674545      alt_avalon_timer_sc_irq [93]
[94]     0.0    0.00    0.00  674545         alt_tick [94]
                0.00    0.00     674/674         altera_avalon_jtag_uart_timeout [114]
-----------------------------------------------
                                                 <spontaneous>
[95]     0.0    0.00    0.00                 alt_exception [95]
                0.00    0.00  678825/678825      alt_irq_handler [92]
-----------------------------------------------
                                                 <spontaneous>
[96]     0.0    0.00    0.00                 srand [96]
-----------------------------------------------
                                                 <spontaneous>
[97]     0.0    0.00    0.00                 _putchar_r [97]
-----------------------------------------------
                                                 <spontaneous>
[98]     0.0    0.00    0.00                 memchr [98]
-----------------------------------------------
                                                 <spontaneous>
[99]     0.0    0.00    0.00                 altera_avalon_jtag_uart_ioctl_fd [99]
-----------------------------------------------
                                                 <spontaneous>
[100]    0.0    0.00    0.00                 ___vfiprintf_internal_r [100]
-----------------------------------------------
                                                 <spontaneous>
[101]    0.0    0.00    0.00                 setlocale [101]
-----------------------------------------------
                0.00    0.00       3/3           _Balloc [72]
[102]    0.0    0.00    0.00       3         _calloc_r [102]
                0.00    0.00       3/42          _malloc_r [66]
                0.00    0.00       1/5           memset [120]
-----------------------------------------------
                                                 <spontaneous>
[103]    0.0    0.00    0.00                 __locale_cjk_lang [103]
-----------------------------------------------
                                                 <spontaneous>
[104]    0.0    0.00    0.00                 _printf_r [104]
-----------------------------------------------
                                                 <spontaneous>
[105]    0.0    0.00    0.00                 __seofread [105]
-----------------------------------------------
                0.00    0.00     680/680         _dtoa_r [59]
[106]    0.0    0.00    0.00     680         __adddf3 [106]
                0.00    0.00     170/17009122     __clzsi2 [14]
-----------------------------------------------
                0.00    0.00       1/1           _do_ctors [108]
[107]    0.0    0.00    0.00       1         _GLOBAL__sub_I___cxa_allocate_exception [107]
                0.00    0.00       1/42          _malloc_r [66]
                0.00    0.00       1/39          malloc [117]
-----------------------------------------------
                0.00    0.00       1/1           alt_main [2]
[108]    0.0    0.00    0.00       1         _do_ctors [108]
                0.00    0.00       1/1           _GLOBAL__sub_I___cxa_allocate_exception [107]
-----------------------------------------------
                0.00    0.00       3/3           open [110]
[109]    0.0    0.00    0.00       3         alt_find_dev [109]
                0.00    0.00       3/11446       strlen [56]
                0.00    0.00       3/3           memcmp [123]
-----------------------------------------------
                0.00    0.00       3/3           alt_io_redirect [111]
[110]    0.0    0.00    0.00       3         open [110]
                0.00    0.00       3/3           alt_find_dev [109]
                0.00    0.00       3/3           alt_get_fd [122]
-----------------------------------------------
                0.00    0.00       1/1           alt_main [2]
[111]    0.0    0.00    0.00       1         alt_io_redirect [111]
                0.00    0.00       3/3           open [110]
                0.00    0.00       2/7           alt_release_fd [119]
-----------------------------------------------
                0.00    0.00       1/1           _start [1]
[112]    0.0    0.00    0.00       1         alt_load [112]
                0.00    0.00       2/6136        memcpy [65]
                0.00    0.00       1/1           alt_dcache_flush_all [129]
-----------------------------------------------
                0.00    0.00    4322/4322        alt_irq_handler [92]
[113]    0.0    0.00    0.00    4322         altera_avalon_jtag_uart_irq [113]
-----------------------------------------------
                0.00    0.00     674/674         alt_tick [94]
[114]    0.0    0.00    0.00     674         altera_avalon_jtag_uart_timeout [114]
-----------------------------------------------
                0.00    0.00       3/183         main [3]
                0.00    0.00      10/183         Image::apply_NN(NN*, int, int) [4]
                0.00    0.00     170/183         NNLayer::print() [21]
[115]    0.0    0.00    0.00     183         puts [115]
-----------------------------------------------
                0.00    0.00     129/129         NNLayer::print() [21]
[116]    0.0    0.00    0.00     129         putchar [116]
-----------------------------------------------
                0.00    0.00       1/39          _GLOBAL__sub_I___cxa_allocate_exception [107]
                0.00    0.00      38/39          operator new(unsigned int) [68]
[117]    0.0    0.00    0.00      39         malloc [117]
-----------------------------------------------
                0.00    0.00      10/21          main [3]
                0.00    0.00      11/21          Image::~Image() [83]
[118]    0.0    0.00    0.00      21         free [118]
-----------------------------------------------
                0.00    0.00       1/7           alt_main [2]
                0.00    0.00       2/7           alt_io_redirect [111]
                0.00    0.00       4/7           close [88]
[119]    0.0    0.00    0.00       7         alt_release_fd [119]
-----------------------------------------------
                0.00    0.00       1/5           _calloc_r [102]
                0.00    0.00       1/5           __mcount_record [307]
                0.00    0.00       3/5           _cleanup_r [183]
[120]    0.0    0.00    0.00       5         memset [120]
-----------------------------------------------
                0.00    0.00       4/4           close [88]
[121]    0.0    0.00    0.00       4         altera_avalon_jtag_uart_close [121]
-----------------------------------------------
                0.00    0.00       3/3           open [110]
[122]    0.0    0.00    0.00       3         alt_get_fd [122]
-----------------------------------------------
                0.00    0.00       3/3           alt_find_dev [109]
[123]    0.0    0.00    0.00       3         memcmp [123]
-----------------------------------------------
                0.00    0.00       1/2           altera_avalon_jtag_uart_init [135]
                0.00    0.00       1/2           __mcount_record [307]
[124]    0.0    0.00    0.00       2         alt_alarm_start [124]
-----------------------------------------------
                0.00    0.00       2/2           alt_iic_isr_register [127]
[125]    0.0    0.00    0.00       2         alt_ic_irq_enable [125]
-----------------------------------------------
                0.00    0.00       1/2           altera_avalon_jtag_uart_init [135]
                0.00    0.00       1/2           alt_avalon_timer_sc_init [128]
[126]    0.0    0.00    0.00       2         alt_ic_isr_register [126]
-----------------------------------------------
                0.00    0.00       1/2           altera_avalon_jtag_uart_init [135]
                0.00    0.00       1/2           alt_avalon_timer_sc_init [128]
[127]    0.0    0.00    0.00       2         alt_iic_isr_register [127]
                0.00    0.00       2/2           alt_ic_irq_enable [125]
-----------------------------------------------
                0.00    0.00       1/1           alt_sys_init [134]
[128]    0.0    0.00    0.00       1         alt_avalon_timer_sc_init [128]
                0.00    0.00       1/2           alt_ic_isr_register [126]
                0.00    0.00       1/2           alt_iic_isr_register [127]
-----------------------------------------------
                0.00    0.00       1/1           alt_load [112]
[129]    0.0    0.00    0.00       1         alt_dcache_flush_all [129]
-----------------------------------------------
                0.00    0.00       1/1           alt_main [2]
[130]    0.0    0.00    0.00       1         alt_dev_llist_insert [130]
-----------------------------------------------
                0.00    0.00       1/1           _start [1]
[131]    0.0    0.00    0.00       1         alt_icache_flush [131]
-----------------------------------------------
                0.00    0.00       1/1           _start [1]
[132]    0.0    0.00    0.00       1         alt_icache_flush_all [132]
-----------------------------------------------
                0.00    0.00       1/1           alt_main [2]
[133]    0.0    0.00    0.00       1         alt_irq_init [133]
                0.00    0.00       1/1           altera_nios2_gen2_irq_init [136]
-----------------------------------------------
                0.00    0.00       1/1           alt_main [2]
[134]    0.0    0.00    0.00       1         alt_sys_init [134]
                0.00    0.00       1/1           alt_avalon_timer_sc_init [128]
                0.00    0.00       1/1           altera_avalon_jtag_uart_init [135]
-----------------------------------------------
                0.00    0.00       1/1           alt_sys_init [134]
[135]    0.0    0.00    0.00       1         altera_avalon_jtag_uart_init [135]
                0.00    0.00       1/2           alt_alarm_start [124]
                0.00    0.00       1/2           alt_ic_isr_register [126]
                0.00    0.00       1/2           alt_iic_isr_register [127]
-----------------------------------------------
                0.00    0.00       1/1           alt_irq_init [133]
[136]    0.0    0.00    0.00       1         altera_nios2_gen2_irq_init [136]
-----------------------------------------------
                0.00    0.00       1/1           alt_main [2]
[137]    0.0    0.00    0.00       1         atexit [137]
-----------------------------------------------
                0.00    0.00    1360/1360        _dtoa_r [59]
[166]    0.0    0.00    0.00    1360         __fixdfsi [166]
-----------------------------------------------
                0.00    0.00     170/510         _dtoa_r [59]
                0.00    0.00     340/510         ___vfprintf_internal_r <cycle 1> [35]
[167]    0.0    0.00    0.00     510         __nedf2 [167]
-----------------------------------------------
                0.00    0.00     340/340         _dtoa_r [59]
[168]    0.0    0.00    0.00     340         __gedf2 [168]
-----------------------------------------------
                0.00    0.00     340/340         _dtoa_r [59]
[169]    0.0    0.00    0.00     340         __ltdf2 [169]
-----------------------------------------------
                0.00    0.00     339/339         _dtoa_r [59]
[170]    0.0    0.00    0.00     339         _Bfree [170]
-----------------------------------------------
                0.00    0.00     170/170         __d2b [89]
[171]    0.0    0.00    0.00     170         __lo0bits [171]
-----------------------------------------------
                0.00    0.00     129/129         NNLayer::print() [21]
[172]    0.0    0.00    0.00     129         _putc_r [172]
-----------------------------------------------
                0.00    0.00      24/66          _free_r [177]
                0.00    0.00      42/66          _malloc_r [66]
[173]    0.0    0.00    0.00      66         __malloc_lock [173]
-----------------------------------------------
                0.00    0.00      10/66          main [3]
                0.00    0.00      11/66          Image::~Image() [83]
                0.00    0.00      45/66          _malloc_r [66]
[174]    0.0    0.00    0.00      66         __malloc_unlock [174]
-----------------------------------------------
                0.00    0.00       1/39          NN::NN(int) [64]
                0.00    0.00       1/39          main [3]
                0.00    0.00      10/39          Image::apply_NN(NN*, int, int) [4]
                0.00    0.00      27/39          operator new[](unsigned int) [73]
[175]    0.0    0.00    0.00      39         _Unwind_SjLj_Register [175]
-----------------------------------------------
                0.00    0.00       1/39          main [3]
                0.00    0.00       1/39          NN::NN(int) [64]
                0.00    0.00      10/39          Image::apply_NN(NN*, int, int) [4]
                0.00    0.00      27/39          operator new[](unsigned int) [73]
[176]    0.0    0.00    0.00      39         _Unwind_SjLj_Unregister [176]
-----------------------------------------------
                0.00    0.00       3/24          _malloc_r [66]
                0.00    0.00      10/24          main [3]
                0.00    0.00      11/24          Image::~Image() [83]
[177]    0.0    0.00    0.00      24         _free_r [177]
                0.00    0.00      24/66          __malloc_lock [173]
-----------------------------------------------
                0.00    0.00      10/21          main [3]
                0.00    0.00      11/21          Image::~Image() [83]
[178]    0.0    0.00    0.00      21         operator delete(void*) [178]
-----------------------------------------------
                0.00    0.00      11/11          Image::~Image() [83]
[179]    0.0    0.00    0.00      11         operator delete[](void*) [179]
-----------------------------------------------
                0.00    0.00       5/5           NN::NN(int) [64]
[180]    0.0    0.00    0.00       5         NNLayer::NNLayer() [180]
-----------------------------------------------
                0.00    0.00       3/3           _fclose_r [77]
[181]    0.0    0.00    0.00       3         __sfp_lock_acquire [181]
-----------------------------------------------
                0.00    0.00       3/3           _fclose_r [77]
[182]    0.0    0.00    0.00       3         __sfp_lock_release [182]
-----------------------------------------------
                0.00    0.00       1/2           exit [51]
                0.00    0.00       1/2           _puts_r [70]
[183]    0.0    0.00    0.00       2         _cleanup_r [183]
                0.00    0.00       3/5           memset [120]
-----------------------------------------------
                0.00    0.00       1/1           main [3]
[184]    0.0    0.00    0.00       1         NN::~NN() [184]
-----------------------------------------------
                0.00    0.00       1/1           main [3]
[185]    0.0    0.00    0.00       1         VGA::send_to_display() [185]
-----------------------------------------------
                0.00    0.00       1/1           main [3]
[186]    0.0    0.00    0.00       1         VGA::VGA(int, int) [186]
-----------------------------------------------
                0.00    0.00       1/1           exit [51]
[187]    0.0    0.00    0.00       1         __call_exitprocs [187]
                0.00    0.00       1/1           _do_dtors [191]
-----------------------------------------------
                0.00    0.00       1/1           alt_main [2]
[188]    0.0    0.00    0.00       1         __register_exitproc [188]
-----------------------------------------------
                0.00    0.00       1/1           _puts_r [70]
[189]    0.0    0.00    0.00       1         __sinit [189]
-----------------------------------------------
                0.00    0.00       1/1           __swsetup_r [91]
[190]    0.0    0.00    0.00       1         __smakebuf_r [190]
-----------------------------------------------
                0.00    0.00       1/1           __call_exitprocs [187]
[191]    0.0    0.00    0.00       1         _do_dtors [191]
-----------------------------------------------

 This table describes the call tree of the program, and was sorted by
 the total amount of time spent in each function and its children.

 Each entry in this table consists of several lines.  The line with the
 index number at the left hand margin lists the current function.
 The lines above it list the functions that called this function,
 and the lines below it list the functions this one called.
 This line lists:
     index	A unique number given to each element of the table.
		Index numbers are sorted numerically.
		The index number is printed next to every function name so
		it is easier to look up where the function is in the table.

     % time	This is the percentage of the `total' time that was spent
		in this function and its children.  Note that due to
		different viewpoints, functions excluded by options, etc,
		these numbers will NOT add up to 100%.

     self	This is the total amount of time spent in this function.

     children	This is the total amount of time propagated into this
		function by its children.

     called	This is the number of times the function was called.
		If the function called itself recursively, the number
		only includes non-recursive calls, and is followed by
		a `+' and the number of recursive calls.

     name	The name of the current function.  The index number is
		printed after it.  If the function is a member of a
		cycle, the cycle number is printed between the
		function's name and the index number.


 For the function's parents, the fields have the following meanings:

     self	This is the amount of time that was propagated directly
		from the function into this parent.

     children	This is the amount of time that was propagated from
		the function's children into this parent.

     called	This is the number of times this parent called the
		function `/' the total number of times the function
		was called.  Recursive calls to the function are not
		included in the number after the `/'.

     name	This is the name of the parent.  The parent's index
		number is printed after it.  If the parent is a
		member of a cycle, the cycle number is printed between
		the name and the index number.

 If the parents of the function cannot be determined, the word
 `<spontaneous>' is printed in the `name' field, and all the other
 fields are blank.

 For the function's children, the fields have the following meanings:

     self	This is the amount of time that was propagated directly
		from the child into the function.

     children	This is the amount of time that was propagated from the
		child's children to the function.

     called	This is the number of times the function called
		this child `/' the total number of times the child
		was called.  Recursive calls by the child are not
		listed in the number after the `/'.

     name	This is the name of the child.  The child's index
		number is printed after it.  If the child is a
		member of a cycle, the cycle number is printed
		between the name and the index number.

 If there are any cycles (circles) in the call graph, there is an
 entry for the cycle-as-a-whole.  This entry shows who called the
 cycle (as parents) and the members of the cycle (as children.)
 The `+' recursive calls entry shows the number of function calls that
 were internal to the cycle, and the calls entry for each member shows,
 for that member, how many times it was called from other members of
 the cycle.

Copyright (C) 2012-2015 Free Software Foundation, Inc.

Copying and distribution of this file, with or without modification,
are permitted in any medium without royalty provided the copyright
notice and this notice are preserved.

Index by function name

  [72] _Balloc                [90] __fpclassifyd          [25] abort
 [170] _Bfree                [168] __gedf2               [124] alt_alarm_start
 [107] _GLOBAL__sub_I___cxa_allocate_exception (eh_alloc.cc) [26] __gesf2 [128] alt_avalon_timer_sc_init
  [30] _Unwind_Backtrace     [171] __lo0bits              [93] alt_avalon_timer_sc_irq (altera_avalon_timer_sc.c)
 [175] _Unwind_SjLj_Register [103] __locale_cjk_lang     [129] alt_dcache_flush_all
 [176] _Unwind_SjLj_Unregister [169] __ltdf2             [130] alt_dev_llist_insert
  [60] simpleRand()          [173] __malloc_lock         [109] alt_find_dev
  [76] NN::getMaxOutputIndex() [174] __malloc_unlock     [122] alt_get_fd
   [5] NN::propagate(float*)  [24] __modsi3              [125] alt_ic_irq_enable
  [64] NN::NN(int)            [75] __muldf3              [126] alt_ic_isr_register
 [184] NN::~NN()              [50] __muldi3              [131] alt_icache_flush
  [47] VGA::Set_Pixel_Color(unsigned int, unsigned int, unsigned int) [22] __mulsf3 [132] alt_icache_flush_all
 [185] VGA::send_to_display() [167] __nedf2              [127] alt_iic_isr_register
  [52] VGA::clr()            [188] __register_exitproc   [111] alt_io_redirect
 [186] VGA::VGA(int, int)     [34] __sbprintf (vfprintf.c) [92] alt_irq_handler
  [16] Image::make_fractal()  [45] __sclose              [133] alt_irq_init
  [17] Image::source_pixel(int, int) [105] __seofread    [112] alt_load
  [43] Image::printToScreen(int, int, VGA*) [36] __sflush_r [2] alt_main
  [80] Image::Get_Fractal_Color(int) [181] __sfp_lock_acquire [119] alt_release_fd
  [18] Image::Get_Fractal_Level(float, float) [182] __sfp_lock_release [134] alt_sys_init
  [40] Image::init(int, int)  [46] __sfvwrite_r           [94] alt_tick
  [29] Image::make_bw()      [189] __sinit               [121] altera_avalon_jtag_uart_close
   [4] Image::apply_NN(NN*, int, int) [190] __smakebuf_r  [87] altera_avalon_jtag_uart_close_fd
  [42] Image::randomize()     [81] __sprint_r            [135] altera_avalon_jtag_uart_init
  [41] Image::Image(int, int) [74] __subdf3               [99] altera_avalon_jtag_uart_ioctl_fd
  [83] Image::~Image()        [32] __subsf3              [113] altera_avalon_jtag_uart_irq (altera_avalon_jtag_uart_init.c)
  [55] NNLayer::random_init(int, int, int) [63] __swbuf_r [114] altera_avalon_jtag_uart_timeout (altera_avalon_jtag_uart_init.c)
  [54] NNLayer::print_activation() [57] __swrite          [39] altera_avalon_jtag_uart_write
  [86] NNLayer::init(int, int, int) [91] __swsetup_r      [84] altera_avalon_jtag_uart_write_fd
  [21] NNLayer::print()       [13] __truncdfsf2          [136] altera_nios2_gen2_irq_init
  [58] NNLayer::MYrand(int)   [48] __udivdi3             [137] atexit
   [6] NNLayer::propagate(float*) [9] __udivsi3           [88] close
 [180] NNLayer::NNLayer()     [49] __umoddi3              [51] exit
 [179] operator delete[](void*) [10] __umodsi3           [118] free
 [178] operator delete(void*) [85] __vfprintf_internal    [61] fstat
  [73] operator new[](unsigned int) [102] _calloc_r        [3] main
  [68] operator new(unsigned int) [183] _cleanup_r       [117] malloc
 [100] ___vfiprintf_internal_r [79] _close_r              [98] memchr
  [35] ___vfprintf_internal_r [108] _do_ctors            [123] memcmp
 [106] __adddf3              [191] _do_dtors              [65] memcpy
  [19] __addsf3               [59] _dtoa_r                [62] memmove
 [187] __call_exitprocs       [53] _exit                 [120] memset
  [14] __clzsi2               [77] _fclose_r             [110] open
  [71] __cxa_deleted_virtual  [69] _fflush_r              [27] printf
  [89] __d2b                 [177] _free_r               [116] putchar
   [7] __divdf3               [78] _fwalk_reent          [115] puts
  [20] __divsf3               [82] _localeconv_r          [44] rand
   [8] __eqsf2                [66] _malloc_r              [11] read
  [23] __extendsfdf2         [104] _printf_r             [101] setlocale
 [166] __fixdfsi             [172] _putc_r                [96] srand
  [33] __fixsfsi              [97] _putchar_r             [56] strlen
  [31] __fixunssfsi           [70] _puts_r                [38] write
  [12] __floatsidf            [67] _sbrk_r                [28] <cycle 1>
  [15] __floatsisf            [37] _write_r
