Flat profile:

Each sample counts as 0.001 seconds.
  %   cumulative   self              self     total           
 time   seconds   seconds    calls   s/call   s/call  name    
 54.14      7.39     7.39    41625     0.00     0.00  NNLayer::propagate(int*)
 14.43      9.36     1.97        1     1.97    10.27  Image::apply_NN(NN*, int)
  5.84     10.16     0.80   584624     0.00     0.00  __mulsf3
  5.74     10.94     0.78  2452950     0.00     0.00  Image::source_pixel(int, int)
  5.29     11.66     0.72   756904     0.00     0.00  __addsf3
  1.57     11.88     0.21   195046     0.00     0.00  __subsf3
  1.54     12.09     0.21     4424     0.00     0.00  altera_avalon_jtag_uart_write
  1.46     12.29     0.20    46964     0.00     0.00  __divsf3
  1.28     12.46     0.17    11741     0.00     0.00  Image::Get_Fractal_Level(float, float)
  0.96     12.59     0.13                             read
  0.92     12.72     0.13        1     0.13     2.47  Image::make_fractal()
  0.85     12.84     0.12       12     0.01     0.02  Image::printToScreen(int, int, VGA*)
  0.69     12.93     0.09   318652     0.00     0.00  __clzsi2
  0.60     13.01     0.08   102090     0.00     0.00  rand
  0.59     13.09     0.08   195449     0.00     0.00  __gtsf2
  0.43     13.15     0.06        1     0.06     0.07  Image::make_bw()
  0.41     13.21     0.06   107250     0.00     0.00  VGA::Set_Pixel_Color(unsigned int, unsigned int, unsigned int)
  0.38     13.26     0.05     7894     0.00     0.00  ___vfprintf_internal_r
  0.31     13.30     0.04   102090     0.00     0.00  __muldi3
  0.28     13.34     0.04    83165     0.00     0.00  __floatsisf
  0.22     13.37     0.03       11     0.00     0.02  Image::randomize()
  0.18     13.40     0.02     8325     0.00     0.00  NN::propagate(int*)
  0.18     13.42     0.02     3947     0.00     0.00  __sbprintf
  0.17     13.45     0.02        1     0.02     0.02  VGA::clr()
  0.15     13.47     0.02        1     0.02     0.02  _exit
  0.14     13.48     0.02     4647     0.00     0.00  __sfvwrite_r
  0.11     13.50     0.01    14100     0.00     0.00  __umodsi3
  0.07     13.51     0.01     8071     0.00     0.00  strlen
  0.07     13.52     0.01                             fstat
  0.06     13.53     0.01    24000     0.00     0.00  __fixsfsi
  0.06     13.54     0.01     4424     0.00     0.00  __swrite
  0.06     13.55     0.01                             _Unwind_Backtrace
  0.06     13.55     0.01        5     0.00     0.08  NNLayer::print()
  0.05     13.56     0.01     4424     0.00     0.00  write
  0.05     13.57     0.01     2670     0.00     0.00  __umoddi3
  0.04     13.57     0.01     5914     0.00     0.00  memmove
  0.04     13.58     0.01                             abort
  0.04     13.58     0.01     2670     0.00     0.00  __udivdi3
  0.04     13.59     0.01                             srand
  0.04     13.59     0.00    23800     0.00     0.00  __eqsf2
  0.04     13.60     0.00     4476     0.00     0.00  __sclose
  0.04     13.60     0.00     4076     0.00     0.00  _fflush_r
  0.04     13.61     0.00        5     0.00     0.00  NNLayer::random_init(int, int, int)
  0.03     13.61     0.00    11741     0.00     0.00  Image::Get_Fractal_Color(int)
  0.03     13.62     0.00     4431     0.00     0.00  memcpy
  0.03     13.62     0.00     4424     0.00     0.00  _write_r
  0.02     13.62     0.00     4079     0.00     0.00  __sflush_r
  0.02     13.63     0.00     3947     0.00     0.00  printf
  0.02     13.63     0.00     4473     0.00     0.00  __sprint_r
  0.02     13.63     0.00     3420     0.00     0.00  NNLayer::MYrand(int)
  0.02     13.63     0.00     3947     0.00     0.00  __vfprintf_internal
  0.01     13.64     0.00    10680     0.00     0.00  __udivsi3
  0.01     13.64     0.00        1     0.00     0.00  NN::NN(int)
  0.01     13.64     0.00       11     0.00     0.00  Image::~Image()
  0.01     13.64     0.00                             ___vfiprintf_internal_r
  0.01     13.64     0.00        1     0.00     0.00  __swsetup_r
  0.01     13.64     0.00     3420     0.00     0.00  simpleRand()
  0.01     13.65     0.00      174     0.00     0.00  _puts_r
  0.01     13.65     0.00                             __mcount_record
  0.01     13.65     0.00                             __modsi3
  0.01     13.65     0.00     7894     0.00     0.00  _localeconv_r
  0.01     13.65     0.00                             NNLayer::~NNLayer()
  0.00     13.65     0.00                             NNLayer::print_activation()
  0.00     13.65     0.00                             altera_avalon_jtag_uart_read
  0.00     13.65     0.00                             NNLayer::rand_FloatRange(float, float)
  0.00     13.65     0.00        1     0.00    13.46  main
  0.00     13.65     0.00                             __seofread
  0.00     13.65     0.00                             __locale_cjk_lang
  0.00     13.65     0.00                             setlocale
  0.00     13.65     0.00                             _printf_r
  0.00     13.65     0.00    19748     0.00     0.00  alt_irq_handler
  0.00     13.65     0.00    17249     0.00     0.00  alt_avalon_timer_sc_irq
  0.00     13.65     0.00    17249     0.00     0.00  alt_tick
  0.00     13.65     0.00     4424     0.00     0.00  altera_avalon_jtag_uart_write_fd
  0.00     13.65     0.00     2523     0.00     0.00  altera_avalon_jtag_uart_irq
  0.00     13.65     0.00      174     0.00     0.00  puts
  0.00     13.65     0.00      129     0.00     0.00  __swbuf_r
  0.00     13.65     0.00      129     0.00     0.00  _putc_r
  0.00     13.65     0.00      129     0.00     0.00  putchar
  0.00     13.65     0.00       65     0.00     0.00  __malloc_lock
  0.00     13.65     0.00       65     0.00     0.00  __malloc_unlock
  0.00     13.65     0.00       40     0.00     0.00  _malloc_r
  0.00     13.65     0.00       40     0.00     0.00  malloc
  0.00     13.65     0.00       38     0.00     0.00  operator new(unsigned int)
  0.00     13.65     0.00       30     0.00     0.00  _Unwind_SjLj_Register
  0.00     13.65     0.00       30     0.00     0.00  _Unwind_SjLj_Unregister
  0.00     13.65     0.00       27     0.00     0.00  operator new[](unsigned int)
  0.00     13.65     0.00       25     0.00     0.00  _free_r
  0.00     13.65     0.00       22     0.00     0.00  operator delete(void*)
  0.00     13.65     0.00       22     0.00     0.00  free
  0.00     13.65     0.00       17     0.00     0.00  altera_avalon_jtag_uart_timeout
  0.00     13.65     0.00       14     0.00     0.00  _sbrk_r
  0.00     13.65     0.00       11     0.00     0.02  Image::init(int, int)
  0.00     13.65     0.00       11     0.00     0.02  Image::Image(int, int)
  0.00     13.65     0.00       11     0.00     0.00  operator delete[](void*)
  0.00     13.65     0.00        7     0.00     0.00  alt_release_fd
  0.00     13.65     0.00        5     0.00     0.00  NNLayer::init(int, int, int)
  0.00     13.65     0.00        5     0.00     0.00  NNLayer::NNLayer()
  0.00     13.65     0.00        4     0.00     0.00  altera_avalon_jtag_uart_close
  0.00     13.65     0.00        4     0.00     0.00  altera_avalon_jtag_uart_close_fd
  0.00     13.65     0.00        4     0.00     0.00  close
  0.00     13.65     0.00        4     0.00     0.00  memset
  0.00     13.65     0.00        3     0.00     0.00  __sfp_lock_acquire
  0.00     13.65     0.00        3     0.00     0.00  __sfp_lock_release
  0.00     13.65     0.00        3     0.00     0.00  _close_r
  0.00     13.65     0.00        3     0.00     0.00  _fclose_r
  0.00     13.65     0.00        3     0.00     0.00  alt_find_dev
  0.00     13.65     0.00        3     0.00     0.00  alt_get_fd
  0.00     13.65     0.00        3     0.00     0.00  memcmp
  0.00     13.65     0.00        3     0.00     0.00  open
  0.00     13.65     0.00        2     0.00     0.00  _cleanup_r
  0.00     13.65     0.00        2     0.00     0.00  alt_alarm_start
  0.00     13.65     0.00        2     0.00     0.00  alt_ic_irq_enable
  0.00     13.65     0.00        2     0.00     0.00  alt_ic_isr_register
  0.00     13.65     0.00        2     0.00     0.00  alt_iic_isr_register
  0.00     13.65     0.00        1     0.00     0.00  _GLOBAL__sub_I___cxa_allocate_exception
  0.00     13.65     0.00        1     0.00     0.00  NN::~NN()
  0.00     13.65     0.00        1     0.00     0.00  VGA::send_to_display()
  0.00     13.65     0.00        1     0.00     0.00  VGA::VGA(int, int)
  0.00     13.65     0.00        1     0.00     0.00  __call_exitprocs
  0.00     13.65     0.00        1     0.00     0.00  __register_exitproc
  0.00     13.65     0.00        1     0.00     0.00  __sinit
  0.00     13.65     0.00        1     0.00     0.00  __smakebuf_r
  0.00     13.65     0.00        1     0.00     0.00  _do_ctors
  0.00     13.65     0.00        1     0.00     0.00  _do_dtors
  0.00     13.65     0.00        1     0.00     0.00  _fwalk_reent
  0.00     13.65     0.00        1     0.00     0.00  alt_avalon_timer_sc_init
  0.00     13.65     0.00        1     0.00     0.00  alt_dcache_flush_all
  0.00     13.65     0.00        1     0.00     0.00  alt_dev_llist_insert
  0.00     13.65     0.00        1     0.00     0.00  alt_icache_flush
  0.00     13.65     0.00        1     0.00     0.00  alt_icache_flush_all
  0.00     13.65     0.00        1     0.00     0.00  alt_io_redirect
  0.00     13.65     0.00        1     0.00     0.00  alt_irq_init
  0.00     13.65     0.00        1     0.00     0.00  alt_load
  0.00     13.65     0.00        1     0.00    13.48  alt_main
  0.00     13.65     0.00        1     0.00     0.00  alt_sys_init
  0.00     13.65     0.00        1     0.00     0.00  altera_avalon_jtag_uart_init
  0.00     13.65     0.00        1     0.00     0.00  altera_nios2_gen2_irq_init
  0.00     13.65     0.00        1     0.00     0.00  atexit
  0.00     13.65     0.00        1     0.00     0.02  exit

 %         the percentage of the total running time of the
time       program used by this function.

cumulative a running sum of the number of seconds accounted
 seconds   for by this function and those listed above it.

 self      the number of seconds accounted for by this
seconds    function alone.  This is the major sort for this
           listing.

calls      the number of times this function was invoked, if
           this function is profiled, else blank.
 
 self      the average number of milliseconds spent in this
ms/call    function per call, if this function is profiled,
	   else blank.

 total     the average number of milliseconds spent in this
ms/call    function and its descendents per call, if this 
	   function is profiled, else blank.

name       the name of the function.  This is the minor sort
           for this listing. The index shows the location of
	   the function in the gprof listing. If the index is
	   in parenthesis it shows where it would appear in
	   the gprof listing if it were to be printed.

Copyright (C) 2012-2014 Free Software Foundation, Inc.

Copying and distribution of this file, with or without modification,
are permitted in any medium without royalty provided the copyright
notice and this notice are preserved.

		     Call graph (explanation follows)


granularity: each sample hit covers 32 byte(s) for 0.01% of 13.65 seconds

index % time    self  children    called     name
                                                 <spontaneous>
[1]     98.8    0.00   13.48                 _start [1]
                0.00   13.48       1/1           alt_main [2]
                0.00    0.00       1/1           alt_load [83]
                0.00    0.00       1/1           alt_icache_flush_all [109]
                0.00    0.00       1/1           alt_icache_flush [108]
-----------------------------------------------
                0.00   13.48       1/1           _start [1]
[2]     98.8    0.00   13.48       1         alt_main [2]
                0.00   13.46       1/1           main [3]
                0.00    0.02       1/1           exit [38]
                0.00    0.00       1/1           alt_io_redirect [82]
                0.00    0.00       1/4           close [97]
                0.00    0.00       1/7           alt_release_fd [94]
                0.00    0.00       1/1           atexit [114]
                0.00    0.00       1/1           alt_irq_init [110]
                0.00    0.00       1/1           alt_dev_llist_insert [107]
                0.00    0.00       1/1           alt_sys_init [111]
                0.00    0.00       1/1           _do_ctors [171]
                0.00    0.00       1/1           __register_exitproc [168]
-----------------------------------------------
                0.00   13.46       1/1           alt_main [2]
[3]     98.6    0.00   13.46       1         main [3]
                1.97    8.30       1/1           Image::apply_NN(NN*, int) [4]
                0.13    2.34       1/1           Image::make_fractal() [7]
                0.01    0.38       5/5           NNLayer::print() [13]
                0.12    0.09      12/12          Image::printToScreen(int, int, VGA*) [21]
                0.06    0.01       1/1           Image::make_bw() [31]
                0.02    0.00       1/1           VGA::clr() [37]
                0.00    0.02       5/5           NNLayer::random_init(int, int, int) [40]
                0.00    0.02       1/11          Image::Image(int, int) [25]
                0.00    0.00       1/1           NN::NN(int) [63]
                0.00    0.00      11/11          Image::~Image() [64]
                0.00    0.00       1/3947        printf [12]
                0.00    0.00       3/174         _puts_r [59]
                0.00    0.00      11/22          free [92]
                0.00    0.00      11/22          operator delete(void*) [154]
                0.00    0.00      11/65          __malloc_unlock [147]
                0.00    0.00      11/25          _free_r [153]
                0.00    0.00       3/174         puts [89]
                0.00    0.00       1/38          operator new(unsigned int) [149]
                0.00    0.00       1/1           NN::~NN() [164]
                0.00    0.00       1/30          _Unwind_SjLj_Register [150]
                0.00    0.00       1/30          _Unwind_SjLj_Unregister [151]
                0.00    0.00       1/1           VGA::VGA(int, int) [166]
                0.00    0.00       1/1           VGA::send_to_display() [165]
-----------------------------------------------
                1.97    8.30       1/1           main [3]
[4]     75.3    1.97    8.30       1         Image::apply_NN(NN*, int) [4]
                0.02    7.39    8325/8325        NN::propagate(int*) [5]
                0.71    0.00 2214450/2452950     Image::source_pixel(int, int) [10]
                0.00    0.16      10/11          Image::Image(int, int) [25]
                0.00    0.02     186/3947        printf [12]
                0.00    0.00       1/174         _puts_r [59]
                0.00    0.00      10/38          operator new(unsigned int) [149]
                0.00    0.00       1/40          malloc [91]
                0.00    0.00       1/40          _malloc_r [148]
                0.00    0.00       1/174         puts [89]
                0.00    0.00       1/30          _Unwind_SjLj_Register [150]
                0.00    0.00       1/30          _Unwind_SjLj_Unregister [151]
-----------------------------------------------
                0.02    7.39    8325/8325        Image::apply_NN(NN*, int) [4]
[5]     54.3    0.02    7.39    8325         NN::propagate(int*) [5]
                7.39    0.00   41625/41625       NNLayer::propagate(int*) [6]
-----------------------------------------------
                7.39    0.00   41625/41625       NN::propagate(int*) [5]
[6]     54.1    7.39    0.00   41625         NNLayer::propagate(int*) [6]
-----------------------------------------------
                0.13    2.34       1/1           main [3]
[7]     18.1    0.13    2.34       1         Image::make_fractal() [7]
                0.17    1.73   11741/11741       Image::Get_Fractal_Level(float, float) [8]
                0.20    0.00   46964/46964       __divsf3 [22]
                0.06    0.00   46964/584624      __mulsf3 [9]
                0.04    0.02   83165/83165       __floatsisf [32]
                0.06    0.00   59164/756904      __addsf3 [11]
                0.03    0.00   23482/195046      __subsf3 [15]
                0.01    0.00   24000/24000       __fixsfsi [48]
                0.01    0.00   12401/195449      __gtsf2 [30]
                0.00    0.00   23800/23800       __eqsf2 [55]
                0.00    0.00   11741/11741       Image::Get_Fractal_Color(int) [57]
                0.00    0.00   12000/2452950     Image::source_pixel(int, int) [10]
-----------------------------------------------
                0.17    1.73   11741/11741       Image::make_fractal() [7]
[8]     13.9    0.17    1.73   11741         Image::Get_Fractal_Level(float, float) [8]
                0.73    0.00  537660/584624      __mulsf3 [9]
                0.67    0.04  697740/756904      __addsf3 [11]
                0.19    0.03  171564/195046      __subsf3 [15]
                0.08    0.00  183048/195449      __gtsf2 [30]
-----------------------------------------------
                0.06    0.00   46964/584624      Image::make_fractal() [7]
                0.73    0.00  537660/584624      Image::Get_Fractal_Level(float, float) [8]
[9]      5.8    0.80    0.00  584624         __mulsf3 [9]
-----------------------------------------------
                0.00    0.00   12000/2452950     Image::make_fractal() [7]
                0.01    0.00   24000/2452950     Image::make_bw() [31]
                0.03    0.00   95250/2452950     Image::randomize() [24]
                0.03    0.00  107250/2452950     Image::printToScreen(int, int, VGA*) [21]
                0.71    0.00 2214450/2452950     Image::apply_NN(NN*, int) [4]
[10]     5.7    0.78    0.00 2452950         Image::source_pixel(int, int) [10]
-----------------------------------------------
                0.06    0.00   59164/756904      Image::make_fractal() [7]
                0.67    0.04  697740/756904      Image::Get_Fractal_Level(float, float) [8]
[11]     5.6    0.72    0.04  756904         __addsf3 [11]
                0.04    0.00  136268/318652      __clzsi2 [29]
-----------------------------------------------
                0.00    0.00       1/3947        main [3]
                0.00    0.02     186/3947        Image::apply_NN(NN*, int) [4]
                0.00    0.36    3760/3947        NNLayer::print() [13]
[12]     2.8    0.00    0.38    3947         printf [12]
                0.08    0.30    3947/3947        ___vfprintf_internal_r <cycle 1> [26]
                0.00    0.00    3947/3947        __vfprintf_internal [61]
-----------------------------------------------
                0.01    0.38       5/5           main [3]
[13]     2.8    0.01    0.38       5         NNLayer::print() [13]
                0.00    0.36    3760/3947        printf [12]
                0.00    0.01     129/129         __swbuf_r [51]
                0.00    0.00     170/174         _puts_r [59]
                0.00    0.00     170/174         puts [89]
                0.00    0.00     129/129         _putc_r [145]
                0.00    0.00     129/129         putchar [90]
-----------------------------------------------
[14]     2.8    0.08    0.30    3947+7894    <cycle 1 as a whole> [14]
                0.02    0.22    3947             __sbprintf <cycle 1> [16]
                0.05    0.09    7894             ___vfprintf_internal_r <cycle 1> [26]
-----------------------------------------------
                0.03    0.00   23482/195046      Image::make_fractal() [7]
                0.19    0.03  171564/195046      Image::Get_Fractal_Level(float, float) [8]
[15]     1.8    0.21    0.03  195046         __subsf3 [15]
                0.03    0.00   99219/318652      __clzsi2 [29]
-----------------------------------------------
                                3947             ___vfprintf_internal_r <cycle 1> [26]
[16]     1.8    0.02    0.22    3947         __sbprintf <cycle 1> [16]
                0.00    0.21    3947/4079        __sflush_r [19]
                0.00    0.00    3947/4076        _fflush_r [56]
                                3947             ___vfprintf_internal_r <cycle 1> [26]
-----------------------------------------------
                0.00    0.02     348/4424        __sfvwrite_r [35]
                0.00    0.20    4076/4424        __sflush_r [19]
[17]     1.7    0.00    0.22    4424         _write_r [17]
                0.01    0.21    4424/4424        write [18]
-----------------------------------------------
                0.01    0.21    4424/4424        _write_r [17]
[18]     1.6    0.01    0.21    4424         write [18]
                0.21    0.00    4424/4424        altera_avalon_jtag_uart_write [20]
                0.00    0.00    4424/4424        altera_avalon_jtag_uart_write_fd [87]
-----------------------------------------------
                0.00    0.00       3/4079        _fclose_r [75]
                0.00    0.01     129/4079        __swbuf_r [51]
                0.00    0.21    3947/4079        __sbprintf <cycle 1> [16]
[19]     1.6    0.00    0.22    4079         __sflush_r [19]
                0.00    0.20    4076/4424        _write_r [17]
                0.01    0.00    4076/4424        __swrite [49]
-----------------------------------------------
                0.21    0.00    4424/4424        write [18]
[20]     1.6    0.21    0.00    4424         altera_avalon_jtag_uart_write [20]
                0.00    0.00    4429/4431        memcpy [58]
-----------------------------------------------
                0.12    0.09      12/12          main [3]
[21]     1.5    0.12    0.09      12         Image::printToScreen(int, int, VGA*) [21]
                0.06    0.00  107250/107250      VGA::Set_Pixel_Color(unsigned int, unsigned int, unsigned int) [33]
                0.03    0.00  107250/2452950     Image::source_pixel(int, int) [10]
-----------------------------------------------
                0.20    0.00   46964/46964       Image::make_fractal() [7]
[22]     1.5    0.20    0.00   46964         __divsf3 [22]
-----------------------------------------------
                0.00    0.18      11/11          Image::Image(int, int) [25]
[23]     1.3    0.00    0.18      11         Image::init(int, int) [23]
                0.03    0.15      11/11          Image::randomize() [24]
                0.00    0.00      11/27          operator new[](unsigned int) [152]
-----------------------------------------------
                0.03    0.15      11/11          Image::init(int, int) [23]
[24]     1.3    0.03    0.15      11         Image::randomize() [24]
                0.08    0.04   95250/102090      rand [28]
                0.03    0.00   95250/2452950     Image::source_pixel(int, int) [10]
-----------------------------------------------
                0.00    0.02       1/11          main [3]
                0.00    0.16      10/11          Image::apply_NN(NN*, int) [4]
[25]     1.3    0.00    0.18      11         Image::Image(int, int) [25]
                0.00    0.18      11/11          Image::init(int, int) [23]
-----------------------------------------------
                                3947             __sbprintf <cycle 1> [16]
                0.08    0.30    3947/3947        printf [12]
[26]     1.0    0.05    0.09    7894         ___vfprintf_internal_r <cycle 1> [26]
                0.00    0.04    4473/4476        __sclose [34]
                0.01    0.01    2670/2670        __umoddi3 [43]
                0.01    0.01    2670/2670        __udivdi3 [44]
                0.01    0.00    7894/8071        strlen [45]
                0.00    0.00    4473/4473        __sprint_r [60]
                0.00    0.00    7894/7894        _localeconv_r [69]
                                3947             __sbprintf <cycle 1> [16]
-----------------------------------------------
                                                 <spontaneous>
[27]     1.0    0.13    0.00                 read [27]
-----------------------------------------------
                0.01    0.00    6840/102090      simpleRand() [47]
                0.08    0.04   95250/102090      Image::randomize() [24]
[28]     0.9    0.08    0.04  102090         rand [28]
                0.04    0.00  102090/102090      __muldi3 [36]
-----------------------------------------------
                0.02    0.00   83165/318652      __floatsisf [32]
                0.03    0.00   99219/318652      __subsf3 [15]
                0.04    0.00  136268/318652      __addsf3 [11]
[29]     0.7    0.09    0.00  318652         __clzsi2 [29]
-----------------------------------------------
                0.01    0.00   12401/195449      Image::make_fractal() [7]
                0.08    0.00  183048/195449      Image::Get_Fractal_Level(float, float) [8]
[30]     0.6    0.08    0.00  195449         __gtsf2 [30]
-----------------------------------------------
                0.06    0.01       1/1           main [3]
[31]     0.5    0.06    0.01       1         Image::make_bw() [31]
                0.01    0.00   24000/2452950     Image::source_pixel(int, int) [10]
-----------------------------------------------
                0.04    0.02   83165/83165       Image::make_fractal() [7]
[32]     0.5    0.04    0.02   83165         __floatsisf [32]
                0.02    0.00   83165/318652      __clzsi2 [29]
-----------------------------------------------
                0.06    0.00  107250/107250      Image::printToScreen(int, int, VGA*) [21]
[33]     0.4    0.06    0.00  107250         VGA::Set_Pixel_Color(unsigned int, unsigned int, unsigned int) [33]
-----------------------------------------------
                0.00    0.00       3/4476        _fclose_r [75]
                0.00    0.04    4473/4476        ___vfprintf_internal_r <cycle 1> [26]
[34]     0.4    0.00    0.04    4476         __sclose [34]
                0.02    0.02    4473/4647        __sfvwrite_r [35]
-----------------------------------------------
                0.00    0.00     174/4647        _puts_r [59]
                0.02    0.02    4473/4647        __sclose [34]
[35]     0.3    0.02    0.03    4647         __sfvwrite_r [35]
                0.00    0.02     348/4424        _write_r [17]
                0.01    0.00    5914/5914        memmove [52]
                0.00    0.00       1/1           __swsetup_r [66]
                0.00    0.00     348/4424        __swrite [49]
-----------------------------------------------
                0.04    0.00  102090/102090      rand [28]
[36]     0.3    0.04    0.00  102090         __muldi3 [36]
-----------------------------------------------
                0.02    0.00       1/1           main [3]
[37]     0.2    0.02    0.00       1         VGA::clr() [37]
-----------------------------------------------
                0.00    0.02       1/1           alt_main [2]
[38]     0.2    0.00    0.02       1         exit [38]
                0.02    0.00       1/1           _exit [39]
                0.00    0.00       1/1           _fwalk_reent [76]
                0.00    0.00       1/1           __call_exitprocs [167]
                0.00    0.00       1/2           _cleanup_r [162]
-----------------------------------------------
                0.02    0.00       1/1           exit [38]
[39]     0.2    0.02    0.00       1         _exit [39]
-----------------------------------------------
                0.00    0.02       5/5           main [3]
[40]     0.1    0.00    0.02       5         NNLayer::random_init(int, int, int) [40]
                0.00    0.01    3420/3420        NNLayer::MYrand(int) [41]
                0.00    0.00       5/5           NNLayer::init(int, int, int) [157]
-----------------------------------------------
                0.00    0.01    3420/3420        NNLayer::random_init(int, int, int) [40]
[41]     0.1    0.00    0.01    3420         NNLayer::MYrand(int) [41]
                0.00    0.01    3420/3420        simpleRand() [47]
                0.00    0.00    3420/14100       __umodsi3 [42]
-----------------------------------------------
                0.00    0.00    3420/14100       NNLayer::MYrand(int) [41]
                0.01    0.00    5340/14100       __udivdi3 [44]
                0.01    0.00    5340/14100       __umoddi3 [43]
[42]     0.1    0.01    0.00   14100         __umodsi3 [42]
-----------------------------------------------
                0.01    0.01    2670/2670        ___vfprintf_internal_r <cycle 1> [26]
[43]     0.1    0.01    0.01    2670         __umoddi3 [43]
                0.01    0.00    5340/14100       __umodsi3 [42]
                0.00    0.00    5340/10680       __udivsi3 [62]
-----------------------------------------------
                0.01    0.01    2670/2670        ___vfprintf_internal_r <cycle 1> [26]
[44]     0.1    0.01    0.01    2670         __udivdi3 [44]
                0.01    0.00    5340/14100       __umodsi3 [42]
                0.00    0.00    5340/10680       __udivsi3 [62]
-----------------------------------------------
                0.00    0.00       3/8071        alt_find_dev [80]
                0.00    0.00     174/8071        _puts_r [59]
                0.01    0.00    7894/8071        ___vfprintf_internal_r <cycle 1> [26]
[45]     0.1    0.01    0.00    8071         strlen [45]
-----------------------------------------------
                                                 <spontaneous>
[46]     0.1    0.01    0.00                 fstat [46]
-----------------------------------------------
                0.00    0.01    3420/3420        NNLayer::MYrand(int) [41]
[47]     0.1    0.00    0.01    3420         simpleRand() [47]
                0.01    0.00    6840/102090      rand [28]
-----------------------------------------------
                0.01    0.00   24000/24000       Image::make_fractal() [7]
[48]     0.1    0.01    0.00   24000         __fixsfsi [48]
-----------------------------------------------
                0.00    0.00     348/4424        __sfvwrite_r [35]
                0.01    0.00    4076/4424        __sflush_r [19]
[49]     0.1    0.01    0.00    4424         __swrite [49]
-----------------------------------------------
                                                 <spontaneous>
[50]     0.1    0.01    0.00                 _Unwind_Backtrace [50]
-----------------------------------------------
                0.00    0.01     129/129         NNLayer::print() [13]
[51]     0.1    0.00    0.01     129         __swbuf_r [51]
                0.00    0.01     129/4079        __sflush_r [19]
                0.00    0.00     129/4076        _fflush_r [56]
-----------------------------------------------
                0.01    0.00    5914/5914        __sfvwrite_r [35]
[52]     0.0    0.01    0.00    5914         memmove [52]
-----------------------------------------------
                                                 <spontaneous>
[53]     0.0    0.01    0.00                 abort [53]
-----------------------------------------------
                                                 <spontaneous>
[54]     0.0    0.01    0.00                 srand [54]
-----------------------------------------------
                0.00    0.00   23800/23800       Image::make_fractal() [7]
[55]     0.0    0.00    0.00   23800         __eqsf2 [55]
-----------------------------------------------
                0.00    0.00     129/4076        __swbuf_r [51]
                0.00    0.00    3947/4076        __sbprintf <cycle 1> [16]
[56]     0.0    0.00    0.00    4076         _fflush_r [56]
-----------------------------------------------
                0.00    0.00   11741/11741       Image::make_fractal() [7]
[57]     0.0    0.00    0.00   11741         Image::Get_Fractal_Color(int) [57]
-----------------------------------------------
                0.00    0.00       2/4431        alt_load [83]
                0.00    0.00    4429/4431        altera_avalon_jtag_uart_write [20]
[58]     0.0    0.00    0.00    4431         memcpy [58]
-----------------------------------------------
                0.00    0.00       1/174         Image::apply_NN(NN*, int) [4]
                0.00    0.00       3/174         main [3]
                0.00    0.00     170/174         NNLayer::print() [13]
[59]     0.0    0.00    0.00     174         _puts_r [59]
                0.00    0.00     174/4647        __sfvwrite_r [35]
                0.00    0.00     174/8071        strlen [45]
                0.00    0.00       1/2           _cleanup_r [162]
                0.00    0.00       1/1           __sinit [169]
-----------------------------------------------
                0.00    0.00    4473/4473        ___vfprintf_internal_r <cycle 1> [26]
[60]     0.0    0.00    0.00    4473         __sprint_r [60]
-----------------------------------------------
                0.00    0.00    3947/3947        printf [12]
[61]     0.0    0.00    0.00    3947         __vfprintf_internal [61]
-----------------------------------------------
                0.00    0.00    5340/10680       __udivdi3 [44]
                0.00    0.00    5340/10680       __umoddi3 [43]
[62]     0.0    0.00    0.00   10680         __udivsi3 [62]
-----------------------------------------------
                0.00    0.00       1/1           main [3]
[63]     0.0    0.00    0.00       1         NN::NN(int) [63]
                0.00    0.00       5/5           NNLayer::NNLayer() [158]
                0.00    0.00       1/30          _Unwind_SjLj_Register [150]
                0.00    0.00       1/30          _Unwind_SjLj_Unregister [151]
                0.00    0.00       1/27          operator new[](unsigned int) [152]
-----------------------------------------------
                0.00    0.00      11/11          main [3]
[64]     0.0    0.00    0.00      11         Image::~Image() [64]
                0.00    0.00      11/11          operator delete[](void*) [156]
                0.00    0.00      11/22          free [92]
                0.00    0.00      11/22          operator delete(void*) [154]
                0.00    0.00      11/65          __malloc_unlock [147]
                0.00    0.00      11/25          _free_r [153]
-----------------------------------------------
                                                 <spontaneous>
[65]     0.0    0.00    0.00                 ___vfiprintf_internal_r [65]
-----------------------------------------------
                0.00    0.00       1/1           __sfvwrite_r [35]
[66]     0.0    0.00    0.00       1         __swsetup_r [66]
                0.00    0.00       1/1           __smakebuf_r [170]
-----------------------------------------------
                                                 <spontaneous>
[67]     0.0    0.00    0.00                 __mcount_record [67]
                0.00    0.00       1/4           memset [98]
                0.00    0.00       1/2           alt_alarm_start [101]
-----------------------------------------------
                                                 <spontaneous>
[68]     0.0    0.00    0.00                 __modsi3 [68]
-----------------------------------------------
                0.00    0.00    7894/7894        ___vfprintf_internal_r <cycle 1> [26]
[69]     0.0    0.00    0.00    7894         _localeconv_r [69]
-----------------------------------------------
                                                 <spontaneous>
[70]     0.0    0.00    0.00                 NNLayer::~NNLayer() [70]
-----------------------------------------------
                                                 <spontaneous>
[71]     0.0    0.00    0.00                 NNLayer::print_activation() [71]
-----------------------------------------------
                                                 <spontaneous>
[72]     0.0    0.00    0.00                 altera_avalon_jtag_uart_read [72]
-----------------------------------------------
                                                 <spontaneous>
[73]     0.0    0.00    0.00                 NNLayer::rand_FloatRange(float, float) [73]
-----------------------------------------------
                                                 <spontaneous>
[74]     0.0    0.00    0.00                 __seofread [74]
-----------------------------------------------
                0.00    0.00       3/3           _fwalk_reent [76]
[75]     0.0    0.00    0.00       3         _fclose_r [75]
                0.00    0.00       3/4079        __sflush_r [19]
                0.00    0.00       3/4476        __sclose [34]
                0.00    0.00       3/3           _close_r [161]
                0.00    0.00       3/3           __sfp_lock_acquire [159]
                0.00    0.00       3/3           __sfp_lock_release [160]
-----------------------------------------------
                0.00    0.00       1/1           exit [38]
[76]     0.0    0.00    0.00       1         _fwalk_reent [76]
                0.00    0.00       3/3           _fclose_r [75]
-----------------------------------------------
                                                 <spontaneous>
[77]     0.0    0.00    0.00                 setlocale [77]
-----------------------------------------------
                                                 <spontaneous>
[78]     0.0    0.00    0.00                 __locale_cjk_lang [78]
-----------------------------------------------
                                                 <spontaneous>
[79]     0.0    0.00    0.00                 _printf_r [79]
-----------------------------------------------
                0.00    0.00       3/3           open [81]
[80]     0.0    0.00    0.00       3         alt_find_dev [80]
                0.00    0.00       3/8071        strlen [45]
                0.00    0.00       3/3           memcmp [100]
-----------------------------------------------
                0.00    0.00       3/3           alt_io_redirect [82]
[81]     0.0    0.00    0.00       3         open [81]
                0.00    0.00       3/3           alt_find_dev [80]
                0.00    0.00       3/3           alt_get_fd [99]
-----------------------------------------------
                0.00    0.00       1/1           alt_main [2]
[82]     0.0    0.00    0.00       1         alt_io_redirect [82]
                0.00    0.00       3/3           open [81]
                0.00    0.00       2/7           alt_release_fd [94]
-----------------------------------------------
                0.00    0.00       1/1           _start [1]
[83]     0.0    0.00    0.00       1         alt_load [83]
                0.00    0.00       2/4431        memcpy [58]
                0.00    0.00       1/1           alt_dcache_flush_all [106]
-----------------------------------------------
                0.00    0.00   19748/19748       alt_exception [118]
[84]     0.0    0.00    0.00   19748         alt_irq_handler [84]
                0.00    0.00   17249/17249       alt_avalon_timer_sc_irq [85]
                0.00    0.00    2523/2523        altera_avalon_jtag_uart_irq [88]
-----------------------------------------------
                0.00    0.00   17249/17249       alt_irq_handler [84]
[85]     0.0    0.00    0.00   17249         alt_avalon_timer_sc_irq [85]
                0.00    0.00   17249/17249       alt_tick [86]
-----------------------------------------------
                0.00    0.00   17249/17249       alt_avalon_timer_sc_irq [85]
[86]     0.0    0.00    0.00   17249         alt_tick [86]
                0.00    0.00      17/17          altera_avalon_jtag_uart_timeout [93]
-----------------------------------------------
                0.00    0.00    4424/4424        write [18]
[87]     0.0    0.00    0.00    4424         altera_avalon_jtag_uart_write_fd [87]
-----------------------------------------------
                0.00    0.00    2523/2523        alt_irq_handler [84]
[88]     0.0    0.00    0.00    2523         altera_avalon_jtag_uart_irq [88]
-----------------------------------------------
                0.00    0.00       1/174         Image::apply_NN(NN*, int) [4]
                0.00    0.00       3/174         main [3]
                0.00    0.00     170/174         NNLayer::print() [13]
[89]     0.0    0.00    0.00     174         puts [89]
-----------------------------------------------
                0.00    0.00     129/129         NNLayer::print() [13]
[90]     0.0    0.00    0.00     129         putchar [90]
-----------------------------------------------
                0.00    0.00       1/40          Image::apply_NN(NN*, int) [4]
                0.00    0.00       1/40          _GLOBAL__sub_I___cxa_allocate_exception [163]
                0.00    0.00      38/40          operator new(unsigned int) [149]
[91]     0.0    0.00    0.00      40         malloc [91]
-----------------------------------------------
                0.00    0.00      11/22          main [3]
                0.00    0.00      11/22          Image::~Image() [64]
[92]     0.0    0.00    0.00      22         free [92]
-----------------------------------------------
                0.00    0.00      17/17          alt_tick [86]
[93]     0.0    0.00    0.00      17         altera_avalon_jtag_uart_timeout [93]
-----------------------------------------------
                0.00    0.00       1/7           alt_main [2]
                0.00    0.00       2/7           alt_io_redirect [82]
                0.00    0.00       4/7           close [97]
[94]     0.0    0.00    0.00       7         alt_release_fd [94]
-----------------------------------------------
                0.00    0.00       4/4           close [97]
[95]     0.0    0.00    0.00       4         altera_avalon_jtag_uart_close [95]
-----------------------------------------------
                0.00    0.00       4/4           close [97]
[96]     0.0    0.00    0.00       4         altera_avalon_jtag_uart_close_fd [96]
-----------------------------------------------
                0.00    0.00       1/4           alt_main [2]
                0.00    0.00       3/4           _close_r [161]
[97]     0.0    0.00    0.00       4         close [97]
                0.00    0.00       4/4           altera_avalon_jtag_uart_close [95]
                0.00    0.00       4/7           alt_release_fd [94]
                0.00    0.00       4/4           altera_avalon_jtag_uart_close_fd [96]
-----------------------------------------------
                0.00    0.00       1/4           __mcount_record [67]
                0.00    0.00       3/4           _cleanup_r [162]
[98]     0.0    0.00    0.00       4         memset [98]
-----------------------------------------------
                0.00    0.00       3/3           open [81]
[99]     0.0    0.00    0.00       3         alt_get_fd [99]
-----------------------------------------------
                0.00    0.00       3/3           alt_find_dev [80]
[100]    0.0    0.00    0.00       3         memcmp [100]
-----------------------------------------------
                0.00    0.00       1/2           altera_avalon_jtag_uart_init [112]
                0.00    0.00       1/2           __mcount_record [67]
[101]    0.0    0.00    0.00       2         alt_alarm_start [101]
-----------------------------------------------
                0.00    0.00       2/2           alt_iic_isr_register [104]
[102]    0.0    0.00    0.00       2         alt_ic_irq_enable [102]
-----------------------------------------------
                0.00    0.00       1/2           altera_avalon_jtag_uart_init [112]
                0.00    0.00       1/2           alt_avalon_timer_sc_init [105]
[103]    0.0    0.00    0.00       2         alt_ic_isr_register [103]
-----------------------------------------------
                0.00    0.00       1/2           altera_avalon_jtag_uart_init [112]
                0.00    0.00       1/2           alt_avalon_timer_sc_init [105]
[104]    0.0    0.00    0.00       2         alt_iic_isr_register [104]
                0.00    0.00       2/2           alt_ic_irq_enable [102]
-----------------------------------------------
                0.00    0.00       1/1           alt_sys_init [111]
[105]    0.0    0.00    0.00       1         alt_avalon_timer_sc_init [105]
                0.00    0.00       1/2           alt_ic_isr_register [103]
                0.00    0.00       1/2           alt_iic_isr_register [104]
-----------------------------------------------
                0.00    0.00       1/1           alt_load [83]
[106]    0.0    0.00    0.00       1         alt_dcache_flush_all [106]
-----------------------------------------------
                0.00    0.00       1/1           alt_main [2]
[107]    0.0    0.00    0.00       1         alt_dev_llist_insert [107]
-----------------------------------------------
                0.00    0.00       1/1           _start [1]
[108]    0.0    0.00    0.00       1         alt_icache_flush [108]
-----------------------------------------------
                0.00    0.00       1/1           _start [1]
[109]    0.0    0.00    0.00       1         alt_icache_flush_all [109]
-----------------------------------------------
                0.00    0.00       1/1           alt_main [2]
[110]    0.0    0.00    0.00       1         alt_irq_init [110]
                0.00    0.00       1/1           altera_nios2_gen2_irq_init [113]
-----------------------------------------------
                0.00    0.00       1/1           alt_main [2]
[111]    0.0    0.00    0.00       1         alt_sys_init [111]
                0.00    0.00       1/1           altera_avalon_jtag_uart_init [112]
                0.00    0.00       1/1           alt_avalon_timer_sc_init [105]
-----------------------------------------------
                0.00    0.00       1/1           alt_sys_init [111]
[112]    0.0    0.00    0.00       1         altera_avalon_jtag_uart_init [112]
                0.00    0.00       1/2           alt_ic_isr_register [103]
                0.00    0.00       1/2           alt_iic_isr_register [104]
                0.00    0.00       1/2           alt_alarm_start [101]
-----------------------------------------------
                0.00    0.00       1/1           alt_irq_init [110]
[113]    0.0    0.00    0.00       1         altera_nios2_gen2_irq_init [113]
-----------------------------------------------
                0.00    0.00       1/1           alt_main [2]
[114]    0.0    0.00    0.00       1         atexit [114]
-----------------------------------------------
                0.00    0.00     129/129         NNLayer::print() [13]
[145]    0.0    0.00    0.00     129         _putc_r [145]
-----------------------------------------------
                0.00    0.00      25/65          _free_r [153]
                0.00    0.00      40/65          _malloc_r [148]
[146]    0.0    0.00    0.00      65         __malloc_lock [146]
-----------------------------------------------
                0.00    0.00      11/65          main [3]
                0.00    0.00      11/65          Image::~Image() [64]
                0.00    0.00      43/65          _malloc_r [148]
[147]    0.0    0.00    0.00      65         __malloc_unlock [147]
-----------------------------------------------
                0.00    0.00       1/40          Image::apply_NN(NN*, int) [4]
                0.00    0.00       1/40          _GLOBAL__sub_I___cxa_allocate_exception [163]
                0.00    0.00      38/40          operator new(unsigned int) [149]
[148]    0.0    0.00    0.00      40         _malloc_r [148]
                0.00    0.00      43/65          __malloc_unlock [147]
                0.00    0.00      40/65          __malloc_lock [146]
                0.00    0.00      14/14          _sbrk_r [155]
                0.00    0.00       3/25          _free_r [153]
-----------------------------------------------
                0.00    0.00       1/38          main [3]
                0.00    0.00      10/38          Image::apply_NN(NN*, int) [4]
                0.00    0.00      27/38          operator new[](unsigned int) [152]
[149]    0.0    0.00    0.00      38         operator new(unsigned int) [149]
                0.00    0.00      38/40          malloc [91]
                0.00    0.00      38/40          _malloc_r [148]
-----------------------------------------------
                0.00    0.00       1/30          Image::apply_NN(NN*, int) [4]
                0.00    0.00       1/30          NN::NN(int) [63]
                0.00    0.00       1/30          main [3]
                0.00    0.00      27/30          operator new[](unsigned int) [152]
[150]    0.0    0.00    0.00      30         _Unwind_SjLj_Register [150]
-----------------------------------------------
                0.00    0.00       1/30          main [3]
                0.00    0.00       1/30          Image::apply_NN(NN*, int) [4]
                0.00    0.00       1/30          NN::NN(int) [63]
                0.00    0.00      27/30          operator new[](unsigned int) [152]
[151]    0.0    0.00    0.00      30         _Unwind_SjLj_Unregister [151]
-----------------------------------------------
                0.00    0.00       1/27          NN::NN(int) [63]
                0.00    0.00      11/27          Image::init(int, int) [23]
                0.00    0.00      15/27          NNLayer::init(int, int, int) [157]
[152]    0.0    0.00    0.00      27         operator new[](unsigned int) [152]
                0.00    0.00      27/38          operator new(unsigned int) [149]
                0.00    0.00      27/30          _Unwind_SjLj_Register [150]
                0.00    0.00      27/30          _Unwind_SjLj_Unregister [151]
-----------------------------------------------
                0.00    0.00       3/25          _malloc_r [148]
                0.00    0.00      11/25          main [3]
                0.00    0.00      11/25          Image::~Image() [64]
[153]    0.0    0.00    0.00      25         _free_r [153]
                0.00    0.00      25/65          __malloc_lock [146]
-----------------------------------------------
                0.00    0.00      11/22          main [3]
                0.00    0.00      11/22          Image::~Image() [64]
[154]    0.0    0.00    0.00      22         operator delete(void*) [154]
-----------------------------------------------
                0.00    0.00      14/14          _malloc_r [148]
[155]    0.0    0.00    0.00      14         _sbrk_r [155]
-----------------------------------------------
                0.00    0.00      11/11          Image::~Image() [64]
[156]    0.0    0.00    0.00      11         operator delete[](void*) [156]
-----------------------------------------------
                0.00    0.00       5/5           NNLayer::random_init(int, int, int) [40]
[157]    0.0    0.00    0.00       5         NNLayer::init(int, int, int) [157]
                0.00    0.00      15/27          operator new[](unsigned int) [152]
-----------------------------------------------
                0.00    0.00       5/5           NN::NN(int) [63]
[158]    0.0    0.00    0.00       5         NNLayer::NNLayer() [158]
-----------------------------------------------
                0.00    0.00       3/3           _fclose_r [75]
[159]    0.0    0.00    0.00       3         __sfp_lock_acquire [159]
-----------------------------------------------
                0.00    0.00       3/3           _fclose_r [75]
[160]    0.0    0.00    0.00       3         __sfp_lock_release [160]
-----------------------------------------------
                0.00    0.00       3/3           _fclose_r [75]
[161]    0.0    0.00    0.00       3         _close_r [161]
                0.00    0.00       3/4           close [97]
-----------------------------------------------
                0.00    0.00       1/2           exit [38]
                0.00    0.00       1/2           _puts_r [59]
[162]    0.0    0.00    0.00       2         _cleanup_r [162]
                0.00    0.00       3/4           memset [98]
-----------------------------------------------
                0.00    0.00       1/1           _do_ctors [171]
[163]    0.0    0.00    0.00       1         _GLOBAL__sub_I___cxa_allocate_exception [163]
                0.00    0.00       1/40          malloc [91]
                0.00    0.00       1/40          _malloc_r [148]
-----------------------------------------------
                0.00    0.00       1/1           main [3]
[164]    0.0    0.00    0.00       1         NN::~NN() [164]
-----------------------------------------------
                0.00    0.00       1/1           main [3]
[165]    0.0    0.00    0.00       1         VGA::send_to_display() [165]
-----------------------------------------------
                0.00    0.00       1/1           main [3]
[166]    0.0    0.00    0.00       1         VGA::VGA(int, int) [166]
-----------------------------------------------
                0.00    0.00       1/1           exit [38]
[167]    0.0    0.00    0.00       1         __call_exitprocs [167]
                0.00    0.00       1/1           _do_dtors [172]
-----------------------------------------------
                0.00    0.00       1/1           alt_main [2]
[168]    0.0    0.00    0.00       1         __register_exitproc [168]
-----------------------------------------------
                0.00    0.00       1/1           _puts_r [59]
[169]    0.0    0.00    0.00       1         __sinit [169]
-----------------------------------------------
                0.00    0.00       1/1           __swsetup_r [66]
[170]    0.0    0.00    0.00       1         __smakebuf_r [170]
-----------------------------------------------
                0.00    0.00       1/1           alt_main [2]
[171]    0.0    0.00    0.00       1         _do_ctors [171]
                0.00    0.00       1/1           _GLOBAL__sub_I___cxa_allocate_exception [163]
-----------------------------------------------
                0.00    0.00       1/1           __call_exitprocs [167]
[172]    0.0    0.00    0.00       1         _do_dtors [172]
-----------------------------------------------

 This table describes the call tree of the program, and was sorted by
 the total amount of time spent in each function and its children.

 Each entry in this table consists of several lines.  The line with the
 index number at the left hand margin lists the current function.
 The lines above it list the functions that called this function,
 and the lines below it list the functions this one called.
 This line lists:
     index	A unique number given to each element of the table.
		Index numbers are sorted numerically.
		The index number is printed next to every function name so
		it is easier to look up where the function is in the table.

     % time	This is the percentage of the `total' time that was spent
		in this function and its children.  Note that due to
		different viewpoints, functions excluded by options, etc,
		these numbers will NOT add up to 100%.

     self	This is the total amount of time spent in this function.

     children	This is the total amount of time propagated into this
		function by its children.

     called	This is the number of times the function was called.
		If the function called itself recursively, the number
		only includes non-recursive calls, and is followed by
		a `+' and the number of recursive calls.

     name	The name of the current function.  The index number is
		printed after it.  If the function is a member of a
		cycle, the cycle number is printed between the
		function's name and the index number.


 For the function's parents, the fields have the following meanings:

     self	This is the amount of time that was propagated directly
		from the function into this parent.

     children	This is the amount of time that was propagated from
		the function's children into this parent.

     called	This is the number of times this parent called the
		function `/' the total number of times the function
		was called.  Recursive calls to the function are not
		included in the number after the `/'.

     name	This is the name of the parent.  The parent's index
		number is printed after it.  If the parent is a
		member of a cycle, the cycle number is printed between
		the name and the index number.

 If the parents of the function cannot be determined, the word
 `<spontaneous>' is printed in the `name' field, and all the other
 fields are blank.

 For the function's children, the fields have the following meanings:

     self	This is the amount of time that was propagated directly
		from the child into the function.

     children	This is the amount of time that was propagated from the
		child's children to the function.

     called	This is the number of times the function called
		this child `/' the total number of times the child
		was called.  Recursive calls by the child are not
		listed in the number after the `/'.

     name	This is the name of the child.  The child's index
		number is printed after it.  If the child is a
		member of a cycle, the cycle number is printed
		between the name and the index number.

 If there are any cycles (circles) in the call graph, there is an
 entry for the cycle-as-a-whole.  This entry shows who called the
 cycle (as parents) and the members of the cycle (as children.)
 The `+' recursive calls entry shows the number of function calls that
 were internal to the cycle, and the calls entry for each member shows,
 for that member, how many times it was called from other members of
 the cycle.

Copyright (C) 2012-2014 Free Software Foundation, Inc.

Copying and distribution of this file, with or without modification,
are permitted in any medium without royalty provided the copyright
notice and this notice are preserved.

Index by function name

 [163] _GLOBAL__sub_I___cxa_allocate_exception (eh_alloc.cc) [146] __malloc_lock [107] alt_dev_llist_insert
  [50] _Unwind_Backtrace     [147] __malloc_unlock        [80] alt_find_dev
 [150] _Unwind_SjLj_Register  [67] __mcount_record        [99] alt_get_fd
 [151] _Unwind_SjLj_Unregister [68] __modsi3             [102] alt_ic_irq_enable
  [47] simpleRand()           [36] __muldi3              [103] alt_ic_isr_register
   [5] NN::propagate(int*)     [9] __mulsf3              [108] alt_icache_flush
  [63] NN::NN(int)           [168] __register_exitproc   [109] alt_icache_flush_all
 [164] NN::~NN()              [16] __sbprintf (vfprintf.c) [104] alt_iic_isr_register
  [33] VGA::Set_Pixel_Color(unsigned int, unsigned int, unsigned int) [34] __sclose [82] alt_io_redirect
 [165] VGA::send_to_display() [74] __seofread             [84] alt_irq_handler
  [37] VGA::clr()             [19] __sflush_r            [110] alt_irq_init
 [166] VGA::VGA(int, int)    [159] __sfp_lock_acquire     [83] alt_load
   [7] Image::make_fractal() [160] __sfp_lock_release      [2] alt_main
  [10] Image::source_pixel(int, int) [35] __sfvwrite_r    [94] alt_release_fd
  [21] Image::printToScreen(int, int, VGA*) [169] __sinit [111] alt_sys_init
  [57] Image::Get_Fractal_Color(int) [170] __smakebuf_r   [86] alt_tick
   [8] Image::Get_Fractal_Level(float, float) [60] __sprint_r [95] altera_avalon_jtag_uart_close
  [23] Image::init(int, int)  [15] __subsf3               [96] altera_avalon_jtag_uart_close_fd
  [31] Image::make_bw()       [51] __swbuf_r             [112] altera_avalon_jtag_uart_init
   [4] Image::apply_NN(NN*, int) [49] __swrite            [88] altera_avalon_jtag_uart_irq (altera_avalon_jtag_uart_init.c)
  [24] Image::randomize()     [66] __swsetup_r            [72] altera_avalon_jtag_uart_read
  [25] Image::Image(int, int) [44] __udivdi3              [93] altera_avalon_jtag_uart_timeout (altera_avalon_jtag_uart_init.c)
  [64] Image::~Image()        [62] __udivsi3              [20] altera_avalon_jtag_uart_write
  [40] NNLayer::random_init(int, int, int) [43] __umoddi3 [87] altera_avalon_jtag_uart_write_fd
  [73] NNLayer::rand_FloatRange(float, float) [42] __umodsi3 [113] altera_nios2_gen2_irq_init
  [71] NNLayer::print_activation() [61] __vfprintf_internal [114] atexit
 [157] NNLayer::init(int, int, int) [162] _cleanup_r      [97] close
  [13] NNLayer::print()      [161] _close_r               [38] exit
  [41] NNLayer::MYrand(int)  [171] _do_ctors              [92] free
   [6] NNLayer::propagate(int*) [172] _do_dtors           [46] fstat
 [158] NNLayer::NNLayer()     [39] _exit                   [3] main
  [70] NNLayer::~NNLayer()    [75] _fclose_r              [91] malloc
 [156] operator delete[](void*) [56] _fflush_r           [100] memcmp
 [154] operator delete(void*) [153] _free_r               [58] memcpy
 [152] operator new[](unsigned int) [76] _fwalk_reent     [52] memmove
 [149] operator new(unsigned int) [69] _localeconv_r      [98] memset
  [65] ___vfiprintf_internal_r [148] _malloc_r            [81] open
  [26] ___vfprintf_internal_r [79] _printf_r              [12] printf
  [11] __addsf3              [145] _putc_r                [90] putchar
 [167] __call_exitprocs       [59] _puts_r                [89] puts
  [29] __clzsi2              [155] _sbrk_r                [28] rand
  [22] __divsf3               [17] _write_r               [27] read
  [55] __eqsf2                [53] abort                  [77] setlocale
  [48] __fixsfsi             [101] alt_alarm_start        [54] srand
  [32] __floatsisf           [105] alt_avalon_timer_sc_init [45] strlen
  [30] __gtsf2                [85] alt_avalon_timer_sc_irq (altera_avalon_timer_sc.c) [18] write
  [78] __locale_cjk_lang     [106] alt_dcache_flush_all   [14] <cycle 1>
