Flat profile:

Each sample counts as 0.001 seconds.
  %   cumulative   self              self     total           
 time   seconds   seconds    calls   s/call   s/call  name    
 22.59      9.33     9.33    41625     0.00     0.00  NNLayer::propagate(float*)
 14.86     15.47     6.14  2131200     0.00     0.00  __divdf3
 10.45     19.79     4.32        1     4.32    35.33  Image::apply_NN(NN*, int)
  9.20     23.59     3.80  9181300     0.00     0.00  __eqsf2
  6.76     26.38     2.79  2132730     0.00     0.00  __floatsidf
  5.30     28.57     2.19  3874232     0.00     0.00  __udivsi3
  5.09     30.68     2.10  2452950     0.00     0.00  Image::source_pixel(int, int)
  4.31     32.46     1.78  3877652     0.00     0.00  __umodsi3
  3.04     33.72     1.26                             read
  2.73     34.85     1.13  1988464     0.00     0.00  __clzsi2
  2.42     35.85     1.00   667874     0.00     0.00  __mulsf3
  2.30     36.80     0.95  2131200     0.00     0.00  __truncdfsf2
  2.27     37.73     0.94   756904     0.00     0.00  __addsf3
  1.64     38.41     0.68  1498415     0.00     0.00  __floatsisf
  1.27     38.94     0.53    46964     0.00     0.00  __divsf3
  0.87     39.29     0.36   195046     0.00     0.00  __subsf3
  0.59     39.54     0.24   278699     0.00     0.00  __gtsf2
  0.57     39.77     0.24        1     0.24     3.51  Image::make_fractal()
  0.53     39.99     0.22     4424     0.00     0.00  altera_avalon_jtag_uart_write
  0.42     40.17     0.17    11741     0.00     0.00  Image::Get_Fractal_Level(float, float)
  0.35     40.31     0.14       12     0.01     0.02  Image::printToScreen(int, int, VGA*)
  0.33     40.45     0.14      170     0.00     0.00  __extendsfdf2
  0.30     40.57     0.12        1     0.12     0.15  Image::make_bw()
  0.22     40.66     0.09   102090     0.00     0.00  rand
  0.14     40.72     0.06   107250     0.00     0.00  VGA::Set_Pixel_Color(unsigned int, unsigned int, unsigned int)
  0.13     40.78     0.06     7894     0.00     0.00  ___vfprintf_internal_r
  0.13     40.83     0.05                             abort
  0.13     40.88     0.05   107250     0.00     0.00  __fixsfsi
  0.10     40.93     0.04     8325     0.00     0.00  NN::propagate(float*)
  0.10     40.97     0.04       11     0.00     0.02  Image::randomize()
  0.09     41.01     0.04                             __floatunsisf
  0.08     41.04     0.03                             _Unwind_Backtrace
  0.06     41.07     0.03    83250     0.00     0.00  __fixunssfsi
  0.06     41.09     0.03   102090     0.00     0.00  __muldi3
  0.06     41.12     0.02     4647     0.00     0.00  __sfvwrite_r
  0.06     41.14     0.02        1     0.02     0.02  VGA::clr()
  0.05     41.16     0.02        1     0.02     0.02  _exit
  0.03     41.17     0.01     3947     0.00     0.00  __sbprintf
  0.03     41.18     0.01     4424     0.00     0.00  __swrite
  0.03     41.20     0.01     4476     0.00     0.00  __sclose
  0.02     41.21     0.01     2670     0.00     0.00  __udivdi3
  0.02     41.21     0.01                             fstat
  0.02     41.22     0.01     6254     0.00     0.00  memmove
  0.02     41.23     0.01     4424     0.00     0.00  write
  0.02     41.24     0.01       11     0.00     0.00  Image::~Image()
  0.01     41.24     0.01    11741     0.00     0.00  Image::Get_Fractal_Color(int)
  0.01     41.25     0.01     2670     0.00     0.00  __umoddi3
  0.01     41.25     0.01        5     0.00     0.00  NNLayer::random_init(int, int, int)
  0.01     41.26     0.01     8071     0.00     0.00  strlen
  0.01     41.26     0.00     1700     0.00     0.00  __muldf3
  0.01     41.27     0.00     4433     0.00     0.00  memcpy
  0.01     41.27     0.00        5     0.00     0.11  NNLayer::print()
  0.01     41.28     0.00       14     0.00     0.00  _sbrk_r
  0.01     41.28     0.00        1     0.00     0.00  NN::NN(int)
  0.01     41.28     0.00     4473     0.00     0.00  __sprint_r
  0.01     41.29     0.00     3947     0.00     0.00  __vfprintf_internal
  0.01     41.29     0.00     4079     0.00     0.00  __sflush_r
  0.01     41.29     0.00     3947     0.00     0.00  printf
  0.01     41.30     0.00     1530     0.00     0.00  __subdf3
  0.01     41.30     0.00                             srand
  0.00     41.30     0.00     1360     0.00     0.00  __fixdfsi
  0.00     41.30     0.00                             ___vfiprintf_internal_r
  0.00     41.30     0.00                             NNLayer::print_activation()
  0.00     41.30     0.00                             __sseek
  0.00     41.31     0.00                             _wctomb_r
  0.00     41.31     0.00     4424     0.00     0.00  _write_r
  0.00     41.31     0.00     4076     0.00     0.00  _fflush_r
  0.00     41.31     0.00     3420     0.00     0.00  simpleRand()
  0.00     41.31     0.00     3420     0.00     0.00  NNLayer::MYrand(int)
  0.00     41.31     0.00      680     0.00     0.00  __adddf3
  0.00     41.31     0.00      170     0.00     0.00  __lo0bits
  0.00     41.31     0.00      129     0.00     0.00  _putc_r
  0.00     41.31     0.00        1     0.00     0.00  __swsetup_r
  0.00     41.31     0.00                             __cxa_deleted_virtual
  0.00     41.32     0.00     7894     0.00     0.00  _localeconv_r
  0.00     41.32     0.00        1     0.00    39.90  main
  0.00     41.32     0.00                             __multadd
  0.00     41.32     0.00       25     0.00     0.00  _free_r
  0.00     41.32     0.00      339     0.00     0.00  _Bfree
  0.00     41.32     0.00                             memchr
  0.00     41.32     0.00      174     0.00     0.00  puts
  0.00     41.32     0.00                             setlocale
  0.00     41.32     0.00    77461     0.00     0.00  alt_irq_handler
  0.00     41.32     0.00    74902     0.00     0.00  alt_avalon_timer_sc_irq
  0.00     41.32     0.00    74902     0.00     0.00  alt_tick
  0.00     41.32     0.00     4424     0.00     0.00  altera_avalon_jtag_uart_write_fd
  0.00     41.32     0.00     2597     0.00     0.00  altera_avalon_jtag_uart_irq
  0.00     41.32     0.00      510     0.00     0.00  __eqdf2
  0.00     41.32     0.00      340     0.00     0.00  _Balloc
  0.00     41.32     0.00      340     0.00     0.00  __fpclassifyd
  0.00     41.32     0.00      340     0.00     0.00  __gtdf2
  0.00     41.32     0.00      340     0.00     0.00  __ltdf2
  0.00     41.32     0.00      174     0.00     0.00  _puts_r
  0.00     41.32     0.00      170     0.00     0.00  __d2b
  0.00     41.32     0.00      170     0.00     0.00  _dtoa_r
  0.00     41.32     0.00      129     0.00     0.00  __swbuf_r
  0.00     41.32     0.00      129     0.00     0.00  putchar
  0.00     41.32     0.00       74     0.00     0.00  altera_avalon_jtag_uart_timeout
  0.00     41.32     0.00       68     0.00     0.00  __malloc_lock
  0.00     41.32     0.00       68     0.00     0.00  __malloc_unlock
  0.00     41.32     0.00       43     0.00     0.00  _malloc_r
  0.00     41.32     0.00       40     0.00     0.00  malloc
  0.00     41.32     0.00       38     0.00     0.00  operator new(unsigned int)
  0.00     41.32     0.00       30     0.00     0.00  _Unwind_SjLj_Register
  0.00     41.32     0.00       30     0.00     0.00  _Unwind_SjLj_Unregister
  0.00     41.32     0.00       27     0.00     0.00  operator new[](unsigned int)
  0.00     41.32     0.00       22     0.00     0.00  operator delete(void*)
  0.00     41.32     0.00       22     0.00     0.00  free
  0.00     41.32     0.00       11     0.00     0.02  Image::init(int, int)
  0.00     41.32     0.00       11     0.00     0.02  Image::Image(int, int)
  0.00     41.32     0.00       11     0.00     0.00  operator delete[](void*)
  0.00     41.32     0.00        7     0.00     0.00  alt_release_fd
  0.00     41.32     0.00        5     0.00     0.00  NNLayer::init(int, int, int)
  0.00     41.32     0.00        5     0.00     0.00  NNLayer::NNLayer()
  0.00     41.32     0.00        5     0.00     0.00  memset
  0.00     41.32     0.00        4     0.00     0.00  altera_avalon_jtag_uart_close
  0.00     41.32     0.00        4     0.00     0.00  altera_avalon_jtag_uart_close_fd
  0.00     41.32     0.00        4     0.00     0.00  close
  0.00     41.32     0.00        3     0.00     0.00  __sfp_lock_acquire
  0.00     41.32     0.00        3     0.00     0.00  __sfp_lock_release
  0.00     41.32     0.00        3     0.00     0.00  _calloc_r
  0.00     41.32     0.00        3     0.00     0.00  _close_r
  0.00     41.32     0.00        3     0.00     0.00  _fclose_r
  0.00     41.32     0.00        3     0.00     0.00  alt_find_dev
  0.00     41.32     0.00        3     0.00     0.00  alt_get_fd
  0.00     41.32     0.00        3     0.00     0.00  memcmp
  0.00     41.32     0.00        3     0.00     0.00  open
  0.00     41.32     0.00        2     0.00     0.00  _cleanup_r
  0.00     41.32     0.00        2     0.00     0.00  alt_alarm_start
  0.00     41.32     0.00        2     0.00     0.00  alt_ic_irq_enable
  0.00     41.32     0.00        2     0.00     0.00  alt_ic_isr_register
  0.00     41.32     0.00        2     0.00     0.00  alt_iic_isr_register
  0.00     41.32     0.00        1     0.00     0.00  _GLOBAL__sub_I___cxa_allocate_exception
  0.00     41.32     0.00        1     0.00     0.00  NN::~NN()
  0.00     41.32     0.00        1     0.00     0.00  VGA::send_to_display()
  0.00     41.32     0.00        1     0.00     0.00  VGA::VGA(int, int)
  0.00     41.32     0.00        1     0.00     0.00  __call_exitprocs
  0.00     41.32     0.00        1     0.00     0.00  __register_exitproc
  0.00     41.32     0.00        1     0.00     0.00  __sinit
  0.00     41.32     0.00        1     0.00     0.00  __smakebuf_r
  0.00     41.32     0.00        1     0.00     0.00  _do_ctors
  0.00     41.32     0.00        1     0.00     0.00  _do_dtors
  0.00     41.32     0.00        1     0.00     0.00  _fwalk_reent
  0.00     41.32     0.00        1     0.00     0.00  alt_avalon_timer_sc_init
  0.00     41.32     0.00        1     0.00     0.00  alt_dcache_flush_all
  0.00     41.32     0.00        1     0.00     0.00  alt_dev_llist_insert
  0.00     41.32     0.00        1     0.00     0.00  alt_icache_flush
  0.00     41.32     0.00        1     0.00     0.00  alt_icache_flush_all
  0.00     41.32     0.00        1     0.00     0.00  alt_io_redirect
  0.00     41.32     0.00        1     0.00     0.00  alt_irq_init
  0.00     41.32     0.00        1     0.00     0.00  alt_load
  0.00     41.32     0.00        1     0.00    39.92  alt_main
  0.00     41.32     0.00        1     0.00     0.00  alt_sys_init
  0.00     41.32     0.00        1     0.00     0.00  altera_avalon_jtag_uart_init
  0.00     41.32     0.00        1     0.00     0.00  altera_nios2_gen2_irq_init
  0.00     41.32     0.00        1     0.00     0.00  atexit
  0.00     41.32     0.00        1     0.00     0.02  exit

 %         the percentage of the total running time of the
time       program used by this function.

cumulative a running sum of the number of seconds accounted
 seconds   for by this function and those listed above it.

 self      the number of seconds accounted for by this
seconds    function alone.  This is the major sort for this
           listing.

calls      the number of times this function was invoked, if
           this function is profiled, else blank.

 self      the average number of milliseconds spent in this
ms/call    function per call, if this function is profiled,
	   else blank.

 total     the average number of milliseconds spent in this
ms/call    function and its descendents per call, if this
	   function is profiled, else blank.

name       the name of the function.  This is the minor sort
           for this listing. The index shows the location of
	   the function in the gprof listing. If the index is
	   in parenthesis it shows where it would appear in
	   the gprof listing if it were to be printed.

Copyright (C) 2012-2015 Free Software Foundation, Inc.

Copying and distribution of this file, with or without modification,
are permitted in any medium without royalty provided the copyright
notice and this notice are preserved.

		     Call graph (explanation follows)


granularity: each sample hit covers 32 byte(s) for 0.00% of 41.32 seconds

index % time    self  children    called     name
                                                 <spontaneous>
[1]     96.6    0.00   39.92                 _start [1]
                0.00   39.92       1/1           alt_main [2]
                0.00    0.00       1/1           alt_load [106]
                0.00    0.00       1/1           alt_icache_flush [130]
                0.00    0.00       1/1           alt_icache_flush_all [131]
-----------------------------------------------
                0.00   39.92       1/1           _start [1]
[2]     96.6    0.00   39.92       1         alt_main [2]
                0.00   39.89       1/1           main [3]
                0.00    0.02       1/1           exit [50]
                0.00    0.00       1/1           _do_ctors [102]
                0.00    0.00       1/1           alt_io_redirect [105]
                0.00    0.00       1/7           alt_release_fd [116]
                0.00    0.00       1/1           atexit [136]
                0.00    0.00       1/1           alt_irq_init [132]
                0.00    0.00       1/1           alt_dev_llist_insert [129]
                0.00    0.00       1/1           alt_sys_init [133]
                0.00    0.00       1/1           __register_exitproc [186]
                0.00    0.00       1/4           close [120]
-----------------------------------------------
                0.00   39.89       1/1           alt_main [2]
[3]     96.6    0.00   39.89       1         main [3]
                4.32   31.01       1/1           Image::apply_NN(NN*, int) [4]
                0.24    3.28       1/1           Image::make_fractal() [9]
                0.00    0.53       5/5           NNLayer::print() [21]
                0.14    0.15      12/12          Image::printToScreen(int, int, VGA*) [26]
                0.12    0.02       1/1           Image::make_bw() [37]
                0.02    0.00       1/1           VGA::clr() [49]
                0.00    0.02       1/11          Image::Image(int, int) [30]
                0.01    0.01       5/5           NNLayer::random_init(int, int, int) [52]
                0.01    0.00      11/11          Image::~Image() [62]
                0.00    0.00       1/1           NN::NN(int) [67]
                0.00    0.00      11/25          _free_r [92]
                0.00    0.00       1/3947        printf [24]
                0.00    0.00       1/38          operator new(unsigned int) [72]
                0.00    0.00       3/174         _puts_r [76]
                0.00    0.00       3/174         puts [95]
                0.00    0.00      11/22          operator delete(void*) [175]
                0.00    0.00      11/68          __malloc_unlock [172]
                0.00    0.00      11/22          free [115]
                0.00    0.00       1/1           VGA::VGA(int, int) [184]
                0.00    0.00       1/1           VGA::send_to_display() [183]
                0.00    0.00       1/30          _Unwind_SjLj_Register [173]
                0.00    0.00       1/30          _Unwind_SjLj_Unregister [174]
                0.00    0.00       1/1           NN::~NN() [182]
-----------------------------------------------
                4.32   31.01       1/1           main [3]
[4]     85.5    4.32   31.01       1         Image::apply_NN(NN*, int) [4]
                0.04   14.19    8325/8325        NN::propagate(float*) [5]
                6.14    3.96 2131200/2131200     __divdf3 [7]
                2.79    0.55 2131200/2132730     __floatsidf [10]
                1.90    0.00 2214450/2452950     Image::source_pixel(int, int) [13]
                0.95    0.00 2131200/2131200     __truncdfsf2 [20]
                0.00    0.21      10/11          Image::Image(int, int) [30]
                0.03    0.11   83250/83250       __fixunssfsi [38]
                0.12    0.00   83250/667874      __mulsf3 [19]
                0.00    0.02     186/3947        printf [24]
                0.00    0.00      10/38          operator new(unsigned int) [72]
                0.00    0.00       1/43          _malloc_r [68]
                0.00    0.00       1/174         _puts_r [76]
                0.00    0.00       1/174         puts [95]
                0.00    0.00       1/30          _Unwind_SjLj_Register [173]
                0.00    0.00       1/30          _Unwind_SjLj_Unregister [174]
                0.00    0.00       1/40          malloc [114]
-----------------------------------------------
                0.04   14.19    8325/8325        Image::apply_NN(NN*, int) [4]
[5]     34.4    0.04   14.19    8325         NN::propagate(float*) [5]
                9.33    4.85   41625/41625       NNLayer::propagate(float*) [6]
-----------------------------------------------
                9.33    4.85   41625/41625       NN::propagate(float*) [5]
[6]     34.3    9.33    4.85   41625         NNLayer::propagate(float*) [6]
                3.79    0.00 9157500/9181300     __eqsf2 [8]
                0.64    0.42 1415250/1498415     __floatsisf [17]
-----------------------------------------------
                6.14    3.96 2131200/2131200     Image::apply_NN(NN*, int) [4]
[7]     24.4    6.14    3.96 2131200         __divdf3 [7]
                2.19    0.00 3863552/3874232     __udivsi3 [12]
                1.77    0.00 3863552/3877652     __umodsi3 [14]
-----------------------------------------------
                0.01    0.00   23800/9181300     Image::make_fractal() [9]
                3.79    0.00 9157500/9181300     NNLayer::propagate(float*) [6]
[8]      9.2    3.80    0.00 9181300         __eqsf2 [8]
-----------------------------------------------
                0.24    3.28       1/1           main [3]
[9]      8.5    0.24    3.28       1         Image::make_fractal() [9]
                0.17    2.27   11741/11741       Image::Get_Fractal_Level(float, float) [11]
                0.53    0.00   46964/46964       __divsf3 [22]
                0.07    0.01   59164/756904      __addsf3 [18]
                0.07    0.00   46964/667874      __mulsf3 [19]
                0.04    0.02   83165/1498415     __floatsisf [17]
                0.04    0.01   23482/195046      __subsf3 [23]
                0.01    0.00   24000/107250      __fixsfsi [44]
                0.01    0.00   12401/278699      __gtsf2 [27]
                0.01    0.00   12000/2452950     Image::source_pixel(int, int) [13]
                0.01    0.00   23800/9181300     __eqsf2 [8]
                0.01    0.00   11741/11741       Image::Get_Fractal_Color(int) [63]
-----------------------------------------------
                0.00    0.00    1530/2132730     _dtoa_r [53]
                2.79    0.55 2131200/2132730     Image::apply_NN(NN*, int) [4]
[10]     8.1    2.79    0.55 2132730         __floatsidf [10]
                0.55    0.00  966228/1988464     __clzsi2 [16]
-----------------------------------------------
                0.17    2.27   11741/11741       Image::make_fractal() [9]
[11]     5.9    0.17    2.27   11741         Image::Get_Fractal_Level(float, float) [11]
                0.86    0.07  697740/756904      __addsf3 [18]
                0.81    0.00  537660/667874      __mulsf3 [19]
                0.32    0.05  171564/195046      __subsf3 [23]
                0.16    0.00  183048/278699      __gtsf2 [27]
-----------------------------------------------
                0.00    0.00    5340/3874232     __udivdi3 [54]
                0.00    0.00    5340/3874232     __umoddi3 [56]
                2.19    0.00 3863552/3874232     __divdf3 [7]
[12]     5.3    2.19    0.00 3874232         __udivsi3 [12]
-----------------------------------------------
                0.01    0.00   12000/2452950     Image::make_fractal() [9]
                0.02    0.00   24000/2452950     Image::make_bw() [37]
                0.08    0.00   95250/2452950     Image::randomize() [31]
                0.09    0.00  107250/2452950     Image::printToScreen(int, int, VGA*) [26]
                1.90    0.00 2214450/2452950     Image::apply_NN(NN*, int) [4]
[13]     5.1    2.10    0.00 2452950         Image::source_pixel(int, int) [13]
-----------------------------------------------
                0.00    0.00    3420/3877652     NNLayer::MYrand(int) [57]
                0.00    0.00    5340/3877652     __udivdi3 [54]
                0.00    0.00    5340/3877652     __umoddi3 [56]
                1.77    0.00 3863552/3877652     __divdf3 [7]
[14]     4.3    1.78    0.00 3877652         __umodsi3 [14]
-----------------------------------------------
                                                 <spontaneous>
[15]     3.0    1.26    0.00                 read [15]
-----------------------------------------------
                0.00    0.00     170/1988464     __adddf3 [84]
                0.00    0.00     340/1988464     __subdf3 [71]
                0.06    0.00   99219/1988464     __subsf3 [23]
                0.08    0.00  136268/1988464     __addsf3 [18]
                0.45    0.00  786239/1988464     __floatsisf [17]
                0.55    0.00  966228/1988464     __floatsidf [10]
[16]     2.7    1.13    0.00 1988464         __clzsi2 [16]
-----------------------------------------------
                0.04    0.02   83165/1498415     Image::make_fractal() [9]
                0.64    0.42 1415250/1498415     NNLayer::propagate(float*) [6]
[17]     2.7    0.68    0.45 1498415         __floatsisf [17]
                0.45    0.00  786239/1988464     __clzsi2 [16]
-----------------------------------------------
                0.07    0.01   59164/756904      Image::make_fractal() [9]
                0.86    0.07  697740/756904      Image::Get_Fractal_Level(float, float) [11]
[18]     2.5    0.94    0.08  756904         __addsf3 [18]
                0.08    0.00  136268/1988464     __clzsi2 [16]
-----------------------------------------------
                0.07    0.00   46964/667874      Image::make_fractal() [9]
                0.12    0.00   83250/667874      Image::apply_NN(NN*, int) [4]
                0.81    0.00  537660/667874      Image::Get_Fractal_Level(float, float) [11]
[19]     2.4    1.00    0.00  667874         __mulsf3 [19]
-----------------------------------------------
                0.95    0.00 2131200/2131200     Image::apply_NN(NN*, int) [4]
[20]     2.3    0.95    0.00 2131200         __truncdfsf2 [20]
-----------------------------------------------
                0.00    0.53       5/5           main [3]
[21]     1.3    0.00    0.53       5         NNLayer::print() [21]
                0.00    0.38    3760/3947        printf [24]
                0.14    0.00     170/170         __extendsfdf2 [39]
                0.00    0.01     129/129         __swbuf_r [60]
                0.00    0.00     170/174         _puts_r [76]
                0.00    0.00     129/129         _putc_r [87]
                0.00    0.00     170/174         puts [95]
                0.00    0.00     129/129         putchar [112]
-----------------------------------------------
                0.53    0.00   46964/46964       Image::make_fractal() [9]
[22]     1.3    0.53    0.00   46964         __divsf3 [22]
-----------------------------------------------
                0.04    0.01   23482/195046      Image::make_fractal() [9]
                0.32    0.05  171564/195046      Image::Get_Fractal_Level(float, float) [11]
[23]     1.0    0.36    0.06  195046         __subsf3 [23]
                0.06    0.00   99219/1988464     __clzsi2 [16]
-----------------------------------------------
                0.00    0.00       1/3947        main [3]
                0.00    0.02     186/3947        Image::apply_NN(NN*, int) [4]
                0.00    0.38    3760/3947        NNLayer::print() [21]
[24]     1.0    0.00    0.40    3947         printf [24]
                0.07    0.33    3947/3947        ___vfprintf_internal_r <cycle 1> [36]
                0.00    0.00    3947/3947        __vfprintf_internal [73]
-----------------------------------------------
[25]     1.0    0.07    0.33    3947+7894    <cycle 1 as a whole> [25]
                0.01    0.22    3947             __sbprintf <cycle 1> [28]
                0.06    0.11    7894             ___vfprintf_internal_r <cycle 1> [36]
-----------------------------------------------
                0.14    0.15      12/12          main [3]
[26]     0.7    0.14    0.15      12         Image::printToScreen(int, int, VGA*) [26]
                0.09    0.00  107250/2452950     Image::source_pixel(int, int) [13]
                0.06    0.00  107250/107250      VGA::Set_Pixel_Color(unsigned int, unsigned int, unsigned int) [41]
-----------------------------------------------
                0.01    0.00   12401/278699      Image::make_fractal() [9]
                0.07    0.00   83250/278699      __fixunssfsi [38]
                0.16    0.00  183048/278699      Image::Get_Fractal_Level(float, float) [11]
[27]     0.6    0.24    0.00  278699         __gtsf2 [27]
-----------------------------------------------
                                3947             ___vfprintf_internal_r <cycle 1> [36]
[28]     0.6    0.01    0.22    3947         __sbprintf <cycle 1> [28]
                0.00    0.21    3947/4079        __sflush_r [34]
                0.00    0.00    3947/4076        _fflush_r [85]
                                3947             ___vfprintf_internal_r <cycle 1> [36]
-----------------------------------------------
                0.00    0.23      11/11          Image::Image(int, int) [30]
[29]     0.6    0.00    0.23      11         Image::init(int, int) [29]
                0.04    0.19      11/11          Image::randomize() [31]
                0.00    0.00      11/27          operator new[](unsigned int) [75]
-----------------------------------------------
                0.00    0.02       1/11          main [3]
                0.00    0.21      10/11          Image::apply_NN(NN*, int) [4]
[30]     0.6    0.00    0.23      11         Image::Image(int, int) [30]
                0.00    0.23      11/11          Image::init(int, int) [29]
-----------------------------------------------
                0.04    0.19      11/11          Image::init(int, int) [29]
[31]     0.6    0.04    0.19      11         Image::randomize() [31]
                0.08    0.02   95250/102090      rand [40]
                0.08    0.00   95250/2452950     Image::source_pixel(int, int) [13]
-----------------------------------------------
                0.00    0.02     348/4424        __sfvwrite_r [45]
                0.00    0.21    4076/4424        __sflush_r [34]
[32]     0.6    0.00    0.23    4424         _write_r [32]
                0.01    0.22    4424/4424        write [33]
-----------------------------------------------
                0.01    0.22    4424/4424        _write_r [32]
[33]     0.6    0.01    0.22    4424         write [33]
                0.22    0.00    4424/4424        altera_avalon_jtag_uart_write [35]
                0.00    0.00    4424/4424        altera_avalon_jtag_uart_write_fd [110]
-----------------------------------------------
                0.00    0.00       3/4079        _fclose_r [99]
                0.00    0.01     129/4079        __swbuf_r [60]
                0.00    0.21    3947/4079        __sbprintf <cycle 1> [28]
[34]     0.5    0.00    0.22    4079         __sflush_r [34]
                0.00    0.21    4076/4424        _write_r [32]
                0.01    0.00    4076/4424        __swrite [55]
-----------------------------------------------
                0.22    0.00    4424/4424        write [33]
[35]     0.5    0.22    0.00    4424         altera_avalon_jtag_uart_write [35]
                0.00    0.00    4431/4433        memcpy [66]
-----------------------------------------------
                                3947             __sbprintf <cycle 1> [28]
                0.07    0.33    3947/3947        printf [24]
[36]     0.4    0.06    0.11    7894         ___vfprintf_internal_r <cycle 1> [36]
                0.01    0.05    4473/4476        __sclose [42]
                0.00    0.02     170/170         _dtoa_r [53]
                0.01    0.01    2670/2670        __udivdi3 [54]
                0.01    0.01    2670/2670        __umoddi3 [56]
                0.01    0.00    7894/8071        strlen [64]
                0.00    0.00    4473/4473        __sprint_r [70]
                0.00    0.00    7894/7894        _localeconv_r [90]
                0.00    0.00     340/510         __eqdf2 [167]
                0.00    0.00     340/340         __fpclassifyd [168]
                                3947             __sbprintf <cycle 1> [28]
-----------------------------------------------
                0.12    0.02       1/1           main [3]
[37]     0.4    0.12    0.02       1         Image::make_bw() [37]
                0.02    0.00   24000/2452950     Image::source_pixel(int, int) [13]
-----------------------------------------------
                0.03    0.11   83250/83250       Image::apply_NN(NN*, int) [4]
[38]     0.3    0.03    0.11   83250         __fixunssfsi [38]
                0.07    0.00   83250/278699      __gtsf2 [27]
                0.04    0.00   83250/107250      __fixsfsi [44]
-----------------------------------------------
                0.14    0.00     170/170         NNLayer::print() [21]
[39]     0.3    0.14    0.00     170         __extendsfdf2 [39]
-----------------------------------------------
                0.01    0.00    6840/102090      simpleRand() [59]
                0.08    0.02   95250/102090      Image::randomize() [31]
[40]     0.3    0.09    0.03  102090         rand [40]
                0.03    0.00  102090/102090      __muldi3 [48]
-----------------------------------------------
                0.06    0.00  107250/107250      Image::printToScreen(int, int, VGA*) [26]
[41]     0.1    0.06    0.00  107250         VGA::Set_Pixel_Color(unsigned int, unsigned int, unsigned int) [41]
-----------------------------------------------
                0.00    0.00       3/4476        _fclose_r [99]
                0.01    0.05    4473/4476        ___vfprintf_internal_r <cycle 1> [36]
[42]     0.1    0.01    0.05    4476         __sclose [42]
                0.02    0.03    4473/4647        __sfvwrite_r [45]
-----------------------------------------------
                                                 <spontaneous>
[43]     0.1    0.05    0.00                 abort [43]
-----------------------------------------------
                0.01    0.00   24000/107250      Image::make_fractal() [9]
                0.04    0.00   83250/107250      __fixunssfsi [38]
[44]     0.1    0.05    0.00  107250         __fixsfsi [44]
-----------------------------------------------
                0.00    0.00     174/4647        _puts_r [76]
                0.02    0.03    4473/4647        __sclose [42]
[45]     0.1    0.02    0.03    4647         __sfvwrite_r [45]
                0.00    0.02     348/4424        _write_r [32]
                0.01    0.00    6254/6254        memmove [61]
                0.00    0.00     348/4424        __swrite [55]
                0.00    0.00       1/1           __swsetup_r [88]
-----------------------------------------------
                                                 <spontaneous>
[46]     0.1    0.04    0.00                 __floatunsisf [46]
-----------------------------------------------
                                                 <spontaneous>
[47]     0.1    0.03    0.00                 _Unwind_Backtrace [47]
-----------------------------------------------
                0.03    0.00  102090/102090      rand [40]
[48]     0.1    0.03    0.00  102090         __muldi3 [48]
-----------------------------------------------
                0.02    0.00       1/1           main [3]
[49]     0.1    0.02    0.00       1         VGA::clr() [49]
-----------------------------------------------
                0.00    0.02       1/1           alt_main [2]
[50]     0.1    0.00    0.02       1         exit [50]
                0.02    0.00       1/1           _exit [51]
                0.00    0.00       1/1           _fwalk_reent [100]
                0.00    0.00       1/2           _cleanup_r [181]
                0.00    0.00       1/1           __call_exitprocs [185]
-----------------------------------------------
                0.02    0.00       1/1           exit [50]
[51]     0.0    0.02    0.00       1         _exit [51]
-----------------------------------------------
                0.01    0.01       5/5           main [3]
[52]     0.0    0.01    0.01       5         NNLayer::random_init(int, int, int) [52]
                0.00    0.01    3420/3420        NNLayer::MYrand(int) [57]
                0.00    0.00       5/5           NNLayer::init(int, int, int) [81]
-----------------------------------------------
                0.00    0.02     170/170         ___vfprintf_internal_r <cycle 1> [36]
[53]     0.0    0.00    0.02     170         _dtoa_r [53]
                0.00    0.00    1700/1700        __muldf3 [65]
                0.00    0.00    1530/1530        __subdf3 [71]
                0.00    0.00    1530/2132730     __floatsidf [10]
                0.00    0.00    1360/1360        __fixdfsi [77]
                0.00    0.00     170/170         __d2b [83]
                0.00    0.00     680/680         __adddf3 [84]
                0.00    0.00     339/339         _Bfree [94]
                0.00    0.00     170/340         _Balloc [97]
                0.00    0.00     340/340         __gtdf2 [169]
                0.00    0.00     340/340         __ltdf2 [170]
                0.00    0.00     170/510         __eqdf2 [167]
-----------------------------------------------
                0.01    0.01    2670/2670        ___vfprintf_internal_r <cycle 1> [36]
[54]     0.0    0.01    0.01    2670         __udivdi3 [54]
                0.00    0.00    5340/3874232     __udivsi3 [12]
                0.00    0.00    5340/3877652     __umodsi3 [14]
-----------------------------------------------
                0.00    0.00     348/4424        __sfvwrite_r [45]
                0.01    0.00    4076/4424        __sflush_r [34]
[55]     0.0    0.01    0.00    4424         __swrite [55]
-----------------------------------------------
                0.01    0.01    2670/2670        ___vfprintf_internal_r <cycle 1> [36]
[56]     0.0    0.01    0.01    2670         __umoddi3 [56]
                0.00    0.00    5340/3874232     __udivsi3 [12]
                0.00    0.00    5340/3877652     __umodsi3 [14]
-----------------------------------------------
                0.00    0.01    3420/3420        NNLayer::random_init(int, int, int) [52]
[57]     0.0    0.00    0.01    3420         NNLayer::MYrand(int) [57]
                0.00    0.01    3420/3420        simpleRand() [59]
                0.00    0.00    3420/3877652     __umodsi3 [14]
-----------------------------------------------
                                                 <spontaneous>
[58]     0.0    0.01    0.00                 fstat [58]
-----------------------------------------------
                0.00    0.01    3420/3420        NNLayer::MYrand(int) [57]
[59]     0.0    0.00    0.01    3420         simpleRand() [59]
                0.01    0.00    6840/102090      rand [40]
-----------------------------------------------
                0.00    0.01     129/129         NNLayer::print() [21]
[60]     0.0    0.00    0.01     129         __swbuf_r [60]
                0.00    0.01     129/4079        __sflush_r [34]
                0.00    0.00     129/4076        _fflush_r [85]
-----------------------------------------------
                0.01    0.00    6254/6254        __sfvwrite_r [45]
[61]     0.0    0.01    0.00    6254         memmove [61]
-----------------------------------------------
                0.01    0.00      11/11          main [3]
[62]     0.0    0.01    0.00      11         Image::~Image() [62]
                0.00    0.00      11/25          _free_r [92]
                0.00    0.00      11/11          operator delete[](void*) [176]
                0.00    0.00      11/22          operator delete(void*) [175]
                0.00    0.00      11/68          __malloc_unlock [172]
                0.00    0.00      11/22          free [115]
-----------------------------------------------
                0.01    0.00   11741/11741       Image::make_fractal() [9]
[63]     0.0    0.01    0.00   11741         Image::Get_Fractal_Color(int) [63]
-----------------------------------------------
                0.00    0.00       3/8071        alt_find_dev [103]
                0.00    0.00     174/8071        _puts_r [76]
                0.01    0.00    7894/8071        ___vfprintf_internal_r <cycle 1> [36]
[64]     0.0    0.01    0.00    8071         strlen [64]
-----------------------------------------------
                0.00    0.00    1700/1700        _dtoa_r [53]
[65]     0.0    0.00    0.00    1700         __muldf3 [65]
-----------------------------------------------
                0.00    0.00       2/4433        alt_load [106]
                0.00    0.00    4431/4433        altera_avalon_jtag_uart_write [35]
[66]     0.0    0.00    0.00    4433         memcpy [66]
-----------------------------------------------
                0.00    0.00       1/1           main [3]
[67]     0.0    0.00    0.00       1         NN::NN(int) [67]
                0.00    0.00       1/27          operator new[](unsigned int) [75]
                0.00    0.00       5/5           NNLayer::NNLayer() [177]
                0.00    0.00       1/30          _Unwind_SjLj_Register [173]
                0.00    0.00       1/30          _Unwind_SjLj_Unregister [174]
-----------------------------------------------
                0.00    0.00       1/43          Image::apply_NN(NN*, int) [4]
                0.00    0.00       1/43          _GLOBAL__sub_I___cxa_allocate_exception [101]
                0.00    0.00       3/43          _calloc_r [98]
                0.00    0.00      38/43          operator new(unsigned int) [72]
[68]     0.0    0.00    0.00      43         _malloc_r [68]
                0.00    0.00      14/14          _sbrk_r [69]
                0.00    0.00       3/25          _free_r [92]
                0.00    0.00      46/68          __malloc_unlock [172]
                0.00    0.00      43/68          __malloc_lock [171]
-----------------------------------------------
                0.00    0.00      14/14          _malloc_r [68]
[69]     0.0    0.00    0.00      14         _sbrk_r [69]
-----------------------------------------------
                0.00    0.00    4473/4473        ___vfprintf_internal_r <cycle 1> [36]
[70]     0.0    0.00    0.00    4473         __sprint_r [70]
-----------------------------------------------
                0.00    0.00    1530/1530        _dtoa_r [53]
[71]     0.0    0.00    0.00    1530         __subdf3 [71]
                0.00    0.00     340/1988464     __clzsi2 [16]
-----------------------------------------------
                0.00    0.00       1/38          main [3]
                0.00    0.00      10/38          Image::apply_NN(NN*, int) [4]
                0.00    0.00      27/38          operator new[](unsigned int) [75]
[72]     0.0    0.00    0.00      38         operator new(unsigned int) [72]
                0.00    0.00      38/43          _malloc_r [68]
                0.00    0.00      38/40          malloc [114]
-----------------------------------------------
                0.00    0.00    3947/3947        printf [24]
[73]     0.0    0.00    0.00    3947         __vfprintf_internal [73]
-----------------------------------------------
                                                 <spontaneous>
[74]     0.0    0.00    0.00                 srand [74]
-----------------------------------------------
                0.00    0.00       1/27          NN::NN(int) [67]
                0.00    0.00      11/27          Image::init(int, int) [29]
                0.00    0.00      15/27          NNLayer::init(int, int, int) [81]
[75]     0.0    0.00    0.00      27         operator new[](unsigned int) [75]
                0.00    0.00      27/38          operator new(unsigned int) [72]
                0.00    0.00      27/30          _Unwind_SjLj_Register [173]
                0.00    0.00      27/30          _Unwind_SjLj_Unregister [174]
-----------------------------------------------
                0.00    0.00       1/174         Image::apply_NN(NN*, int) [4]
                0.00    0.00       3/174         main [3]
                0.00    0.00     170/174         NNLayer::print() [21]
[76]     0.0    0.00    0.00     174         _puts_r [76]
                0.00    0.00     174/4647        __sfvwrite_r [45]
                0.00    0.00     174/8071        strlen [64]
                0.00    0.00       1/2           _cleanup_r [181]
                0.00    0.00       1/1           __sinit [187]
-----------------------------------------------
                0.00    0.00    1360/1360        _dtoa_r [53]
[77]     0.0    0.00    0.00    1360         __fixdfsi [77]
-----------------------------------------------
                                                 <spontaneous>
[78]     0.0    0.00    0.00                 ___vfiprintf_internal_r [78]
-----------------------------------------------
                                                 <spontaneous>
[79]     0.0    0.00    0.00                 NNLayer::print_activation() [79]
-----------------------------------------------
                                                 <spontaneous>
[80]     0.0    0.00    0.00                 __sseek [80]
-----------------------------------------------
                0.00    0.00       5/5           NNLayer::random_init(int, int, int) [52]
[81]     0.0    0.00    0.00       5         NNLayer::init(int, int, int) [81]
                0.00    0.00      15/27          operator new[](unsigned int) [75]
-----------------------------------------------
                                                 <spontaneous>
[82]     0.0    0.00    0.00                 _wctomb_r [82]
-----------------------------------------------
                0.00    0.00     170/170         _dtoa_r [53]
[83]     0.0    0.00    0.00     170         __d2b [83]
                0.00    0.00     170/170         __lo0bits [86]
                0.00    0.00     170/340         _Balloc [97]
-----------------------------------------------
                0.00    0.00     680/680         _dtoa_r [53]
[84]     0.0    0.00    0.00     680         __adddf3 [84]
                0.00    0.00     170/1988464     __clzsi2 [16]
-----------------------------------------------
                0.00    0.00     129/4076        __swbuf_r [60]
                0.00    0.00    3947/4076        __sbprintf <cycle 1> [28]
[85]     0.0    0.00    0.00    4076         _fflush_r [85]
-----------------------------------------------
                0.00    0.00     170/170         __d2b [83]
[86]     0.0    0.00    0.00     170         __lo0bits [86]
-----------------------------------------------
                0.00    0.00     129/129         NNLayer::print() [21]
[87]     0.0    0.00    0.00     129         _putc_r [87]
-----------------------------------------------
                0.00    0.00       1/1           __sfvwrite_r [45]
[88]     0.0    0.00    0.00       1         __swsetup_r [88]
                0.00    0.00       1/1           __smakebuf_r [188]
-----------------------------------------------
                                                 <spontaneous>
[89]     0.0    0.00    0.00                 __cxa_deleted_virtual [89]
-----------------------------------------------
                0.00    0.00    7894/7894        ___vfprintf_internal_r <cycle 1> [36]
[90]     0.0    0.00    0.00    7894         _localeconv_r [90]
-----------------------------------------------
                                                 <spontaneous>
[91]     0.0    0.00    0.00                 __multadd [91]
-----------------------------------------------
                0.00    0.00       3/25          _malloc_r [68]
                0.00    0.00      11/25          main [3]
                0.00    0.00      11/25          Image::~Image() [62]
[92]     0.0    0.00    0.00      25         _free_r [92]
                0.00    0.00      25/68          __malloc_lock [171]
-----------------------------------------------
                                                 <spontaneous>
[93]     0.0    0.00    0.00                 memchr [93]
-----------------------------------------------
                0.00    0.00     339/339         _dtoa_r [53]
[94]     0.0    0.00    0.00     339         _Bfree [94]
-----------------------------------------------
                0.00    0.00       1/174         Image::apply_NN(NN*, int) [4]
                0.00    0.00       3/174         main [3]
                0.00    0.00     170/174         NNLayer::print() [21]
[95]     0.0    0.00    0.00     174         puts [95]
-----------------------------------------------
                                                 <spontaneous>
[96]     0.0    0.00    0.00                 setlocale [96]
-----------------------------------------------
                0.00    0.00     170/340         _dtoa_r [53]
                0.00    0.00     170/340         __d2b [83]
[97]     0.0    0.00    0.00     340         _Balloc [97]
                0.00    0.00       3/3           _calloc_r [98]
-----------------------------------------------
                0.00    0.00       3/3           _Balloc [97]
[98]     0.0    0.00    0.00       3         _calloc_r [98]
                0.00    0.00       3/43          _malloc_r [68]
                0.00    0.00       1/5           memset [117]
-----------------------------------------------
                0.00    0.00       3/3           _fwalk_reent [100]
[99]     0.0    0.00    0.00       3         _fclose_r [99]
                0.00    0.00       3/4079        __sflush_r [34]
                0.00    0.00       3/4476        __sclose [42]
                0.00    0.00       3/3           __sfp_lock_release [179]
                0.00    0.00       3/3           __sfp_lock_acquire [178]
                0.00    0.00       3/3           _close_r [180]
-----------------------------------------------
                0.00    0.00       1/1           exit [50]
[100]    0.0    0.00    0.00       1         _fwalk_reent [100]
                0.00    0.00       3/3           _fclose_r [99]
-----------------------------------------------
                0.00    0.00       1/1           _do_ctors [102]
[101]    0.0    0.00    0.00       1         _GLOBAL__sub_I___cxa_allocate_exception [101]
                0.00    0.00       1/43          _malloc_r [68]
                0.00    0.00       1/40          malloc [114]
-----------------------------------------------
                0.00    0.00       1/1           alt_main [2]
[102]    0.0    0.00    0.00       1         _do_ctors [102]
                0.00    0.00       1/1           _GLOBAL__sub_I___cxa_allocate_exception [101]
-----------------------------------------------
                0.00    0.00       3/3           open [104]
[103]    0.0    0.00    0.00       3         alt_find_dev [103]
                0.00    0.00       3/8071        strlen [64]
                0.00    0.00       3/3           memcmp [122]
-----------------------------------------------
                0.00    0.00       3/3           alt_io_redirect [105]
[104]    0.0    0.00    0.00       3         open [104]
                0.00    0.00       3/3           alt_find_dev [103]
                0.00    0.00       3/3           alt_get_fd [121]
-----------------------------------------------
                0.00    0.00       1/1           alt_main [2]
[105]    0.0    0.00    0.00       1         alt_io_redirect [105]
                0.00    0.00       3/3           open [104]
                0.00    0.00       2/7           alt_release_fd [116]
-----------------------------------------------
                0.00    0.00       1/1           _start [1]
[106]    0.0    0.00    0.00       1         alt_load [106]
                0.00    0.00       2/4433        memcpy [66]
                0.00    0.00       1/1           alt_dcache_flush_all [128]
-----------------------------------------------
                0.00    0.00   77461/77461       alt_exception [140]
[107]    0.0    0.00    0.00   77461         alt_irq_handler [107]
                0.00    0.00   74902/74902       alt_avalon_timer_sc_irq [108]
                0.00    0.00    2597/2597        altera_avalon_jtag_uart_irq [111]
-----------------------------------------------
                0.00    0.00   74902/74902       alt_irq_handler [107]
[108]    0.0    0.00    0.00   74902         alt_avalon_timer_sc_irq [108]
                0.00    0.00   74902/74902       alt_tick [109]
-----------------------------------------------
                0.00    0.00   74902/74902       alt_avalon_timer_sc_irq [108]
[109]    0.0    0.00    0.00   74902         alt_tick [109]
                0.00    0.00      74/74          altera_avalon_jtag_uart_timeout [113]
-----------------------------------------------
                0.00    0.00    4424/4424        write [33]
[110]    0.0    0.00    0.00    4424         altera_avalon_jtag_uart_write_fd [110]
-----------------------------------------------
                0.00    0.00    2597/2597        alt_irq_handler [107]
[111]    0.0    0.00    0.00    2597         altera_avalon_jtag_uart_irq [111]
-----------------------------------------------
                0.00    0.00     129/129         NNLayer::print() [21]
[112]    0.0    0.00    0.00     129         putchar [112]
-----------------------------------------------
                0.00    0.00      74/74          alt_tick [109]
[113]    0.0    0.00    0.00      74         altera_avalon_jtag_uart_timeout [113]
-----------------------------------------------
                0.00    0.00       1/40          Image::apply_NN(NN*, int) [4]
                0.00    0.00       1/40          _GLOBAL__sub_I___cxa_allocate_exception [101]
                0.00    0.00      38/40          operator new(unsigned int) [72]
[114]    0.0    0.00    0.00      40         malloc [114]
-----------------------------------------------
                0.00    0.00      11/22          main [3]
                0.00    0.00      11/22          Image::~Image() [62]
[115]    0.0    0.00    0.00      22         free [115]
-----------------------------------------------
                0.00    0.00       1/7           alt_main [2]
                0.00    0.00       2/7           alt_io_redirect [105]
                0.00    0.00       4/7           close [120]
[116]    0.0    0.00    0.00       7         alt_release_fd [116]
-----------------------------------------------
                0.00    0.00       1/5           _calloc_r [98]
                0.00    0.00       1/5           __mcount_record [306]
                0.00    0.00       3/5           _cleanup_r [181]
[117]    0.0    0.00    0.00       5         memset [117]
-----------------------------------------------
                0.00    0.00       4/4           close [120]
[118]    0.0    0.00    0.00       4         altera_avalon_jtag_uart_close [118]
-----------------------------------------------
                0.00    0.00       4/4           close [120]
[119]    0.0    0.00    0.00       4         altera_avalon_jtag_uart_close_fd [119]
-----------------------------------------------
                0.00    0.00       1/4           alt_main [2]
                0.00    0.00       3/4           _close_r [180]
[120]    0.0    0.00    0.00       4         close [120]
                0.00    0.00       4/7           alt_release_fd [116]
                0.00    0.00       4/4           altera_avalon_jtag_uart_close_fd [119]
                0.00    0.00       4/4           altera_avalon_jtag_uart_close [118]
-----------------------------------------------
                0.00    0.00       3/3           open [104]
[121]    0.0    0.00    0.00       3         alt_get_fd [121]
-----------------------------------------------
                0.00    0.00       3/3           alt_find_dev [103]
[122]    0.0    0.00    0.00       3         memcmp [122]
-----------------------------------------------
                0.00    0.00       1/2           altera_avalon_jtag_uart_init [134]
                0.00    0.00       1/2           __mcount_record [306]
[123]    0.0    0.00    0.00       2         alt_alarm_start [123]
-----------------------------------------------
                0.00    0.00       2/2           alt_iic_isr_register [126]
[124]    0.0    0.00    0.00       2         alt_ic_irq_enable [124]
-----------------------------------------------
                0.00    0.00       1/2           altera_avalon_jtag_uart_init [134]
                0.00    0.00       1/2           alt_avalon_timer_sc_init [127]
[125]    0.0    0.00    0.00       2         alt_ic_isr_register [125]
-----------------------------------------------
                0.00    0.00       1/2           altera_avalon_jtag_uart_init [134]
                0.00    0.00       1/2           alt_avalon_timer_sc_init [127]
[126]    0.0    0.00    0.00       2         alt_iic_isr_register [126]
                0.00    0.00       2/2           alt_ic_irq_enable [124]
-----------------------------------------------
                0.00    0.00       1/1           alt_sys_init [133]
[127]    0.0    0.00    0.00       1         alt_avalon_timer_sc_init [127]
                0.00    0.00       1/2           alt_ic_isr_register [125]
                0.00    0.00       1/2           alt_iic_isr_register [126]
-----------------------------------------------
                0.00    0.00       1/1           alt_load [106]
[128]    0.0    0.00    0.00       1         alt_dcache_flush_all [128]
-----------------------------------------------
                0.00    0.00       1/1           alt_main [2]
[129]    0.0    0.00    0.00       1         alt_dev_llist_insert [129]
-----------------------------------------------
                0.00    0.00       1/1           _start [1]
[130]    0.0    0.00    0.00       1         alt_icache_flush [130]
-----------------------------------------------
                0.00    0.00       1/1           _start [1]
[131]    0.0    0.00    0.00       1         alt_icache_flush_all [131]
-----------------------------------------------
                0.00    0.00       1/1           alt_main [2]
[132]    0.0    0.00    0.00       1         alt_irq_init [132]
                0.00    0.00       1/1           altera_nios2_gen2_irq_init [135]
-----------------------------------------------
                0.00    0.00       1/1           alt_main [2]
[133]    0.0    0.00    0.00       1         alt_sys_init [133]
                0.00    0.00       1/1           alt_avalon_timer_sc_init [127]
                0.00    0.00       1/1           altera_avalon_jtag_uart_init [134]
-----------------------------------------------
                0.00    0.00       1/1           alt_sys_init [133]
[134]    0.0    0.00    0.00       1         altera_avalon_jtag_uart_init [134]
                0.00    0.00       1/2           alt_alarm_start [123]
                0.00    0.00       1/2           alt_ic_isr_register [125]
                0.00    0.00       1/2           alt_iic_isr_register [126]
-----------------------------------------------
                0.00    0.00       1/1           alt_irq_init [132]
[135]    0.0    0.00    0.00       1         altera_nios2_gen2_irq_init [135]
-----------------------------------------------
                0.00    0.00       1/1           alt_main [2]
[136]    0.0    0.00    0.00       1         atexit [136]
-----------------------------------------------
                0.00    0.00     170/510         _dtoa_r [53]
                0.00    0.00     340/510         ___vfprintf_internal_r <cycle 1> [36]
[167]    0.0    0.00    0.00     510         __eqdf2 [167]
-----------------------------------------------
                0.00    0.00     340/340         ___vfprintf_internal_r <cycle 1> [36]
[168]    0.0    0.00    0.00     340         __fpclassifyd [168]
-----------------------------------------------
                0.00    0.00     340/340         _dtoa_r [53]
[169]    0.0    0.00    0.00     340         __gtdf2 [169]
-----------------------------------------------
                0.00    0.00     340/340         _dtoa_r [53]
[170]    0.0    0.00    0.00     340         __ltdf2 [170]
-----------------------------------------------
                0.00    0.00      25/68          _free_r [92]
                0.00    0.00      43/68          _malloc_r [68]
[171]    0.0    0.00    0.00      68         __malloc_lock [171]
-----------------------------------------------
                0.00    0.00      11/68          main [3]
                0.00    0.00      11/68          Image::~Image() [62]
                0.00    0.00      46/68          _malloc_r [68]
[172]    0.0    0.00    0.00      68         __malloc_unlock [172]
-----------------------------------------------
                0.00    0.00       1/30          Image::apply_NN(NN*, int) [4]
                0.00    0.00       1/30          NN::NN(int) [67]
                0.00    0.00       1/30          main [3]
                0.00    0.00      27/30          operator new[](unsigned int) [75]
[173]    0.0    0.00    0.00      30         _Unwind_SjLj_Register [173]
-----------------------------------------------
                0.00    0.00       1/30          main [3]
                0.00    0.00       1/30          Image::apply_NN(NN*, int) [4]
                0.00    0.00       1/30          NN::NN(int) [67]
                0.00    0.00      27/30          operator new[](unsigned int) [75]
[174]    0.0    0.00    0.00      30         _Unwind_SjLj_Unregister [174]
-----------------------------------------------
                0.00    0.00      11/22          main [3]
                0.00    0.00      11/22          Image::~Image() [62]
[175]    0.0    0.00    0.00      22         operator delete(void*) [175]
-----------------------------------------------
                0.00    0.00      11/11          Image::~Image() [62]
[176]    0.0    0.00    0.00      11         operator delete[](void*) [176]
-----------------------------------------------
                0.00    0.00       5/5           NN::NN(int) [67]
[177]    0.0    0.00    0.00       5         NNLayer::NNLayer() [177]
-----------------------------------------------
                0.00    0.00       3/3           _fclose_r [99]
[178]    0.0    0.00    0.00       3         __sfp_lock_acquire [178]
-----------------------------------------------
                0.00    0.00       3/3           _fclose_r [99]
[179]    0.0    0.00    0.00       3         __sfp_lock_release [179]
-----------------------------------------------
                0.00    0.00       3/3           _fclose_r [99]
[180]    0.0    0.00    0.00       3         _close_r [180]
                0.00    0.00       3/4           close [120]
-----------------------------------------------
                0.00    0.00       1/2           exit [50]
                0.00    0.00       1/2           _puts_r [76]
[181]    0.0    0.00    0.00       2         _cleanup_r [181]
                0.00    0.00       3/5           memset [117]
-----------------------------------------------
                0.00    0.00       1/1           main [3]
[182]    0.0    0.00    0.00       1         NN::~NN() [182]
-----------------------------------------------
                0.00    0.00       1/1           main [3]
[183]    0.0    0.00    0.00       1         VGA::send_to_display() [183]
-----------------------------------------------
                0.00    0.00       1/1           main [3]
[184]    0.0    0.00    0.00       1         VGA::VGA(int, int) [184]
-----------------------------------------------
                0.00    0.00       1/1           exit [50]
[185]    0.0    0.00    0.00       1         __call_exitprocs [185]
                0.00    0.00       1/1           _do_dtors [189]
-----------------------------------------------
                0.00    0.00       1/1           alt_main [2]
[186]    0.0    0.00    0.00       1         __register_exitproc [186]
-----------------------------------------------
                0.00    0.00       1/1           _puts_r [76]
[187]    0.0    0.00    0.00       1         __sinit [187]
-----------------------------------------------
                0.00    0.00       1/1           __swsetup_r [88]
[188]    0.0    0.00    0.00       1         __smakebuf_r [188]
-----------------------------------------------
                0.00    0.00       1/1           __call_exitprocs [185]
[189]    0.0    0.00    0.00       1         _do_dtors [189]
-----------------------------------------------

 This table describes the call tree of the program, and was sorted by
 the total amount of time spent in each function and its children.

 Each entry in this table consists of several lines.  The line with the
 index number at the left hand margin lists the current function.
 The lines above it list the functions that called this function,
 and the lines below it list the functions this one called.
 This line lists:
     index	A unique number given to each element of the table.
		Index numbers are sorted numerically.
		The index number is printed next to every function name so
		it is easier to look up where the function is in the table.

     % time	This is the percentage of the `total' time that was spent
		in this function and its children.  Note that due to
		different viewpoints, functions excluded by options, etc,
		these numbers will NOT add up to 100%.

     self	This is the total amount of time spent in this function.

     children	This is the total amount of time propagated into this
		function by its children.

     called	This is the number of times the function was called.
		If the function called itself recursively, the number
		only includes non-recursive calls, and is followed by
		a `+' and the number of recursive calls.

     name	The name of the current function.  The index number is
		printed after it.  If the function is a member of a
		cycle, the cycle number is printed between the
		function's name and the index number.


 For the function's parents, the fields have the following meanings:

     self	This is the amount of time that was propagated directly
		from the function into this parent.

     children	This is the amount of time that was propagated from
		the function's children into this parent.

     called	This is the number of times this parent called the
		function `/' the total number of times the function
		was called.  Recursive calls to the function are not
		included in the number after the `/'.

     name	This is the name of the parent.  The parent's index
		number is printed after it.  If the parent is a
		member of a cycle, the cycle number is printed between
		the name and the index number.

 If the parents of the function cannot be determined, the word
 `<spontaneous>' is printed in the `name' field, and all the other
 fields are blank.

 For the function's children, the fields have the following meanings:

     self	This is the amount of time that was propagated directly
		from the child into the function.

     children	This is the amount of time that was propagated from the
		child's children to the function.

     called	This is the number of times the function called
		this child `/' the total number of times the child
		was called.  Recursive calls by the child are not
		listed in the number after the `/'.

     name	This is the name of the child.  The child's index
		number is printed after it.  If the child is a
		member of a cycle, the cycle number is printed
		between the name and the index number.

 If there are any cycles (circles) in the call graph, there is an
 entry for the cycle-as-a-whole.  This entry shows who called the
 cycle (as parents) and the members of the cycle (as children.)
 The `+' recursive calls entry shows the number of function calls that
 were internal to the cycle, and the calls entry for each member shows,
 for that member, how many times it was called from other members of
 the cycle.

Copyright (C) 2012-2015 Free Software Foundation, Inc.

Copying and distribution of this file, with or without modification,
are permitted in any medium without royalty provided the copyright
notice and this notice are preserved.

Index by function name

  [97] _Balloc                [17] __floatsisf            [43] abort
  [94] _Bfree                 [46] __floatunsisf         [123] alt_alarm_start
 [101] _GLOBAL__sub_I___cxa_allocate_exception (eh_alloc.cc) [168] __fpclassifyd [127] alt_avalon_timer_sc_init
  [47] _Unwind_Backtrace     [169] __gtdf2               [108] alt_avalon_timer_sc_irq (altera_avalon_timer_sc.c)
 [173] _Unwind_SjLj_Register  [27] __gtsf2               [128] alt_dcache_flush_all
 [174] _Unwind_SjLj_Unregister [86] __lo0bits            [129] alt_dev_llist_insert
  [59] simpleRand()          [170] __ltdf2               [103] alt_find_dev
   [5] NN::propagate(float*) [171] __malloc_lock         [121] alt_get_fd
  [67] NN::NN(int)           [172] __malloc_unlock       [124] alt_ic_irq_enable
 [182] NN::~NN()              [65] __muldf3              [125] alt_ic_isr_register
  [41] VGA::Set_Pixel_Color(unsigned int, unsigned int, unsigned int) [48] __muldi3 [130] alt_icache_flush
 [183] VGA::send_to_display() [19] __mulsf3              [131] alt_icache_flush_all
  [49] VGA::clr()             [91] __multadd             [126] alt_iic_isr_register
 [184] VGA::VGA(int, int)    [186] __register_exitproc   [105] alt_io_redirect
   [9] Image::make_fractal()  [28] __sbprintf (vfprintf.c) [107] alt_irq_handler
  [13] Image::source_pixel(int, int) [42] __sclose       [132] alt_irq_init
  [26] Image::printToScreen(int, int, VGA*) [34] __sflush_r [106] alt_load
  [63] Image::Get_Fractal_Color(int) [178] __sfp_lock_acquire [2] alt_main
  [11] Image::Get_Fractal_Level(float, float) [179] __sfp_lock_release [116] alt_release_fd
  [29] Image::init(int, int)  [45] __sfvwrite_r          [133] alt_sys_init
  [37] Image::make_bw()      [187] __sinit               [109] alt_tick
   [4] Image::apply_NN(NN*, int) [188] __smakebuf_r      [118] altera_avalon_jtag_uart_close
  [31] Image::randomize()     [70] __sprint_r            [119] altera_avalon_jtag_uart_close_fd
  [30] Image::Image(int, int) [80] __sseek               [134] altera_avalon_jtag_uart_init
  [62] Image::~Image()        [71] __subdf3              [111] altera_avalon_jtag_uart_irq (altera_avalon_jtag_uart_init.c)
  [52] NNLayer::random_init(int, int, int) [23] __subsf3 [113] altera_avalon_jtag_uart_timeout (altera_avalon_jtag_uart_init.c)
  [79] NNLayer::print_activation() [60] __swbuf_r         [35] altera_avalon_jtag_uart_write
  [81] NNLayer::init(int, int, int) [55] __swrite        [110] altera_avalon_jtag_uart_write_fd
  [21] NNLayer::print()       [88] __swsetup_r           [135] altera_nios2_gen2_irq_init
  [57] NNLayer::MYrand(int)   [20] __truncdfsf2          [136] atexit
   [6] NNLayer::propagate(float*) [54] __udivdi3         [120] close
 [177] NNLayer::NNLayer()     [12] __udivsi3              [50] exit
 [176] operator delete[](void*) [56] __umoddi3           [115] free
 [175] operator delete(void*) [14] __umodsi3              [58] fstat
  [75] operator new[](unsigned int) [73] __vfprintf_internal [3] main
  [72] operator new(unsigned int) [98] _calloc_r         [114] malloc
  [78] ___vfiprintf_internal_r [181] _cleanup_r           [93] memchr
  [36] ___vfprintf_internal_r [180] _close_r             [122] memcmp
  [84] __adddf3              [102] _do_ctors              [66] memcpy
  [18] __addsf3              [189] _do_dtors              [61] memmove
 [185] __call_exitprocs       [53] _dtoa_r               [117] memset
  [16] __clzsi2               [51] _exit                 [104] open
  [89] __cxa_deleted_virtual  [99] _fclose_r              [24] printf
  [83] __d2b                  [85] _fflush_r             [112] putchar
   [7] __divdf3               [92] _free_r                [95] puts
  [22] __divsf3              [100] _fwalk_reent           [40] rand
 [167] __eqdf2                [90] _localeconv_r          [15] read
   [8] __eqsf2                [68] _malloc_r              [96] setlocale
  [39] __extendsfdf2          [87] _putc_r                [74] srand
  [77] __fixdfsi              [76] _puts_r                [64] strlen
  [44] __fixsfsi              [69] _sbrk_r                [33] write
  [38] __fixunssfsi           [82] _wctomb_r              [25] <cycle 1>
  [10] __floatsidf            [32] _write_r
