Archive member included to satisfy reference by file (symbol)

c:/intelfpga_lite/18.1/nios2eds/bin/gnu/h-x86_64-mingw32/bin/../lib/gcc/nios2-elf/5.3.0/../../../../../H-x86_64-mingw32/nios2-elf/lib/pg\libstdc++.a(new_opv.o)
                              obj/default/Image.o (operator new[](unsigned int))
c:/intelfpga_lite/18.1/nios2eds/bin/gnu/h-x86_64-mingw32/bin/../lib/gcc/nios2-elf/5.3.0/../../../../../H-x86_64-mingw32/nios2-elf/lib/pg\libstdc++.a(new_op.o)
                              obj/default/Image.o (operator new(unsigned int))
c:/intelfpga_lite/18.1/nios2eds/bin/gnu/h-x86_64-mingw32/bin/../lib/gcc/nios2-elf/5.3.0/../../../../../H-x86_64-mingw32/nios2-elf/lib/pg\libstdc++.a(del_opv.o)
                              obj/default/Image.o (operator delete[](void*))
c:/intelfpga_lite/18.1/nios2eds/bin/gnu/h-x86_64-mingw32/bin/../lib/gcc/nios2-elf/5.3.0/../../../../../H-x86_64-mingw32/nios2-elf/lib/pg\libstdc++.a(new_handler.o)
                              c:/intelfpga_lite/18.1/nios2eds/bin/gnu/h-x86_64-mingw32/bin/../lib/gcc/nios2-elf/5.3.0/../../../../../H-x86_64-mingw32/nios2-elf/lib/pg\libstdc++.a(new_op.o) (std::get_new_handler())
c:/intelfpga_lite/18.1/nios2eds/bin/gnu/h-x86_64-mingw32/bin/../lib/gcc/nios2-elf/5.3.0/../../../../../H-x86_64-mingw32/nios2-elf/lib/pg\libstdc++.a(eh_personality.o)
                              obj/default/Image.o (__gxx_personality_sj0)
c:/intelfpga_lite/18.1/nios2eds/bin/gnu/h-x86_64-mingw32/bin/../lib/gcc/nios2-elf/5.3.0/../../../../../H-x86_64-mingw32/nios2-elf/lib/pg\libstdc++.a(bad_alloc.o)
                              c:/intelfpga_lite/18.1/nios2eds/bin/gnu/h-x86_64-mingw32/bin/../lib/gcc/nios2-elf/5.3.0/../../../../../H-x86_64-mingw32/nios2-elf/lib/pg\libstdc++.a(new_op.o) (vtable for std::bad_alloc)
c:/intelfpga_lite/18.1/nios2eds/bin/gnu/h-x86_64-mingw32/bin/../lib/gcc/nios2-elf/5.3.0/../../../../../H-x86_64-mingw32/nios2-elf/lib/pg\libstdc++.a(del_op.o)
                              obj/default/Image.o (operator delete(void*))
c:/intelfpga_lite/18.1/nios2eds/bin/gnu/h-x86_64-mingw32/bin/../lib/gcc/nios2-elf/5.3.0/../../../../../H-x86_64-mingw32/nios2-elf/lib/pg\libstdc++.a(eh_throw.o)
                              c:/intelfpga_lite/18.1/nios2eds/bin/gnu/h-x86_64-mingw32/bin/../lib/gcc/nios2-elf/5.3.0/../../../../../H-x86_64-mingw32/nios2-elf/lib/pg\libstdc++.a(new_op.o) (__cxa_throw)
c:/intelfpga_lite/18.1/nios2eds/bin/gnu/h-x86_64-mingw32/bin/../lib/gcc/nios2-elf/5.3.0/../../../../../H-x86_64-mingw32/nios2-elf/lib/pg\libstdc++.a(eh_catch.o)
                              c:/intelfpga_lite/18.1/nios2eds/bin/gnu/h-x86_64-mingw32/bin/../lib/gcc/nios2-elf/5.3.0/../../../../../H-x86_64-mingw32/nios2-elf/lib/pg\libstdc++.a(eh_personality.o) (__cxa_begin_catch)
c:/intelfpga_lite/18.1/nios2eds/bin/gnu/h-x86_64-mingw32/bin/../lib/gcc/nios2-elf/5.3.0/../../../../../H-x86_64-mingw32/nios2-elf/lib/pg\libstdc++.a(class_type_info.o)
                              obj/default/NN.o (vtable for __cxxabiv1::__class_type_info)
c:/intelfpga_lite/18.1/nios2eds/bin/gnu/h-x86_64-mingw32/bin/../lib/gcc/nios2-elf/5.3.0/../../../../../H-x86_64-mingw32/nios2-elf/lib/pg\libstdc++.a(eh_terminate.o)
                              c:/intelfpga_lite/18.1/nios2eds/bin/gnu/h-x86_64-mingw32/bin/../lib/gcc/nios2-elf/5.3.0/../../../../../H-x86_64-mingw32/nios2-elf/lib/pg\libstdc++.a(eh_personality.o) (__cxxabiv1::__terminate(void (*)()))
c:/intelfpga_lite/18.1/nios2eds/bin/gnu/h-x86_64-mingw32/bin/../lib/gcc/nios2-elf/5.3.0/../../../../../H-x86_64-mingw32/nios2-elf/lib/pg\libstdc++.a(eh_unex_handler.o)
                              c:/intelfpga_lite/18.1/nios2eds/bin/gnu/h-x86_64-mingw32/bin/../lib/gcc/nios2-elf/5.3.0/../../../../../H-x86_64-mingw32/nios2-elf/lib/pg\libstdc++.a(eh_terminate.o) (__cxxabiv1::__unexpected_handler)
c:/intelfpga_lite/18.1/nios2eds/bin/gnu/h-x86_64-mingw32/bin/../lib/gcc/nios2-elf/5.3.0/../../../../../H-x86_64-mingw32/nios2-elf/lib/pg\libstdc++.a(eh_alloc.o)
                              c:/intelfpga_lite/18.1/nios2eds/bin/gnu/h-x86_64-mingw32/bin/../lib/gcc/nios2-elf/5.3.0/../../../../../H-x86_64-mingw32/nios2-elf/lib/pg\libstdc++.a(new_op.o) (__cxa_allocate_exception)
c:/intelfpga_lite/18.1/nios2eds/bin/gnu/h-x86_64-mingw32/bin/../lib/gcc/nios2-elf/5.3.0/../../../../../H-x86_64-mingw32/nios2-elf/lib/pg\libstdc++.a(eh_call.o)
                              c:/intelfpga_lite/18.1/nios2eds/bin/gnu/h-x86_64-mingw32/bin/../lib/gcc/nios2-elf/5.3.0/../../../../../H-x86_64-mingw32/nios2-elf/lib/pg\libstdc++.a(eh_personality.o) (__cxa_call_terminate)
c:/intelfpga_lite/18.1/nios2eds/bin/gnu/h-x86_64-mingw32/bin/../lib/gcc/nios2-elf/5.3.0/../../../../../H-x86_64-mingw32/nios2-elf/lib/pg\libstdc++.a(eh_globals.o)
                              c:/intelfpga_lite/18.1/nios2eds/bin/gnu/h-x86_64-mingw32/bin/../lib/gcc/nios2-elf/5.3.0/../../../../../H-x86_64-mingw32/nios2-elf/lib/pg\libstdc++.a(eh_personality.o) (__cxa_get_globals_fast)
[...]
Memory Configuration

Name             Origin             Length             Attributes
sdram            0x0000000000000000 0x0000000004000000
reset            0x0000000004020000 0x0000000000000020
onchip_memory2   0x0000000004020020 0x000000000001f3e0
*default*        0x0000000000000000 0xffffffffffffffff

Linker script and memory map

LOAD ../LUTBrain_NIOS_bsp//obj/HAL/src/crt0.o
LOAD obj/default/Image.o
LOAD obj/default/NN.o
LOAD obj/default/NNLayer.o
LOAD obj/default/VGA.o
LOAD obj/default/main.o
LOAD c:/intelfpga_lite/18.1/nios2eds/bin/gnu/h-x86_64-mingw32/bin/../lib/gcc/nios2-elf/5.3.0/../../../../../H-x86_64-mingw32/nios2-elf/lib/pg\libstdc++.a
LOAD c:/intelfpga_lite/18.1/nios2eds/bin/gnu/h-x86_64-mingw32/bin/../lib/gcc/nios2-elf/5.3.0/../../../../../H-x86_64-mingw32/nios2-elf/lib/pg\libm.a
LOAD c:/intelfpga_lite/18.1/nios2eds/bin/gnu/h-x86_64-mingw32/bin/../lib/gcc/nios2-elf/5.3.0/pg\libgcc.a
START GROUP
LOAD c:/intelfpga_lite/18.1/nios2eds/bin/gnu/h-x86_64-mingw32/bin/../lib/gcc/nios2-elf/5.3.0/../../../../../H-x86_64-mingw32/nios2-elf/lib/pg\libc.a
LOAD c:/intelfpga_lite/18.1/nios2eds/bin/gnu/h-x86_64-mingw32/bin/../lib/gcc/nios2-elf/5.3.0/pg\libgcc.a
LOAD ../LUTBrain_NIOS_bsp/\libhal_bsp.a
LOAD c:/intelfpga_lite/18.1/nios2eds/bin/gnu/h-x86_64-mingw32/bin/../lib/gcc/nios2-elf/5.3.0/../../../../../H-x86_64-mingw32/nios2-elf/lib/pg\libm.a
END GROUP
LOAD c:/intelfpga_lite/18.1/nios2eds/bin/gnu/h-x86_64-mingw32/bin/../lib/gcc/nios2-elf/5.3.0/pg\libgcc.a
                0x0000000000000000                __alt_mem_sdram = 0x0
                0x0000000004020000                __alt_mem_onchip_memory2 = 0x4020000

.entry          0x0000000004020000       0x20
 *(.entry)
 .entry         0x0000000004020000       0x20 ../LUTBrain_NIOS_bsp//obj/HAL/src/crt0.o
                0x0000000004020000                __reset

.exceptions     0x0000000004020020      0x184
                0x0000000004020020                PROVIDE (__ram_exceptions_start, ABSOLUTE (.))
                0x0000000004020020                . = ALIGN (0x20)
 *(.irq)
 *(.exceptions.entry.label)
 .exceptions.entry.label
                0x0000000004020020        0x0 ../LUTBrain_NIOS_bsp/\libhal_bsp.a(alt_irq_entry.o)
                0x0000000004020020                alt_irq_entry
 .exceptions.entry.label
                0x0000000004020020        0x0 ../LUTBrain_NIOS_bsp/\libhal_bsp.a(alt_exception_entry.o)
                0x0000000004020020                alt_exception
 *(.exceptions.entry.user)
 *(.exceptions.entry.ecc_fatal)
 *(.exceptions.entry)
 .exceptions.entry
                0x0000000004020020       0x54 ../LUTBrain_NIOS_bsp/\libhal_bsp.a(alt_exception_entry.o)
 *(.exceptions.irqtest.user)
 *(.exceptions.irqtest)
 .exceptions.irqtest
                0x0000000004020074       0x10 ../LUTBrain_NIOS_bsp/\libhal_bsp.a(alt_irq_entry.o)
 *(.exceptions.irqhandler.user)
 *(.exceptions.irqhandler)
 .exceptions.irqhandler
                0x0000000004020084        0x4 ../LUTBrain_NIOS_bsp/\libhal_bsp.a(alt_irq_entry.o)
 *(.exceptions.irqreturn.user)
 *(.exceptions.irqreturn)
 .exceptions.irqreturn
                0x0000000004020088        0x4 ../LUTBrain_NIOS_bsp/\libhal_bsp.a(alt_irq_entry.o)
 *(.exceptions.notirq.label)
 .exceptions.notirq.label
                0x000000000402008c        0x0 ../LUTBrain_NIOS_bsp/\libhal_bsp.a(alt_irq_entry.o)
 *(.exceptions.notirq.user)
 *(.exceptions.notirq)
 .exceptions.notirq
                0x000000000402008c        0x8 ../LUTBrain_NIOS_bsp/\libhal_bsp.a(alt_exception_entry.o)
 *(.exceptions.soft.user)
 *(.exceptions.soft)
 *(.exceptions.unknown.user)
 *(.exceptions.unknown)
 .exceptions.unknown
                0x0000000004020094       0x14 ../LUTBrain_NIOS_bsp/\libhal_bsp.a(alt_exception_entry.o)
 *(.exceptions.exit.label)
 .exceptions.exit.label
                0x00000000040200a8        0x0 ../LUTBrain_NIOS_bsp/\libhal_bsp.a(alt_irq_entry.o)
 .exceptions.exit.label
                0x00000000040200a8        0x0 ../LUTBrain_NIOS_bsp/\libhal_bsp.a(alt_exception_entry.o)
 *(.exceptions.exit.user)
 *(.exceptions.exit)
 .exceptions.exit
                0x00000000040200a8       0x54 ../LUTBrain_NIOS_bsp/\libhal_bsp.a(alt_exception_entry.o)
 *(.exceptions)
 .exceptions    0x00000000040200fc       0x70 ../LUTBrain_NIOS_bsp/\libhal_bsp.a(alt_irq_handler.o)
                0x00000000040200fc                alt_irq_handler
 .exceptions    0x000000000402016c       0x38 ../LUTBrain_NIOS_bsp/\libhal_bsp.a(alt_instruction_exception_entry.o)
                0x000000000402016c                alt_instruction_exception_entry
                0x00000000040201a4                PROVIDE (__ram_exceptions_end, ABSOLUTE (.))
                0x0000000004020020                PROVIDE (__flash_exceptions_start, LOADADDR (.exceptions))

.text           0x00000000040201a4    0x15d2c
                0x00000000040201a4                PROVIDE (stext, ABSOLUTE (.))
 *(.interp)
 *(.hash)
 *(.dynsym)
 *(.dynstr)
 *(.gnu.version)
 *(.gnu.version_d)
 *(.gnu.version_r)
 *(.rel.init)
 *(.rela.init)
 *(.rel.text .rel.text.* .rel.gnu.linkonce.t.*)
 *(.rela.text .rela.text.* .rela.gnu.linkonce.t.*)
 *(.rel.fini)
 *(.rela.fini)
 *(.rel.rodata .rel.rodata.* .rel.gnu.linkonce.r.*)
 *(.rela.rodata .rela.rodata.* .rela.gnu.linkonce.r.*)
 *(.rel.data .rel.data.* .rel.gnu.linkonce.d.*)
 *(.rela.data .rela.data.* .rela.gnu.linkonce.d.*)
 *(.rel.tdata .rel.tdata.* .rel.gnu.linkonce.td.*)
 *(.rela.tdata .rela.tdata.* .rela.gnu.linkonce.td.*)
 *(.rel.tbss .rel.tbss.* .rel.gnu.linkonce.tb.*)
 *(.rela.tbss .rela.tbss.* .rela.gnu.linkonce.tb.*)
 *(.rel.ctors)
 *(.rela.ctors)
 *(.rel.dtors)
 *(.rela.dtors)
 *(.rel.got)
 *(.rela.got)
 *(.rel.sdata .rel.sdata.* .rel.gnu.linkonce.s.*)
 *(.rela.sdata .rela.sdata.* .rela.gnu.linkonce.s.*)
 *(.rel.sbss .rel.sbss.* .rel.gnu.linkonce.sb.*)
 *(.rela.sbss .rela.sbss.* .rela.gnu.linkonce.sb.*)
 *(.rel.sdata2 .rel.sdata2.* .rel.gnu.linkonce.s2.*)
 *(.rela.sdata2 .rela.sdata2.* .rela.gnu.linkonce.s2.*)
 *(.rel.sbss2 .rel.sbss2.* .rel.gnu.linkonce.sb2.*)
 *(.rela.sbss2 .rela.sbss2.* .rela.gnu.linkonce.sb2.*)
 *(.rel.bss .rel.bss.* .rel.gnu.linkonce.b.*)
 *(.rela.bss .rela.bss.* .rela.gnu.linkonce.b.*)
 *(.rel.plt)
 *(.rela.plt)
 *(.rel.dyn)
 *(.init)
 *(.plt)
 *(.text .stub .text.* .gnu.linkonce.t.*)
 .text          0x00000000040201a4       0x4c ../LUTBrain_NIOS_bsp//obj/HAL/src/crt0.o
                0x00000000040201a4                _start
 .text          0x00000000040201f0      0xf60 obj/default/Image.o
                0x00000000040201f0                Image::Image()
                0x00000000040201f0                Image::Image()
                0x0000000004020238                Image::Image(int, int)
                0x0000000004020238                Image::Image(int, int)
                0x0000000004020290                Image::init(int, int)
                0x0000000004020340                Image::randomize()
                0x00000000040203e4                Image::Get_Fractal_Level(float, float)
                0x0000000004020524                Image::Get_Fractal_Color(int)
                0x000000000402057c                Image::make_fractal()
                0x00000000040208d8                Image::source_pixel(int, int)
                0x0000000004020930                Image::make_bw()
                0x0000000004020a08                Image::apply_NN(NN*, int)
                0x0000000004020f4c                Image::printToScreen(int, int, VGA*)
                0x0000000004021034                Image::print()
                0x00000000040210f0                Image::~Image()
                0x00000000040210f0                Image::~Image()
 .text._ZN3VGA15Set_Pixel_ColorEjjj
                0x0000000004021150       0x8c obj/default/Image.o
                0x0000000004021150                VGA::Set_Pixel_Color(unsigned int, unsigned int, unsigned int)
 .text          0x00000000040211dc      0x76c obj/default/NN.o
                0x00000000040211dc                NN::NN(int)
                0x00000000040211dc                NN::NN(int)
                0x0000000004021408                NN::~NN()
                0x0000000004021408                NN::~NN()
                0x000000000402145c                NN::~NN()
                0x00000000040214a0                NN::propagate(float*)
                0x0000000004021524                NN::getMaxOutputIndex()
                0x000000000402167c                NN::getMaxOutputValue()
                0x00000000040217cc                NN::print()
                0x0000000004021854                NN::printOutputs()
 .text          0x0000000004021948      0xa40 obj/default/NNLayer.o
                0x0000000004021948                NNLayer::NNLayer()
                0x0000000004021948                NNLayer::NNLayer()
                0x00000000040219c0                NNLayer::NNLayer(int, int, int)
                0x00000000040219c0                NNLayer::NNLayer(int, int, int)
                0x0000000004021a28                NNLayer::init(int, int, int)
                0x0000000004021b58                simpleRand()
                0x0000000004021bb4                NNLayer::rand_FloatRange(float, float)
                0x0000000004021c64                NNLayer::MYrand(int)
                0x0000000004021cbc                NNLayer::random_init(int, int, int)
                0x0000000004021e10                NNLayer::demo_init(int, int, int, int)
                0x0000000004021e68                NNLayer::~NNLayer()
                0x0000000004021e68                NNLayer::~NNLayer()
                0x0000000004021ebc                NNLayer::~NNLayer()
                0x0000000004021f00                NNLayer::propagate(float*)
                0x0000000004022138                NNLayer::print_activation()
                0x00000000040221d8                NNLayer::print()
 .text          0x0000000004022388       0x78 obj/default/VGA.o
                0x0000000004022388                VGA::clr()
 .text          0x0000000004022400      0x440 obj/default/main.o
                0x0000000004022400                main
 .text._ZN3VGAC2Eii
                0x0000000004022840       0x50 obj/default/main.o
                0x0000000004022840                VGA::VGA(int, int)
                0x0000000004022840                VGA::VGA(int, int)
 .text._ZN3VGA15send_to_displayEv
                0x0000000004022890       0x48 obj/default/main.o
                0x0000000004022890                VGA::send_to_display()
 .text          0x00000000040228d8        0x0 c:/intelfpga_lite/18.1/nios2eds/bin/gnu/h-x86_64-mingw32/bin/../lib/gcc/nios2-elf/5.3.0/../../../../../H-x86_64-mingw32/nios2-elf/lib/pg\libstdc++.a(new_opv.o)
 .text._Znaj    0x00000000040228d8       0xa0 c:/intelfpga_lite/18.1/nios2eds/bin/gnu/h-x86_64-mingw32/bin/../lib/gcc/nios2-elf/5.3.0/../../../../../H-x86_64-mingw32/nios2-elf/lib/pg\libstdc++.a(new_opv.o)
                0x00000000040228d8                operator new[](unsigned int)
 .text          0x0000000004022978        0x0 c:/intelfpga_lite/18.1/nios2eds/bin/gnu/h-x86_64-mingw32/bin/../lib/gcc/nios2-elf/5.3.0/../../../../../H-x86_64-mingw32/nios2-elf/lib/pg\libstdc++.a(new_op.o)
 .text._Znwj    0x0000000004022978       0x7c c:/intelfpga_lite/18.1/nios2eds/bin/gnu/h-x86_64-mingw32/bin/../lib/gcc/nios2-elf/5.3.0/../../../../../H-x86_64-mingw32/nios2-elf/lib/pg\libstdc++.a(new_op.o)
                0x0000000004022978                operator new(unsigned int)
 .text          0x00000000040229f4        0x0 c:/intelfpga_lite/18.1/nios2eds/bin/gnu/h-x86_64-mingw32/bin/../lib/gcc/nios2-elf/5.3.0/../../../../../H-x86_64-mingw32/nios2-elf/lib/pg\libstdc++.a(del_opv.o)
 .text._ZdaPv   0x00000000040229f4       0x10 c:/intelfpga_lite/18.1/nios2eds/bin/gnu/h-x86_64-mingw32/bin/../lib/gcc/nios2-elf/5.3.0/../../../../../H-x86_64-mingw32/nios2-elf/lib/pg\libstdc++.a(del_opv.o)
                0x00000000040229f4                operator delete[](void*)
 .text          0x0000000004022a04        0x0 c:/intelfpga_lite/18.1/nios2eds/bin/gnu/h-x86_64-mingw32/bin/../lib/gcc/nios2-elf/5.3.0/../../../../../H-x86_64-mingw32/nios2-elf/lib/pg\libstdc++.a(new_handler.o)
 .text._ZSt15set_new_handlerPFvvE
                0x0000000004022a04       0x20 c:/intelfpga_lite/18.1/nios2eds/bin/gnu/h-x86_64-mingw32/bin/../lib/gcc/nios2-elf/5.3.0/../../../../../H-x86_64-mingw32/nios2-elf/lib/pg\libstdc++.a(new_handler.o)
                0x0000000004022a04                std::set_new_handler(void (*)())
 .text._ZSt15get_new_handlerv
                0x0000000004022a24       0x1c c:/intelfpga_lite/18.1/nios2eds/bin/gnu/h-x86_64-mingw32/bin/../lib/gcc/nios2-elf/5.3.0/../../../../../H-x86_64-mingw32/nios2-elf/lib/pg\libstdc++.a(new_handler.o)
                0x0000000004022a24                std::get_new_handler()
 .text          0x0000000004022a40        0x0 c:/intelfpga_lite/18.1/nios2eds/bin/gnu/h-x86_64-mingw32/bin/../lib/gcc/nios2-elf/5.3.0/../../../../../H-x86_64-mingw32/nios2-elf/lib/pg\libstdc++.a(eh_personality.o)
 .text._ZL21size_of_encoded_valueh
                0x0000000004022a40       0xb0 c:/intelfpga_lite/18.1/nios2eds/bin/gnu/h-x86_64-mingw32/bin/../lib/gcc/nios2-elf/5.3.0/../../../../../H-x86_64-mingw32/nios2-elf/lib/pg\libstdc++.a(eh_personality.o)
 .text._ZL28read_encoded_value_with_basehjPKhPj
                0x0000000004022af0      0x218 c:/intelfpga_lite/18.1/nios2eds/bin/gnu/h-x86_64-mingw32/bin/../lib/gcc/nios2-elf/5.3.0/../../../../../H-x86_64-mingw32/nios2-elf/lib/pg\libstdc++.a(eh_personality.o)
 .text._ZL15get_ttype_entryP16lsda_header_infom
                0x0000000004022d08       0x60 c:/intelfpga_lite/18.1/nios2eds/bin/gnu/h-x86_64-mingw32/bin/../lib/gcc/nios2-elf/5.3.0/../../../../../H-x86_64-mingw32/nios2-elf/lib/pg\libstdc++.a(eh_personality.o)
 .text._ZL21base_of_encoded_valuehP15_Unwind_Context
                0x0000000004022d68       0x98 c:/intelfpga_lite/18.1/nios2eds/bin/gnu/h-x86_64-mingw32/bin/../lib/gcc/nios2-elf/5.3.0/../../../../../H-x86_64-mingw32/nios2-elf/lib/pg\libstdc++.a(eh_personality.o)
 .text._ZL17parse_lsda_headerP15_Unwind_ContextPKhP16lsda_header_info
                0x0000000004022e00      0x140 c:/intelfpga_lite/18.1/nios2eds/bin/gnu/h-x86_64-mingw32/bin/../lib/gcc/nios2-elf/5.3.0/../../../../../H-x86_64-mingw32/nios2-elf/lib/pg\libstdc++.a(eh_personality.o)
 .text._ZL16get_adjusted_ptrPKSt9type_infoS1_PPv.constprop.3
                0x0000000004022f40       0x94 c:/intelfpga_lite/18.1/nios2eds/bin/gnu/h-x86_64-mingw32/bin/../lib/gcc/nios2-elf/5.3.0/../../../../../H-x86_64-mingw32/nios2-elf/lib/pg\libstdc++.a(eh_personality.o)
 .text.unlikely._ZL28check_compact_exception_specPKSt9type_infoPvPKhij
                0x0000000004022fd4      0x1cc c:/intelfpga_lite/18.1/nios2eds/bin/gnu/h-x86_64-mingw32/bin/../lib/gcc/nios2-elf/5.3.0/../../../../../H-x86_64-mingw32/nios2-elf/lib/pg\libstdc++.a(eh_personality.o)
 .text._ZL20check_exception_specP16lsda_header_infoPKSt9type_infoPvl
                0x00000000040231a0       0xb4 c:/intelfpga_lite/18.1/nios2eds/bin/gnu/h-x86_64-mingw32/bin/../lib/gcc/nios2-elf/5.3.0/../../../../../H-x86_64-mingw32/nios2-elf/lib/pg\libstdc++.a(eh_personality.o)
 .text.__gxx_personality_sj0
                0x0000000004023254      0x60c c:/intelfpga_lite/18.1/nios2eds/bin/gnu/h-x86_64-mingw32/bin/../lib/gcc/nios2-elf/5.3.0/../../../../../H-x86_64-mingw32/nios2-elf/lib/pg\libstdc++.a(eh_personality.o)
                0x0000000004023254                __gxx_personality_sj0
 .text.__cxa_call_unexpected
                0x0000000004023860      0x23c c:/intelfpga_lite/18.1/nios2eds/bin/gnu/h-x86_64-mingw32/bin/../lib/gcc/nios2-elf/5.3.0/../../../../../H-x86_64-mingw32/nios2-elf/lib/pg\libstdc++.a(eh_personality.o)
                0x0000000004023860                __cxa_call_unexpected
 .text          0x0000000004023a9c        0x0 c:/intelfpga_lite/18.1/nios2eds/bin/gnu/h-x86_64-mingw32/bin/../lib/gcc/nios2-elf/5.3.0/../../../../../H-x86_64-mingw32/nios2-elf/lib/pg\libstdc++.a(bad_alloc.o)
 .text._ZNKSt9bad_alloc4whatEv
                0x0000000004023a9c       0x18 c:/intelfpga_lite/18.1/nios2eds/bin/gnu/h-x86_64-mingw32/bin/../lib/gcc/nios2-elf/5.3.0/../../../../../H-x86_64-mingw32/nios2-elf/lib/pg\libstdc++.a(bad_alloc.o)
                0x0000000004023a9c                std::bad_alloc::what() const
 .text._ZNSt9bad_allocD2Ev
                0x0000000004023ab4       0x1c c:/intelfpga_lite/18.1/nios2eds/bin/gnu/h-x86_64-mingw32/bin/../lib/gcc/nios2-elf/5.3.0/../../../../../H-x86_64-mingw32/nios2-elf/lib/pg\libstdc++.a(bad_alloc.o)
                0x0000000004023ab4                std::bad_alloc::~bad_alloc()
                0x0000000004023ab4                std::bad_alloc::~bad_alloc()
 .text._ZNSt9bad_allocD0Ev
                0x0000000004023ad0       0x40 c:/intelfpga_lite/18.1/nios2eds/bin/gnu/h-x86_64-mingw32/bin/../lib/gcc/nios2-elf/5.3.0/../../../../../H-x86_64-mingw32/nios2-elf/lib/pg\libstdc++.a(bad_alloc.o)
                0x0000000004023ad0                std::bad_alloc::~bad_alloc()
 .text          0x0000000004023b10        0x0 c:/intelfpga_lite/18.1/nios2eds/bin/gnu/h-x86_64-mingw32/bin/../lib/gcc/nios2-elf/5.3.0/../../../../../H-x86_64-mingw32/nios2-elf/lib/pg\libstdc++.a(del_op.o)
 .text._ZdlPv   0x0000000004023b10       0x10 c:/intelfpga_lite/18.1/nios2eds/bin/gnu/h-x86_64-mingw32/bin/../lib/gcc/nios2-elf/5.3.0/../../../../../H-x86_64-mingw32/nios2-elf/lib/pg\libstdc++.a(del_op.o)
                0x0000000004023b10                operator delete(void*)
 .text          0x0000000004023b20        0x0 c:/intelfpga_lite/18.1/nios2eds/bin/gnu/h-x86_64-mingw32/bin/../lib/gcc/nios2-elf/5.3.0/../../../../../H-x86_64-mingw32/nios2-elf/lib/pg\libstdc++.a(eh_throw.o)
 .text._ZL23__gxx_exception_cleanup19_Unwind_Reason_CodeP17_Unwind_Exception
                0x0000000004023b20       0x50 c:/intelfpga_lite/18.1/nios2eds/bin/gnu/h-x86_64-mingw32/bin/../lib/gcc/nios2-elf/5.3.0/../../../../../H-x86_64-mingw32/nios2-elf/lib/pg\libstdc++.a(eh_throw.o)
 .text.__cxa_throw
                0x0000000004023b70       0x9c c:/intelfpga_lite/18.1/nios2eds/bin/gnu/h-x86_64-mingw32/bin/../lib/gcc/nios2-elf/5.3.0/../../../../../H-x86_64-mingw32/nios2-elf/lib/pg\libstdc++.a(eh_throw.o)
                0x0000000004023b70                __cxa_throw
 .text.__cxa_rethrow
                0x0000000004023c0c       0x90 c:/intelfpga_lite/18.1/nios2eds/bin/gnu/h-x86_64-mingw32/bin/../lib/gcc/nios2-elf/5.3.0/../../../../../H-x86_64-mingw32/nios2-elf/lib/pg\libstdc++.a(eh_throw.o)
                0x0000000004023c0c                __cxa_rethrow
 .text          0x0000000004023c9c        0x0 c:/intelfpga_lite/18.1/nios2eds/bin/gnu/h-x86_64-mingw32/bin/../lib/gcc/nios2-elf/5.3.0/../../../../../H-x86_64-mingw32/nios2-elf/lib/pg\libstdc++.a(eh_catch.o)
 .text.__cxa_get_exception_ptr
                0x0000000004023c9c       0x14 c:/intelfpga_lite/18.1/nios2eds/bin/gnu/h-x86_64-mingw32/bin/../lib/gcc/nios2-elf/5.3.0/../../../../../H-x86_64-mingw32/nios2-elf/lib/pg\libstdc++.a(eh_catch.o)
                0x0000000004023c9c                __cxa_get_exception_ptr
 .text.__cxa_begin_catch
                0x0000000004023cb0       0xc0 c:/intelfpga_lite/18.1/nios2eds/bin/gnu/h-x86_64-mingw32/bin/../lib/gcc/nios2-elf/5.3.0/../../../../../H-x86_64-mingw32/nios2-elf/lib/pg\libstdc++.a(eh_catch.o)
                0x0000000004023cb0                __cxa_begin_catch
 .text.__cxa_end_catch
                0x0000000004023d70       0xc0 c:/intelfpga_lite/18.1/nios2eds/bin/gnu/h-x86_64-mingw32/bin/../lib/gcc/nios2-elf/5.3.0/../../../../../H-x86_64-mingw32/nios2-elf/lib/pg\libstdc++.a(eh_catch.o)
                0x0000000004023d70                __cxa_end_catch
 .text._ZSt18uncaught_exceptionv
                0x0000000004023e30       0x2c c:/intelfpga_lite/18.1/nios2eds/bin/gnu/h-x86_64-mingw32/bin/../lib/gcc/nios2-elf/5.3.0/../../../../../H-x86_64-mingw32/nios2-elf/lib/pg\libstdc++.a(eh_catch.o)
                0x0000000004023e30                std::uncaught_exception()
 .text          0x0000000004023e5c        0x0 c:/intelfpga_lite/18.1/nios2eds/bin/gnu/h-x86_64-mingw32/bin/../lib/gcc/nios2-elf/5.3.0/../../../../../H-x86_64-mingw32/nios2-elf/lib/pg\libstdc++.a(class_type_info.o)
 .text._ZNK10__cxxabiv117__class_type_info11__do_upcastEPKS0_PPv
                0x0000000004023e5c       0x84 c:/intelfpga_lite/18.1/nios2eds/bin/gnu/h-x86_64-mingw32/bin/../lib/gcc/nios2-elf/5.3.0/../../../../../H-x86_64-mingw32/nios2-elf/lib/pg\libstdc++.a(class_type_info.o)
                0x0000000004023e5c                __cxxabiv1::__class_type_info::__do_upcast(__cxxabiv1::__class_type_info const*, void**) const
 .text._ZNK10__cxxabiv117__class_type_info20__do_find_public_srcEiPKvPKS0_S2_
                0x0000000004023ee0       0x24 c:/intelfpga_lite/18.1/nios2eds/bin/gnu/h-x86_64-mingw32/bin/../lib/gcc/nios2-elf/5.3.0/../../../../../H-x86_64-mingw32/nios2-elf/lib/pg\libstdc++.a(class_type_info.o)
                0x0000000004023ee0                __cxxabiv1::__class_type_info::__do_find_public_src(int, void const*, __cxxabiv1::__class_type_info const*, void const*) const
 .text._ZN10__cxxabiv117__class_type_infoD2Ev
                0x0000000004023f04       0x1c c:/intelfpga_lite/18.1/nios2eds/bin/gnu/h-x86_64-mingw32/bin/../lib/gcc/nios2-elf/5.3.0/../../../../../H-x86_64-mingw32/nios2-elf/lib/pg\libstdc++.a(class_type_info.o)
                0x0000000004023f04                __cxxabiv1::__class_type_info::~__class_type_info()
                0x0000000004023f04                __cxxabiv1::__class_type_info::~__class_type_info()
 .text._ZN10__cxxabiv117__class_type_infoD0Ev
                0x0000000004023f20       0x40 c:/intelfpga_lite/18.1/nios2eds/bin/gnu/h-x86_64-mingw32/bin/../lib/gcc/nios2-elf/5.3.0/../../../../../H-x86_64-mingw32/nios2-elf/lib/pg\libstdc++.a(class_type_info.o)
                0x0000000004023f20                __cxxabiv1::__class_type_info::~__class_type_info()
 .text._ZNK10__cxxabiv117__class_type_info11__do_upcastEPKS0_PKvRNS0_15__upcast_resultE
                0x0000000004023f60       0x78 c:/intelfpga_lite/18.1/nios2eds/bin/gnu/h-x86_64-mingw32/bin/../lib/gcc/nios2-elf/5.3.0/../../../../../H-x86_64-mingw32/nios2-elf/lib/pg\libstdc++.a(class_type_info.o)
                0x0000000004023f60                __cxxabiv1::__class_type_info::__do_upcast(__cxxabiv1::__class_type_info const*, void const*, __cxxabiv1::__class_type_info::__upcast_result&) const
 .text._ZNK10__cxxabiv117__class_type_info12__do_dyncastEiNS0_10__sub_kindEPKS0_PKvS3_S5_RNS0_16__dyncast_resultE
                0x0000000004023fd8       0xdc c:/intelfpga_lite/18.1/nios2eds/bin/gnu/h-x86_64-mingw32/bin/../lib/gcc/nios2-elf/5.3.0/../../../../../H-x86_64-mingw32/nios2-elf/lib/pg\libstdc++.a(class_type_info.o)
                0x0000000004023fd8                __cxxabiv1::__class_type_info::__do_dyncast(int, __cxxabiv1::__class_type_info::__sub_kind, __cxxabiv1::__class_type_info const*, void const*, __cxxabiv1::__class_type_info const*, void const*, __cxxabiv1::__class_type_info::__dyncast_result&) const
 .text._ZNK10__cxxabiv117__class_type_info10__do_catchEPKSt9type_infoPPvj
                0x00000000040240b4       0xc4 c:/intelfpga_lite/18.1/nios2eds/bin/gnu/h-x86_64-mingw32/bin/../lib/gcc/nios2-elf/5.3.0/../../../../../H-x86_64-mingw32/nios2-elf/lib/pg\libstdc++.a(class_type_info.o)
                0x00000000040240b4                __cxxabiv1::__class_type_info::__do_catch(std::type_info const*, void**, unsigned int) const
 .text          0x0000000004024178        0x0 c:/intelfpga_lite/18.1/nios2eds/bin/gnu/h-x86_64-mingw32/bin/../lib/gcc/nios2-elf/5.3.0/../../../../../H-x86_64-mingw32/nios2-elf/lib/pg\libstdc++.a(eh_terminate.o)
 .text._ZN10__cxxabiv111__terminateEPFvvE
                0x0000000004024178       0xcc c:/intelfpga_lite/18.1/nios2eds/bin/gnu/h-x86_64-mingw32/bin/../lib/gcc/nios2-elf/5.3.0/../../../../../H-x86_64-mingw32/nios2-elf/lib/pg\libstdc++.a(eh_terminate.o)
                0x0000000004024178                __cxxabiv1::__terminate(void (*)())
 .text._ZSt9terminatev
                0x0000000004024244       0x24 c:/intelfpga_lite/18.1/nios2eds/bin/gnu/h-x86_64-mingw32/bin/../lib/gcc/nios2-elf/5.3.0/../../../../../H-x86_64-mingw32/nios2-elf/lib/pg\libstdc++.a(eh_terminate.o)
                0x0000000004024244                std::terminate()
 .text._ZN10__cxxabiv112__unexpectedEPFvvE
                0x0000000004024268       0x1c c:/intelfpga_lite/18.1/nios2eds/bin/gnu/h-x86_64-mingw32/bin/../lib/gcc/nios2-elf/5.3.0/../../../../../H-x86_64-mingw32/nios2-elf/lib/pg\libstdc++.a(eh_terminate.o)
                0x0000000004024268                __cxxabiv1::__unexpected(void (*)())
 .text._ZSt10unexpectedv
                0x0000000004024284       0x24 c:/intelfpga_lite/18.1/nios2eds/bin/gnu/h-x86_64-mingw32/bin/../lib/gcc/nios2-elf/5.3.0/../../../../../H-x86_64-mingw32/nios2-elf/lib/pg\libstdc++.a(eh_terminate.o)
                0x0000000004024284                std::unexpected()
 .text._ZSt13set_terminatePFvvE
                0x00000000040242a8       0x20 c:/intelfpga_lite/18.1/nios2eds/bin/gnu/h-x86_64-mingw32/bin/../lib/gcc/nios2-elf/5.3.0/../../../../../H-x86_64-mingw32/nios2-elf/lib/pg\libstdc++.a(eh_terminate.o)
                0x00000000040242a8                std::set_terminate(void (*)())
 .text._ZSt13get_terminatev
                0x00000000040242c8       0x1c c:/intelfpga_lite/18.1/nios2eds/bin/gnu/h-x86_64-mingw32/bin/../lib/gcc/nios2-elf/5.3.0/../../../../../H-x86_64-mingw32/nios2-elf/lib/pg\libstdc++.a(eh_terminate.o)
                0x00000000040242c8                std::get_terminate()
 .text._ZSt14set_unexpectedPFvvE
                0x00000000040242e4       0x20 c:/intelfpga_lite/18.1/nios2eds/bin/gnu/h-x86_64-mingw32/bin/../lib/gcc/nios2-elf/5.3.0/../../../../../H-x86_64-mingw32/nios2-elf/lib/pg\libstdc++.a(eh_terminate.o)
                0x00000000040242e4                std::set_unexpected(void (*)())
 .text._ZSt14get_unexpectedv
                0x0000000004024304       0x1c c:/intelfpga_lite/18.1/nios2eds/bin/gnu/h-x86_64-mingw32/bin/../lib/gcc/nios2-elf/5.3.0/../../../../../H-x86_64-mingw32/nios2-elf/lib/pg\libstdc++.a(eh_terminate.o)
                0x0000000004024304                std::get_unexpected()
 .text          0x0000000004024320        0x0 c:/intelfpga_lite/18.1/nios2eds/bin/gnu/h-x86_64-mingw32/bin/../lib/gcc/nios2-elf/5.3.0/../../../../../H-x86_64-mingw32/nios2-elf/lib/pg\libstdc++.a(eh_unex_handler.o)
 .text          0x0000000004024320        0x0 c:/intelfpga_lite/18.1/nios2eds/bin/gnu/h-x86_64-mingw32/bin/../lib/gcc/nios2-elf/5.3.0/../../../../../H-x86_64-mingw32/nios2-elf/lib/pg\libstdc++.a(eh_alloc.o)
 .text._ZN12_GLOBAL__N_14pool4freeEPv.constprop.4
                0x0000000004024320       0xc4 c:/intelfpga_lite/18.1/nios2eds/bin/gnu/h-x86_64-mingw32/bin/../lib/gcc/nios2-elf/5.3.0/../../../../../H-x86_64-mingw32/nios2-elf/lib/pg\libstdc++.a(eh_alloc.o)
 .text._ZN12_GLOBAL__N_14pool8allocateEj.constprop.5
                0x00000000040243e4       0xb0 c:/intelfpga_lite/18.1/nios2eds/bin/gnu/h-x86_64-mingw32/bin/../lib/gcc/nios2-elf/5.3.0/../../../../../H-x86_64-mingw32/nios2-elf/lib/pg\libstdc++.a(eh_alloc.o)
 .text.__cxa_allocate_exception
                0x0000000004024494       0x6c c:/intelfpga_lite/18.1/nios2eds/bin/gnu/h-x86_64-mingw32/bin/../lib/gcc/nios2-elf/5.3.0/../../../../../H-x86_64-mingw32/nios2-elf/lib/pg\libstdc++.a(eh_alloc.o)
                0x0000000004024494                __cxa_allocate_exception
 .text.__cxa_free_exception
                0x0000000004024500       0x34 c:/intelfpga_lite/18.1/nios2eds/bin/gnu/h-x86_64-mingw32/bin/../lib/gcc/nios2-elf/5.3.0/../../../../../H-x86_64-mingw32/nios2-elf/lib/pg\libstdc++.a(eh_alloc.o)
                0x0000000004024500                __cxa_free_exception
 .text.__cxa_allocate_dependent_exception
                0x0000000004024534       0x60 c:/intelfpga_lite/18.1/nios2eds/bin/gnu/h-x86_64-mingw32/bin/../lib/gcc/nios2-elf/5.3.0/../../../../../H-x86_64-mingw32/nios2-elf/lib/pg\libstdc++.a(eh_alloc.o)
                0x0000000004024534                __cxa_allocate_dependent_exception
 .text.__cxa_free_dependent_exception
                0x0000000004024594       0x38 c:/intelfpga_lite/18.1/nios2eds/bin/gnu/h-x86_64-mingw32/bin/../lib/gcc/nios2-elf/5.3.0/../../../../../H-x86_64-mingw32/nios2-elf/lib/pg\libstdc++.a(eh_alloc.o)
                0x0000000004024594                __cxa_free_dependent_exception
 .text.startup._GLOBAL__sub_I___cxa_allocate_exception
                0x00000000040245cc       0x68 c:/intelfpga_lite/18.1/nios2eds/bin/gnu/h-x86_64-mingw32/bin/../lib/gcc/nios2-elf/5.3.0/../../../../../H-x86_64-mingw32/nios2-elf/lib/pg\libstdc++.a(eh_alloc.o)
 .text          0x0000000004024634        0x0 c:/intelfpga_lite/18.1/nios2eds/bin/gnu/h-x86_64-mingw32/bin/../lib/gcc/nios2-elf/5.3.0/../../../../../H-x86_64-mingw32/nios2-elf/lib/pg\libstdc++.a(eh_call.o)
 .text.__cxa_call_terminate
                0x0000000004024634       0x64 c:/intelfpga_lite/18.1/nios2eds/bin/gnu/h-x86_64-mingw32/bin/../lib/gcc/nios2-elf/5.3.0/../../../../../H-x86_64-mingw32/nios2-elf/lib/pg\libstdc++.a(eh_call.o)
                0x0000000004024634                __cxa_call_terminate
 .text          0x0000000004024698        0x0 c:/intelfpga_lite/18.1/nios2eds/bin/gnu/h-x86_64-mingw32/bin/../lib/gcc/nios2-elf/5.3.0/../../../../../H-x86_64-mingw32/nios2-elf/lib/pg\libstdc++.a(eh_globals.o)
 .text.__cxa_get_globals_fast
                0x0000000004024698       0x18 c:/intelfpga_lite/18.1/nios2eds/bin/gnu/h-x86_64-mingw32/bin/../lib/gcc/nios2-elf/5.3.0/../../../../../H-x86_64-mingw32/nios2-elf/lib/pg\libstdc++.a(eh_globals.o)
                0x0000000004024698                __cxa_get_globals_fast
 .text.__cxa_get_globals
                0x00000000040246b0       0x18 c:/intelfpga_lite/18.1/nios2eds/bin/gnu/h-x86_64-mingw32/bin/../lib/gcc/nios2-elf/5.3.0/../../../../../H-x86_64-mingw32/nios2-elf/lib/pg\libstdc++.a(eh_globals.o)
                0x00000000040246b0                __cxa_get_globals
 .text          0x00000000040246c8        0x0 c:/intelfpga_lite/18.1/nios2eds/bin/gnu/h-x86_64-mingw32/bin/../lib/gcc/nios2-elf/5.3.0/../../../../../H-x86_64-mingw32/nios2-elf/lib/pg\libstdc++.a(si_class_type_info.o)
 .text._ZN10__cxxabiv120__si_class_type_infoD2Ev
                0x00000000040246c8       0x1c c:/intelfpga_lite/18.1/nios2eds/bin/gnu/h-x86_64-mingw32/bin/../lib/gcc/nios2-elf/5.3.0/../../../../../H-x86_64-mingw32/nios2-elf/lib/pg\libstdc++.a(si_class_type_info.o)
                0x00000000040246c8                __cxxabiv1::__si_class_type_info::~__si_class_type_info()
                0x00000000040246c8                __cxxabiv1::__si_class_type_info::~__si_class_type_info()
 .text._ZN10__cxxabiv120__si_class_type_infoD0Ev
                0x00000000040246e4       0x40 c:/intelfpga_lite/18.1/nios2eds/bin/gnu/h-x86_64-mingw32/bin/../lib/gcc/nios2-elf/5.3.0/../../../../../H-x86_64-mingw32/nios2-elf/lib/pg\libstdc++.a(si_class_type_info.o)
                0x00000000040246e4                __cxxabiv1::__si_class_type_info::~__si_class_type_info()
 .text._ZNK10__cxxabiv120__si_class_type_info12__do_dyncastEiNS_17__class_type_info10__sub_kindEPKS1_PKvS4_S6_RNS1_16__dyncast_resultE
                0x0000000004024724      0x16c c:/intelfpga_lite/18.1/nios2eds/bin/gnu/h-x86_64-mingw32/bin/../lib/gcc/nios2-elf/5.3.0/../../../../../H-x86_64-mingw32/nios2-elf/lib/pg\libstdc++.a(si_class_type_info.o)
                0x0000000004024724                __cxxabiv1::__si_class_type_info::__do_dyncast(int, __cxxabiv1::__class_type_info::__sub_kind, __cxxabiv1::__class_type_info const*, void const*, __cxxabiv1::__class_type_info const*, void const*, __cxxabiv1::__class_type_info::__dyncast_result&) const
 .text._ZNK10__cxxabiv120__si_class_type_info20__do_find_public_srcEiPKvPKNS_17__class_type_infoES2_
                0x0000000004024890       0xa8 c:/intelfpga_lite/18.1/nios2eds/bin/gnu/h-x86_64-mingw32/bin/../lib/gcc/nios2-elf/5.3.0/../../../../../H-x86_64-mingw32/nios2-elf/lib/pg\libstdc++.a(si_class_type_info.o)
                0x0000000004024890                __cxxabiv1::__si_class_type_info::__do_find_public_src(int, void const*, __cxxabiv1::__class_type_info const*, void const*) const
 .text._ZNK10__cxxabiv120__si_class_type_info11__do_upcastEPKNS_17__class_type_infoEPKvRNS1_15__upcast_resultE
                0x0000000004024938       0x90 c:/intelfpga_lite/18.1/nios2eds/bin/gnu/h-x86_64-mingw32/bin/../lib/gcc/nios2-elf/5.3.0/../../../../../H-x86_64-mingw32/nios2-elf/lib/pg\libstdc++.a(si_class_type_info.o)
                0x0000000004024938                __cxxabiv1::__si_class_type_info::__do_upcast(__cxxabiv1::__class_type_info const*, void const*, __cxxabiv1::__class_type_info::__upcast_result&) const
 .text          0x00000000040249c8        0x0 c:/intelfpga_lite/18.1/nios2eds/bin/gnu/h-x86_64-mingw32/bin/../lib/gcc/nios2-elf/5.3.0/../../../../../H-x86_64-mingw32/nios2-elf/lib/pg\libstdc++.a(eh_exception.o)
 .text._ZNSt9exceptionD2Ev
                0x00000000040249c8       0x10 c:/intelfpga_lite/18.1/nios2eds/bin/gnu/h-x86_64-mingw32/bin/../lib/gcc/nios2-elf/5.3.0/../../../../../H-x86_64-mingw32/nios2-elf/lib/pg\libstdc++.a(eh_exception.o)
                0x00000000040249c8                std::exception::~exception()
                0x00000000040249c8                std::exception::~exception()
 .text._ZNSt13bad_exceptionD2Ev
                0x00000000040249d8       0x10 c:/intelfpga_lite/18.1/nios2eds/bin/gnu/h-x86_64-mingw32/bin/../lib/gcc/nios2-elf/5.3.0/../../../../../H-x86_64-mingw32/nios2-elf/lib/pg\libstdc++.a(eh_exception.o)
                0x00000000040249d8                std::bad_exception::~bad_exception()
                0x00000000040249d8                std::bad_exception::~bad_exception()
 .text._ZNKSt9exception4whatEv
                0x00000000040249e8       0x18 c:/intelfpga_lite/18.1/nios2eds/bin/gnu/h-x86_64-mingw32/bin/../lib/gcc/nios2-elf/5.3.0/../../../../../H-x86_64-mingw32/nios2-elf/lib/pg\libstdc++.a(eh_exception.o)
                0x00000000040249e8                std::exception::what() const
 .text._ZNKSt13bad_exception4whatEv
                0x0000000004024a00       0x18 c:/intelfpga_lite/18.1/nios2eds/bin/gnu/h-x86_64-mingw32/bin/../lib/gcc/nios2-elf/5.3.0/../../../../../H-x86_64-mingw32/nios2-elf/lib/pg\libstdc++.a(eh_exception.o)
                0x0000000004024a00                std::bad_exception::what() const
 .text._ZNSt9exceptionD0Ev
                0x0000000004024a18       0x10 c:/intelfpga_lite/18.1/nios2eds/bin/gnu/h-x86_64-mingw32/bin/../lib/gcc/nios2-elf/5.3.0/../../../../../H-x86_64-mingw32/nios2-elf/lib/pg\libstdc++.a(eh_exception.o)
                0x0000000004024a18                std::exception::~exception()
 .text._ZNSt13bad_exceptionD0Ev
                0x0000000004024a28       0x10 c:/intelfpga_lite/18.1/nios2eds/bin/gnu/h-x86_64-mingw32/bin/../lib/gcc/nios2-elf/5.3.0/../../../../../H-x86_64-mingw32/nios2-elf/lib/pg\libstdc++.a(eh_exception.o)
                0x0000000004024a28                std::bad_exception::~bad_exception()
 .text._ZN10__cxxabiv115__forced_unwindD2Ev
                0x0000000004024a38       0x10 c:/intelfpga_lite/18.1/nios2eds/bin/gnu/h-x86_64-mingw32/bin/../lib/gcc/nios2-elf/5.3.0/../../../../../H-x86_64-mingw32/nios2-elf/lib/pg\libstdc++.a(eh_exception.o)
                0x0000000004024a38                __cxxabiv1::__forced_unwind::~__forced_unwind()
                0x0000000004024a38                __cxxabiv1::__forced_unwind::~__forced_unwind()
 .text._ZN10__cxxabiv115__forced_unwindD0Ev
                0x0000000004024a48       0x10 c:/intelfpga_lite/18.1/nios2eds/bin/gnu/h-x86_64-mingw32/bin/../lib/gcc/nios2-elf/5.3.0/../../../../../H-x86_64-mingw32/nios2-elf/lib/pg\libstdc++.a(eh_exception.o)
                0x0000000004024a48                __cxxabiv1::__forced_unwind::~__forced_unwind()
 .text._ZN10__cxxabiv119__foreign_exceptionD2Ev
                0x0000000004024a58       0x10 c:/intelfpga_lite/18.1/nios2eds/bin/gnu/h-x86_64-mingw32/bin/../lib/gcc/nios2-elf/5.3.0/../../../../../H-x86_64-mingw32/nios2-elf/lib/pg\libstdc++.a(eh_exception.o)
                0x0000000004024a58                __cxxabiv1::__foreign_exception::~__foreign_exception()
                0x0000000004024a58                __cxxabiv1::__foreign_exception::~__foreign_exception()
 .text._ZN10__cxxabiv119__foreign_exceptionD0Ev
                0x0000000004024a68       0x10 c:/intelfpga_lite/18.1/nios2eds/bin/gnu/h-x86_64-mingw32/bin/../lib/gcc/nios2-elf/5.3.0/../../../../../H-x86_64-mingw32/nios2-elf/lib/pg\libstdc++.a(eh_exception.o)
                0x0000000004024a68                __cxxabiv1::__foreign_exception::~__foreign_exception()
 .text          0x0000000004024a78        0x0 c:/intelfpga_lite/18.1/nios2eds/bin/gnu/h-x86_64-mingw32/bin/../lib/gcc/nios2-elf/5.3.0/../../../../../H-x86_64-mingw32/nios2-elf/lib/pg\libstdc++.a(eh_term_handler.o)
 .text          0x0000000004024a78        0x0 c:/intelfpga_lite/18.1/nios2eds/bin/gnu/h-x86_64-mingw32/bin/../lib/gcc/nios2-elf/5.3.0/../../../../../H-x86_64-mingw32/nios2-elf/lib/pg\libstdc++.a(tinfo.o)
 .text._ZNSt9type_infoD2Ev
                0x0000000004024a78       0x10 c:/intelfpga_lite/18.1/nios2eds/bin/gnu/h-x86_64-mingw32/bin/../lib/gcc/nios2-elf/5.3.0/../../../../../H-x86_64-mingw32/nios2-elf/lib/pg\libstdc++.a(tinfo.o)
                0x0000000004024a78                std::type_info::~type_info()
                0x0000000004024a78                std::type_info::~type_info()
 .text._ZNKSt9type_info15__is_function_pEv
                0x0000000004024a88       0x14 c:/intelfpga_lite/18.1/nios2eds/bin/gnu/h-x86_64-mingw32/bin/../lib/gcc/nios2-elf/5.3.0/../../../../../H-x86_64-mingw32/nios2-elf/lib/pg\libstdc++.a(tinfo.o)
                0x0000000004024a88                std::type_info::__is_pointer_p() const
                0x0000000004024a88                std::type_info::__is_function_p() const
 .text._ZNKSt9type_info11__do_upcastEPKN10__cxxabiv117__class_type_infoEPPv
                0x0000000004024a9c       0x14 c:/intelfpga_lite/18.1/nios2eds/bin/gnu/h-x86_64-mingw32/bin/../lib/gcc/nios2-elf/5.3.0/../../../../../H-x86_64-mingw32/nios2-elf/lib/pg\libstdc++.a(tinfo.o)
                0x0000000004024a9c                std::type_info::__do_upcast(__cxxabiv1::__class_type_info const*, void**) const
 .text._ZNSt9type_infoD0Ev
                0x0000000004024ab0       0x10 c:/intelfpga_lite/18.1/nios2eds/bin/gnu/h-x86_64-mingw32/bin/../lib/gcc/nios2-elf/5.3.0/../../../../../H-x86_64-mingw32/nios2-elf/lib/pg\libstdc++.a(tinfo.o)
                0x0000000004024ab0                std::type_info::~type_info()
 .text._ZNKSt9type_info10__do_catchEPKS_PPvj
                0x0000000004024ac0       0x50 c:/intelfpga_lite/18.1/nios2eds/bin/gnu/h-x86_64-mingw32/bin/../lib/gcc/nios2-elf/5.3.0/../../../../../H-x86_64-mingw32/nios2-elf/lib/pg\libstdc++.a(tinfo.o)
                0x0000000004024ac0                std::type_info::__do_catch(std::type_info const*, void**, unsigned int) const
 .text          0x0000000004024b10        0x0 c:/intelfpga_lite/18.1/nios2eds/bin/gnu/h-x86_64-mingw32/bin/../lib/gcc/nios2-elf/5.3.0/../../../../../H-x86_64-mingw32/nios2-elf/lib/pg\libstdc++.a(pure.o)
 .text.__cxa_pure_virtual
                0x0000000004024b10       0x2c c:/intelfpga_lite/18.1/nios2eds/bin/gnu/h-x86_64-mingw32/bin/../lib/gcc/nios2-elf/5.3.0/../../../../../H-x86_64-mingw32/nios2-elf/lib/pg\libstdc++.a(pure.o)
                0x0000000004024b10                __cxa_pure_virtual
 .text.__cxa_deleted_virtual
                0x0000000004024b3c       0x2c c:/intelfpga_lite/18.1/nios2eds/bin/gnu/h-x86_64-mingw32/bin/../lib/gcc/nios2-elf/5.3.0/../../../../../H-x86_64-mingw32/nios2-elf/lib/pg\libstdc++.a(pure.o)
                0x0000000004024b3c                __cxa_deleted_virtual
 .text          0x0000000004024b68       0x6c c:/intelfpga_lite/18.1/nios2eds/bin/gnu/h-x86_64-mingw32/bin/../lib/gcc/nios2-elf/5.3.0/pg\libgcc.a(_fixunssfsi.o)
                0x0000000004024b68                __fixunssfsi
 .text          0x0000000004024bd4      0x1e0 c:/intelfpga_lite/18.1/nios2eds/bin/gnu/h-x86_64-mingw32/bin/../lib/gcc/nios2-elf/5.3.0/pg\libgcc.a(lib2-divmod.o)
                0x0000000004024bd4                __divsi3
                0x0000000004024c64                __modsi3
                0x0000000004024ce4                __udivsi3
                0x0000000004024d54                __umodsi3
 .text          0x0000000004024db4      0x4d4 c:/intelfpga_lite/18.1/nios2eds/bin/gnu/h-x86_64-mingw32/bin/../lib/gcc/nios2-elf/5.3.0/pg\libgcc.a(addsf3.o)
                0x0000000004024db4                __addsf3
 .text          0x0000000004025288      0x44c c:/intelfpga_lite/18.1/nios2eds/bin/gnu/h-x86_64-mingw32/bin/../lib/gcc/nios2-elf/5.3.0/pg\libgcc.a(divsf3.o)
                0x0000000004025288                __divsf3
 .text          0x00000000040256d4       0x80 c:/intelfpga_lite/18.1/nios2eds/bin/gnu/h-x86_64-mingw32/bin/../lib/gcc/nios2-elf/5.3.0/pg\libgcc.a(eqsf2.o)
                0x00000000040256d4                __eqsf2
                0x00000000040256d4                __nesf2
 .text          0x0000000004025754       0xc4 c:/intelfpga_lite/18.1/nios2eds/bin/gnu/h-x86_64-mingw32/bin/../lib/gcc/nios2-elf/5.3.0/pg\libgcc.a(gesf2.o)
                0x0000000004025754                __gesf2
                0x0000000004025754                __gtsf2
 .text          0x0000000004025818      0x408 c:/intelfpga_lite/18.1/nios2eds/bin/gnu/h-x86_64-mingw32/bin/../lib/gcc/nios2-elf/5.3.0/pg\libgcc.a(mulsf3.o)
                0x0000000004025818                __mulsf3
 .text          0x0000000004025c20      0x4f0 c:/intelfpga_lite/18.1/nios2eds/bin/gnu/h-x86_64-mingw32/bin/../lib/gcc/nios2-elf/5.3.0/pg\libgcc.a(subsf3.o)
                0x0000000004025c20                __subsf3
 .text          0x0000000004026110       0x7c c:/intelfpga_lite/18.1/nios2eds/bin/gnu/h-x86_64-mingw32/bin/../lib/gcc/nios2-elf/5.3.0/pg\libgcc.a(fixsfsi.o)
                0x0000000004026110                __fixsfsi
 .text          0x000000000402618c      0x130 c:/intelfpga_lite/18.1/nios2eds/bin/gnu/h-x86_64-mingw32/bin/../lib/gcc/nios2-elf/5.3.0/pg\libgcc.a(floatsisf.o)
                0x000000000402618c                __floatsisf
 .text          0x00000000040262bc       0xfc c:/intelfpga_lite/18.1/nios2eds/bin/gnu/h-x86_64-mingw32/bin/../lib/gcc/nios2-elf/5.3.0/pg\libgcc.a(floatunsisf.o)
                0x00000000040262bc                __floatunsisf
 .text          0x00000000040263b8      0x8f4 c:/intelfpga_lite/18.1/nios2eds/bin/gnu/h-x86_64-mingw32/bin/../lib/gcc/nios2-elf/5.3.0/pg\libgcc.a(divdf3.o)
                0x00000000040263b8                __divdf3
 .text          0x0000000004026cac       0xe8 c:/intelfpga_lite/18.1/nios2eds/bin/gnu/h-x86_64-mingw32/bin/../lib/gcc/nios2-elf/5.3.0/pg\libgcc.a(floatsidf.o)
                0x0000000004026cac                __floatsidf
 .text          0x0000000004026d94      0x11c c:/intelfpga_lite/18.1/nios2eds/bin/gnu/h-x86_64-mingw32/bin/../lib/gcc/nios2-elf/5.3.0/pg\libgcc.a(extendsfdf2.o)
                0x0000000004026d94                __extendsfdf2
 .text          0x0000000004026eb0      0x1b4 c:/intelfpga_lite/18.1/nios2eds/bin/gnu/h-x86_64-mingw32/bin/../lib/gcc/nios2-elf/5.3.0/pg\libgcc.a(truncdfsf2.o)
                0x0000000004026eb0                __truncdfsf2
 .text          0x0000000004027064      0x628 c:/intelfpga_lite/18.1/nios2eds/bin/gnu/h-x86_64-mingw32/bin/../lib/gcc/nios2-elf/5.3.0/pg\libgcc.a(unwind-sjlj.o)
                0x0000000004027290                _Unwind_SjLj_Register
                0x00000000040272b4                _Unwind_SjLj_Unregister
                0x00000000040272d4                _Unwind_GetGR
                0x00000000040272fc                _Unwind_GetCFA
                0x0000000004027320                _Unwind_SetGR
                0x0000000004027348                _Unwind_GetIP
                0x0000000004027364                _Unwind_GetIPInfo
                0x0000000004027390                _Unwind_SetIP
                0x00000000040273ac                _Unwind_GetLanguageSpecificData
                0x00000000040273c4                _Unwind_GetRegionStart
                0x00000000040273d8                _Unwind_FindEnclosingFunction
                0x00000000040273ec                _Unwind_GetDataRelBase
                0x0000000004027400                _Unwind_GetTextRelBase
                0x0000000004027414                _Unwind_SjLj_RaiseException
                0x00000000040274f0                _Unwind_SjLj_ForcedUnwind
                0x0000000004027540                _Unwind_SjLj_Resume
                0x0000000004027590                _Unwind_SjLj_Resume_or_Rethrow
                0x00000000040275e8                _Unwind_DeleteException
                0x000000000402760c                _Unwind_Backtrace
 .text          0x000000000402768c       0x70 c:/intelfpga_lite/18.1/nios2eds/bin/gnu/h-x86_64-mingw32/bin/../lib/gcc/nios2-elf/5.3.0/pg\libgcc.a(_clzsi2.o)
                0x000000000402768c                __clzsi2
 .text          0x00000000040276fc        0x0 c:/intelfpga_lite/18.1/nios2eds/bin/gnu/h-x86_64-mingw32/bin/../lib/gcc/nios2-elf/5.3.0/pg\libgcc.a(_clz.o)
 .text          0x00000000040276fc        0x0 c:/intelfpga_lite/18.1/nios2eds/bin/gnu/h-x86_64-mingw32/bin/../lib/gcc/nios2-elf/5.3.0/../../../../../H-x86_64-mingw32/nios2-elf/lib/pg\libc.a(lib_a-abort.o)
 .text.abort    0x00000000040276fc       0x24 c:/intelfpga_lite/18.1/nios2eds/bin/gnu/h-x86_64-mingw32/bin/../lib/gcc/nios2-elf/5.3.0/../../../../../H-x86_64-mingw32/nios2-elf/lib/pg\libc.a(lib_a-abort.o)
                0x00000000040276fc                abort
 .text          0x0000000004027720        0x0 c:/intelfpga_lite/18.1/nios2eds/bin/gnu/h-x86_64-mingw32/bin/../lib/gcc/nios2-elf/5.3.0/../../../../../H-x86_64-mingw32/nios2-elf/lib/pg\libc.a(lib_a-malloc.o)
 .text.malloc   0x0000000004027720       0x20 c:/intelfpga_lite/18.1/nios2eds/bin/gnu/h-x86_64-mingw32/bin/../lib/gcc/nios2-elf/5.3.0/../../../../../H-x86_64-mingw32/nios2-elf/lib/pg\libc.a(lib_a-malloc.o)
                0x0000000004027720                malloc
 .text.free     0x0000000004027740       0x20 c:/intelfpga_lite/18.1/nios2eds/bin/gnu/h-x86_64-mingw32/bin/../lib/gcc/nios2-elf/5.3.0/../../../../../H-x86_64-mingw32/nios2-elf/lib/pg\libc.a(lib_a-malloc.o)
                0x0000000004027740                free
 .text          0x0000000004027760        0x0 c:/intelfpga_lite/18.1/nios2eds/bin/gnu/h-x86_64-mingw32/bin/../lib/gcc/nios2-elf/5.3.0/../../../../../H-x86_64-mingw32/nios2-elf/lib/pg\libc.a(lib_a-mallocr.o)
 .text._malloc_r
                0x0000000004027760      0x818 c:/intelfpga_lite/18.1/nios2eds/bin/gnu/h-x86_64-mingw32/bin/../lib/gcc/nios2-elf/5.3.0/../../../../../H-x86_64-mingw32/nios2-elf/lib/pg\libc.a(lib_a-mallocr.o)
                0x0000000004027760                _malloc_r
 .text          0x0000000004027f78        0x0 c:/intelfpga_lite/18.1/nios2eds/bin/gnu/h-x86_64-mingw32/bin/../lib/gcc/nios2-elf/5.3.0/../../../../../H-x86_64-mingw32/nios2-elf/lib/pg\libc.a(lib_a-memset.o)
 .text.memset   0x0000000004027f78      0x130 c:/intelfpga_lite/18.1/nios2eds/bin/gnu/h-x86_64-mingw32/bin/../lib/gcc/nios2-elf/5.3.0/../../../../../H-x86_64-mingw32/nios2-elf/lib/pg\libc.a(lib_a-memset.o)
                0x0000000004027f78                memset
 .text          0x00000000040280a8        0x0 c:/intelfpga_lite/18.1/nios2eds/bin/gnu/h-x86_64-mingw32/bin/../lib/gcc/nios2-elf/5.3.0/../../../../../H-x86_64-mingw32/nios2-elf/lib/pg\libc.a(lib_a-printf.o)
 .text._printf_r
                0x00000000040280a8       0x3c c:/intelfpga_lite/18.1/nios2eds/bin/gnu/h-x86_64-mingw32/bin/../lib/gcc/nios2-elf/5.3.0/../../../../../H-x86_64-mingw32/nios2-elf/lib/pg\libc.a(lib_a-printf.o)
                0x00000000040280a8                _printf_r
 .text.printf   0x00000000040280e4       0x48 c:/intelfpga_lite/18.1/nios2eds/bin/gnu/h-x86_64-mingw32/bin/../lib/gcc/nios2-elf/5.3.0/../../../../../H-x86_64-mingw32/nios2-elf/lib/pg\libc.a(lib_a-printf.o)
                0x00000000040280e4                printf
 .text          0x000000000402812c        0x0 c:/intelfpga_lite/18.1/nios2eds/bin/gnu/h-x86_64-mingw32/bin/../lib/gcc/nios2-elf/5.3.0/../../../../../H-x86_64-mingw32/nios2-elf/lib/pg\libc.a(lib_a-putchar.o)
 .text._putchar_r
                0x000000000402812c       0x14 c:/intelfpga_lite/18.1/nios2eds/bin/gnu/h-x86_64-mingw32/bin/../lib/gcc/nios2-elf/5.3.0/../../../../../H-x86_64-mingw32/nios2-elf/lib/pg\libc.a(lib_a-putchar.o)
                0x000000000402812c                _putchar_r
 .text.putchar  0x0000000004028140       0x24 c:/intelfpga_lite/18.1/nios2eds/bin/gnu/h-x86_64-mingw32/bin/../lib/gcc/nios2-elf/5.3.0/../../../../../H-x86_64-mingw32/nios2-elf/lib/pg\libc.a(lib_a-putchar.o)
                0x0000000004028140                putchar
 .text          0x0000000004028164        0x0 c:/intelfpga_lite/18.1/nios2eds/bin/gnu/h-x86_64-mingw32/bin/../lib/gcc/nios2-elf/5.3.0/../../../../../H-x86_64-mingw32/nios2-elf/lib/pg\libc.a(lib_a-puts.o)
 .text._puts_r  0x0000000004028164       0xcc c:/intelfpga_lite/18.1/nios2eds/bin/gnu/h-x86_64-mingw32/bin/../lib/gcc/nios2-elf/5.3.0/../../../../../H-x86_64-mingw32/nios2-elf/lib/pg\libc.a(lib_a-puts.o)
                0x0000000004028164                _puts_r
 .text.puts     0x0000000004028230       0x20 c:/intelfpga_lite/18.1/nios2eds/bin/gnu/h-x86_64-mingw32/bin/../lib/gcc/nios2-elf/5.3.0/../../../../../H-x86_64-mingw32/nios2-elf/lib/pg\libc.a(lib_a-puts.o)
                0x0000000004028230                puts
 .text          0x0000000004028250        0x0 c:/intelfpga_lite/18.1/nios2eds/bin/gnu/h-x86_64-mingw32/bin/../lib/gcc/nios2-elf/5.3.0/../../../../../H-x86_64-mingw32/nios2-elf/lib/pg\libc.a(lib_a-rand.o)
 .text.srand    0x0000000004028250       0x24 c:/intelfpga_lite/18.1/nios2eds/bin/gnu/h-x86_64-mingw32/bin/../lib/gcc/nios2-elf/5.3.0/../../../../../H-x86_64-mingw32/nios2-elf/lib/pg\libc.a(lib_a-rand.o)
                0x0000000004028250                srand
 .text.rand     0x0000000004028274       0x70 c:/intelfpga_lite/18.1/nios2eds/bin/gnu/h-x86_64-mingw32/bin/../lib/gcc/nios2-elf/5.3.0/../../../../../H-x86_64-mingw32/nios2-elf/lib/pg\libc.a(lib_a-rand.o)
                0x0000000004028274                rand
 .text          0x00000000040282e4        0x0 c:/intelfpga_lite/18.1/nios2eds/bin/gnu/h-x86_64-mingw32/bin/../lib/gcc/nios2-elf/5.3.0/../../../../../H-x86_64-mingw32/nios2-elf/lib/pg\libc.a(lib_a-sbrkr.o)
 .text._sbrk_r  0x00000000040282e4       0x60 c:/intelfpga_lite/18.1/nios2eds/bin/gnu/h-x86_64-mingw32/bin/../lib/gcc/nios2-elf/5.3.0/../../../../../H-x86_64-mingw32/nios2-elf/lib/pg\libc.a(lib_a-sbrkr.o)
                0x00000000040282e4                _sbrk_r
 .text          0x0000000004028344        0x0 c:/intelfpga_lite/18.1/nios2eds/bin/gnu/h-x86_64-mingw32/bin/../lib/gcc/nios2-elf/5.3.0/../../../../../H-x86_64-mingw32/nios2-elf/lib/pg\libc.a(lib_a-signal.o)
 .text._init_signal_r
                0x0000000004028344       0x78 c:/intelfpga_lite/18.1/nios2eds/bin/gnu/h-x86_64-mingw32/bin/../lib/gcc/nios2-elf/5.3.0/../../../../../H-x86_64-mingw32/nios2-elf/lib/pg\libc.a(lib_a-signal.o)
                0x0000000004028344                _init_signal_r
 .text._signal_r
                0x00000000040283bc       0x90 c:/intelfpga_lite/18.1/nios2eds/bin/gnu/h-x86_64-mingw32/bin/../lib/gcc/nios2-elf/5.3.0/../../../../../H-x86_64-mingw32/nios2-elf/lib/pg\libc.a(lib_a-signal.o)
                0x00000000040283bc                _signal_r
 .text._raise_r
                0x000000000402844c       0xc8 c:/intelfpga_lite/18.1/nios2eds/bin/gnu/h-x86_64-mingw32/bin/../lib/gcc/nios2-elf/5.3.0/../../../../../H-x86_64-mingw32/nios2-elf/lib/pg\libc.a(lib_a-signal.o)
                0x000000000402844c                _raise_r
 .text.__sigtramp_r
                0x0000000004028514       0xb4 c:/intelfpga_lite/18.1/nios2eds/bin/gnu/h-x86_64-mingw32/bin/../lib/gcc/nios2-elf/5.3.0/../../../../../H-x86_64-mingw32/nios2-elf/lib/pg\libc.a(lib_a-signal.o)
                0x0000000004028514                __sigtramp_r
 .text.raise    0x00000000040285c8       0x20 c:/intelfpga_lite/18.1/nios2eds/bin/gnu/h-x86_64-mingw32/bin/../lib/gcc/nios2-elf/5.3.0/../../../../../H-x86_64-mingw32/nios2-elf/lib/pg\libc.a(lib_a-signal.o)
                0x00000000040285c8                raise
 .text.signal   0x00000000040285e8       0x24 c:/intelfpga_lite/18.1/nios2eds/bin/gnu/h-x86_64-mingw32/bin/../lib/gcc/nios2-elf/5.3.0/../../../../../H-x86_64-mingw32/nios2-elf/lib/pg\libc.a(lib_a-signal.o)
                0x00000000040285e8                signal
 .text._init_signal
                0x000000000402860c       0x1c c:/intelfpga_lite/18.1/nios2eds/bin/gnu/h-x86_64-mingw32/bin/../lib/gcc/nios2-elf/5.3.0/../../../../../H-x86_64-mingw32/nios2-elf/lib/pg\libc.a(lib_a-signal.o)
                0x000000000402860c                _init_signal
 .text.__sigtramp
                0x0000000004028628       0x20 c:/intelfpga_lite/18.1/nios2eds/bin/gnu/h-x86_64-mingw32/bin/../lib/gcc/nios2-elf/5.3.0/../../../../../H-x86_64-mingw32/nios2-elf/lib/pg\libc.a(lib_a-signal.o)
                0x0000000004028628                __sigtramp
 .text          0x0000000004028648        0x0 c:/intelfpga_lite/18.1/nios2eds/bin/gnu/h-x86_64-mingw32/bin/../lib/gcc/nios2-elf/5.3.0/../../../../../H-x86_64-mingw32/nios2-elf/lib/pg\libc.a(lib_a-signalr.o)
 .text._kill_r  0x0000000004028648       0x68 c:/intelfpga_lite/18.1/nios2eds/bin/gnu/h-x86_64-mingw32/bin/../lib/gcc/nios2-elf/5.3.0/../../../../../H-x86_64-mingw32/nios2-elf/lib/pg\libc.a(lib_a-signalr.o)
                0x0000000004028648                _kill_r
 .text._getpid_r
                0x00000000040286b0       0x10 c:/intelfpga_lite/18.1/nios2eds/bin/gnu/h-x86_64-mingw32/bin/../lib/gcc/nios2-elf/5.3.0/../../../../../H-x86_64-mingw32/nios2-elf/lib/pg\libc.a(lib_a-signalr.o)
                0x00000000040286b0                _getpid_r
 .text          0x00000000040286c0        0x0 c:/intelfpga_lite/18.1/nios2eds/bin/gnu/h-x86_64-mingw32/bin/../lib/gcc/nios2-elf/5.3.0/../../../../../H-x86_64-mingw32/nios2-elf/lib/pg\libc.a(lib_a-strcmp.o)
 .text.strcmp   0x00000000040286c0       0xe0 c:/intelfpga_lite/18.1/nios2eds/bin/gnu/h-x86_64-mingw32/bin/../lib/gcc/nios2-elf/5.3.0/../../../../../H-x86_64-mingw32/nios2-elf/lib/pg\libc.a(lib_a-strcmp.o)
                0x00000000040286c0                strcmp
 .text          0x00000000040287a0        0x0 c:/intelfpga_lite/18.1/nios2eds/bin/gnu/h-x86_64-mingw32/bin/../lib/gcc/nios2-elf/5.3.0/../../../../../H-x86_64-mingw32/nios2-elf/lib/pg\libc.a(lib_a-strlen.o)
 .text.strlen   0x00000000040287a0       0xa4 c:/intelfpga_lite/18.1/nios2eds/bin/gnu/h-x86_64-mingw32/bin/../lib/gcc/nios2-elf/5.3.0/../../../../../H-x86_64-mingw32/nios2-elf/lib/pg\libc.a(lib_a-strlen.o)
                0x00000000040287a0                strlen
 .text          0x0000000004028844        0x0 c:/intelfpga_lite/18.1/nios2eds/bin/gnu/h-x86_64-mingw32/bin/../lib/gcc/nios2-elf/5.3.0/../../../../../H-x86_64-mingw32/nios2-elf/lib/pg\libc.a(lib_a-vfprintf.o)
 .text.___vfprintf_internal_r
                0x0000000004028844     0x2204 c:/intelfpga_lite/18.1/nios2eds/bin/gnu/h-x86_64-mingw32/bin/../lib/gcc/nios2-elf/5.3.0/../../../../../H-x86_64-mingw32/nios2-elf/lib/pg\libc.a(lib_a-vfprintf.o)
                0x0000000004028844                ___vfprintf_internal_r
 .text.__vfprintf_internal
                0x000000000402aa48       0x28 c:/intelfpga_lite/18.1/nios2eds/bin/gnu/h-x86_64-mingw32/bin/../lib/gcc/nios2-elf/5.3.0/../../../../../H-x86_64-mingw32/nios2-elf/lib/pg\libc.a(lib_a-vfprintf.o)
                0x000000000402aa48                __vfprintf_internal
 .text.__sbprintf
                0x000000000402aa70       0xc8 c:/intelfpga_lite/18.1/nios2eds/bin/gnu/h-x86_64-mingw32/bin/../lib/gcc/nios2-elf/5.3.0/../../../../../H-x86_64-mingw32/nios2-elf/lib/pg\libc.a(lib_a-vfprintf.o)
 .text          0x000000000402ab38        0x0 c:/intelfpga_lite/18.1/nios2eds/bin/gnu/h-x86_64-mingw32/bin/../lib/gcc/nios2-elf/5.3.0/../../../../../H-x86_64-mingw32/nios2-elf/lib/pg\libc.a(lib_a-wsetup.o)
 .text.__swsetup_r
                0x000000000402ab38      0x160 c:/intelfpga_lite/18.1/nios2eds/bin/gnu/h-x86_64-mingw32/bin/../lib/gcc/nios2-elf/5.3.0/../../../../../H-x86_64-mingw32/nios2-elf/lib/pg\libc.a(lib_a-wsetup.o)
                0x000000000402ab38                __swsetup_r
 .text          0x000000000402ac98        0x0 c:/intelfpga_lite/18.1/nios2eds/bin/gnu/h-x86_64-mingw32/bin/../lib/gcc/nios2-elf/5.3.0/../../../../../H-x86_64-mingw32/nios2-elf/lib/pg\libc.a(lib_a-dtoa.o)
 .text.quorem   0x000000000402ac98      0x20c c:/intelfpga_lite/18.1/nios2eds/bin/gnu/h-x86_64-mingw32/bin/../lib/gcc/nios2-elf/5.3.0/../../../../../H-x86_64-mingw32/nios2-elf/lib/pg\libc.a(lib_a-dtoa.o)
 .text._dtoa_r  0x000000000402aea4     0x1694 c:/intelfpga_lite/18.1/nios2eds/bin/gnu/h-x86_64-mingw32/bin/../lib/gcc/nios2-elf/5.3.0/../../../../../H-x86_64-mingw32/nios2-elf/lib/pg\libc.a(lib_a-dtoa.o)
                0x000000000402aea4                _dtoa_r
 .text          0x000000000402c538        0x0 c:/intelfpga_lite/18.1/nios2eds/bin/gnu/h-x86_64-mingw32/bin/../lib/gcc/nios2-elf/5.3.0/../../../../../H-x86_64-mingw32/nios2-elf/lib/pg\libc.a(lib_a-fflush.o)
 .text.__sflush_r
                0x000000000402c538      0x228 c:/intelfpga_lite/18.1/nios2eds/bin/gnu/h-x86_64-mingw32/bin/../lib/gcc/nios2-elf/5.3.0/../../../../../H-x86_64-mingw32/nios2-elf/lib/pg\libc.a(lib_a-fflush.o)
                0x000000000402c538                __sflush_r
 .text._fflush_r
                0x000000000402c760       0x68 c:/intelfpga_lite/18.1/nios2eds/bin/gnu/h-x86_64-mingw32/bin/../lib/gcc/nios2-elf/5.3.0/../../../../../H-x86_64-mingw32/nios2-elf/lib/pg\libc.a(lib_a-fflush.o)
                0x000000000402c760                _fflush_r
 .text.fflush   0x000000000402c7c8       0x3c c:/intelfpga_lite/18.1/nios2eds/bin/gnu/h-x86_64-mingw32/bin/../lib/gcc/nios2-elf/5.3.0/../../../../../H-x86_64-mingw32/nios2-elf/lib/pg\libc.a(lib_a-fflush.o)
                0x000000000402c7c8                fflush
 .text          0x000000000402c804        0x0 c:/intelfpga_lite/18.1/nios2eds/bin/gnu/h-x86_64-mingw32/bin/../lib/gcc/nios2-elf/5.3.0/../../../../../H-x86_64-mingw32/nios2-elf/lib/pg\libc.a(lib_a-findfp.o)
 .text.__fp_unlock
                0x000000000402c804       0x14 c:/intelfpga_lite/18.1/nios2eds/bin/gnu/h-x86_64-mingw32/bin/../lib/gcc/nios2-elf/5.3.0/../../../../../H-x86_64-mingw32/nios2-elf/lib/pg\libc.a(lib_a-findfp.o)
 .text._cleanup_r
                0x000000000402c818       0x18 c:/intelfpga_lite/18.1/nios2eds/bin/gnu/h-x86_64-mingw32/bin/../lib/gcc/nios2-elf/5.3.0/../../../../../H-x86_64-mingw32/nios2-elf/lib/pg\libc.a(lib_a-findfp.o)
                0x000000000402c818                _cleanup_r
 .text.__sinit.part.1
                0x000000000402c830      0x1a8 c:/intelfpga_lite/18.1/nios2eds/bin/gnu/h-x86_64-mingw32/bin/../lib/gcc/nios2-elf/5.3.0/../../../../../H-x86_64-mingw32/nios2-elf/lib/pg\libc.a(lib_a-findfp.o)
 .text.__fp_lock
                0x000000000402c9d8       0x14 c:/intelfpga_lite/18.1/nios2eds/bin/gnu/h-x86_64-mingw32/bin/../lib/gcc/nios2-elf/5.3.0/../../../../../H-x86_64-mingw32/nios2-elf/lib/pg\libc.a(lib_a-findfp.o)
 .text.__sfmoreglue
                0x000000000402c9ec       0x74 c:/intelfpga_lite/18.1/nios2eds/bin/gnu/h-x86_64-mingw32/bin/../lib/gcc/nios2-elf/5.3.0/../../../../../H-x86_64-mingw32/nios2-elf/lib/pg\libc.a(lib_a-findfp.o)
                0x000000000402c9ec                __sfmoreglue
 .text.__sfp    0x000000000402ca60      0x124 c:/intelfpga_lite/18.1/nios2eds/bin/gnu/h-x86_64-mingw32/bin/../lib/gcc/nios2-elf/5.3.0/../../../../../H-x86_64-mingw32/nios2-elf/lib/pg\libc.a(lib_a-findfp.o)
                0x000000000402ca60                __sfp
 .text._cleanup
                0x000000000402cb84       0x24 c:/intelfpga_lite/18.1/nios2eds/bin/gnu/h-x86_64-mingw32/bin/../lib/gcc/nios2-elf/5.3.0/../../../../../H-x86_64-mingw32/nios2-elf/lib/pg\libc.a(lib_a-findfp.o)
                0x000000000402cb84                _cleanup
 .text.__sinit  0x000000000402cba8       0x1c c:/intelfpga_lite/18.1/nios2eds/bin/gnu/h-x86_64-mingw32/bin/../lib/gcc/nios2-elf/5.3.0/../../../../../H-x86_64-mingw32/nios2-elf/lib/pg\libc.a(lib_a-findfp.o)
                0x000000000402cba8                __sinit
 .text.__sfp_lock_acquire
                0x000000000402cbc4       0x10 c:/intelfpga_lite/18.1/nios2eds/bin/gnu/h-x86_64-mingw32/bin/../lib/gcc/nios2-elf/5.3.0/../../../../../H-x86_64-mingw32/nios2-elf/lib/pg\libc.a(lib_a-findfp.o)
                0x000000000402cbc4                __sfp_lock_acquire
 .text.__sfp_lock_release
                0x000000000402cbd4       0x10 c:/intelfpga_lite/18.1/nios2eds/bin/gnu/h-x86_64-mingw32/bin/../lib/gcc/nios2-elf/5.3.0/../../../../../H-x86_64-mingw32/nios2-elf/lib/pg\libc.a(lib_a-findfp.o)
                0x000000000402cbd4                __sfp_lock_release
 .text.__sinit_lock_acquire
                0x000000000402cbe4       0x10 c:/intelfpga_lite/18.1/nios2eds/bin/gnu/h-x86_64-mingw32/bin/../lib/gcc/nios2-elf/5.3.0/../../../../../H-x86_64-mingw32/nios2-elf/lib/pg\libc.a(lib_a-findfp.o)
                0x000000000402cbe4                __sinit_lock_acquire
 .text.__sinit_lock_release
                0x000000000402cbf4       0x10 c:/intelfpga_lite/18.1/nios2eds/bin/gnu/h-x86_64-mingw32/bin/../lib/gcc/nios2-elf/5.3.0/../../../../../H-x86_64-mingw32/nios2-elf/lib/pg\libc.a(lib_a-findfp.o)
                0x000000000402cbf4                __sinit_lock_release
 .text.__fp_lock_all
                0x000000000402cc04       0x24 c:/intelfpga_lite/18.1/nios2eds/bin/gnu/h-x86_64-mingw32/bin/../lib/gcc/nios2-elf/5.3.0/../../../../../H-x86_64-mingw32/nios2-elf/lib/pg\libc.a(lib_a-findfp.o)
                0x000000000402cc04                __fp_lock_all
 .text.__fp_unlock_all
                0x000000000402cc28       0x24 c:/intelfpga_lite/18.1/nios2eds/bin/gnu/h-x86_64-mingw32/bin/../lib/gcc/nios2-elf/5.3.0/../../../../../H-x86_64-mingw32/nios2-elf/lib/pg\libc.a(lib_a-findfp.o)
                0x000000000402cc28                __fp_unlock_all
 .text          0x000000000402cc4c        0x0 c:/intelfpga_lite/18.1/nios2eds/bin/gnu/h-x86_64-mingw32/bin/../lib/gcc/nios2-elf/5.3.0/../../../../../H-x86_64-mingw32/nios2-elf/lib/pg\libc.a(lib_a-freer.o)
 .text._malloc_trim_r
                0x000000000402cc4c      0x130 c:/intelfpga_lite/18.1/nios2eds/bin/gnu/h-x86_64-mingw32/bin/../lib/gcc/nios2-elf/5.3.0/../../../../../H-x86_64-mingw32/nios2-elf/lib/pg\libc.a(lib_a-freer.o)
                0x000000000402cc4c                _malloc_trim_r
 .text._free_r  0x000000000402cd7c      0x31c c:/intelfpga_lite/18.1/nios2eds/bin/gnu/h-x86_64-mingw32/bin/../lib/gcc/nios2-elf/5.3.0/../../../../../H-x86_64-mingw32/nios2-elf/lib/pg\libc.a(lib_a-freer.o)
                0x000000000402cd7c                _free_r
 .text          0x000000000402d098        0x0 c:/intelfpga_lite/18.1/nios2eds/bin/gnu/h-x86_64-mingw32/bin/../lib/gcc/nios2-elf/5.3.0/../../../../../H-x86_64-mingw32/nios2-elf/lib/pg\libc.a(lib_a-fvwrite.o)
 .text.__sfvwrite_r
                0x000000000402d098      0x4c8 c:/intelfpga_lite/18.1/nios2eds/bin/gnu/h-x86_64-mingw32/bin/../lib/gcc/nios2-elf/5.3.0/../../../../../H-x86_64-mingw32/nios2-elf/lib/pg\libc.a(lib_a-fvwrite.o)
                0x000000000402d098                __sfvwrite_r
 .text          0x000000000402d560        0x0 c:/intelfpga_lite/18.1/nios2eds/bin/gnu/h-x86_64-mingw32/bin/../lib/gcc/nios2-elf/5.3.0/../../../../../H-x86_64-mingw32/nios2-elf/lib/pg\libc.a(lib_a-fwalk.o)
 .text._fwalk   0x000000000402d560       0xd0 c:/intelfpga_lite/18.1/nios2eds/bin/gnu/h-x86_64-mingw32/bin/../lib/gcc/nios2-elf/5.3.0/../../../../../H-x86_64-mingw32/nios2-elf/lib/pg\libc.a(lib_a-fwalk.o)
                0x000000000402d560                _fwalk
 .text._fwalk_reent
                0x000000000402d630       0xd0 c:/intelfpga_lite/18.1/nios2eds/bin/gnu/h-x86_64-mingw32/bin/../lib/gcc/nios2-elf/5.3.0/../../../../../H-x86_64-mingw32/nios2-elf/lib/pg\libc.a(lib_a-fwalk.o)
                0x000000000402d630                _fwalk_reent
 .text          0x000000000402d700        0x0 c:/intelfpga_lite/18.1/nios2eds/bin/gnu/h-x86_64-mingw32/bin/../lib/gcc/nios2-elf/5.3.0/../../../../../H-x86_64-mingw32/nios2-elf/lib/pg\libc.a(lib_a-impure.o)
 .text          0x000000000402d700        0x0 c:/intelfpga_lite/18.1/nios2eds/bin/gnu/h-x86_64-mingw32/bin/../lib/gcc/nios2-elf/5.3.0/../../../../../H-x86_64-mingw32/nios2-elf/lib/pg\libc.a(lib_a-int_errno.o)
 .text          0x000000000402d700        0x0 c:/intelfpga_lite/18.1/nios2eds/bin/gnu/h-x86_64-mingw32/bin/../lib/gcc/nios2-elf/5.3.0/../../../../../H-x86_64-mingw32/nios2-elf/lib/pg\libc.a(lib_a-locale.o)
 .text._setlocale_r
                0x000000000402d700       0x88 c:/intelfpga_lite/18.1/nios2eds/bin/gnu/h-x86_64-mingw32/bin/../lib/gcc/nios2-elf/5.3.0/../../../../../H-x86_64-mingw32/nios2-elf/lib/pg\libc.a(lib_a-locale.o)
                0x000000000402d700                _setlocale_r
 .text.__locale_charset
                0x000000000402d788       0x18 c:/intelfpga_lite/18.1/nios2eds/bin/gnu/h-x86_64-mingw32/bin/../lib/gcc/nios2-elf/5.3.0/../../../../../H-x86_64-mingw32/nios2-elf/lib/pg\libc.a(lib_a-locale.o)
                0x000000000402d788                __locale_charset
 .text.__locale_mb_cur_max
                0x000000000402d7a0       0x1c c:/intelfpga_lite/18.1/nios2eds/bin/gnu/h-x86_64-mingw32/bin/../lib/gcc/nios2-elf/5.3.0/../../../../../H-x86_64-mingw32/nios2-elf/lib/pg\libc.a(lib_a-locale.o)
                0x000000000402d7a0                __locale_mb_cur_max
 .text.__locale_msgcharset
                0x000000000402d7bc       0x18 c:/intelfpga_lite/18.1/nios2eds/bin/gnu/h-x86_64-mingw32/bin/../lib/gcc/nios2-elf/5.3.0/../../../../../H-x86_64-mingw32/nios2-elf/lib/pg\libc.a(lib_a-locale.o)
                0x000000000402d7bc                __locale_msgcharset
 .text.__locale_cjk_lang
                0x000000000402d7d4       0x14 c:/intelfpga_lite/18.1/nios2eds/bin/gnu/h-x86_64-mingw32/bin/../lib/gcc/nios2-elf/5.3.0/../../../../../H-x86_64-mingw32/nios2-elf/lib/pg\libc.a(lib_a-locale.o)
                0x000000000402d7d4                __locale_cjk_lang
 .text._localeconv_r
                0x000000000402d7e8       0x18 c:/intelfpga_lite/18.1/nios2eds/bin/gnu/h-x86_64-mingw32/bin/../lib/gcc/nios2-elf/5.3.0/../../../../../H-x86_64-mingw32/nios2-elf/lib/pg\libc.a(lib_a-locale.o)
                0x000000000402d7e8                _localeconv_r
 .text.setlocale
                0x000000000402d800       0x24 c:/intelfpga_lite/18.1/nios2eds/bin/gnu/h-x86_64-mingw32/bin/../lib/gcc/nios2-elf/5.3.0/../../../../../H-x86_64-mingw32/nios2-elf/lib/pg\libc.a(lib_a-locale.o)
                0x000000000402d800                setlocale
 .text.localeconv
                0x000000000402d824       0x18 c:/intelfpga_lite/18.1/nios2eds/bin/gnu/h-x86_64-mingw32/bin/../lib/gcc/nios2-elf/5.3.0/../../../../../H-x86_64-mingw32/nios2-elf/lib/pg\libc.a(lib_a-locale.o)
                0x000000000402d824                localeconv
 .text          0x000000000402d83c        0x0 c:/intelfpga_lite/18.1/nios2eds/bin/gnu/h-x86_64-mingw32/bin/../lib/gcc/nios2-elf/5.3.0/../../../../../H-x86_64-mingw32/nios2-elf/lib/pg\libc.a(lib_a-makebuf.o)
 .text.__smakebuf_r
                0x000000000402d83c      0x1c8 c:/intelfpga_lite/18.1/nios2eds/bin/gnu/h-x86_64-mingw32/bin/../lib/gcc/nios2-elf/5.3.0/../../../../../H-x86_64-mingw32/nios2-elf/lib/pg\libc.a(lib_a-makebuf.o)
                0x000000000402d83c                __smakebuf_r
 .text          0x000000000402da04        0x0 c:/intelfpga_lite/18.1/nios2eds/bin/gnu/h-x86_64-mingw32/bin/../lib/gcc/nios2-elf/5.3.0/../../../../../H-x86_64-mingw32/nios2-elf/lib/pg\libc.a(lib_a-memchr.o)
 .text.memchr   0x000000000402da04       0xf0 c:/intelfpga_lite/18.1/nios2eds/bin/gnu/h-x86_64-mingw32/bin/../lib/gcc/nios2-elf/5.3.0/../../../../../H-x86_64-mingw32/nios2-elf/lib/pg\libc.a(lib_a-memchr.o)
                0x000000000402da04                memchr
 .text          0x000000000402daf4        0x0 c:/intelfpga_lite/18.1/nios2eds/bin/gnu/h-x86_64-mingw32/bin/../lib/gcc/nios2-elf/5.3.0/../../../../../H-x86_64-mingw32/nios2-elf/lib/pg\libc.a(lib_a-memcpy.o)
 .text.memcpy   0x000000000402daf4      0x154 c:/intelfpga_lite/18.1/nios2eds/bin/gnu/h-x86_64-mingw32/bin/../lib/gcc/nios2-elf/5.3.0/../../../../../H-x86_64-mingw32/nios2-elf/lib/pg\libc.a(lib_a-memcpy.o)
                0x000000000402daf4                memcpy
 .text          0x000000000402dc48        0x0 c:/intelfpga_lite/18.1/nios2eds/bin/gnu/h-x86_64-mingw32/bin/../lib/gcc/nios2-elf/5.3.0/../../../../../H-x86_64-mingw32/nios2-elf/lib/pg\libc.a(lib_a-memmove.o)
 .text.memmove  0x000000000402dc48      0x164 c:/intelfpga_lite/18.1/nios2eds/bin/gnu/h-x86_64-mingw32/bin/../lib/gcc/nios2-elf/5.3.0/../../../../../H-x86_64-mingw32/nios2-elf/lib/pg\libc.a(lib_a-memmove.o)
                0x000000000402dc48                memmove
 .text          0x000000000402ddac        0x0 c:/intelfpga_lite/18.1/nios2eds/bin/gnu/h-x86_64-mingw32/bin/../lib/gcc/nios2-elf/5.3.0/../../../../../H-x86_64-mingw32/nios2-elf/lib/pg\libc.a(lib_a-mprec.o)
 .text._Balloc  0x000000000402ddac       0xb4 c:/intelfpga_lite/18.1/nios2eds/bin/gnu/h-x86_64-mingw32/bin/../lib/gcc/nios2-elf/5.3.0/../../../../../H-x86_64-mingw32/nios2-elf/lib/pg\libc.a(lib_a-mprec.o)
                0x000000000402ddac                _Balloc
 .text._Bfree   0x000000000402de60       0x34 c:/intelfpga_lite/18.1/nios2eds/bin/gnu/h-x86_64-mingw32/bin/../lib/gcc/nios2-elf/5.3.0/../../../../../H-x86_64-mingw32/nios2-elf/lib/pg\libc.a(lib_a-mprec.o)
                0x000000000402de60                _Bfree
 .text.__multadd
                0x000000000402de94      0x12c c:/intelfpga_lite/18.1/nios2eds/bin/gnu/h-x86_64-mingw32/bin/../lib/gcc/nios2-elf/5.3.0/../../../../../H-x86_64-mingw32/nios2-elf/lib/pg\libc.a(lib_a-mprec.o)
                0x000000000402de94                __multadd
 .text.__s2b    0x000000000402dfc0      0x110 c:/intelfpga_lite/18.1/nios2eds/bin/gnu/h-x86_64-mingw32/bin/../lib/gcc/nios2-elf/5.3.0/../../../../../H-x86_64-mingw32/nios2-elf/lib/pg\libc.a(lib_a-mprec.o)
                0x000000000402dfc0                __s2b
 .text.__hi0bits
                0x000000000402e0d0       0x74 c:/intelfpga_lite/18.1/nios2eds/bin/gnu/h-x86_64-mingw32/bin/../lib/gcc/nios2-elf/5.3.0/../../../../../H-x86_64-mingw32/nios2-elf/lib/pg\libc.a(lib_a-mprec.o)
                0x000000000402e0d0                __hi0bits
 .text.__lo0bits
                0x000000000402e144       0xbc c:/intelfpga_lite/18.1/nios2eds/bin/gnu/h-x86_64-mingw32/bin/../lib/gcc/nios2-elf/5.3.0/../../../../../H-x86_64-mingw32/nios2-elf/lib/pg\libc.a(lib_a-mprec.o)
                0x000000000402e144                __lo0bits
 .text.__i2b    0x000000000402e200       0x48 c:/intelfpga_lite/18.1/nios2eds/bin/gnu/h-x86_64-mingw32/bin/../lib/gcc/nios2-elf/5.3.0/../../../../../H-x86_64-mingw32/nios2-elf/lib/pg\libc.a(lib_a-mprec.o)
                0x000000000402e200                __i2b
 .text.__multiply
                0x000000000402e248      0x204 c:/intelfpga_lite/18.1/nios2eds/bin/gnu/h-x86_64-mingw32/bin/../lib/gcc/nios2-elf/5.3.0/../../../../../H-x86_64-mingw32/nios2-elf/lib/pg\libc.a(lib_a-mprec.o)
                0x000000000402e248                __multiply
 .text.__pow5mult
                0x000000000402e44c      0x14c c:/intelfpga_lite/18.1/nios2eds/bin/gnu/h-x86_64-mingw32/bin/../lib/gcc/nios2-elf/5.3.0/../../../../../H-x86_64-mingw32/nios2-elf/lib/pg\libc.a(lib_a-mprec.o)
                0x000000000402e44c                __pow5mult
 .text.__lshift
                0x000000000402e598      0x154 c:/intelfpga_lite/18.1/nios2eds/bin/gnu/h-x86_64-mingw32/bin/../lib/gcc/nios2-elf/5.3.0/../../../../../H-x86_64-mingw32/nios2-elf/lib/pg\libc.a(lib_a-mprec.o)
                0x000000000402e598                __lshift
 .text.__mcmp   0x000000000402e6ec       0x6c c:/intelfpga_lite/18.1/nios2eds/bin/gnu/h-x86_64-mingw32/bin/../lib/gcc/nios2-elf/5.3.0/../../../../../H-x86_64-mingw32/nios2-elf/lib/pg\libc.a(lib_a-mprec.o)
                0x000000000402e6ec                __mcmp
 .text.__mdiff  0x000000000402e758      0x208 c:/intelfpga_lite/18.1/nios2eds/bin/gnu/h-x86_64-mingw32/bin/../lib/gcc/nios2-elf/5.3.0/../../../../../H-x86_64-mingw32/nios2-elf/lib/pg\libc.a(lib_a-mprec.o)
                0x000000000402e758                __mdiff
 .text.__ulp    0x000000000402e960       0x6c c:/intelfpga_lite/18.1/nios2eds/bin/gnu/h-x86_64-mingw32/bin/../lib/gcc/nios2-elf/5.3.0/../../../../../H-x86_64-mingw32/nios2-elf/lib/pg\libc.a(lib_a-mprec.o)
                0x000000000402e960                __ulp
 .text.__b2d    0x000000000402e9cc      0x118 c:/intelfpga_lite/18.1/nios2eds/bin/gnu/h-x86_64-mingw32/bin/../lib/gcc/nios2-elf/5.3.0/../../../../../H-x86_64-mingw32/nios2-elf/lib/pg\libc.a(lib_a-mprec.o)
                0x000000000402e9cc                __b2d
 .text.__d2b    0x000000000402eae4      0x158 c:/intelfpga_lite/18.1/nios2eds/bin/gnu/h-x86_64-mingw32/bin/../lib/gcc/nios2-elf/5.3.0/../../../../../H-x86_64-mingw32/nios2-elf/lib/pg\libc.a(lib_a-mprec.o)
                0x000000000402eae4                __d2b
 .text.__ratio  0x000000000402ec3c       0xb0 c:/intelfpga_lite/18.1/nios2eds/bin/gnu/h-x86_64-mingw32/bin/../lib/gcc/nios2-elf/5.3.0/../../../../../H-x86_64-mingw32/nios2-elf/lib/pg\libc.a(lib_a-mprec.o)
                0x000000000402ec3c                __ratio
 .text._mprec_log10
                0x000000000402ecec       0x80 c:/intelfpga_lite/18.1/nios2eds/bin/gnu/h-x86_64-mingw32/bin/../lib/gcc/nios2-elf/5.3.0/../../../../../H-x86_64-mingw32/nios2-elf/lib/pg\libc.a(lib_a-mprec.o)
                0x000000000402ecec                _mprec_log10
 .text.__copybits
                0x000000000402ed6c       0x84 c:/intelfpga_lite/18.1/nios2eds/bin/gnu/h-x86_64-mingw32/bin/../lib/gcc/nios2-elf/5.3.0/../../../../../H-x86_64-mingw32/nios2-elf/lib/pg\libc.a(lib_a-mprec.o)
                0x000000000402ed6c                __copybits
 .text.__any_on
                0x000000000402edf0       0x94 c:/intelfpga_lite/18.1/nios2eds/bin/gnu/h-x86_64-mingw32/bin/../lib/gcc/nios2-elf/5.3.0/../../../../../H-x86_64-mingw32/nios2-elf/lib/pg\libc.a(lib_a-mprec.o)
                0x000000000402edf0                __any_on
 .text          0x000000000402ee84        0x0 c:/intelfpga_lite/18.1/nios2eds/bin/gnu/h-x86_64-mingw32/bin/../lib/gcc/nios2-elf/5.3.0/../../../../../H-x86_64-mingw32/nios2-elf/lib/pg\libc.a(lib_a-putc.o)
 .text._putc_r  0x000000000402ee84       0xac c:/intelfpga_lite/18.1/nios2eds/bin/gnu/h-x86_64-mingw32/bin/../lib/gcc/nios2-elf/5.3.0/../../../../../H-x86_64-mingw32/nios2-elf/lib/pg\libc.a(lib_a-putc.o)
                0x000000000402ee84                _putc_r
 .text.putc     0x000000000402ef30       0xd4 c:/intelfpga_lite/18.1/nios2eds/bin/gnu/h-x86_64-mingw32/bin/../lib/gcc/nios2-elf/5.3.0/../../../../../H-x86_64-mingw32/nios2-elf/lib/pg\libc.a(lib_a-putc.o)
                0x000000000402ef30                putc
 .text          0x000000000402f004        0x0 c:/intelfpga_lite/18.1/nios2eds/bin/gnu/h-x86_64-mingw32/bin/../lib/gcc/nios2-elf/5.3.0/../../../../../H-x86_64-mingw32/nios2-elf/lib/pg\libc.a(lib_a-reallocr.o)
 .text._realloc_r
                0x000000000402f004      0x570 c:/intelfpga_lite/18.1/nios2eds/bin/gnu/h-x86_64-mingw32/bin/../lib/gcc/nios2-elf/5.3.0/../../../../../H-x86_64-mingw32/nios2-elf/lib/pg\libc.a(lib_a-reallocr.o)
                0x000000000402f004                _realloc_r
 .text          0x000000000402f574        0x0 c:/intelfpga_lite/18.1/nios2eds/bin/gnu/h-x86_64-mingw32/bin/../lib/gcc/nios2-elf/5.3.0/../../../../../H-x86_64-mingw32/nios2-elf/lib/pg\libc.a(lib_a-s_fpclassify.o)
 .text.__fpclassifyd
                0x000000000402f574       0x80 c:/intelfpga_lite/18.1/nios2eds/bin/gnu/h-x86_64-mingw32/bin/../lib/gcc/nios2-elf/5.3.0/../../../../../H-x86_64-mingw32/nios2-elf/lib/pg\libc.a(lib_a-s_fpclassify.o)
                0x000000000402f574                __fpclassifyd
 .text          0x000000000402f5f4        0x0 c:/intelfpga_lite/18.1/nios2eds/bin/gnu/h-x86_64-mingw32/bin/../lib/gcc/nios2-elf/5.3.0/../../../../../H-x86_64-mingw32/nios2-elf/lib/pg\libc.a(lib_a-stdio.o)
 .text.__sread  0x000000000402f5f4       0x60 c:/intelfpga_lite/18.1/nios2eds/bin/gnu/h-x86_64-mingw32/bin/../lib/gcc/nios2-elf/5.3.0/../../../../../H-x86_64-mingw32/nios2-elf/lib/pg\libc.a(lib_a-stdio.o)
                0x000000000402f5f4                __sread
 .text.__seofread
                0x000000000402f654       0x14 c:/intelfpga_lite/18.1/nios2eds/bin/gnu/h-x86_64-mingw32/bin/../lib/gcc/nios2-elf/5.3.0/../../../../../H-x86_64-mingw32/nios2-elf/lib/pg\libc.a(lib_a-stdio.o)
                0x000000000402f654                __seofread
 .text.__swrite
                0x000000000402f668       0x88 c:/intelfpga_lite/18.1/nios2eds/bin/gnu/h-x86_64-mingw32/bin/../lib/gcc/nios2-elf/5.3.0/../../../../../H-x86_64-mingw32/nios2-elf/lib/pg\libc.a(lib_a-stdio.o)
                0x000000000402f668                __swrite
 .text.__sseek  0x000000000402f6f0       0x68 c:/intelfpga_lite/18.1/nios2eds/bin/gnu/h-x86_64-mingw32/bin/../lib/gcc/nios2-elf/5.3.0/../../../../../H-x86_64-mingw32/nios2-elf/lib/pg\libc.a(lib_a-stdio.o)
                0x000000000402f6f0                __sseek
 .text.__sclose
                0x000000000402f758       0x14 c:/intelfpga_lite/18.1/nios2eds/bin/gnu/h-x86_64-mingw32/bin/../lib/gcc/nios2-elf/5.3.0/../../../../../H-x86_64-mingw32/nios2-elf/lib/pg\libc.a(lib_a-stdio.o)
                0x000000000402f758                __sclose
 .text          0x000000000402f76c        0x0 c:/intelfpga_lite/18.1/nios2eds/bin/gnu/h-x86_64-mingw32/bin/../lib/gcc/nios2-elf/5.3.0/../../../../../H-x86_64-mingw32/nios2-elf/lib/pg\libc.a(lib_a-vfiprintf.o)
 .text.__sprint_r.part.0
                0x000000000402f76c      0x108 c:/intelfpga_lite/18.1/nios2eds/bin/gnu/h-x86_64-mingw32/bin/../lib/gcc/nios2-elf/5.3.0/../../../../../H-x86_64-mingw32/nios2-elf/lib/pg\libc.a(lib_a-vfiprintf.o)
 .text.__sprint_r
                0x000000000402f874       0x24 c:/intelfpga_lite/18.1/nios2eds/bin/gnu/h-x86_64-mingw32/bin/../lib/gcc/nios2-elf/5.3.0/../../../../../H-x86_64-mingw32/nios2-elf/lib/pg\libc.a(lib_a-vfiprintf.o)
                0x000000000402f874                __sprint_r
 .text.___vfiprintf_internal_r
                0x000000000402f898     0x1468 c:/intelfpga_lite/18.1/nios2eds/bin/gnu/h-x86_64-mingw32/bin/../lib/gcc/nios2-elf/5.3.0/../../../../../H-x86_64-mingw32/nios2-elf/lib/pg\libc.a(lib_a-vfiprintf.o)
                0x000000000402f898                ___vfiprintf_internal_r
 .text.__vfiprintf_internal
                0x0000000004030d00       0x28 c:/intelfpga_lite/18.1/nios2eds/bin/gnu/h-x86_64-mingw32/bin/../lib/gcc/nios2-elf/5.3.0/../../../../../H-x86_64-mingw32/nios2-elf/lib/pg\libc.a(lib_a-vfiprintf.o)
                0x0000000004030d00                __vfiprintf_internal
 .text.__sbprintf
                0x0000000004030d28       0xc8 c:/intelfpga_lite/18.1/nios2eds/bin/gnu/h-x86_64-mingw32/bin/../lib/gcc/nios2-elf/5.3.0/../../../../../H-x86_64-mingw32/nios2-elf/lib/pg\libc.a(lib_a-vfiprintf.o)
 .text          0x0000000004030df0        0x0 c:/intelfpga_lite/18.1/nios2eds/bin/gnu/h-x86_64-mingw32/bin/../lib/gcc/nios2-elf/5.3.0/../../../../../H-x86_64-mingw32/nios2-elf/lib/pg\libc.a(lib_a-wbuf.o)
 .text.__swbuf_r
                0x0000000004030df0      0x14c c:/intelfpga_lite/18.1/nios2eds/bin/gnu/h-x86_64-mingw32/bin/../lib/gcc/nios2-elf/5.3.0/../../../../../H-x86_64-mingw32/nios2-elf/lib/pg\libc.a(lib_a-wbuf.o)
                0x0000000004030df0                __swbuf_r
 .text.__swbuf  0x0000000004030f3c       0x24 c:/intelfpga_lite/18.1/nios2eds/bin/gnu/h-x86_64-mingw32/bin/../lib/gcc/nios2-elf/5.3.0/../../../../../H-x86_64-mingw32/nios2-elf/lib/pg\libc.a(lib_a-wbuf.o)
                0x0000000004030f3c                __swbuf
 .text          0x0000000004030f60        0x0 c:/intelfpga_lite/18.1/nios2eds/bin/gnu/h-x86_64-mingw32/bin/../lib/gcc/nios2-elf/5.3.0/../../../../../H-x86_64-mingw32/nios2-elf/lib/pg\libc.a(lib_a-writer.o)
 .text._write_r
                0x0000000004030f60       0x6c c:/intelfpga_lite/18.1/nios2eds/bin/gnu/h-x86_64-mingw32/bin/../lib/gcc/nios2-elf/5.3.0/../../../../../H-x86_64-mingw32/nios2-elf/lib/pg\libc.a(lib_a-writer.o)
                0x0000000004030f60                _write_r
 .text          0x0000000004030fcc        0x0 c:/intelfpga_lite/18.1/nios2eds/bin/gnu/h-x86_64-mingw32/bin/../lib/gcc/nios2-elf/5.3.0/../../../../../H-x86_64-mingw32/nios2-elf/lib/pg\libc.a(closer.o)
 .text._close_r
                0x0000000004030fcc       0x60 c:/intelfpga_lite/18.1/nios2eds/bin/gnu/h-x86_64-mingw32/bin/../lib/gcc/nios2-elf/5.3.0/../../../../../H-x86_64-mingw32/nios2-elf/lib/pg\libc.a(closer.o)
                0x0000000004030fcc                _close_r
 .text          0x000000000403102c        0x0 c:/intelfpga_lite/18.1/nios2eds/bin/gnu/h-x86_64-mingw32/bin/../lib/gcc/nios2-elf/5.3.0/../../../../../H-x86_64-mingw32/nios2-elf/lib/pg\libc.a(lib_a-callocr.o)
 .text._calloc_r
                0x000000000403102c       0xd0 c:/intelfpga_lite/18.1/nios2eds/bin/gnu/h-x86_64-mingw32/bin/../lib/gcc/nios2-elf/5.3.0/../../../../../H-x86_64-mingw32/nios2-elf/lib/pg\libc.a(lib_a-callocr.o)
                0x000000000403102c                _calloc_r
 .text          0x00000000040310fc        0x0 c:/intelfpga_lite/18.1/nios2eds/bin/gnu/h-x86_64-mingw32/bin/../lib/gcc/nios2-elf/5.3.0/../../../../../H-x86_64-mingw32/nios2-elf/lib/pg\libc.a(lib_a-fclose.o)
 .text._fclose_r
                0x00000000040310fc       0xfc c:/intelfpga_lite/18.1/nios2eds/bin/gnu/h-x86_64-mingw32/bin/../lib/gcc/nios2-elf/5.3.0/../../../../../H-x86_64-mingw32/nios2-elf/lib/pg\libc.a(lib_a-fclose.o)
                0x00000000040310fc                _fclose_r
 .text.fclose   0x00000000040311f8       0x20 c:/intelfpga_lite/18.1/nios2eds/bin/gnu/h-x86_64-mingw32/bin/../lib/gcc/nios2-elf/5.3.0/../../../../../H-x86_64-mingw32/nios2-elf/lib/pg\libc.a(lib_a-fclose.o)
                0x00000000040311f8                fclose
 .text          0x0000000004031218        0x0 c:/intelfpga_lite/18.1/nios2eds/bin/gnu/h-x86_64-mingw32/bin/../lib/gcc/nios2-elf/5.3.0/../../../../../H-x86_64-mingw32/nios2-elf/lib/pg\libc.a(lib_a-fputwc.o)
 .text.__fputwc
                0x0000000004031218      0x170 c:/intelfpga_lite/18.1/nios2eds/bin/gnu/h-x86_64-mingw32/bin/../lib/gcc/nios2-elf/5.3.0/../../../../../H-x86_64-mingw32/nios2-elf/lib/pg\libc.a(lib_a-fputwc.o)
                0x0000000004031218                __fputwc
 .text._fputwc_r
                0x0000000004031388       0x30 c:/intelfpga_lite/18.1/nios2eds/bin/gnu/h-x86_64-mingw32/bin/../lib/gcc/nios2-elf/5.3.0/../../../../../H-x86_64-mingw32/nios2-elf/lib/pg\libc.a(lib_a-fputwc.o)
                0x0000000004031388                _fputwc_r
 .text.fputwc   0x00000000040313b8       0x8c c:/intelfpga_lite/18.1/nios2eds/bin/gnu/h-x86_64-mingw32/bin/../lib/gcc/nios2-elf/5.3.0/../../../../../H-x86_64-mingw32/nios2-elf/lib/pg\libc.a(lib_a-fputwc.o)
                0x00000000040313b8                fputwc
 .text          0x0000000004031444        0x0 c:/intelfpga_lite/18.1/nios2eds/bin/gnu/h-x86_64-mingw32/bin/../lib/gcc/nios2-elf/5.3.0/../../../../../H-x86_64-mingw32/nios2-elf/lib/pg\libc.a(lib_a-fstatr.o)
 .text._fstat_r
                0x0000000004031444       0x68 c:/intelfpga_lite/18.1/nios2eds/bin/gnu/h-x86_64-mingw32/bin/../lib/gcc/nios2-elf/5.3.0/../../../../../H-x86_64-mingw32/nios2-elf/lib/pg\libc.a(lib_a-fstatr.o)
                0x0000000004031444                _fstat_r
 .text          0x00000000040314ac        0x0 c:/intelfpga_lite/18.1/nios2eds/bin/gnu/h-x86_64-mingw32/bin/../lib/gcc/nios2-elf/5.3.0/../../../../../H-x86_64-mingw32/nios2-elf/lib/pg\libc.a(lib_a-isattyr.o)
 .text._isatty_r
                0x00000000040314ac       0x60 c:/intelfpga_lite/18.1/nios2eds/bin/gnu/h-x86_64-mingw32/bin/../lib/gcc/nios2-elf/5.3.0/../../../../../H-x86_64-mingw32/nios2-elf/lib/pg\libc.a(lib_a-isattyr.o)
                0x00000000040314ac                _isatty_r
 .text          0x000000000403150c        0x0 c:/intelfpga_lite/18.1/nios2eds/bin/gnu/h-x86_64-mingw32/bin/../lib/gcc/nios2-elf/5.3.0/../../../../../H-x86_64-mingw32/nios2-elf/lib/pg\libc.a(lib_a-lseekr.o)
 .text._lseek_r
                0x000000000403150c       0x6c c:/intelfpga_lite/18.1/nios2eds/bin/gnu/h-x86_64-mingw32/bin/../lib/gcc/nios2-elf/5.3.0/../../../../../H-x86_64-mingw32/nios2-elf/lib/pg\libc.a(lib_a-lseekr.o)
                0x000000000403150c                _lseek_r
 .text          0x0000000004031578        0x0 c:/intelfpga_lite/18.1/nios2eds/bin/gnu/h-x86_64-mingw32/bin/../lib/gcc/nios2-elf/5.3.0/../../../../../H-x86_64-mingw32/nios2-elf/lib/pg\libc.a(lib_a-readr.o)
 .text._read_r  0x0000000004031578       0x6c c:/intelfpga_lite/18.1/nios2eds/bin/gnu/h-x86_64-mingw32/bin/../lib/gcc/nios2-elf/5.3.0/../../../../../H-x86_64-mingw32/nios2-elf/lib/pg\libc.a(lib_a-readr.o)
                0x0000000004031578                _read_r
 .text          0x00000000040315e4        0x0 c:/intelfpga_lite/18.1/nios2eds/bin/gnu/h-x86_64-mingw32/bin/../lib/gcc/nios2-elf/5.3.0/../../../../../H-x86_64-mingw32/nios2-elf/lib/pg\libc.a(lib_a-wcrtomb.o)
 .text._wcrtomb_r
                0x00000000040315e4       0xa8 c:/intelfpga_lite/18.1/nios2eds/bin/gnu/h-x86_64-mingw32/bin/../lib/gcc/nios2-elf/5.3.0/../../../../../H-x86_64-mingw32/nios2-elf/lib/pg\libc.a(lib_a-wcrtomb.o)
                0x00000000040315e4                _wcrtomb_r
 .text.wcrtomb  0x000000000403168c       0xcc c:/intelfpga_lite/18.1/nios2eds/bin/gnu/h-x86_64-mingw32/bin/../lib/gcc/nios2-elf/5.3.0/../../../../../H-x86_64-mingw32/nios2-elf/lib/pg\libc.a(lib_a-wcrtomb.o)
                0x000000000403168c                wcrtomb
 .text          0x0000000004031758        0x0 c:/intelfpga_lite/18.1/nios2eds/bin/gnu/h-x86_64-mingw32/bin/../lib/gcc/nios2-elf/5.3.0/../../../../../H-x86_64-mingw32/nios2-elf/lib/pg\libc.a(lib_a-wctomb_r.o)
 .text.__ascii_wctomb
                0x0000000004031758       0x3c c:/intelfpga_lite/18.1/nios2eds/bin/gnu/h-x86_64-mingw32/bin/../lib/gcc/nios2-elf/5.3.0/../../../../../H-x86_64-mingw32/nios2-elf/lib/pg\libc.a(lib_a-wctomb_r.o)
                0x0000000004031758                __ascii_wctomb
 .text._wctomb_r
                0x0000000004031794       0x68 c:/intelfpga_lite/18.1/nios2eds/bin/gnu/h-x86_64-mingw32/bin/../lib/gcc/nios2-elf/5.3.0/../../../../../H-x86_64-mingw32/nios2-elf/lib/pg\libc.a(lib_a-wctomb_r.o)
                0x0000000004031794                _wctomb_r
 .text          0x00000000040317fc       0x6c c:/intelfpga_lite/18.1/nios2eds/bin/gnu/h-x86_64-mingw32/bin/../lib/gcc/nios2-elf/5.3.0/pg\libgcc.a(_muldi3.o)
                0x00000000040317fc                __muldi3
 .text          0x0000000004031868      0x584 c:/intelfpga_lite/18.1/nios2eds/bin/gnu/h-x86_64-mingw32/bin/../lib/gcc/nios2-elf/5.3.0/pg\libgcc.a(_udivdi3.o)
                0x0000000004031868                __udivdi3
 .text          0x0000000004031dec      0x544 c:/intelfpga_lite/18.1/nios2eds/bin/gnu/h-x86_64-mingw32/bin/../lib/gcc/nios2-elf/5.3.0/pg\libgcc.a(_umoddi3.o)
                0x0000000004031dec                __umoddi3
 .text          0x0000000004032330      0x8b8 c:/intelfpga_lite/18.1/nios2eds/bin/gnu/h-x86_64-mingw32/bin/../lib/gcc/nios2-elf/5.3.0/pg\libgcc.a(adddf3.o)
                0x0000000004032330                __adddf3
 .text          0x0000000004032be8       0x90 c:/intelfpga_lite/18.1/nios2eds/bin/gnu/h-x86_64-mingw32/bin/../lib/gcc/nios2-elf/5.3.0/pg\libgcc.a(eqdf2.o)
                0x0000000004032be8                __nedf2
                0x0000000004032be8                __eqdf2
 .text          0x0000000004032c78       0xe4 c:/intelfpga_lite/18.1/nios2eds/bin/gnu/h-x86_64-mingw32/bin/../lib/gcc/nios2-elf/5.3.0/pg\libgcc.a(gedf2.o)
                0x0000000004032c78                __gedf2
                0x0000000004032c78                __gtdf2
 .text          0x0000000004032d5c       0xf8 c:/intelfpga_lite/18.1/nios2eds/bin/gnu/h-x86_64-mingw32/bin/../lib/gcc/nios2-elf/5.3.0/pg\libgcc.a(ledf2.o)
                0x0000000004032d5c                __ledf2
                0x0000000004032d5c                __ltdf2
 .text          0x0000000004032e54      0x724 c:/intelfpga_lite/18.1/nios2eds/bin/gnu/h-x86_64-mingw32/bin/../lib/gcc/nios2-elf/5.3.0/pg\libgcc.a(muldf3.o)
                0x0000000004032e54                __muldf3
 .text          0x0000000004033578      0x908 c:/intelfpga_lite/18.1/nios2eds/bin/gnu/h-x86_64-mingw32/bin/../lib/gcc/nios2-elf/5.3.0/pg\libgcc.a(subdf3.o)
                0x0000000004033578                __subdf3
 .text          0x0000000004033e80       0x8c c:/intelfpga_lite/18.1/nios2eds/bin/gnu/h-x86_64-mingw32/bin/../lib/gcc/nios2-elf/5.3.0/pg\libgcc.a(fixdfsi.o)
                0x0000000004033e80                __fixdfsi
 .text          0x0000000004033f0c       0xb4 c:/intelfpga_lite/18.1/nios2eds/bin/gnu/h-x86_64-mingw32/bin/../lib/gcc/nios2-elf/5.3.0/pg\libgcc.a(floatunsidf.o)
                0x0000000004033f0c                __floatunsidf
 .text          0x0000000004033fc0       0xc8 ../LUTBrain_NIOS_bsp/\libhal_bsp.a(alt_close.o)
                0x0000000004033fc0                close
 .text          0x0000000004034088       0x14 ../LUTBrain_NIOS_bsp/\libhal_bsp.a(alt_dev.o)
 .text          0x000000000403409c        0x0 ../LUTBrain_NIOS_bsp/\libhal_bsp.a(alt_errno.o)
 .text          0x000000000403409c       0x44 ../LUTBrain_NIOS_bsp/\libhal_bsp.a(alt_exit.o)
                0x000000000403409c                _exit
 .text          0x00000000040340e0       0x84 ../LUTBrain_NIOS_bsp/\libhal_bsp.a(alt_fstat.o)
                0x00000000040340e0                fstat
 .text          0x0000000004034164       0x14 ../LUTBrain_NIOS_bsp/\libhal_bsp.a(alt_getpid.o)
                0x0000000004034164                getpid
 .text          0x0000000004034178      0x1f0 ../LUTBrain_NIOS_bsp/\libhal_bsp.a(alt_gmon.o)
                0x00000000040341c0                __mcount_record
 .text          0x0000000004034368       0x90 ../LUTBrain_NIOS_bsp/\libhal_bsp.a(alt_isatty.o)
                0x0000000004034368                isatty
 .text          0x00000000040343f8      0x104 ../LUTBrain_NIOS_bsp/\libhal_bsp.a(alt_kill.o)
                0x00000000040343f8                kill
 .text          0x00000000040344fc       0xd8 ../LUTBrain_NIOS_bsp/\libhal_bsp.a(alt_load.o)
                0x00000000040344fc                alt_load
 .text          0x00000000040345d4       0x88 ../LUTBrain_NIOS_bsp/\libhal_bsp.a(alt_lseek.o)
                0x00000000040345d4                lseek
 .text          0x000000000403465c       0x6c ../LUTBrain_NIOS_bsp/\libhal_bsp.a(alt_main.o)
                0x000000000403465c                alt_main
 .text          0x00000000040346c8       0x20 ../LUTBrain_NIOS_bsp/\libhal_bsp.a(alt_malloc_lock.o)
                0x00000000040346c8                __malloc_lock
                0x00000000040346d8                __malloc_unlock
 .text          0x00000000040346e8       0x9c ../LUTBrain_NIOS_bsp/\libhal_bsp.a(alt_mcount.o)
                0x00000000040346e8                _mcount
                0x00000000040346e8                mcount
 .text          0x0000000004034784       0xd4 ../LUTBrain_NIOS_bsp/\libhal_bsp.a(alt_read.o)
                0x0000000004034784                read
 .text          0x0000000004034858       0x30 ../LUTBrain_NIOS_bsp/\libhal_bsp.a(alt_release_fd.o)
                0x0000000004034858                alt_release_fd
 .text          0x0000000004034888       0x4c ../LUTBrain_NIOS_bsp/\libhal_bsp.a(alt_sbrk.o)
                0x0000000004034888                sbrk
 .text          0x00000000040348d4      0x140 ../LUTBrain_NIOS_bsp/\libhal_bsp.a(alt_tick.o)
                0x00000000040348d4                alt_alarm_stop
                0x0000000004034914                alt_tick
 .text          0x0000000004034a14       0xd0 ../LUTBrain_NIOS_bsp/\libhal_bsp.a(alt_write.o)
                0x0000000004034a14                write
 .text          0x0000000004034ae4       0xa4 ../LUTBrain_NIOS_bsp/\libhal_bsp.a(alt_sys_init.o)
                0x0000000004034ae4                alt_irq_init
                0x0000000004034b10                alt_sys_init
 .text          0x0000000004034b88       0x6c ../LUTBrain_NIOS_bsp/\libhal_bsp.a(altera_avalon_jtag_uart_fd.o)
                0x0000000004034b88                altera_avalon_jtag_uart_read_fd
                0x0000000004034ba4                altera_avalon_jtag_uart_write_fd
                0x0000000004034bc0                altera_avalon_jtag_uart_close_fd
                0x0000000004034bdc                altera_avalon_jtag_uart_ioctl_fd
 .text          0x0000000004034bf4      0x248 ../LUTBrain_NIOS_bsp/\libhal_bsp.a(altera_avalon_jtag_uart_init.o)
                0x0000000004034d60                altera_avalon_jtag_uart_init
                0x0000000004034de4                altera_avalon_jtag_uart_close
 .text          0x0000000004034e3c       0x80 ../LUTBrain_NIOS_bsp/\libhal_bsp.a(altera_avalon_jtag_uart_ioctl.o)
                0x0000000004034e3c                altera_avalon_jtag_uart_ioctl
 .text          0x0000000004034ebc      0x160 ../LUTBrain_NIOS_bsp/\libhal_bsp.a(altera_avalon_jtag_uart_read.o)
                0x0000000004034ebc                altera_avalon_jtag_uart_read
 .text          0x000000000403501c      0x1ac ../LUTBrain_NIOS_bsp/\libhal_bsp.a(altera_avalon_jtag_uart_write.o)