Archive member included to satisfy reference by file (symbol)

c:/intelfpga_lite/18.1/nios2eds/bin/gnu/h-x86_64-mingw32/bin/../lib/gcc/nios2-elf/5.3.0/../../../../../H-x86_64-mingw32/nios2-elf/lib/pg\libstdc++.a(new_opv.o)
                              obj/default/Image.o (operator new[](unsigned int))
c:/intelfpga_lite/18.1/nios2eds/bin/gnu/h-x86_64-mingw32/bin/../lib/gcc/nios2-elf/5.3.0/../../../../../H-x86_64-mingw32/nios2-elf/lib/pg\libstdc++.a(new_op.o)
                              obj/default/Image.o (operator new(unsigned int))
c:/intelfpga_lite/18.1/nios2eds/bin/gnu/h-x86_64-mingw32/bin/../lib/gcc/nios2-elf/5.3.0/../../../../../H-x86_64-mingw32/nios2-elf/lib/pg\libstdc++.a(del_opv.o)
                              obj/default/Image.o (operator delete[](void*))
c:/intelfpga_lite/18.1/nios2eds/bin/gnu/h-x86_64-mingw32/bin/../lib/gcc/nios2-elf/5.3.0/../../../../../H-x86_64-mingw32/nios2-elf/lib/pg\libstdc++.a(new_handler.o)
                              c:/intelfpga_lite/18.1/nios2eds/bin/gnu/h-x86_64-mingw32/bin/../lib/gcc/nios2-elf/5.3.0/../../../../../H-x86_64-mingw32/nios2-elf/lib/pg\libstdc++.a(new_op.o) (std::get_new_handler())
c:/intelfpga_lite/18.1/nios2eds/bin/gnu/h-x86_64-mingw32/bin/../lib/gcc/nios2-elf/5.3.0/../../../../../H-x86_64-mingw32/nios2-elf/lib/pg\libstdc++.a(eh_personality.o)
                              obj/default/Image.o (__gxx_personality_sj0)
c:/intelfpga_lite/18.1/nios2eds/bin/gnu/h-x86_64-mingw32/bin/../lib/gcc/nios2-elf/5.3.0/../../../../../H-x86_64-mingw32/nios2-elf/lib/pg\libstdc++.a(bad_alloc.o)
                              c:/intelfpga_lite/18.1/nios2eds/bin/gnu/h-x86_64-mingw32/bin/../lib/gcc/nios2-elf/5.3.0/../../../../../H-x86_64-mingw32/nios2-elf/lib/pg\libstdc++.a(new_op.o) (vtable for std::bad_alloc)
c:/intelfpga_lite/18.1/nios2eds/bin/gnu/h-x86_64-mingw32/bin/../lib/gcc/nios2-elf/5.3.0/../../../../../H-x86_64-mingw32/nios2-elf/lib/pg\libstdc++.a(del_op.o)
                              obj/default/Image.o (operator delete(void*))
c:/intelfpga_lite/18.1/nios2eds/bin/gnu/h-x86_64-mingw32/bin/../lib/gcc/nios2-elf/5.3.0/../../../../../H-x86_64-mingw32/nios2-elf/lib/pg\libstdc++.a(eh_throw.o)
                              c:/intelfpga_lite/18.1/nios2eds/bin/gnu/h-x86_64-mingw32/bin/../lib/gcc/nios2-elf/5.3.0/../../../../../H-x86_64-mingw32/nios2-elf/lib/pg\libstdc++.a(new_op.o) (__cxa_throw)
c:/intelfpga_lite/18.1/nios2eds/bin/gnu/h-x86_64-mingw32/bin/../lib/gcc/nios2-elf/5.3.0/../../../../../H-x86_64-mingw32/nios2-elf/lib/pg\libstdc++.a(eh_catch.o)
                              c:/intelfpga_lite/18.1/nios2eds/bin/gnu/h-x86_64-mingw32/bin/../lib/gcc/nios2-elf/5.3.0/../../../../../H-x86_64-mingw32/nios2-elf/lib/pg\libstdc++.a(eh_personality.o) (__cxa_begin_catch)
c:/intelfpga_lite/18.1/nios2eds/bin/gnu/h-x86_64-mingw32/bin/../lib/gcc/nios2-elf/5.3.0/../../../../../H-x86_64-mingw32/nios2-elf/lib/pg\libstdc++.a(class_type_info.o)
                              obj/default/NN.o (vtable for __cxxabiv1::__class_type_info)
c:/intelfpga_lite/18.1/nios2eds/bin/gnu/h-x86_64-mingw32/bin/../lib/gcc/nios2-elf/5.3.0/../../../../../H-x86_64-mingw32/nios2-elf/lib/pg\libstdc++.a(eh_terminate.o)
                              c:/intelfpga_lite/18.1/nios2eds/bin/gnu/h-x86_64-mingw32/bin/../lib/gcc/nios2-elf/5.3.0/../../../../../H-x86_64-mingw32/nios2-elf/lib/pg\libstdc++.a(eh_personality.o) (__cxxabiv1::__terminate(void (*)()))
c:/intelfpga_lite/18.1/nios2eds/bin/gnu/h-x86_64-mingw32/bin/../lib/gcc/nios2-elf/5.3.0/../../../../../H-x86_64-mingw32/nios2-elf/lib/pg\libstdc++.a(eh_unex_handler.o)
                              c:/intelfpga_lite/18.1/nios2eds/bin/gnu/h-x86_64-mingw32/bin/../lib/gcc/nios2-elf/5.3.0/../../../../../H-x86_64-mingw32/nios2-elf/lib/pg\libstdc++.a(eh_terminate.o) (__cxxabiv1::__unexpected_handler)
c:/intelfpga_lite/18.1/nios2eds/bin/gnu/h-x86_64-mingw32/bin/../lib/gcc/nios2-elf/5.3.0/../../../../../H-x86_64-mingw32/nios2-elf/lib/pg\libstdc++.a(eh_alloc.o)
                              c:/intelfpga_lite/18.1/nios2eds/bin/gnu/h-x86_64-mingw32/bin/../lib/gcc/nios2-elf/5.3.0/../../../../../H-x86_64-mingw32/nios2-elf/lib/pg\libstdc++.a(new_op.o) (__cxa_allocate_exception)
c:/intelfpga_lite/18.1/nios2eds/bin/gnu/h-x86_64-mingw32/bin/../lib/gcc/nios2-elf/5.3.0/../../../../../H-x86_64-mingw32/nios2-elf/lib/pg\libstdc++.a(eh_call.o)
                              c:/intelfpga_lite/18.1/nios2eds/bin/gnu/h-x86_64-mingw32/bin/../lib/gcc/nios2-elf/5.3.0/../../../../../H-x86_64-mingw32/nios2-elf/lib/pg\libstdc++.a(eh_personality.o) (__cxa_call_terminate)
c:/intelfpga_lite/18.1/nios2eds/bin/gnu/h-x86_64-mingw32/bin/../lib/gcc/nios2-elf/5.3.0/../../../../../H-x86_64-mingw32/nios2-elf/lib/pg\libstdc++.a(eh_globals.o)
                              c:/intelfpga_lite/18.1/nios2eds/bin/gnu/h-x86_64-mingw32/bin/../lib/gcc/nios2-elf/5.3.0/../../../../../H-x86_64-mingw32/nios2-elf/lib/pg\libstdc++.a(eh_personality.o) (__cxa_get_globals_fast)
[...]
Memory Configuration

Name             Origin             Length             Attributes
sdram            0x0000000000000000 0x0000000004000000
reset            0x0000000004020000 0x0000000000000020
onchip_memory2   0x0000000004020020 0x000000000001f3e0
*default*        0x0000000000000000 0xffffffffffffffff

Linker script and memory map

LOAD ../LUTBrain_NIOS_bsp//obj/HAL/src/crt0.o
LOAD obj/default/Image.o
LOAD obj/default/NN.o
LOAD obj/default/NNLayer.o
LOAD obj/default/VGA.o
LOAD obj/default/main.o
LOAD c:/intelfpga_lite/18.1/nios2eds/bin/gnu/h-x86_64-mingw32/bin/../lib/gcc/nios2-elf/5.3.0/../../../../../H-x86_64-mingw32/nios2-elf/lib/pg\libstdc++.a
LOAD c:/intelfpga_lite/18.1/nios2eds/bin/gnu/h-x86_64-mingw32/bin/../lib/gcc/nios2-elf/5.3.0/../../../../../H-x86_64-mingw32/nios2-elf/lib/pg\libm.a
LOAD c:/intelfpga_lite/18.1/nios2eds/bin/gnu/h-x86_64-mingw32/bin/../lib/gcc/nios2-elf/5.3.0/pg\libgcc.a
START GROUP
LOAD c:/intelfpga_lite/18.1/nios2eds/bin/gnu/h-x86_64-mingw32/bin/../lib/gcc/nios2-elf/5.3.0/../../../../../H-x86_64-mingw32/nios2-elf/lib/pg\libc.a
LOAD c:/intelfpga_lite/18.1/nios2eds/bin/gnu/h-x86_64-mingw32/bin/../lib/gcc/nios2-elf/5.3.0/pg\libgcc.a
LOAD ../LUTBrain_NIOS_bsp/\libhal_bsp.a
LOAD c:/intelfpga_lite/18.1/nios2eds/bin/gnu/h-x86_64-mingw32/bin/../lib/gcc/nios2-elf/5.3.0/../../../../../H-x86_64-mingw32/nios2-elf/lib/pg\libm.a
END GROUP
LOAD c:/intelfpga_lite/18.1/nios2eds/bin/gnu/h-x86_64-mingw32/bin/../lib/gcc/nios2-elf/5.3.0/pg\libgcc.a
                0x0000000000000000                __alt_mem_sdram = 0x0
                0x0000000004020000                __alt_mem_onchip_memory2 = 0x4020000

.entry          0x0000000004020000       0x20
 *(.entry)
 .entry         0x0000000004020000       0x20 ../LUTBrain_NIOS_bsp//obj/HAL/src/crt0.o
                0x0000000004020000                __reset

.exceptions     0x0000000004020020      0x184
                0x0000000004020020                PROVIDE (__ram_exceptions_start, ABSOLUTE (.))
                0x0000000004020020                . = ALIGN (0x20)
 *(.irq)
 *(.exceptions.entry.label)
 .exceptions.entry.label
                0x0000000004020020        0x0 ../LUTBrain_NIOS_bsp/\libhal_bsp.a(alt_irq_entry.o)
                0x0000000004020020                alt_irq_entry
 .exceptions.entry.label
                0x0000000004020020        0x0 ../LUTBrain_NIOS_bsp/\libhal_bsp.a(alt_exception_entry.o)
                0x0000000004020020                alt_exception
 *(.exceptions.entry.user)
 *(.exceptions.entry.ecc_fatal)
 *(.exceptions.entry)
 .exceptions.entry
                0x0000000004020020       0x54 ../LUTBrain_NIOS_bsp/\libhal_bsp.a(alt_exception_entry.o)
 *(.exceptions.irqtest.user)
 *(.exceptions.irqtest)
 .exceptions.irqtest
                0x0000000004020074       0x10 ../LUTBrain_NIOS_bsp/\libhal_bsp.a(alt_irq_entry.o)
 *(.exceptions.irqhandler.user)
 *(.exceptions.irqhandler)
 .exceptions.irqhandler
                0x0000000004020084        0x4 ../LUTBrain_NIOS_bsp/\libhal_bsp.a(alt_irq_entry.o)
 *(.exceptions.irqreturn.user)
 *(.exceptions.irqreturn)
 .exceptions.irqreturn
                0x0000000004020088        0x4 ../LUTBrain_NIOS_bsp/\libhal_bsp.a(alt_irq_entry.o)
 *(.exceptions.notirq.label)
 .exceptions.notirq.label
                0x000000000402008c        0x0 ../LUTBrain_NIOS_bsp/\libhal_bsp.a(alt_irq_entry.o)
 *(.exceptions.notirq.user)
 *(.exceptions.notirq)
 .exceptions.notirq
                0x000000000402008c        0x8 ../LUTBrain_NIOS_bsp/\libhal_bsp.a(alt_exception_entry.o)
 *(.exceptions.soft.user)
 *(.exceptions.soft)
 *(.exceptions.unknown.user)
 *(.exceptions.unknown)
 .exceptions.unknown
                0x0000000004020094       0x14 ../LUTBrain_NIOS_bsp/\libhal_bsp.a(alt_exception_entry.o)
 *(.exceptions.exit.label)
 .exceptions.exit.label
                0x00000000040200a8        0x0 ../LUTBrain_NIOS_bsp/\libhal_bsp.a(alt_irq_entry.o)
 .exceptions.exit.label
                0x00000000040200a8        0x0 ../LUTBrain_NIOS_bsp/\libhal_bsp.a(alt_exception_entry.o)
 *(.exceptions.exit.user)
 *(.exceptions.exit)
 .exceptions.exit
                0x00000000040200a8       0x54 ../LUTBrain_NIOS_bsp/\libhal_bsp.a(alt_exception_entry.o)
 *(.exceptions)
 .exceptions    0x00000000040200fc       0x70 ../LUTBrain_NIOS_bsp/\libhal_bsp.a(alt_irq_handler.o)
                0x00000000040200fc                alt_irq_handler
 .exceptions    0x000000000402016c       0x38 ../LUTBrain_NIOS_bsp/\libhal_bsp.a(alt_instruction_exception_entry.o)
                0x000000000402016c                alt_instruction_exception_entry
                0x00000000040201a4                PROVIDE (__ram_exceptions_end, ABSOLUTE (.))
                0x0000000004020020                PROVIDE (__flash_exceptions_start, LOADADDR (.exceptions))

.text           0x00000000040201a4    0x15bf4
                0x00000000040201a4                PROVIDE (stext, ABSOLUTE (.))
 *(.interp)
 *(.hash)
 *(.dynsym)
 *(.dynstr)
 *(.gnu.version)
 *(.gnu.version_d)
 *(.gnu.version_r)
 *(.rel.init)
 *(.rela.init)
 *(.rel.text .rel.text.* .rel.gnu.linkonce.t.*)
 *(.rela.text .rela.text.* .rela.gnu.linkonce.t.*)
 *(.rel.fini)
 *(.rela.fini)
 *(.rel.rodata .rel.rodata.* .rel.gnu.linkonce.r.*)
 *(.rela.rodata .rela.rodata.* .rela.gnu.linkonce.r.*)
 *(.rel.data .rel.data.* .rel.gnu.linkonce.d.*)
 *(.rela.data .rela.data.* .rela.gnu.linkonce.d.*)
 *(.rel.tdata .rel.tdata.* .rel.gnu.linkonce.td.*)
 *(.rela.tdata .rela.tdata.* .rela.gnu.linkonce.td.*)
 *(.rel.tbss .rel.tbss.* .rel.gnu.linkonce.tb.*)
 *(.rela.tbss .rela.tbss.* .rela.gnu.linkonce.tb.*)
 *(.rel.ctors)
 *(.rela.ctors)
 *(.rel.dtors)
 *(.rela.dtors)
 *(.rel.got)
 *(.rela.got)
 *(.rel.sdata .rel.sdata.* .rel.gnu.linkonce.s.*)
 *(.rela.sdata .rela.sdata.* .rela.gnu.linkonce.s.*)
 *(.rel.sbss .rel.sbss.* .rel.gnu.linkonce.sb.*)
 *(.rela.sbss .rela.sbss.* .rela.gnu.linkonce.sb.*)
 *(.rel.sdata2 .rel.sdata2.* .rel.gnu.linkonce.s2.*)
 *(.rela.sdata2 .rela.sdata2.* .rela.gnu.linkonce.s2.*)
 *(.rel.sbss2 .rel.sbss2.* .rel.gnu.linkonce.sb2.*)
 *(.rela.sbss2 .rela.sbss2.* .rela.gnu.linkonce.sb2.*)
 *(.rel.bss .rel.bss.* .rel.gnu.linkonce.b.*)
 *(.rela.bss .rela.bss.* .rela.gnu.linkonce.b.*)
 *(.rel.plt)
 *(.rela.plt)
 *(.rel.dyn)
 *(.init)
 *(.plt)
 *(.text .stub .text.* .gnu.linkonce.t.*)
 .text          0x00000000040201a4       0x4c ../LUTBrain_NIOS_bsp//obj/HAL/src/crt0.o
                0x00000000040201a4                _start
 .text          0x00000000040201f0      0xe60 obj/default/Image.o
                0x00000000040201f0                Image::Image()
                0x00000000040201f0                Image::Image()
                0x0000000004020238                Image::Image(int, int)
                0x0000000004020238                Image::Image(int, int)
                0x0000000004020290                Image::init(int, int)
                0x0000000004020340                Image::randomize()
                0x00000000040203e4                Image::Get_Fractal_Level(float, float)
                0x0000000004020524                Image::Get_Fractal_Color(int)
                0x000000000402057c                Image::make_fractal()
                0x00000000040208d8                Image::source_pixel(int, int)
                0x0000000004020930                Image::make_bw()
                0x0000000004020a08                Image::apply_NN(NN*, int, int)
                0x0000000004020e4c                Image::printToScreen(int, int, VGA*)
                0x0000000004020f34                Image::print()
                0x0000000004020ff0                Image::~Image()
                0x0000000004020ff0                Image::~Image()
 .text._ZN3VGA15Set_Pixel_ColorEjjj
                0x0000000004021050       0x8c obj/default/Image.o
                0x0000000004021050                VGA::Set_Pixel_Color(unsigned int, unsigned int, unsigned int)
 .text          0x00000000040210dc      0x76c obj/default/NN.o
                0x00000000040210dc                NN::NN(int)
                0x00000000040210dc                NN::NN(int)
                0x0000000004021308                NN::~NN()
                0x0000000004021308                NN::~NN()
                0x000000000402135c                NN::~NN()
                0x00000000040213a0                NN::propagate(float*)
                0x0000000004021424                NN::getMaxOutputIndex()
                0x000000000402157c                NN::getMaxOutputValue()
                0x00000000040216cc                NN::print()
                0x0000000004021754                NN::printOutputs()
 .text          0x0000000004021848      0xa40 obj/default/NNLayer.o
                0x0000000004021848                NNLayer::NNLayer()
                0x0000000004021848                NNLayer::NNLayer()
                0x00000000040218c0                NNLayer::NNLayer(int, int, int)
                0x00000000040218c0                NNLayer::NNLayer(int, int, int)
                0x0000000004021928                NNLayer::init(int, int, int)
                0x0000000004021a58                simpleRand()
                0x0000000004021ab4                NNLayer::rand_FloatRange(float, float)
                0x0000000004021b64                NNLayer::MYrand(int)
                0x0000000004021bbc                NNLayer::random_init(int, int, int)
                0x0000000004021d10                NNLayer::demo_init(int, int, int, int)
                0x0000000004021d68                NNLayer::~NNLayer()
                0x0000000004021d68                NNLayer::~NNLayer()
                0x0000000004021dbc                NNLayer::~NNLayer()
                0x0000000004021e00                NNLayer::propagate(float*)
                0x0000000004022038                NNLayer::print_activation()
                0x00000000040220d8                NNLayer::print()
 .text          0x0000000004022288       0x78 obj/default/VGA.o
                0x0000000004022288                VGA::clr()
 .text          0x0000000004022300      0x408 obj/default/main.o
                0x0000000004022300                main
 .text._ZN3VGAC2Eii
                0x0000000004022708       0x50 obj/default/main.o
                0x0000000004022708                VGA::VGA(int, int)
                0x0000000004022708                VGA::VGA(int, int)
 .text._ZN3VGA15send_to_displayEv
                0x0000000004022758       0x48 obj/default/main.o
                0x0000000004022758                VGA::send_to_display()
 .text          0x00000000040227a0        0x0 c:/intelfpga_lite/18.1/nios2eds/bin/gnu/h-x86_64-mingw32/bin/../lib/gcc/nios2-elf/5.3.0/../../../../../H-x86_64-mingw32/nios2-elf/lib/pg\libstdc++.a(new_opv.o)
 .text._Znaj    0x00000000040227a0       0xa0 c:/intelfpga_lite/18.1/nios2eds/bin/gnu/h-x86_64-mingw32/bin/../lib/gcc/nios2-elf/5.3.0/../../../../../H-x86_64-mingw32/nios2-elf/lib/pg\libstdc++.a(new_opv.o)
                0x00000000040227a0                operator new[](unsigned int)
 .text          0x0000000004022840        0x0 c:/intelfpga_lite/18.1/nios2eds/bin/gnu/h-x86_64-mingw32/bin/../lib/gcc/nios2-elf/5.3.0/../../../../../H-x86_64-mingw32/nios2-elf/lib/pg\libstdc++.a(new_op.o)
 .text._Znwj    0x0000000004022840       0x7c c:/intelfpga_lite/18.1/nios2eds/bin/gnu/h-x86_64-mingw32/bin/../lib/gcc/nios2-elf/5.3.0/../../../../../H-x86_64-mingw32/nios2-elf/lib/pg\libstdc++.a(new_op.o)
                0x0000000004022840                operator new(unsigned int)
 .text          0x00000000040228bc        0x0 c:/intelfpga_lite/18.1/nios2eds/bin/gnu/h-x86_64-mingw32/bin/../lib/gcc/nios2-elf/5.3.0/../../../../../H-x86_64-mingw32/nios2-elf/lib/pg\libstdc++.a(del_opv.o)
 .text._ZdaPv   0x00000000040228bc       0x10 c:/intelfpga_lite/18.1/nios2eds/bin/gnu/h-x86_64-mingw32/bin/../lib/gcc/nios2-elf/5.3.0/../../../../../H-x86_64-mingw32/nios2-elf/lib/pg\libstdc++.a(del_opv.o)
                0x00000000040228bc                operator delete[](void*)
 .text          0x00000000040228cc        0x0 c:/intelfpga_lite/18.1/nios2eds/bin/gnu/h-x86_64-mingw32/bin/../lib/gcc/nios2-elf/5.3.0/../../../../../H-x86_64-mingw32/nios2-elf/lib/pg\libstdc++.a(new_handler.o)
 .text._ZSt15set_new_handlerPFvvE
                0x00000000040228cc       0x20 c:/intelfpga_lite/18.1/nios2eds/bin/gnu/h-x86_64-mingw32/bin/../lib/gcc/nios2-elf/5.3.0/../../../../../H-x86_64-mingw32/nios2-elf/lib/pg\libstdc++.a(new_handler.o)
                0x00000000040228cc                std::set_new_handler(void (*)())
 .text._ZSt15get_new_handlerv
                0x00000000040228ec       0x1c c:/intelfpga_lite/18.1/nios2eds/bin/gnu/h-x86_64-mingw32/bin/../lib/gcc/nios2-elf/5.3.0/../../../../../H-x86_64-mingw32/nios2-elf/lib/pg\libstdc++.a(new_handler.o)
                0x00000000040228ec                std::get_new_handler()
 .text          0x0000000004022908        0x0 c:/intelfpga_lite/18.1/nios2eds/bin/gnu/h-x86_64-mingw32/bin/../lib/gcc/nios2-elf/5.3.0/../../../../../H-x86_64-mingw32/nios2-elf/lib/pg\libstdc++.a(eh_personality.o)
 .text._ZL21size_of_encoded_valueh
                0x0000000004022908       0xb0 c:/intelfpga_lite/18.1/nios2eds/bin/gnu/h-x86_64-mingw32/bin/../lib/gcc/nios2-elf/5.3.0/../../../../../H-x86_64-mingw32/nios2-elf/lib/pg\libstdc++.a(eh_personality.o)
 .text._ZL28read_encoded_value_with_basehjPKhPj
                0x00000000040229b8      0x218 c:/intelfpga_lite/18.1/nios2eds/bin/gnu/h-x86_64-mingw32/bin/../lib/gcc/nios2-elf/5.3.0/../../../../../H-x86_64-mingw32/nios2-elf/lib/pg\libstdc++.a(eh_personality.o)
 .text._ZL15get_ttype_entryP16lsda_header_infom
                0x0000000004022bd0       0x60 c:/intelfpga_lite/18.1/nios2eds/bin/gnu/h-x86_64-mingw32/bin/../lib/gcc/nios2-elf/5.3.0/../../../../../H-x86_64-mingw32/nios2-elf/lib/pg\libstdc++.a(eh_personality.o)
 .text._ZL21base_of_encoded_valuehP15_Unwind_Context
                0x0000000004022c30       0x98 c:/intelfpga_lite/18.1/nios2eds/bin/gnu/h-x86_64-mingw32/bin/../lib/gcc/nios2-elf/5.3.0/../../../../../H-x86_64-mingw32/nios2-elf/lib/pg\libstdc++.a(eh_personality.o)
 .text._ZL17parse_lsda_headerP15_Unwind_ContextPKhP16lsda_header_info
                0x0000000004022cc8      0x140 c:/intelfpga_lite/18.1/nios2eds/bin/gnu/h-x86_64-mingw32/bin/../lib/gcc/nios2-elf/5.3.0/../../../../../H-x86_64-mingw32/nios2-elf/lib/pg\libstdc++.a(eh_personality.o)
 .text._ZL16get_adjusted_ptrPKSt9type_infoS1_PPv.constprop.3
                0x0000000004022e08       0x94 c:/intelfpga_lite/18.1/nios2eds/bin/gnu/h-x86_64-mingw32/bin/../lib/gcc/nios2-elf/5.3.0/../../../../../H-x86_64-mingw32/nios2-elf/lib/pg\libstdc++.a(eh_personality.o)
 .text.unlikely._ZL28check_compact_exception_specPKSt9type_infoPvPKhij
                0x0000000004022e9c      0x1cc c:/intelfpga_lite/18.1/nios2eds/bin/gnu/h-x86_64-mingw32/bin/../lib/gcc/nios2-elf/5.3.0/../../../../../H-x86_64-mingw32/nios2-elf/lib/pg\libstdc++.a(eh_personality.o)
 .text._ZL20check_exception_specP16lsda_header_infoPKSt9type_infoPvl
                0x0000000004023068       0xb4 c:/intelfpga_lite/18.1/nios2eds/bin/gnu/h-x86_64-mingw32/bin/../lib/gcc/nios2-elf/5.3.0/../../../../../H-x86_64-mingw32/nios2-elf/lib/pg\libstdc++.a(eh_personality.o)
 .text.__gxx_personality_sj0
                0x000000000402311c      0x60c c:/intelfpga_lite/18.1/nios2eds/bin/gnu/h-x86_64-mingw32/bin/../lib/gcc/nios2-elf/5.3.0/../../../../../H-x86_64-mingw32/nios2-elf/lib/pg\libstdc++.a(eh_personality.o)
                0x000000000402311c                __gxx_personality_sj0
 .text.__cxa_call_unexpected
                0x0000000004023728      0x23c c:/intelfpga_lite/18.1/nios2eds/bin/gnu/h-x86_64-mingw32/bin/../lib/gcc/nios2-elf/5.3.0/../../../../../H-x86_64-mingw32/nios2-elf/lib/pg\libstdc++.a(eh_personality.o)
                0x0000000004023728                __cxa_call_unexpected
 .text          0x0000000004023964        0x0 c:/intelfpga_lite/18.1/nios2eds/bin/gnu/h-x86_64-mingw32/bin/../lib/gcc/nios2-elf/5.3.0/../../../../../H-x86_64-mingw32/nios2-elf/lib/pg\libstdc++.a(bad_alloc.o)
 .text._ZNKSt9bad_alloc4whatEv
                0x0000000004023964       0x18 c:/intelfpga_lite/18.1/nios2eds/bin/gnu/h-x86_64-mingw32/bin/../lib/gcc/nios2-elf/5.3.0/../../../../../H-x86_64-mingw32/nios2-elf/lib/pg\libstdc++.a(bad_alloc.o)
                0x0000000004023964                std::bad_alloc::what() const
 .text._ZNSt9bad_allocD2Ev
                0x000000000402397c       0x1c c:/intelfpga_lite/18.1/nios2eds/bin/gnu/h-x86_64-mingw32/bin/../lib/gcc/nios2-elf/5.3.0/../../../../../H-x86_64-mingw32/nios2-elf/lib/pg\libstdc++.a(bad_alloc.o)
                0x000000000402397c                std::bad_alloc::~bad_alloc()
                0x000000000402397c                std::bad_alloc::~bad_alloc()
 .text._ZNSt9bad_allocD0Ev
                0x0000000004023998       0x40 c:/intelfpga_lite/18.1/nios2eds/bin/gnu/h-x86_64-mingw32/bin/../lib/gcc/nios2-elf/5.3.0/../../../../../H-x86_64-mingw32/nios2-elf/lib/pg\libstdc++.a(bad_alloc.o)
                0x0000000004023998                std::bad_alloc::~bad_alloc()
 .text          0x00000000040239d8        0x0 c:/intelfpga_lite/18.1/nios2eds/bin/gnu/h-x86_64-mingw32/bin/../lib/gcc/nios2-elf/5.3.0/../../../../../H-x86_64-mingw32/nios2-elf/lib/pg\libstdc++.a(del_op.o)
 .text._ZdlPv   0x00000000040239d8       0x10 c:/intelfpga_lite/18.1/nios2eds/bin/gnu/h-x86_64-mingw32/bin/../lib/gcc/nios2-elf/5.3.0/../../../../../H-x86_64-mingw32/nios2-elf/lib/pg\libstdc++.a(del_op.o)
                0x00000000040239d8                operator delete(void*)
 .text          0x00000000040239e8        0x0 c:/intelfpga_lite/18.1/nios2eds/bin/gnu/h-x86_64-mingw32/bin/../lib/gcc/nios2-elf/5.3.0/../../../../../H-x86_64-mingw32/nios2-elf/lib/pg\libstdc++.a(eh_throw.o)
 .text._ZL23__gxx_exception_cleanup19_Unwind_Reason_CodeP17_Unwind_Exception
                0x00000000040239e8       0x50 c:/intelfpga_lite/18.1/nios2eds/bin/gnu/h-x86_64-mingw32/bin/../lib/gcc/nios2-elf/5.3.0/../../../../../H-x86_64-mingw32/nios2-elf/lib/pg\libstdc++.a(eh_throw.o)
 .text.__cxa_throw
                0x0000000004023a38       0x9c c:/intelfpga_lite/18.1/nios2eds/bin/gnu/h-x86_64-mingw32/bin/../lib/gcc/nios2-elf/5.3.0/../../../../../H-x86_64-mingw32/nios2-elf/lib/pg\libstdc++.a(eh_throw.o)
                0x0000000004023a38                __cxa_throw
 .text.__cxa_rethrow
                0x0000000004023ad4       0x90 c:/intelfpga_lite/18.1/nios2eds/bin/gnu/h-x86_64-mingw32/bin/../lib/gcc/nios2-elf/5.3.0/../../../../../H-x86_64-mingw32/nios2-elf/lib/pg\libstdc++.a(eh_throw.o)
                0x0000000004023ad4                __cxa_rethrow
 .text          0x0000000004023b64        0x0 c:/intelfpga_lite/18.1/nios2eds/bin/gnu/h-x86_64-mingw32/bin/../lib/gcc/nios2-elf/5.3.0/../../../../../H-x86_64-mingw32/nios2-elf/lib/pg\libstdc++.a(eh_catch.o)
 .text.__cxa_get_exception_ptr
                0x0000000004023b64       0x14 c:/intelfpga_lite/18.1/nios2eds/bin/gnu/h-x86_64-mingw32/bin/../lib/gcc/nios2-elf/5.3.0/../../../../../H-x86_64-mingw32/nios2-elf/lib/pg\libstdc++.a(eh_catch.o)
                0x0000000004023b64                __cxa_get_exception_ptr
 .text.__cxa_begin_catch
                0x0000000004023b78       0xc0 c:/intelfpga_lite/18.1/nios2eds/bin/gnu/h-x86_64-mingw32/bin/../lib/gcc/nios2-elf/5.3.0/../../../../../H-x86_64-mingw32/nios2-elf/lib/pg\libstdc++.a(eh_catch.o)
                0x0000000004023b78                __cxa_begin_catch
 .text.__cxa_end_catch
                0x0000000004023c38       0xc0 c:/intelfpga_lite/18.1/nios2eds/bin/gnu/h-x86_64-mingw32/bin/../lib/gcc/nios2-elf/5.3.0/../../../../../H-x86_64-mingw32/nios2-elf/lib/pg\libstdc++.a(eh_catch.o)
                0x0000000004023c38                __cxa_end_catch
 .text._ZSt18uncaught_exceptionv
                0x0000000004023cf8       0x2c c:/intelfpga_lite/18.1/nios2eds/bin/gnu/h-x86_64-mingw32/bin/../lib/gcc/nios2-elf/5.3.0/../../../../../H-x86_64-mingw32/nios2-elf/lib/pg\libstdc++.a(eh_catch.o)
                0x0000000004023cf8                std::uncaught_exception()
 .text          0x0000000004023d24        0x0 c:/intelfpga_lite/18.1/nios2eds/bin/gnu/h-x86_64-mingw32/bin/../lib/gcc/nios2-elf/5.3.0/../../../../../H-x86_64-mingw32/nios2-elf/lib/pg\libstdc++.a(class_type_info.o)
 .text._ZNK10__cxxabiv117__class_type_info11__do_upcastEPKS0_PPv
                0x0000000004023d24       0x84 c:/intelfpga_lite/18.1/nios2eds/bin/gnu/h-x86_64-mingw32/bin/../lib/gcc/nios2-elf/5.3.0/../../../../../H-x86_64-mingw32/nios2-elf/lib/pg\libstdc++.a(class_type_info.o)
                0x0000000004023d24                __cxxabiv1::__class_type_info::__do_upcast(__cxxabiv1::__class_type_info const*, void**) const
 .text._ZNK10__cxxabiv117__class_type_info20__do_find_public_srcEiPKvPKS0_S2_
                0x0000000004023da8       0x24 c:/intelfpga_lite/18.1/nios2eds/bin/gnu/h-x86_64-mingw32/bin/../lib/gcc/nios2-elf/5.3.0/../../../../../H-x86_64-mingw32/nios2-elf/lib/pg\libstdc++.a(class_type_info.o)
                0x0000000004023da8                __cxxabiv1::__class_type_info::__do_find_public_src(int, void const*, __cxxabiv1::__class_type_info const*, void const*) const
 .text._ZN10__cxxabiv117__class_type_infoD2Ev
                0x0000000004023dcc       0x1c c:/intelfpga_lite/18.1/nios2eds/bin/gnu/h-x86_64-mingw32/bin/../lib/gcc/nios2-elf/5.3.0/../../../../../H-x86_64-mingw32/nios2-elf/lib/pg\libstdc++.a(class_type_info.o)
                0x0000000004023dcc                __cxxabiv1::__class_type_info::~__class_type_info()
                0x0000000004023dcc                __cxxabiv1::__class_type_info::~__class_type_info()
 .text._ZN10__cxxabiv117__class_type_infoD0Ev
                0x0000000004023de8       0x40 c:/intelfpga_lite/18.1/nios2eds/bin/gnu/h-x86_64-mingw32/bin/../lib/gcc/nios2-elf/5.3.0/../../../../../H-x86_64-mingw32/nios2-elf/lib/pg\libstdc++.a(class_type_info.o)
                0x0000000004023de8                __cxxabiv1::__class_type_info::~__class_type_info()
 .text._ZNK10__cxxabiv117__class_type_info11__do_upcastEPKS0_PKvRNS0_15__upcast_resultE
                0x0000000004023e28       0x78 c:/intelfpga_lite/18.1/nios2eds/bin/gnu/h-x86_64-mingw32/bin/../lib/gcc/nios2-elf/5.3.0/../../../../../H-x86_64-mingw32/nios2-elf/lib/pg\libstdc++.a(class_type_info.o)
                0x0000000004023e28                __cxxabiv1::__class_type_info::__do_upcast(__cxxabiv1::__class_type_info const*, void const*, __cxxabiv1::__class_type_info::__upcast_result&) const
 .text._ZNK10__cxxabiv117__class_type_info12__do_dyncastEiNS0_10__sub_kindEPKS0_PKvS3_S5_RNS0_16__dyncast_resultE
                0x0000000004023ea0       0xdc c:/intelfpga_lite/18.1/nios2eds/bin/gnu/h-x86_64-mingw32/bin/../lib/gcc/nios2-elf/5.3.0/../../../../../H-x86_64-mingw32/nios2-elf/lib/pg\libstdc++.a(class_type_info.o)
                0x0000000004023ea0                __cxxabiv1::__class_type_info::__do_dyncast(int, __cxxabiv1::__class_type_info::__sub_kind, __cxxabiv1::__class_type_info const*, void const*, __cxxabiv1::__class_type_info const*, void const*, __cxxabiv1::__class_type_info::__dyncast_result&) const
 .text._ZNK10__cxxabiv117__class_type_info10__do_catchEPKSt9type_infoPPvj
                0x0000000004023f7c       0xc4 c:/intelfpga_lite/18.1/nios2eds/bin/gnu/h-x86_64-mingw32/bin/../lib/gcc/nios2-elf/5.3.0/../../../../../H-x86_64-mingw32/nios2-elf/lib/pg\libstdc++.a(class_type_info.o)
                0x0000000004023f7c                __cxxabiv1::__class_type_info::__do_catch(std::type_info const*, void**, unsigned int) const
 .text          0x0000000004024040        0x0 c:/intelfpga_lite/18.1/nios2eds/bin/gnu/h-x86_64-mingw32/bin/../lib/gcc/nios2-elf/5.3.0/../../../../../H-x86_64-mingw32/nios2-elf/lib/pg\libstdc++.a(eh_terminate.o)
 .text._ZN10__cxxabiv111__terminateEPFvvE
                0x0000000004024040       0xcc c:/intelfpga_lite/18.1/nios2eds/bin/gnu/h-x86_64-mingw32/bin/../lib/gcc/nios2-elf/5.3.0/../../../../../H-x86_64-mingw32/nios2-elf/lib/pg\libstdc++.a(eh_terminate.o)
                0x0000000004024040                __cxxabiv1::__terminate(void (*)())
 .text._ZSt9terminatev
                0x000000000402410c       0x24 c:/intelfpga_lite/18.1/nios2eds/bin/gnu/h-x86_64-mingw32/bin/../lib/gcc/nios2-elf/5.3.0/../../../../../H-x86_64-mingw32/nios2-elf/lib/pg\libstdc++.a(eh_terminate.o)
                0x000000000402410c                std::terminate()
 .text._ZN10__cxxabiv112__unexpectedEPFvvE
                0x0000000004024130       0x1c c:/intelfpga_lite/18.1/nios2eds/bin/gnu/h-x86_64-mingw32/bin/../lib/gcc/nios2-elf/5.3.0/../../../../../H-x86_64-mingw32/nios2-elf/lib/pg\libstdc++.a(eh_terminate.o)
                0x0000000004024130                __cxxabiv1::__unexpected(void (*)())
 .text._ZSt10unexpectedv
                0x000000000402414c       0x24 c:/intelfpga_lite/18.1/nios2eds/bin/gnu/h-x86_64-mingw32/bin/../lib/gcc/nios2-elf/5.3.0/../../../../../H-x86_64-mingw32/nios2-elf/lib/pg\libstdc++.a(eh_terminate.o)
                0x000000000402414c                std::unexpected()
 .text._ZSt13set_terminatePFvvE
                0x0000000004024170       0x20 c:/intelfpga_lite/18.1/nios2eds/bin/gnu/h-x86_64-mingw32/bin/../lib/gcc/nios2-elf/5.3.0/../../../../../H-x86_64-mingw32/nios2-elf/lib/pg\libstdc++.a(eh_terminate.o)
                0x0000000004024170                std::set_terminate(void (*)())
 .text._ZSt13get_terminatev
                0x0000000004024190       0x1c c:/intelfpga_lite/18.1/nios2eds/bin/gnu/h-x86_64-mingw32/bin/../lib/gcc/nios2-elf/5.3.0/../../../../../H-x86_64-mingw32/nios2-elf/lib/pg\libstdc++.a(eh_terminate.o)
                0x0000000004024190                std::get_terminate()
 .text._ZSt14set_unexpectedPFvvE
                0x00000000040241ac       0x20 c:/intelfpga_lite/18.1/nios2eds/bin/gnu/h-x86_64-mingw32/bin/../lib/gcc/nios2-elf/5.3.0/../../../../../H-x86_64-mingw32/nios2-elf/lib/pg\libstdc++.a(eh_terminate.o)
                0x00000000040241ac                std::set_unexpected(void (*)())
 .text._ZSt14get_unexpectedv
                0x00000000040241cc       0x1c c:/intelfpga_lite/18.1/nios2eds/bin/gnu/h-x86_64-mingw32/bin/../lib/gcc/nios2-elf/5.3.0/../../../../../H-x86_64-mingw32/nios2-elf/lib/pg\libstdc++.a(eh_terminate.o)
                0x00000000040241cc                std::get_unexpected()
 .text          0x00000000040241e8        0x0 c:/intelfpga_lite/18.1/nios2eds/bin/gnu/h-x86_64-mingw32/bin/../lib/gcc/nios2-elf/5.3.0/../../../../../H-x86_64-mingw32/nios2-elf/lib/pg\libstdc++.a(eh_unex_handler.o)
 .text          0x00000000040241e8        0x0 c:/intelfpga_lite/18.1/nios2eds/bin/gnu/h-x86_64-mingw32/bin/../lib/gcc/nios2-elf/5.3.0/../../../../../H-x86_64-mingw32/nios2-elf/lib/pg\libstdc++.a(eh_alloc.o)
 .text._ZN12_GLOBAL__N_14pool4freeEPv.constprop.4
                0x00000000040241e8       0xc4 c:/intelfpga_lite/18.1/nios2eds/bin/gnu/h-x86_64-mingw32/bin/../lib/gcc/nios2-elf/5.3.0/../../../../../H-x86_64-mingw32/nios2-elf/lib/pg\libstdc++.a(eh_alloc.o)
 .text._ZN12_GLOBAL__N_14pool8allocateEj.constprop.5
                0x00000000040242ac       0xb0 c:/intelfpga_lite/18.1/nios2eds/bin/gnu/h-x86_64-mingw32/bin/../lib/gcc/nios2-elf/5.3.0/../../../../../H-x86_64-mingw32/nios2-elf/lib/pg\libstdc++.a(eh_alloc.o)
 .text.__cxa_allocate_exception
                0x000000000402435c       0x6c c:/intelfpga_lite/18.1/nios2eds/bin/gnu/h-x86_64-mingw32/bin/../lib/gcc/nios2-elf/5.3.0/../../../../../H-x86_64-mingw32/nios2-elf/lib/pg\libstdc++.a(eh_alloc.o)
                0x000000000402435c                __cxa_allocate_exception
 .text.__cxa_free_exception
                0x00000000040243c8       0x34 c:/intelfpga_lite/18.1/nios2eds/bin/gnu/h-x86_64-mingw32/bin/../lib/gcc/nios2-elf/5.3.0/../../../../../H-x86_64-mingw32/nios2-elf/lib/pg\libstdc++.a(eh_alloc.o)
                0x00000000040243c8                __cxa_free_exception
 .text.__cxa_allocate_dependent_exception
                0x00000000040243fc       0x60 c:/intelfpga_lite/18.1/nios2eds/bin/gnu/h-x86_64-mingw32/bin/../lib/gcc/nios2-elf/5.3.0/../../../../../H-x86_64-mingw32/nios2-elf/lib/pg\libstdc++.a(eh_alloc.o)
                0x00000000040243fc                __cxa_allocate_dependent_exception
 .text.__cxa_free_dependent_exception
                0x000000000402445c       0x38 c:/intelfpga_lite/18.1/nios2eds/bin/gnu/h-x86_64-mingw32/bin/../lib/gcc/nios2-elf/5.3.0/../../../../../H-x86_64-mingw32/nios2-elf/lib/pg\libstdc++.a(eh_alloc.o)
                0x000000000402445c                __cxa_free_dependent_exception
 .text.startup._GLOBAL__sub_I___cxa_allocate_exception
                0x0000000004024494       0x68 c:/intelfpga_lite/18.1/nios2eds/bin/gnu/h-x86_64-mingw32/bin/../lib/gcc/nios2-elf/5.3.0/../../../../../H-x86_64-mingw32/nios2-elf/lib/pg\libstdc++.a(eh_alloc.o)
 .text          0x00000000040244fc        0x0 c:/intelfpga_lite/18.1/nios2eds/bin/gnu/h-x86_64-mingw32/bin/../lib/gcc/nios2-elf/5.3.0/../../../../../H-x86_64-mingw32/nios2-elf/lib/pg\libstdc++.a(eh_call.o)
 .text.__cxa_call_terminate
                0x00000000040244fc       0x64 c:/intelfpga_lite/18.1/nios2eds/bin/gnu/h-x86_64-mingw32/bin/../lib/gcc/nios2-elf/5.3.0/../../../../../H-x86_64-mingw32/nios2-elf/lib/pg\libstdc++.a(eh_call.o)
                0x00000000040244fc                __cxa_call_terminate
 .text          0x0000000004024560        0x0 c:/intelfpga_lite/18.1/nios2eds/bin/gnu/h-x86_64-mingw32/bin/../lib/gcc/nios2-elf/5.3.0/../../../../../H-x86_64-mingw32/nios2-elf/lib/pg\libstdc++.a(eh_globals.o)
 .text.__cxa_get_globals_fast
                0x0000000004024560       0x18 c:/intelfpga_lite/18.1/nios2eds/bin/gnu/h-x86_64-mingw32/bin/../lib/gcc/nios2-elf/5.3.0/../../../../../H-x86_64-mingw32/nios2-elf/lib/pg\libstdc++.a(eh_globals.o)
                0x0000000004024560                __cxa_get_globals_fast
 .text.__cxa_get_globals
                0x0000000004024578       0x18 c:/intelfpga_lite/18.1/nios2eds/bin/gnu/h-x86_64-mingw32/bin/../lib/gcc/nios2-elf/5.3.0/../../../../../H-x86_64-mingw32/nios2-elf/lib/pg\libstdc++.a(eh_globals.o)
                0x0000000004024578                __cxa_get_globals
 .text          0x0000000004024590        0x0 c:/intelfpga_lite/18.1/nios2eds/bin/gnu/h-x86_64-mingw32/bin/../lib/gcc/nios2-elf/5.3.0/../../../../../H-x86_64-mingw32/nios2-elf/lib/pg\libstdc++.a(si_class_type_info.o)
 .text._ZN10__cxxabiv120__si_class_type_infoD2Ev
                0x0000000004024590       0x1c c:/intelfpga_lite/18.1/nios2eds/bin/gnu/h-x86_64-mingw32/bin/../lib/gcc/nios2-elf/5.3.0/../../../../../H-x86_64-mingw32/nios2-elf/lib/pg\libstdc++.a(si_class_type_info.o)
                0x0000000004024590                __cxxabiv1::__si_class_type_info::~__si_class_type_info()
                0x0000000004024590                __cxxabiv1::__si_class_type_info::~__si_class_type_info()
 .text._ZN10__cxxabiv120__si_class_type_infoD0Ev
                0x00000000040245ac       0x40 c:/intelfpga_lite/18.1/nios2eds/bin/gnu/h-x86_64-mingw32/bin/../lib/gcc/nios2-elf/5.3.0/../../../../../H-x86_64-mingw32/nios2-elf/lib/pg\libstdc++.a(si_class_type_info.o)
                0x00000000040245ac                __cxxabiv1::__si_class_type_info::~__si_class_type_info()
 .text._ZNK10__cxxabiv120__si_class_type_info12__do_dyncastEiNS_17__class_type_info10__sub_kindEPKS1_PKvS4_S6_RNS1_16__dyncast_resultE
                0x00000000040245ec      0x16c c:/intelfpga_lite/18.1/nios2eds/bin/gnu/h-x86_64-mingw32/bin/../lib/gcc/nios2-elf/5.3.0/../../../../../H-x86_64-mingw32/nios2-elf/lib/pg\libstdc++.a(si_class_type_info.o)
                0x00000000040245ec                __cxxabiv1::__si_class_type_info::__do_dyncast(int, __cxxabiv1::__class_type_info::__sub_kind, __cxxabiv1::__class_type_info const*, void const*, __cxxabiv1::__class_type_info const*, void const*, __cxxabiv1::__class_type_info::__dyncast_result&) const
 .text._ZNK10__cxxabiv120__si_class_type_info20__do_find_public_srcEiPKvPKNS_17__class_type_infoES2_
                0x0000000004024758       0xa8 c:/intelfpga_lite/18.1/nios2eds/bin/gnu/h-x86_64-mingw32/bin/../lib/gcc/nios2-elf/5.3.0/../../../../../H-x86_64-mingw32/nios2-elf/lib/pg\libstdc++.a(si_class_type_info.o)
                0x0000000004024758                __cxxabiv1::__si_class_type_info::__do_find_public_src(int, void const*, __cxxabiv1::__class_type_info const*, void const*) const
 .text._ZNK10__cxxabiv120__si_class_type_info11__do_upcastEPKNS_17__class_type_infoEPKvRNS1_15__upcast_resultE
                0x0000000004024800       0x90 c:/intelfpga_lite/18.1/nios2eds/bin/gnu/h-x86_64-mingw32/bin/../lib/gcc/nios2-elf/5.3.0/../../../../../H-x86_64-mingw32/nios2-elf/lib/pg\libstdc++.a(si_class_type_info.o)
                0x0000000004024800                __cxxabiv1::__si_class_type_info::__do_upcast(__cxxabiv1::__class_type_info const*, void const*, __cxxabiv1::__class_type_info::__upcast_result&) const
 .text          0x0000000004024890        0x0 c:/intelfpga_lite/18.1/nios2eds/bin/gnu/h-x86_64-mingw32/bin/../lib/gcc/nios2-elf/5.3.0/../../../../../H-x86_64-mingw32/nios2-elf/lib/pg\libstdc++.a(eh_exception.o)
 .text._ZNSt9exceptionD2Ev
                0x0000000004024890       0x10 c:/intelfpga_lite/18.1/nios2eds/bin/gnu/h-x86_64-mingw32/bin/../lib/gcc/nios2-elf/5.3.0/../../../../../H-x86_64-mingw32/nios2-elf/lib/pg\libstdc++.a(eh_exception.o)
                0x0000000004024890                std::exception::~exception()
                0x0000000004024890                std::exception::~exception()
 .text._ZNSt13bad_exceptionD2Ev
                0x00000000040248a0       0x10 c:/intelfpga_lite/18.1/nios2eds/bin/gnu/h-x86_64-mingw32/bin/../lib/gcc/nios2-elf/5.3.0/../../../../../H-x86_64-mingw32/nios2-elf/lib/pg\libstdc++.a(eh_exception.o)
                0x00000000040248a0                std::bad_exception::~bad_exception()
                0x00000000040248a0                std::bad_exception::~bad_exception()
 .text._ZNKSt9exception4whatEv
                0x00000000040248b0       0x18 c:/intelfpga_lite/18.1/nios2eds/bin/gnu/h-x86_64-mingw32/bin/../lib/gcc/nios2-elf/5.3.0/../../../../../H-x86_64-mingw32/nios2-elf/lib/pg\libstdc++.a(eh_exception.o)
                0x00000000040248b0                std::exception::what() const
 .text._ZNKSt13bad_exception4whatEv
                0x00000000040248c8       0x18 c:/intelfpga_lite/18.1/nios2eds/bin/gnu/h-x86_64-mingw32/bin/../lib/gcc/nios2-elf/5.3.0/../../../../../H-x86_64-mingw32/nios2-elf/lib/pg\libstdc++.a(eh_exception.o)
                0x00000000040248c8                std::bad_exception::what() const
 .text._ZNSt9exceptionD0Ev
                0x00000000040248e0       0x10 c:/intelfpga_lite/18.1/nios2eds/bin/gnu/h-x86_64-mingw32/bin/../lib/gcc/nios2-elf/5.3.0/../../../../../H-x86_64-mingw32/nios2-elf/lib/pg\libstdc++.a(eh_exception.o)
                0x00000000040248e0                std::exception::~exception()
 .text._ZNSt13bad_exceptionD0Ev
                0x00000000040248f0       0x10 c:/intelfpga_lite/18.1/nios2eds/bin/gnu/h-x86_64-mingw32/bin/../lib/gcc/nios2-elf/5.3.0/../../../../../H-x86_64-mingw32/nios2-elf/lib/pg\libstdc++.a(eh_exception.o)
                0x00000000040248f0                std::bad_exception::~bad_exception()
 .text._ZN10__cxxabiv115__forced_unwindD2Ev
                0x0000000004024900       0x10 c:/intelfpga_lite/18.1/nios2eds/bin/gnu/h-x86_64-mingw32/bin/../lib/gcc/nios2-elf/5.3.0/../../../../../H-x86_64-mingw32/nios2-elf/lib/pg\libstdc++.a(eh_exception.o)
                0x0000000004024900                __cxxabiv1::__forced_unwind::~__forced_unwind()
                0x0000000004024900                __cxxabiv1::__forced_unwind::~__forced_unwind()
 .text._ZN10__cxxabiv115__forced_unwindD0Ev
                0x0000000004024910       0x10 c:/intelfpga_lite/18.1/nios2eds/bin/gnu/h-x86_64-mingw32/bin/../lib/gcc/nios2-elf/5.3.0/../../../../../H-x86_64-mingw32/nios2-elf/lib/pg\libstdc++.a(eh_exception.o)
                0x0000000004024910                __cxxabiv1::__forced_unwind::~__forced_unwind()
 .text._ZN10__cxxabiv119__foreign_exceptionD2Ev
                0x0000000004024920       0x10 c:/intelfpga_lite/18.1/nios2eds/bin/gnu/h-x86_64-mingw32/bin/../lib/gcc/nios2-elf/5.3.0/../../../../../H-x86_64-mingw32/nios2-elf/lib/pg\libstdc++.a(eh_exception.o)
                0x0000000004024920                __cxxabiv1::__foreign_exception::~__foreign_exception()
                0x0000000004024920                __cxxabiv1::__foreign_exception::~__foreign_exception()
 .text._ZN10__cxxabiv119__foreign_exceptionD0Ev
                0x0000000004024930       0x10 c:/intelfpga_lite/18.1/nios2eds/bin/gnu/h-x86_64-mingw32/bin/../lib/gcc/nios2-elf/5.3.0/../../../../../H-x86_64-mingw32/nios2-elf/lib/pg\libstdc++.a(eh_exception.o)
                0x0000000004024930                __cxxabiv1::__foreign_exception::~__foreign_exception()
 .text          0x0000000004024940        0x0 c:/intelfpga_lite/18.1/nios2eds/bin/gnu/h-x86_64-mingw32/bin/../lib/gcc/nios2-elf/5.3.0/../../../../../H-x86_64-mingw32/nios2-elf/lib/pg\libstdc++.a(eh_term_handler.o)
 .text          0x0000000004024940        0x0 c:/intelfpga_lite/18.1/nios2eds/bin/gnu/h-x86_64-mingw32/bin/../lib/gcc/nios2-elf/5.3.0/../../../../../H-x86_64-mingw32/nios2-elf/lib/pg\libstdc++.a(tinfo.o)
 .text._ZNSt9type_infoD2Ev
                0x0000000004024940       0x10 c:/intelfpga_lite/18.1/nios2eds/bin/gnu/h-x86_64-mingw32/bin/../lib/gcc/nios2-elf/5.3.0/../../../../../H-x86_64-mingw32/nios2-elf/lib/pg\libstdc++.a(tinfo.o)
                0x0000000004024940                std::type_info::~type_info()
                0x0000000004024940                std::type_info::~type_info()
 .text._ZNKSt9type_info15__is_function_pEv
                0x0000000004024950       0x14 c:/intelfpga_lite/18.1/nios2eds/bin/gnu/h-x86_64-mingw32/bin/../lib/gcc/nios2-elf/5.3.0/../../../../../H-x86_64-mingw32/nios2-elf/lib/pg\libstdc++.a(tinfo.o)
                0x0000000004024950                std::type_info::__is_pointer_p() const
                0x0000000004024950                std::type_info::__is_function_p() const
 .text._ZNKSt9type_info11__do_upcastEPKN10__cxxabiv117__class_type_infoEPPv
                0x0000000004024964       0x14 c:/intelfpga_lite/18.1/nios2eds/bin/gnu/h-x86_64-mingw32/bin/../lib/gcc/nios2-elf/5.3.0/../../../../../H-x86_64-mingw32/nios2-elf/lib/pg\libstdc++.a(tinfo.o)
                0x0000000004024964                std::type_info::__do_upcast(__cxxabiv1::__class_type_info const*, void**) const
 .text._ZNSt9type_infoD0Ev
                0x0000000004024978       0x10 c:/intelfpga_lite/18.1/nios2eds/bin/gnu/h-x86_64-mingw32/bin/../lib/gcc/nios2-elf/5.3.0/../../../../../H-x86_64-mingw32/nios2-elf/lib/pg\libstdc++.a(tinfo.o)
                0x0000000004024978                std::type_info::~type_info()
 .text._ZNKSt9type_info10__do_catchEPKS_PPvj
                0x0000000004024988       0x50 c:/intelfpga_lite/18.1/nios2eds/bin/gnu/h-x86_64-mingw32/bin/../lib/gcc/nios2-elf/5.3.0/../../../../../H-x86_64-mingw32/nios2-elf/lib/pg\libstdc++.a(tinfo.o)
                0x0000000004024988                std::type_info::__do_catch(std::type_info const*, void**, unsigned int) const
 .text          0x00000000040249d8        0x0 c:/intelfpga_lite/18.1/nios2eds/bin/gnu/h-x86_64-mingw32/bin/../lib/gcc/nios2-elf/5.3.0/../../../../../H-x86_64-mingw32/nios2-elf/lib/pg\libstdc++.a(pure.o)
 .text.__cxa_pure_virtual
                0x00000000040249d8       0x2c c:/intelfpga_lite/18.1/nios2eds/bin/gnu/h-x86_64-mingw32/bin/../lib/gcc/nios2-elf/5.3.0/../../../../../H-x86_64-mingw32/nios2-elf/lib/pg\libstdc++.a(pure.o)
                0x00000000040249d8                __cxa_pure_virtual
 .text.__cxa_deleted_virtual
                0x0000000004024a04       0x2c c:/intelfpga_lite/18.1/nios2eds/bin/gnu/h-x86_64-mingw32/bin/../lib/gcc/nios2-elf/5.3.0/../../../../../H-x86_64-mingw32/nios2-elf/lib/pg\libstdc++.a(pure.o)
                0x0000000004024a04                __cxa_deleted_virtual
 .text          0x0000000004024a30       0x6c c:/intelfpga_lite/18.1/nios2eds/bin/gnu/h-x86_64-mingw32/bin/../lib/gcc/nios2-elf/5.3.0/pg\libgcc.a(_fixunssfsi.o)
                0x0000000004024a30                __fixunssfsi
 .text          0x0000000004024a9c      0x1e0 c:/intelfpga_lite/18.1/nios2eds/bin/gnu/h-x86_64-mingw32/bin/../lib/gcc/nios2-elf/5.3.0/pg\libgcc.a(lib2-divmod.o)
                0x0000000004024a9c                __divsi3
                0x0000000004024b2c                __modsi3
                0x0000000004024bac                __udivsi3
                0x0000000004024c1c                __umodsi3
 .text          0x0000000004024c7c      0x4d4 c:/intelfpga_lite/18.1/nios2eds/bin/gnu/h-x86_64-mingw32/bin/../lib/gcc/nios2-elf/5.3.0/pg\libgcc.a(addsf3.o)
                0x0000000004024c7c                __addsf3
 .text          0x0000000004025150      0x44c c:/intelfpga_lite/18.1/nios2eds/bin/gnu/h-x86_64-mingw32/bin/../lib/gcc/nios2-elf/5.3.0/pg\libgcc.a(divsf3.o)
                0x0000000004025150                __divsf3
 .text          0x000000000402559c       0x80 c:/intelfpga_lite/18.1/nios2eds/bin/gnu/h-x86_64-mingw32/bin/../lib/gcc/nios2-elf/5.3.0/pg\libgcc.a(eqsf2.o)
                0x000000000402559c                __eqsf2
                0x000000000402559c                __nesf2
 .text          0x000000000402561c       0xc4 c:/intelfpga_lite/18.1/nios2eds/bin/gnu/h-x86_64-mingw32/bin/../lib/gcc/nios2-elf/5.3.0/pg\libgcc.a(gesf2.o)
                0x000000000402561c                __gesf2
                0x000000000402561c                __gtsf2
 .text          0x00000000040256e0      0x408 c:/intelfpga_lite/18.1/nios2eds/bin/gnu/h-x86_64-mingw32/bin/../lib/gcc/nios2-elf/5.3.0/pg\libgcc.a(mulsf3.o)
                0x00000000040256e0                __mulsf3
 .text          0x0000000004025ae8      0x4f0 c:/intelfpga_lite/18.1/nios2eds/bin/gnu/h-x86_64-mingw32/bin/../lib/gcc/nios2-elf/5.3.0/pg\libgcc.a(subsf3.o)
                0x0000000004025ae8                __subsf3
 .text          0x0000000004025fd8       0x7c c:/intelfpga_lite/18.1/nios2eds/bin/gnu/h-x86_64-mingw32/bin/../lib/gcc/nios2-elf/5.3.0/pg\libgcc.a(fixsfsi.o)
                0x0000000004025fd8                __fixsfsi
 .text          0x0000000004026054      0x130 c:/intelfpga_lite/18.1/nios2eds/bin/gnu/h-x86_64-mingw32/bin/../lib/gcc/nios2-elf/5.3.0/pg\libgcc.a(floatsisf.o)
                0x0000000004026054                __floatsisf
 .text          0x0000000004026184       0xfc c:/intelfpga_lite/18.1/nios2eds/bin/gnu/h-x86_64-mingw32/bin/../lib/gcc/nios2-elf/5.3.0/pg\libgcc.a(floatunsisf.o)
                0x0000000004026184                __floatunsisf
 .text          0x0000000004026280      0x8f4 c:/intelfpga_lite/18.1/nios2eds/bin/gnu/h-x86_64-mingw32/bin/../lib/gcc/nios2-elf/5.3.0/pg\libgcc.a(divdf3.o)
                0x0000000004026280                __divdf3
 .text          0x0000000004026b74       0xe8 c:/intelfpga_lite/18.1/nios2eds/bin/gnu/h-x86_64-mingw32/bin/../lib/gcc/nios2-elf/5.3.0/pg\libgcc.a(floatsidf.o)
                0x0000000004026b74                __floatsidf
 .text          0x0000000004026c5c      0x11c c:/intelfpga_lite/18.1/nios2eds/bin/gnu/h-x86_64-mingw32/bin/../lib/gcc/nios2-elf/5.3.0/pg\libgcc.a(extendsfdf2.o)
                0x0000000004026c5c                __extendsfdf2
 .text          0x0000000004026d78      0x1b4 c:/intelfpga_lite/18.1/nios2eds/bin/gnu/h-x86_64-mingw32/bin/../lib/gcc/nios2-elf/5.3.0/pg\libgcc.a(truncdfsf2.o)
                0x0000000004026d78                __truncdfsf2
 .text          0x0000000004026f2c      0x628 c:/intelfpga_lite/18.1/nios2eds/bin/gnu/h-x86_64-mingw32/bin/../lib/gcc/nios2-elf/5.3.0/pg\libgcc.a(unwind-sjlj.o)
                0x0000000004027158                _Unwind_SjLj_Register
                0x000000000402717c                _Unwind_SjLj_Unregister
                0x000000000402719c                _Unwind_GetGR
                0x00000000040271c4                _Unwind_GetCFA
                0x00000000040271e8                _Unwind_SetGR
                0x0000000004027210                _Unwind_GetIP
                0x000000000402722c                _Unwind_GetIPInfo
                0x0000000004027258                _Unwind_SetIP
                0x0000000004027274                _Unwind_GetLanguageSpecificData
                0x000000000402728c                _Unwind_GetRegionStart
                0x00000000040272a0                _Unwind_FindEnclosingFunction
                0x00000000040272b4                _Unwind_GetDataRelBase
                0x00000000040272c8                _Unwind_GetTextRelBase
                0x00000000040272dc                _Unwind_SjLj_RaiseException
                0x00000000040273b8                _Unwind_SjLj_ForcedUnwind
                0x0000000004027408                _Unwind_SjLj_Resume
                0x0000000004027458                _Unwind_SjLj_Resume_or_Rethrow
                0x00000000040274b0                _Unwind_DeleteException
                0x00000000040274d4                _Unwind_Backtrace
 .text          0x0000000004027554       0x70 c:/intelfpga_lite/18.1/nios2eds/bin/gnu/h-x86_64-mingw32/bin/../lib/gcc/nios2-elf/5.3.0/pg\libgcc.a(_clzsi2.o)
                0x0000000004027554                __clzsi2
 .text          0x00000000040275c4        0x0 c:/intelfpga_lite/18.1/nios2eds/bin/gnu/h-x86_64-mingw32/bin/../lib/gcc/nios2-elf/5.3.0/pg\libgcc.a(_clz.o)
 .text          0x00000000040275c4        0x0 c:/intelfpga_lite/18.1/nios2eds/bin/gnu/h-x86_64-mingw32/bin/../lib/gcc/nios2-elf/5.3.0/../../../../../H-x86_64-mingw32/nios2-elf/lib/pg\libc.a(lib_a-abort.o)
 .text.abort    0x00000000040275c4       0x24 c:/intelfpga_lite/18.1/nios2eds/bin/gnu/h-x86_64-mingw32/bin/../lib/gcc/nios2-elf/5.3.0/../../../../../H-x86_64-mingw32/nios2-elf/lib/pg\libc.a(lib_a-abort.o)
                0x00000000040275c4                abort
 .text          0x00000000040275e8        0x0 c:/intelfpga_lite/18.1/nios2eds/bin/gnu/h-x86_64-mingw32/bin/../lib/gcc/nios2-elf/5.3.0/../../../../../H-x86_64-mingw32/nios2-elf/lib/pg\libc.a(lib_a-malloc.o)
 .text.malloc   0x00000000040275e8       0x20 c:/intelfpga_lite/18.1/nios2eds/bin/gnu/h-x86_64-mingw32/bin/../lib/gcc/nios2-elf/5.3.0/../../../../../H-x86_64-mingw32/nios2-elf/lib/pg\libc.a(lib_a-malloc.o)
                0x00000000040275e8                malloc
 .text.free     0x0000000004027608       0x20 c:/intelfpga_lite/18.1/nios2eds/bin/gnu/h-x86_64-mingw32/bin/../lib/gcc/nios2-elf/5.3.0/../../../../../H-x86_64-mingw32/nios2-elf/lib/pg\libc.a(lib_a-malloc.o)
                0x0000000004027608                free
 .text          0x0000000004027628        0x0 c:/intelfpga_lite/18.1/nios2eds/bin/gnu/h-x86_64-mingw32/bin/../lib/gcc/nios2-elf/5.3.0/../../../../../H-x86_64-mingw32/nios2-elf/lib/pg\libc.a(lib_a-mallocr.o)
 .text._malloc_r
                0x0000000004027628      0x818 c:/intelfpga_lite/18.1/nios2eds/bin/gnu/h-x86_64-mingw32/bin/../lib/gcc/nios2-elf/5.3.0/../../../../../H-x86_64-mingw32/nios2-elf/lib/pg\libc.a(lib_a-mallocr.o)
                0x0000000004027628                _malloc_r
 .text          0x0000000004027e40        0x0 c:/intelfpga_lite/18.1/nios2eds/bin/gnu/h-x86_64-mingw32/bin/../lib/gcc/nios2-elf/5.3.0/../../../../../H-x86_64-mingw32/nios2-elf/lib/pg\libc.a(lib_a-memset.o)
 .text.memset   0x0000000004027e40      0x130 c:/intelfpga_lite/18.1/nios2eds/bin/gnu/h-x86_64-mingw32/bin/../lib/gcc/nios2-elf/5.3.0/../../../../../H-x86_64-mingw32/nios2-elf/lib/pg\libc.a(lib_a-memset.o)
                0x0000000004027e40                memset
 .text          0x0000000004027f70        0x0 c:/intelfpga_lite/18.1/nios2eds/bin/gnu/h-x86_64-mingw32/bin/../lib/gcc/nios2-elf/5.3.0/../../../../../H-x86_64-mingw32/nios2-elf/lib/pg\libc.a(lib_a-printf.o)
 .text._printf_r
                0x0000000004027f70       0x3c c:/intelfpga_lite/18.1/nios2eds/bin/gnu/h-x86_64-mingw32/bin/../lib/gcc/nios2-elf/5.3.0/../../../../../H-x86_64-mingw32/nios2-elf/lib/pg\libc.a(lib_a-printf.o)
                0x0000000004027f70                _printf_r
 .text.printf   0x0000000004027fac       0x48 c:/intelfpga_lite/18.1/nios2eds/bin/gnu/h-x86_64-mingw32/bin/../lib/gcc/nios2-elf/5.3.0/../../../../../H-x86_64-mingw32/nios2-elf/lib/pg\libc.a(lib_a-printf.o)
                0x0000000004027fac                printf
 .text          0x0000000004027ff4        0x0 c:/intelfpga_lite/18.1/nios2eds/bin/gnu/h-x86_64-mingw32/bin/../lib/gcc/nios2-elf/5.3.0/../../../../../H-x86_64-mingw32/nios2-elf/lib/pg\libc.a(lib_a-putchar.o)
 .text._putchar_r
                0x0000000004027ff4       0x14 c:/intelfpga_lite/18.1/nios2eds/bin/gnu/h-x86_64-mingw32/bin/../lib/gcc/nios2-elf/5.3.0/../../../../../H-x86_64-mingw32/nios2-elf/lib/pg\libc.a(lib_a-putchar.o)
                0x0000000004027ff4                _putchar_r
 .text.putchar  0x0000000004028008       0x24 c:/intelfpga_lite/18.1/nios2eds/bin/gnu/h-x86_64-mingw32/bin/../lib/gcc/nios2-elf/5.3.0/../../../../../H-x86_64-mingw32/nios2-elf/lib/pg\libc.a(lib_a-putchar.o)
                0x0000000004028008                putchar
 .text          0x000000000402802c        0x0 c:/intelfpga_lite/18.1/nios2eds/bin/gnu/h-x86_64-mingw32/bin/../lib/gcc/nios2-elf/5.3.0/../../../../../H-x86_64-mingw32/nios2-elf/lib/pg\libc.a(lib_a-puts.o)
 .text._puts_r  0x000000000402802c       0xcc c:/intelfpga_lite/18.1/nios2eds/bin/gnu/h-x86_64-mingw32/bin/../lib/gcc/nios2-elf/5.3.0/../../../../../H-x86_64-mingw32/nios2-elf/lib/pg\libc.a(lib_a-puts.o)
                0x000000000402802c                _puts_r
 .text.puts     0x00000000040280f8       0x20 c:/intelfpga_lite/18.1/nios2eds/bin/gnu/h-x86_64-mingw32/bin/../lib/gcc/nios2-elf/5.3.0/../../../../../H-x86_64-mingw32/nios2-elf/lib/pg\libc.a(lib_a-puts.o)
                0x00000000040280f8                puts
 .text          0x0000000004028118        0x0 c:/intelfpga_lite/18.1/nios2eds/bin/gnu/h-x86_64-mingw32/bin/../lib/gcc/nios2-elf/5.3.0/../../../../../H-x86_64-mingw32/nios2-elf/lib/pg\libc.a(lib_a-rand.o)
 .text.srand    0x0000000004028118       0x24 c:/intelfpga_lite/18.1/nios2eds/bin/gnu/h-x86_64-mingw32/bin/../lib/gcc/nios2-elf/5.3.0/../../../../../H-x86_64-mingw32/nios2-elf/lib/pg\libc.a(lib_a-rand.o)
                0x0000000004028118                srand
 .text.rand     0x000000000402813c       0x70 c:/intelfpga_lite/18.1/nios2eds/bin/gnu/h-x86_64-mingw32/bin/../lib/gcc/nios2-elf/5.3.0/../../../../../H-x86_64-mingw32/nios2-elf/lib/pg\libc.a(lib_a-rand.o)
                0x000000000402813c                rand
 .text          0x00000000040281ac        0x0 c:/intelfpga_lite/18.1/nios2eds/bin/gnu/h-x86_64-mingw32/bin/../lib/gcc/nios2-elf/5.3.0/../../../../../H-x86_64-mingw32/nios2-elf/lib/pg\libc.a(lib_a-sbrkr.o)
 .text._sbrk_r  0x00000000040281ac       0x60 c:/intelfpga_lite/18.1/nios2eds/bin/gnu/h-x86_64-mingw32/bin/../lib/gcc/nios2-elf/5.3.0/../../../../../H-x86_64-mingw32/nios2-elf/lib/pg\libc.a(lib_a-sbrkr.o)
                0x00000000040281ac                _sbrk_r
 .text          0x000000000402820c        0x0 c:/intelfpga_lite/18.1/nios2eds/bin/gnu/h-x86_64-mingw32/bin/../lib/gcc/nios2-elf/5.3.0/../../../../../H-x86_64-mingw32/nios2-elf/lib/pg\libc.a(lib_a-signal.o)
 .text._init_signal_r
                0x000000000402820c       0x78 c:/intelfpga_lite/18.1/nios2eds/bin/gnu/h-x86_64-mingw32/bin/../lib/gcc/nios2-elf/5.3.0/../../../../../H-x86_64-mingw32/nios2-elf/lib/pg\libc.a(lib_a-signal.o)
                0x000000000402820c                _init_signal_r
 .text._signal_r
                0x0000000004028284       0x90 c:/intelfpga_lite/18.1/nios2eds/bin/gnu/h-x86_64-mingw32/bin/../lib/gcc/nios2-elf/5.3.0/../../../../../H-x86_64-mingw32/nios2-elf/lib/pg\libc.a(lib_a-signal.o)
                0x0000000004028284                _signal_r
 .text._raise_r
                0x0000000004028314       0xc8 c:/intelfpga_lite/18.1/nios2eds/bin/gnu/h-x86_64-mingw32/bin/../lib/gcc/nios2-elf/5.3.0/../../../../../H-x86_64-mingw32/nios2-elf/lib/pg\libc.a(lib_a-signal.o)
                0x0000000004028314                _raise_r
 .text.__sigtramp_r
                0x00000000040283dc       0xb4 c:/intelfpga_lite/18.1/nios2eds/bin/gnu/h-x86_64-mingw32/bin/../lib/gcc/nios2-elf/5.3.0/../../../../../H-x86_64-mingw32/nios2-elf/lib/pg\libc.a(lib_a-signal.o)
                0x00000000040283dc                __sigtramp_r
 .text.raise    0x0000000004028490       0x20 c:/intelfpga_lite/18.1/nios2eds/bin/gnu/h-x86_64-mingw32/bin/../lib/gcc/nios2-elf/5.3.0/../../../../../H-x86_64-mingw32/nios2-elf/lib/pg\libc.a(lib_a-signal.o)
                0x0000000004028490                raise
 .text.signal   0x00000000040284b0       0x24 c:/intelfpga_lite/18.1/nios2eds/bin/gnu/h-x86_64-mingw32/bin/../lib/gcc/nios2-elf/5.3.0/../../../../../H-x86_64-mingw32/nios2-elf/lib/pg\libc.a(lib_a-signal.o)
                0x00000000040284b0                signal
 .text._init_signal
                0x00000000040284d4       0x1c c:/intelfpga_lite/18.1/nios2eds/bin/gnu/h-x86_64-mingw32/bin/../lib/gcc/nios2-elf/5.3.0/../../../../../H-x86_64-mingw32/nios2-elf/lib/pg\libc.a(lib_a-signal.o)
                0x00000000040284d4                _init_signal
 .text.__sigtramp
                0x00000000040284f0       0x20 c:/intelfpga_lite/18.1/nios2eds/bin/gnu/h-x86_64-mingw32/bin/../lib/gcc/nios2-elf/5.3.0/../../../../../H-x86_64-mingw32/nios2-elf/lib/pg\libc.a(lib_a-signal.o)
                0x00000000040284f0                __sigtramp
 .text          0x0000000004028510        0x0 c:/intelfpga_lite/18.1/nios2eds/bin/gnu/h-x86_64-mingw32/bin/../lib/gcc/nios2-elf/5.3.0/../../../../../H-x86_64-mingw32/nios2-elf/lib/pg\libc.a(lib_a-signalr.o)
 .text._kill_r  0x0000000004028510       0x68 c:/intelfpga_lite/18.1/nios2eds/bin/gnu/h-x86_64-mingw32/bin/../lib/gcc/nios2-elf/5.3.0/../../../../../H-x86_64-mingw32/nios2-elf/lib/pg\libc.a(lib_a-signalr.o)
                0x0000000004028510                _kill_r
 .text._getpid_r
                0x0000000004028578       0x10 c:/intelfpga_lite/18.1/nios2eds/bin/gnu/h-x86_64-mingw32/bin/../lib/gcc/nios2-elf/5.3.0/../../../../../H-x86_64-mingw32/nios2-elf/lib/pg\libc.a(lib_a-signalr.o)
                0x0000000004028578                _getpid_r
 .text          0x0000000004028588        0x0 c:/intelfpga_lite/18.1/nios2eds/bin/gnu/h-x86_64-mingw32/bin/../lib/gcc/nios2-elf/5.3.0/../../../../../H-x86_64-mingw32/nios2-elf/lib/pg\libc.a(lib_a-strcmp.o)
 .text.strcmp   0x0000000004028588       0xe0 c:/intelfpga_lite/18.1/nios2eds/bin/gnu/h-x86_64-mingw32/bin/../lib/gcc/nios2-elf/5.3.0/../../../../../H-x86_64-mingw32/nios2-elf/lib/pg\libc.a(lib_a-strcmp.o)
                0x0000000004028588                strcmp
 .text          0x0000000004028668        0x0 c:/intelfpga_lite/18.1/nios2eds/bin/gnu/h-x86_64-mingw32/bin/../lib/gcc/nios2-elf/5.3.0/../../../../../H-x86_64-mingw32/nios2-elf/lib/pg\libc.a(lib_a-strlen.o)
 .text.strlen   0x0000000004028668       0xa4 c:/intelfpga_lite/18.1/nios2eds/bin/gnu/h-x86_64-mingw32/bin/../lib/gcc/nios2-elf/5.3.0/../../../../../H-x86_64-mingw32/nios2-elf/lib/pg\libc.a(lib_a-strlen.o)
                0x0000000004028668                strlen
 .text          0x000000000402870c        0x0 c:/intelfpga_lite/18.1/nios2eds/bin/gnu/h-x86_64-mingw32/bin/../lib/gcc/nios2-elf/5.3.0/../../../../../H-x86_64-mingw32/nios2-elf/lib/pg\libc.a(lib_a-vfprintf.o)
 .text.___vfprintf_internal_r
                0x000000000402870c     0x2204 c:/intelfpga_lite/18.1/nios2eds/bin/gnu/h-x86_64-mingw32/bin/../lib/gcc/nios2-elf/5.3.0/../../../../../H-x86_64-mingw32/nios2-elf/lib/pg\libc.a(lib_a-vfprintf.o)
                0x000000000402870c                ___vfprintf_internal_r
 .text.__vfprintf_internal
                0x000000000402a910       0x28 c:/intelfpga_lite/18.1/nios2eds/bin/gnu/h-x86_64-mingw32/bin/../lib/gcc/nios2-elf/5.3.0/../../../../../H-x86_64-mingw32/nios2-elf/lib/pg\libc.a(lib_a-vfprintf.o)
                0x000000000402a910                __vfprintf_internal
 .text.__sbprintf
                0x000000000402a938       0xc8 c:/intelfpga_lite/18.1/nios2eds/bin/gnu/h-x86_64-mingw32/bin/../lib/gcc/nios2-elf/5.3.0/../../../../../H-x86_64-mingw32/nios2-elf/lib/pg\libc.a(lib_a-vfprintf.o)
 .text          0x000000000402aa00        0x0 c:/intelfpga_lite/18.1/nios2eds/bin/gnu/h-x86_64-mingw32/bin/../lib/gcc/nios2-elf/5.3.0/../../../../../H-x86_64-mingw32/nios2-elf/lib/pg\libc.a(lib_a-wsetup.o)
 .text.__swsetup_r
                0x000000000402aa00      0x160 c:/intelfpga_lite/18.1/nios2eds/bin/gnu/h-x86_64-mingw32/bin/../lib/gcc/nios2-elf/5.3.0/../../../../../H-x86_64-mingw32/nios2-elf/lib/pg\libc.a(lib_a-wsetup.o)
                0x000000000402aa00                __swsetup_r
 .text          0x000000000402ab60        0x0 c:/intelfpga_lite/18.1/nios2eds/bin/gnu/h-x86_64-mingw32/bin/../lib/gcc/nios2-elf/5.3.0/../../../../../H-x86_64-mingw32/nios2-elf/lib/pg\libc.a(lib_a-dtoa.o)
 .text.quorem   0x000000000402ab60      0x20c c:/intelfpga_lite/18.1/nios2eds/bin/gnu/h-x86_64-mingw32/bin/../lib/gcc/nios2-elf/5.3.0/../../../../../H-x86_64-mingw32/nios2-elf/lib/pg\libc.a(lib_a-dtoa.o)
 .text._dtoa_r  0x000000000402ad6c     0x1694 c:/intelfpga_lite/18.1/nios2eds/bin/gnu/h-x86_64-mingw32/bin/../lib/gcc/nios2-elf/5.3.0/../../../../../H-x86_64-mingw32/nios2-elf/lib/pg\libc.a(lib_a-dtoa.o)
                0x000000000402ad6c                _dtoa_r
 .text          0x000000000402c400        0x0 c:/intelfpga_lite/18.1/nios2eds/bin/gnu/h-x86_64-mingw32/bin/../lib/gcc/nios2-elf/5.3.0/../../../../../H-x86_64-mingw32/nios2-elf/lib/pg\libc.a(lib_a-fflush.o)
 .text.__sflush_r
                0x000000000402c400      0x228 c:/intelfpga_lite/18.1/nios2eds/bin/gnu/h-x86_64-mingw32/bin/../lib/gcc/nios2-elf/5.3.0/../../../../../H-x86_64-mingw32/nios2-elf/lib/pg\libc.a(lib_a-fflush.o)
                0x000000000402c400                __sflush_r
 .text._fflush_r
                0x000000000402c628       0x68 c:/intelfpga_lite/18.1/nios2eds/bin/gnu/h-x86_64-mingw32/bin/../lib/gcc/nios2-elf/5.3.0/../../../../../H-x86_64-mingw32/nios2-elf/lib/pg\libc.a(lib_a-fflush.o)
                0x000000000402c628                _fflush_r
 .text.fflush   0x000000000402c690       0x3c c:/intelfpga_lite/18.1/nios2eds/bin/gnu/h-x86_64-mingw32/bin/../lib/gcc/nios2-elf/5.3.0/../../../../../H-x86_64-mingw32/nios2-elf/lib/pg\libc.a(lib_a-fflush.o)
                0x000000000402c690                fflush
 .text          0x000000000402c6cc        0x0 c:/intelfpga_lite/18.1/nios2eds/bin/gnu/h-x86_64-mingw32/bin/../lib/gcc/nios2-elf/5.3.0/../../../../../H-x86_64-mingw32/nios2-elf/lib/pg\libc.a(lib_a-findfp.o)
 .text.__fp_unlock
                0x000000000402c6cc       0x14 c:/intelfpga_lite/18.1/nios2eds/bin/gnu/h-x86_64-mingw32/bin/../lib/gcc/nios2-elf/5.3.0/../../../../../H-x86_64-mingw32/nios2-elf/lib/pg\libc.a(lib_a-findfp.o)
 .text._cleanup_r
                0x000000000402c6e0       0x18 c:/intelfpga_lite/18.1/nios2eds/bin/gnu/h-x86_64-mingw32/bin/../lib/gcc/nios2-elf/5.3.0/../../../../../H-x86_64-mingw32/nios2-elf/lib/pg\libc.a(lib_a-findfp.o)
                0x000000000402c6e0                _cleanup_r
 .text.__sinit.part.1
                0x000000000402c6f8      0x1a8 c:/intelfpga_lite/18.1/nios2eds/bin/gnu/h-x86_64-mingw32/bin/../lib/gcc/nios2-elf/5.3.0/../../../../../H-x86_64-mingw32/nios2-elf/lib/pg\libc.a(lib_a-findfp.o)
 .text.__fp_lock
                0x000000000402c8a0       0x14 c:/intelfpga_lite/18.1/nios2eds/bin/gnu/h-x86_64-mingw32/bin/../lib/gcc/nios2-elf/5.3.0/../../../../../H-x86_64-mingw32/nios2-elf/lib/pg\libc.a(lib_a-findfp.o)
 .text.__sfmoreglue
                0x000000000402c8b4       0x74 c:/intelfpga_lite/18.1/nios2eds/bin/gnu/h-x86_64-mingw32/bin/../lib/gcc/nios2-elf/5.3.0/../../../../../H-x86_64-mingw32/nios2-elf/lib/pg\libc.a(lib_a-findfp.o)
                0x000000000402c8b4                __sfmoreglue
 .text.__sfp    0x000000000402c928      0x124 c:/intelfpga_lite/18.1/nios2eds/bin/gnu/h-x86_64-mingw32/bin/../lib/gcc/nios2-elf/5.3.0/../../../../../H-x86_64-mingw32/nios2-elf/lib/pg\libc.a(lib_a-findfp.o)
                0x000000000402c928                __sfp
 .text._cleanup
                0x000000000402ca4c       0x24 c:/intelfpga_lite/18.1/nios2eds/bin/gnu/h-x86_64-mingw32/bin/../lib/gcc/nios2-elf/5.3.0/../../../../../H-x86_64-mingw32/nios2-elf/lib/pg\libc.a(lib_a-findfp.o)
                0x000000000402ca4c                _cleanup
 .text.__sinit  0x000000000402ca70       0x1c c:/intelfpga_lite/18.1/nios2eds/bin/gnu/h-x86_64-mingw32/bin/../lib/gcc/nios2-elf/5.3.0/../../../../../H-x86_64-mingw32/nios2-elf/lib/pg\libc.a(lib_a-findfp.o)
                0x000000000402ca70                __sinit
 .text.__sfp_lock_acquire
                0x000000000402ca8c       0x10 c:/intelfpga_lite/18.1/nios2eds/bin/gnu/h-x86_64-mingw32/bin/../lib/gcc/nios2-elf/5.3.0/../../../../../H-x86_64-mingw32/nios2-elf/lib/pg\libc.a(lib_a-findfp.o)
                0x000000000402ca8c                __sfp_lock_acquire
 .text.__sfp_lock_release
                0x000000000402ca9c       0x10 c:/intelfpga_lite/18.1/nios2eds/bin/gnu/h-x86_64-mingw32/bin/../lib/gcc/nios2-elf/5.3.0/../../../../../H-x86_64-mingw32/nios2-elf/lib/pg\libc.a(lib_a-findfp.o)
                0x000000000402ca9c                __sfp_lock_release
 .text.__sinit_lock_acquire
                0x000000000402caac       0x10 c:/intelfpga_lite/18.1/nios2eds/bin/gnu/h-x86_64-mingw32/bin/../lib/gcc/nios2-elf/5.3.0/../../../../../H-x86_64-mingw32/nios2-elf/lib/pg\libc.a(lib_a-findfp.o)
                0x000000000402caac                __sinit_lock_acquire
 .text.__sinit_lock_release
                0x000000000402cabc       0x10 c:/intelfpga_lite/18.1/nios2eds/bin/gnu/h-x86_64-mingw32/bin/../lib/gcc/nios2-elf/5.3.0/../../../../../H-x86_64-mingw32/nios2-elf/lib/pg\libc.a(lib_a-findfp.o)
                0x000000000402cabc                __sinit_lock_release
 .text.__fp_lock_all
                0x000000000402cacc       0x24 c:/intelfpga_lite/18.1/nios2eds/bin/gnu/h-x86_64-mingw32/bin/../lib/gcc/nios2-elf/5.3.0/../../../../../H-x86_64-mingw32/nios2-elf/lib/pg\libc.a(lib_a-findfp.o)
                0x000000000402cacc                __fp_lock_all
 .text.__fp_unlock_all
                0x000000000402caf0       0x24 c:/intelfpga_lite/18.1/nios2eds/bin/gnu/h-x86_64-mingw32/bin/../lib/gcc/nios2-elf/5.3.0/../../../../../H-x86_64-mingw32/nios2-elf/lib/pg\libc.a(lib_a-findfp.o)
                0x000000000402caf0                __fp_unlock_all
 .text          0x000000000402cb14        0x0 c:/intelfpga_lite/18.1/nios2eds/bin/gnu/h-x86_64-mingw32/bin/../lib/gcc/nios2-elf/5.3.0/../../../../../H-x86_64-mingw32/nios2-elf/lib/pg\libc.a(lib_a-freer.o)
 .text._malloc_trim_r
                0x000000000402cb14      0x130 c:/intelfpga_lite/18.1/nios2eds/bin/gnu/h-x86_64-mingw32/bin/../lib/gcc/nios2-elf/5.3.0/../../../../../H-x86_64-mingw32/nios2-elf/lib/pg\libc.a(lib_a-freer.o)
                0x000000000402cb14                _malloc_trim_r
 .text._free_r  0x000000000402cc44      0x31c c:/intelfpga_lite/18.1/nios2eds/bin/gnu/h-x86_64-mingw32/bin/../lib/gcc/nios2-elf/5.3.0/../../../../../H-x86_64-mingw32/nios2-elf/lib/pg\libc.a(lib_a-freer.o)
                0x000000000402cc44                _free_r
 .text          0x000000000402cf60        0x0 c:/intelfpga_lite/18.1/nios2eds/bin/gnu/h-x86_64-mingw32/bin/../lib/gcc/nios2-elf/5.3.0/../../../../../H-x86_64-mingw32/nios2-elf/lib/pg\libc.a(lib_a-fvwrite.o)
 .text.__sfvwrite_r
                0x000000000402cf60      0x4c8 c:/intelfpga_lite/18.1/nios2eds/bin/gnu/h-x86_64-mingw32/bin/../lib/gcc/nios2-elf/5.3.0/../../../../../H-x86_64-mingw32/nios2-elf/lib/pg\libc.a(lib_a-fvwrite.o)
                0x000000000402cf60                __sfvwrite_r
 .text          0x000000000402d428        0x0 c:/intelfpga_lite/18.1/nios2eds/bin/gnu/h-x86_64-mingw32/bin/../lib/gcc/nios2-elf/5.3.0/../../../../../H-x86_64-mingw32/nios2-elf/lib/pg\libc.a(lib_a-fwalk.o)
 .text._fwalk   0x000000000402d428       0xd0 c:/intelfpga_lite/18.1/nios2eds/bin/gnu/h-x86_64-mingw32/bin/../lib/gcc/nios2-elf/5.3.0/../../../../../H-x86_64-mingw32/nios2-elf/lib/pg\libc.a(lib_a-fwalk.o)
                0x000000000402d428                _fwalk
 .text._fwalk_reent
                0x000000000402d4f8       0xd0 c:/intelfpga_lite/18.1/nios2eds/bin/gnu/h-x86_64-mingw32/bin/../lib/gcc/nios2-elf/5.3.0/../../../../../H-x86_64-mingw32/nios2-elf/lib/pg\libc.a(lib_a-fwalk.o)
                0x000000000402d4f8                _fwalk_reent
 .text          0x000000000402d5c8        0x0 c:/intelfpga_lite/18.1/nios2eds/bin/gnu/h-x86_64-mingw32/bin/../lib/gcc/nios2-elf/5.3.0/../../../../../H-x86_64-mingw32/nios2-elf/lib/pg\libc.a(lib_a-impure.o)
 .text          0x000000000402d5c8        0x0 c:/intelfpga_lite/18.1/nios2eds/bin/gnu/h-x86_64-mingw32/bin/../lib/gcc/nios2-elf/5.3.0/../../../../../H-x86_64-mingw32/nios2-elf/lib/pg\libc.a(lib_a-int_errno.o)
 .text          0x000000000402d5c8        0x0 c:/intelfpga_lite/18.1/nios2eds/bin/gnu/h-x86_64-mingw32/bin/../lib/gcc/nios2-elf/5.3.0/../../../../../H-x86_64-mingw32/nios2-elf/lib/pg\libc.a(lib_a-locale.o)
 .text._setlocale_r
                0x000000000402d5c8       0x88 c:/intelfpga_lite/18.1/nios2eds/bin/gnu/h-x86_64-mingw32/bin/../lib/gcc/nios2-elf/5.3.0/../../../../../H-x86_64-mingw32/nios2-elf/lib/pg\libc.a(lib_a-locale.o)
                0x000000000402d5c8                _setlocale_r
 .text.__locale_charset
                0x000000000402d650       0x18 c:/intelfpga_lite/18.1/nios2eds/bin/gnu/h-x86_64-mingw32/bin/../lib/gcc/nios2-elf/5.3.0/../../../../../H-x86_64-mingw32/nios2-elf/lib/pg\libc.a(lib_a-locale.o)
                0x000000000402d650                __locale_charset
 .text.__locale_mb_cur_max
                0x000000000402d668       0x1c c:/intelfpga_lite/18.1/nios2eds/bin/gnu/h-x86_64-mingw32/bin/../lib/gcc/nios2-elf/5.3.0/../../../../../H-x86_64-mingw32/nios2-elf/lib/pg\libc.a(lib_a-locale.o)
                0x000000000402d668                __locale_mb_cur_max
 .text.__locale_msgcharset
                0x000000000402d684       0x18 c:/intelfpga_lite/18.1/nios2eds/bin/gnu/h-x86_64-mingw32/bin/../lib/gcc/nios2-elf/5.3.0/../../../../../H-x86_64-mingw32/nios2-elf/lib/pg\libc.a(lib_a-locale.o)
                0x000000000402d684                __locale_msgcharset
 .text.__locale_cjk_lang
                0x000000000402d69c       0x14 c:/intelfpga_lite/18.1/nios2eds/bin/gnu/h-x86_64-mingw32/bin/../lib/gcc/nios2-elf/5.3.0/../../../../../H-x86_64-mingw32/nios2-elf/lib/pg\libc.a(lib_a-locale.o)
                0x000000000402d69c                __locale_cjk_lang
 .text._localeconv_r
                0x000000000402d6b0       0x18 c:/intelfpga_lite/18.1/nios2eds/bin/gnu/h-x86_64-mingw32/bin/../lib/gcc/nios2-elf/5.3.0/../../../../../H-x86_64-mingw32/nios2-elf/lib/pg\libc.a(lib_a-locale.o)
                0x000000000402d6b0                _localeconv_r
 .text.setlocale
                0x000000000402d6c8       0x24 c:/intelfpga_lite/18.1/nios2eds/bin/gnu/h-x86_64-mingw32/bin/../lib/gcc/nios2-elf/5.3.0/../../../../../H-x86_64-mingw32/nios2-elf/lib/pg\libc.a(lib_a-locale.o)
                0x000000000402d6c8                setlocale
 .text.localeconv
                0x000000000402d6ec       0x18 c:/intelfpga_lite/18.1/nios2eds/bin/gnu/h-x86_64-mingw32/bin/../lib/gcc/nios2-elf/5.3.0/../../../../../H-x86_64-mingw32/nios2-elf/lib/pg\libc.a(lib_a-locale.o)
                0x000000000402d6ec                localeconv
 .text          0x000000000402d704        0x0 c:/intelfpga_lite/18.1/nios2eds/bin/gnu/h-x86_64-mingw32/bin/../lib/gcc/nios2-elf/5.3.0/../../../../../H-x86_64-mingw32/nios2-elf/lib/pg\libc.a(lib_a-makebuf.o)
 .text.__smakebuf_r
                0x000000000402d704      0x1c8 c:/intelfpga_lite/18.1/nios2eds/bin/gnu/h-x86_64-mingw32/bin/../lib/gcc/nios2-elf/5.3.0/../../../../../H-x86_64-mingw32/nios2-elf/lib/pg\libc.a(lib_a-makebuf.o)
                0x000000000402d704                __smakebuf_r
 .text          0x000000000402d8cc        0x0 c:/intelfpga_lite/18.1/nios2eds/bin/gnu/h-x86_64-mingw32/bin/../lib/gcc/nios2-elf/5.3.0/../../../../../H-x86_64-mingw32/nios2-elf/lib/pg\libc.a(lib_a-memchr.o)
 .text.memchr   0x000000000402d8cc       0xf0 c:/intelfpga_lite/18.1/nios2eds/bin/gnu/h-x86_64-mingw32/bin/../lib/gcc/nios2-elf/5.3.0/../../../../../H-x86_64-mingw32/nios2-elf/lib/pg\libc.a(lib_a-memchr.o)
                0x000000000402d8cc                memchr
 .text          0x000000000402d9bc        0x0 c:/intelfpga_lite/18.1/nios2eds/bin/gnu/h-x86_64-mingw32/bin/../lib/gcc/nios2-elf/5.3.0/../../../../../H-x86_64-mingw32/nios2-elf/lib/pg\libc.a(lib_a-memcpy.o)
 .text.memcpy   0x000000000402d9bc      0x154 c:/intelfpga_lite/18.1/nios2eds/bin/gnu/h-x86_64-mingw32/bin/../lib/gcc/nios2-elf/5.3.0/../../../../../H-x86_64-mingw32/nios2-elf/lib/pg\libc.a(lib_a-memcpy.o)
                0x000000000402d9bc                memcpy
 .text          0x000000000402db10        0x0 c:/intelfpga_lite/18.1/nios2eds/bin/gnu/h-x86_64-mingw32/bin/../lib/gcc/nios2-elf/5.3.0/../../../../../H-x86_64-mingw32/nios2-elf/lib/pg\libc.a(lib_a-memmove.o)
 .text.memmove  0x000000000402db10      0x164 c:/intelfpga_lite/18.1/nios2eds/bin/gnu/h-x86_64-mingw32/bin/../lib/gcc/nios2-elf/5.3.0/../../../../../H-x86_64-mingw32/nios2-elf/lib/pg\libc.a(lib_a-memmove.o)
                0x000000000402db10                memmove
 .text          0x000000000402dc74        0x0 c:/intelfpga_lite/18.1/nios2eds/bin/gnu/h-x86_64-mingw32/bin/../lib/gcc/nios2-elf/5.3.0/../../../../../H-x86_64-mingw32/nios2-elf/lib/pg\libc.a(lib_a-mprec.o)
 .text._Balloc  0x000000000402dc74       0xb4 c:/intelfpga_lite/18.1/nios2eds/bin/gnu/h-x86_64-mingw32/bin/../lib/gcc/nios2-elf/5.3.0/../../../../../H-x86_64-mingw32/nios2-elf/lib/pg\libc.a(lib_a-mprec.o)
                0x000000000402dc74                _Balloc
 .text._Bfree   0x000000000402dd28       0x34 c:/intelfpga_lite/18.1/nios2eds/bin/gnu/h-x86_64-mingw32/bin/../lib/gcc/nios2-elf/5.3.0/../../../../../H-x86_64-mingw32/nios2-elf/lib/pg\libc.a(lib_a-mprec.o)
                0x000000000402dd28                _Bfree
 .text.__multadd
                0x000000000402dd5c      0x12c c:/intelfpga_lite/18.1/nios2eds/bin/gnu/h-x86_64-mingw32/bin/../lib/gcc/nios2-elf/5.3.0/../../../../../H-x86_64-mingw32/nios2-elf/lib/pg\libc.a(lib_a-mprec.o)
                0x000000000402dd5c                __multadd
 .text.__s2b    0x000000000402de88      0x110 c:/intelfpga_lite/18.1/nios2eds/bin/gnu/h-x86_64-mingw32/bin/../lib/gcc/nios2-elf/5.3.0/../../../../../H-x86_64-mingw32/nios2-elf/lib/pg\libc.a(lib_a-mprec.o)
                0x000000000402de88                __s2b
 .text.__hi0bits
                0x000000000402df98       0x74 c:/intelfpga_lite/18.1/nios2eds/bin/gnu/h-x86_64-mingw32/bin/../lib/gcc/nios2-elf/5.3.0/../../../../../H-x86_64-mingw32/nios2-elf/lib/pg\libc.a(lib_a-mprec.o)
                0x000000000402df98                __hi0bits
 .text.__lo0bits
                0x000000000402e00c       0xbc c:/intelfpga_lite/18.1/nios2eds/bin/gnu/h-x86_64-mingw32/bin/../lib/gcc/nios2-elf/5.3.0/../../../../../H-x86_64-mingw32/nios2-elf/lib/pg\libc.a(lib_a-mprec.o)
                0x000000000402e00c                __lo0bits
 .text.__i2b    0x000000000402e0c8       0x48 c:/intelfpga_lite/18.1/nios2eds/bin/gnu/h-x86_64-mingw32/bin/../lib/gcc/nios2-elf/5.3.0/../../../../../H-x86_64-mingw32/nios2-elf/lib/pg\libc.a(lib_a-mprec.o)
                0x000000000402e0c8                __i2b
 .text.__multiply
                0x000000000402e110      0x204 c:/intelfpga_lite/18.1/nios2eds/bin/gnu/h-x86_64-mingw32/bin/../lib/gcc/nios2-elf/5.3.0/../../../../../H-x86_64-mingw32/nios2-elf/lib/pg\libc.a(lib_a-mprec.o)
                0x000000000402e110                __multiply
 .text.__pow5mult
                0x000000000402e314      0x14c c:/intelfpga_lite/18.1/nios2eds/bin/gnu/h-x86_64-mingw32/bin/../lib/gcc/nios2-elf/5.3.0/../../../../../H-x86_64-mingw32/nios2-elf/lib/pg\libc.a(lib_a-mprec.o)
                0x000000000402e314                __pow5mult
 .text.__lshift
                0x000000000402e460      0x154 c:/intelfpga_lite/18.1/nios2eds/bin/gnu/h-x86_64-mingw32/bin/../lib/gcc/nios2-elf/5.3.0/../../../../../H-x86_64-mingw32/nios2-elf/lib/pg\libc.a(lib_a-mprec.o)
                0x000000000402e460                __lshift
 .text.__mcmp   0x000000000402e5b4       0x6c c:/intelfpga_lite/18.1/nios2eds/bin/gnu/h-x86_64-mingw32/bin/../lib/gcc/nios2-elf/5.3.0/../../../../../H-x86_64-mingw32/nios2-elf/lib/pg\libc.a(lib_a-mprec.o)
                0x000000000402e5b4                __mcmp
 .text.__mdiff  0x000000000402e620      0x208 c:/intelfpga_lite/18.1/nios2eds/bin/gnu/h-x86_64-mingw32/bin/../lib/gcc/nios2-elf/5.3.0/../../../../../H-x86_64-mingw32/nios2-elf/lib/pg\libc.a(lib_a-mprec.o)
                0x000000000402e620                __mdiff
 .text.__ulp    0x000000000402e828       0x6c c:/intelfpga_lite/18.1/nios2eds/bin/gnu/h-x86_64-mingw32/bin/../lib/gcc/nios2-elf/5.3.0/../../../../../H-x86_64-mingw32/nios2-elf/lib/pg\libc.a(lib_a-mprec.o)
                0x000000000402e828                __ulp
 .text.__b2d    0x000000000402e894      0x118 c:/intelfpga_lite/18.1/nios2eds/bin/gnu/h-x86_64-mingw32/bin/../lib/gcc/nios2-elf/5.3.0/../../../../../H-x86_64-mingw32/nios2-elf/lib/pg\libc.a(lib_a-mprec.o)
                0x000000000402e894                __b2d
 .text.__d2b    0x000000000402e9ac      0x158 c:/intelfpga_lite/18.1/nios2eds/bin/gnu/h-x86_64-mingw32/bin/../lib/gcc/nios2-elf/5.3.0/../../../../../H-x86_64-mingw32/nios2-elf/lib/pg\libc.a(lib_a-mprec.o)
                0x000000000402e9ac                __d2b
 .text.__ratio  0x000000000402eb04       0xb0 c:/intelfpga_lite/18.1/nios2eds/bin/gnu/h-x86_64-mingw32/bin/../lib/gcc/nios2-elf/5.3.0/../../../../../H-x86_64-mingw32/nios2-elf/lib/pg\libc.a(lib_a-mprec.o)
                0x000000000402eb04                __ratio
 .text._mprec_log10
                0x000000000402ebb4       0x80 c:/intelfpga_lite/18.1/nios2eds/bin/gnu/h-x86_64-mingw32/bin/../lib/gcc/nios2-elf/5.3.0/../../../../../H-x86_64-mingw32/nios2-elf/lib/pg\libc.a(lib_a-mprec.o)
                0x000000000402ebb4                _mprec_log10
 .text.__copybits
                0x000000000402ec34       0x84 c:/intelfpga_lite/18.1/nios2eds/bin/gnu/h-x86_64-mingw32/bin/../lib/gcc/nios2-elf/5.3.0/../../../../../H-x86_64-mingw32/nios2-elf/lib/pg\libc.a(lib_a-mprec.o)
                0x000000000402ec34                __copybits
 .text.__any_on
                0x000000000402ecb8       0x94 c:/intelfpga_lite/18.1/nios2eds/bin/gnu/h-x86_64-mingw32/bin/../lib/gcc/nios2-elf/5.3.0/../../../../../H-x86_64-mingw32/nios2-elf/lib/pg\libc.a(lib_a-mprec.o)
                0x000000000402ecb8                __any_on
 .text          0x000000000402ed4c        0x0 c:/intelfpga_lite/18.1/nios2eds/bin/gnu/h-x86_64-mingw32/bin/../lib/gcc/nios2-elf/5.3.0/../../../../../H-x86_64-mingw32/nios2-elf/lib/pg\libc.a(lib_a-putc.o)
 .text._putc_r  0x000000000402ed4c       0xac c:/intelfpga_lite/18.1/nios2eds/bin/gnu/h-x86_64-mingw32/bin/../lib/gcc/nios2-elf/5.3.0/../../../../../H-x86_64-mingw32/nios2-elf/lib/pg\libc.a(lib_a-putc.o)
                0x000000000402ed4c                _putc_r
 .text.putc     0x000000000402edf8       0xd4 c:/intelfpga_lite/18.1/nios2eds/bin/gnu/h-x86_64-mingw32/bin/../lib/gcc/nios2-elf/5.3.0/../../../../../H-x86_64-mingw32/nios2-elf/lib/pg\libc.a(lib_a-putc.o)
                0x000000000402edf8                putc
 .text          0x000000000402eecc        0x0 c:/intelfpga_lite/18.1/nios2eds/bin/gnu/h-x86_64-mingw32/bin/../lib/gcc/nios2-elf/5.3.0/../../../../../H-x86_64-mingw32/nios2-elf/lib/pg\libc.a(lib_a-reallocr.o)
 .text._realloc_r
                0x000000000402eecc      0x570 c:/intelfpga_lite/18.1/nios2eds/bin/gnu/h-x86_64-mingw32/bin/../lib/gcc/nios2-elf/5.3.0/../../../../../H-x86_64-mingw32/nios2-elf/lib/pg\libc.a(lib_a-reallocr.o)
                0x000000000402eecc                _realloc_r
 .text          0x000000000402f43c        0x0 c:/intelfpga_lite/18.1/nios2eds/bin/gnu/h-x86_64-mingw32/bin/../lib/gcc/nios2-elf/5.3.0/../../../../../H-x86_64-mingw32/nios2-elf/lib/pg\libc.a(lib_a-s_fpclassify.o)
 .text.__fpclassifyd
                0x000000000402f43c       0x80 c:/intelfpga_lite/18.1/nios2eds/bin/gnu/h-x86_64-mingw32/bin/../lib/gcc/nios2-elf/5.3.0/../../../../../H-x86_64-mingw32/nios2-elf/lib/pg\libc.a(lib_a-s_fpclassify.o)
                0x000000000402f43c                __fpclassifyd
 .text          0x000000000402f4bc        0x0 c:/intelfpga_lite/18.1/nios2eds/bin/gnu/h-x86_64-mingw32/bin/../lib/gcc/nios2-elf/5.3.0/../../../../../H-x86_64-mingw32/nios2-elf/lib/pg\libc.a(lib_a-stdio.o)
 .text.__sread  0x000000000402f4bc       0x60 c:/intelfpga_lite/18.1/nios2eds/bin/gnu/h-x86_64-mingw32/bin/../lib/gcc/nios2-elf/5.3.0/../../../../../H-x86_64-mingw32/nios2-elf/lib/pg\libc.a(lib_a-stdio.o)
                0x000000000402f4bc                __sread
 .text.__seofread
                0x000000000402f51c       0x14 c:/intelfpga_lite/18.1/nios2eds/bin/gnu/h-x86_64-mingw32/bin/../lib/gcc/nios2-elf/5.3.0/../../../../../H-x86_64-mingw32/nios2-elf/lib/pg\libc.a(lib_a-stdio.o)
                0x000000000402f51c                __seofread
 .text.__swrite
                0x000000000402f530       0x88 c:/intelfpga_lite/18.1/nios2eds/bin/gnu/h-x86_64-mingw32/bin/../lib/gcc/nios2-elf/5.3.0/../../../../../H-x86_64-mingw32/nios2-elf/lib/pg\libc.a(lib_a-stdio.o)
                0x000000000402f530                __swrite
 .text.__sseek  0x000000000402f5b8       0x68 c:/intelfpga_lite/18.1/nios2eds/bin/gnu/h-x86_64-mingw32/bin/../lib/gcc/nios2-elf/5.3.0/../../../../../H-x86_64-mingw32/nios2-elf/lib/pg\libc.a(lib_a-stdio.o)
                0x000000000402f5b8                __sseek
 .text.__sclose
                0x000000000402f620       0x14 c:/intelfpga_lite/18.1/nios2eds/bin/gnu/h-x86_64-mingw32/bin/../lib/gcc/nios2-elf/5.3.0/../../../../../H-x86_64-mingw32/nios2-elf/lib/pg\libc.a(lib_a-stdio.o)
                0x000000000402f620                __sclose
 .text          0x000000000402f634        0x0 c:/intelfpga_lite/18.1/nios2eds/bin/gnu/h-x86_64-mingw32/bin/../lib/gcc/nios2-elf/5.3.0/../../../../../H-x86_64-mingw32/nios2-elf/lib/pg\libc.a(lib_a-vfiprintf.o)
 .text.__sprint_r.part.0
                0x000000000402f634      0x108 c:/intelfpga_lite/18.1/nios2eds/bin/gnu/h-x86_64-mingw32/bin/../lib/gcc/nios2-elf/5.3.0/../../../../../H-x86_64-mingw32/nios2-elf/lib/pg\libc.a(lib_a-vfiprintf.o)
 .text.__sprint_r
                0x000000000402f73c       0x24 c:/intelfpga_lite/18.1/nios2eds/bin/gnu/h-x86_64-mingw32/bin/../lib/gcc/nios2-elf/5.3.0/../../../../../H-x86_64-mingw32/nios2-elf/lib/pg\libc.a(lib_a-vfiprintf.o)
                0x000000000402f73c                __sprint_r
 .text.___vfiprintf_internal_r
                0x000000000402f760     0x1468 c:/intelfpga_lite/18.1/nios2eds/bin/gnu/h-x86_64-mingw32/bin/../lib/gcc/nios2-elf/5.3.0/../../../../../H-x86_64-mingw32/nios2-elf/lib/pg\libc.a(lib_a-vfiprintf.o)
                0x000000000402f760                ___vfiprintf_internal_r
 .text.__vfiprintf_internal
                0x0000000004030bc8       0x28 c:/intelfpga_lite/18.1/nios2eds/bin/gnu/h-x86_64-mingw32/bin/../lib/gcc/nios2-elf/5.3.0/../../../../../H-x86_64-mingw32/nios2-elf/lib/pg\libc.a(lib_a-vfiprintf.o)
                0x0000000004030bc8                __vfiprintf_internal
 .text.__sbprintf
                0x0000000004030bf0       0xc8 c:/intelfpga_lite/18.1/nios2eds/bin/gnu/h-x86_64-mingw32/bin/../lib/gcc/nios2-elf/5.3.0/../../../../../H-x86_64-mingw32/nios2-elf/lib/pg\libc.a(lib_a-vfiprintf.o)
 .text          0x0000000004030cb8        0x0 c:/intelfpga_lite/18.1/nios2eds/bin/gnu/h-x86_64-mingw32/bin/../lib/gcc/nios2-elf/5.3.0/../../../../../H-x86_64-mingw32/nios2-elf/lib/pg\libc.a(lib_a-wbuf.o)
 .text.__swbuf_r
                0x0000000004030cb8      0x14c c:/intelfpga_lite/18.1/nios2eds/bin/gnu/h-x86_64-mingw32/bin/../lib/gcc/nios2-elf/5.3.0/../../../../../H-x86_64-mingw32/nios2-elf/lib/pg\libc.a(lib_a-wbuf.o)
                0x0000000004030cb8                __swbuf_r
 .text.__swbuf  0x0000000004030e04       0x24 c:/intelfpga_lite/18.1/nios2eds/bin/gnu/h-x86_64-mingw32/bin/../lib/gcc/nios2-elf/5.3.0/../../../../../H-x86_64-mingw32/nios2-elf/lib/pg\libc.a(lib_a-wbuf.o)
                0x0000000004030e04                __swbuf
 .text          0x0000000004030e28        0x0 c:/intelfpga_lite/18.1/nios2eds/bin/gnu/h-x86_64-mingw32/bin/../lib/gcc/nios2-elf/5.3.0/../../../../../H-x86_64-mingw32/nios2-elf/lib/pg\libc.a(lib_a-writer.o)
 .text._write_r
                0x0000000004030e28       0x6c c:/intelfpga_lite/18.1/nios2eds/bin/gnu/h-x86_64-mingw32/bin/../lib/gcc/nios2-elf/5.3.0/../../../../../H-x86_64-mingw32/nios2-elf/lib/pg\libc.a(lib_a-writer.o)
                0x0000000004030e28                _write_r
 .text          0x0000000004030e94        0x0 c:/intelfpga_lite/18.1/nios2eds/bin/gnu/h-x86_64-mingw32/bin/../lib/gcc/nios2-elf/5.3.0/../../../../../H-x86_64-mingw32/nios2-elf/lib/pg\libc.a(closer.o)
 .text._close_r
                0x0000000004030e94       0x60 c:/intelfpga_lite/18.1/nios2eds/bin/gnu/h-x86_64-mingw32/bin/../lib/gcc/nios2-elf/5.3.0/../../../../../H-x86_64-mingw32/nios2-elf/lib/pg\libc.a(closer.o)
                0x0000000004030e94                _close_r
 .text          0x0000000004030ef4        0x0 c:/intelfpga_lite/18.1/nios2eds/bin/gnu/h-x86_64-mingw32/bin/../lib/gcc/nios2-elf/5.3.0/../../../../../H-x86_64-mingw32/nios2-elf/lib/pg\libc.a(lib_a-callocr.o)
 .text._calloc_r
                0x0000000004030ef4       0xd0 c:/intelfpga_lite/18.1/nios2eds/bin/gnu/h-x86_64-mingw32/bin/../lib/gcc/nios2-elf/5.3.0/../../../../../H-x86_64-mingw32/nios2-elf/lib/pg\libc.a(lib_a-callocr.o)
                0x0000000004030ef4                _calloc_r
 .text          0x0000000004030fc4        0x0 c:/intelfpga_lite/18.1/nios2eds/bin/gnu/h-x86_64-mingw32/bin/../lib/gcc/nios2-elf/5.3.0/../../../../../H-x86_64-mingw32/nios2-elf/lib/pg\libc.a(lib_a-fclose.o)
 .text._fclose_r
                0x0000000004030fc4       0xfc c:/intelfpga_lite/18.1/nios2eds/bin/gnu/h-x86_64-mingw32/bin/../lib/gcc/nios2-elf/5.3.0/../../../../../H-x86_64-mingw32/nios2-elf/lib/pg\libc.a(lib_a-fclose.o)
                0x0000000004030fc4                _fclose_r
 .text.fclose   0x00000000040310c0       0x20 c:/intelfpga_lite/18.1/nios2eds/bin/gnu/h-x86_64-mingw32/bin/../lib/gcc/nios2-elf/5.3.0/../../../../../H-x86_64-mingw32/nios2-elf/lib/pg\libc.a(lib_a-fclose.o)
                0x00000000040310c0                fclose
 .text          0x00000000040310e0        0x0 c:/intelfpga_lite/18.1/nios2eds/bin/gnu/h-x86_64-mingw32/bin/../lib/gcc/nios2-elf/5.3.0/../../../../../H-x86_64-mingw32/nios2-elf/lib/pg\libc.a(lib_a-fputwc.o)
 .text.__fputwc
                0x00000000040310e0      0x170 c:/intelfpga_lite/18.1/nios2eds/bin/gnu/h-x86_64-mingw32/bin/../lib/gcc/nios2-elf/5.3.0/../../../../../H-x86_64-mingw32/nios2-elf/lib/pg\libc.a(lib_a-fputwc.o)
                0x00000000040310e0                __fputwc
 .text._fputwc_r
                0x0000000004031250       0x30 c:/intelfpga_lite/18.1/nios2eds/bin/gnu/h-x86_64-mingw32/bin/../lib/gcc/nios2-elf/5.3.0/../../../../../H-x86_64-mingw32/nios2-elf/lib/pg\libc.a(lib_a-fputwc.o)
                0x0000000004031250                _fputwc_r
 .text.fputwc   0x0000000004031280       0x8c c:/intelfpga_lite/18.1/nios2eds/bin/gnu/h-x86_64-mingw32/bin/../lib/gcc/nios2-elf/5.3.0/../../../../../H-x86_64-mingw32/nios2-elf/lib/pg\libc.a(lib_a-fputwc.o)
                0x0000000004031280                fputwc
 .text          0x000000000403130c        0x0 c:/intelfpga_lite/18.1/nios2eds/bin/gnu/h-x86_64-mingw32/bin/../lib/gcc/nios2-elf/5.3.0/../../../../../H-x86_64-mingw32/nios2-elf/lib/pg\libc.a(lib_a-fstatr.o)
 .text._fstat_r
                0x000000000403130c       0x68 c:/intelfpga_lite/18.1/nios2eds/bin/gnu/h-x86_64-mingw32/bin/../lib/gcc/nios2-elf/5.3.0/../../../../../H-x86_64-mingw32/nios2-elf/lib/pg\libc.a(lib_a-fstatr.o)
                0x000000000403130c                _fstat_r
 .text          0x0000000004031374        0x0 c:/intelfpga_lite/18.1/nios2eds/bin/gnu/h-x86_64-mingw32/bin/../lib/gcc/nios2-elf/5.3.0/../../../../../H-x86_64-mingw32/nios2-elf/lib/pg\libc.a(lib_a-isattyr.o)
 .text._isatty_r
                0x0000000004031374       0x60 c:/intelfpga_lite/18.1/nios2eds/bin/gnu/h-x86_64-mingw32/bin/../lib/gcc/nios2-elf/5.3.0/../../../../../H-x86_64-mingw32/nios2-elf/lib/pg\libc.a(lib_a-isattyr.o)
                0x0000000004031374                _isatty_r
 .text          0x00000000040313d4        0x0 c:/intelfpga_lite/18.1/nios2eds/bin/gnu/h-x86_64-mingw32/bin/../lib/gcc/nios2-elf/5.3.0/../../../../../H-x86_64-mingw32/nios2-elf/lib/pg\libc.a(lib_a-lseekr.o)
 .text._lseek_r
                0x00000000040313d4       0x6c c:/intelfpga_lite/18.1/nios2eds/bin/gnu/h-x86_64-mingw32/bin/../lib/gcc/nios2-elf/5.3.0/../../../../../H-x86_64-mingw32/nios2-elf/lib/pg\libc.a(lib_a-lseekr.o)
                0x00000000040313d4                _lseek_r
 .text          0x0000000004031440        0x0 c:/intelfpga_lite/18.1/nios2eds/bin/gnu/h-x86_64-mingw32/bin/../lib/gcc/nios2-elf/5.3.0/../../../../../H-x86_64-mingw32/nios2-elf/lib/pg\libc.a(lib_a-readr.o)
 .text._read_r  0x0000000004031440       0x6c c:/intelfpga_lite/18.1/nios2eds/bin/gnu/h-x86_64-mingw32/bin/../lib/gcc/nios2-elf/5.3.0/../../../../../H-x86_64-mingw32/nios2-elf/lib/pg\libc.a(lib_a-readr.o)
                0x0000000004031440                _read_r
 .text          0x00000000040314ac        0x0 c:/intelfpga_lite/18.1/nios2eds/bin/gnu/h-x86_64-mingw32/bin/../lib/gcc/nios2-elf/5.3.0/../../../../../H-x86_64-mingw32/nios2-elf/lib/pg\libc.a(lib_a-wcrtomb.o)
 .text._wcrtomb_r
                0x00000000040314ac       0xa8 c:/intelfpga_lite/18.1/nios2eds/bin/gnu/h-x86_64-mingw32/bin/../lib/gcc/nios2-elf/5.3.0/../../../../../H-x86_64-mingw32/nios2-elf/lib/pg\libc.a(lib_a-wcrtomb.o)
                0x00000000040314ac                _wcrtomb_r
 .text.wcrtomb  0x0000000004031554       0xcc c:/intelfpga_lite/18.1/nios2eds/bin/gnu/h-x86_64-mingw32/bin/../lib/gcc/nios2-elf/5.3.0/../../../../../H-x86_64-mingw32/nios2-elf/lib/pg\libc.a(lib_a-wcrtomb.o)
                0x0000000004031554                wcrtomb
 .text          0x0000000004031620        0x0 c:/intelfpga_lite/18.1/nios2eds/bin/gnu/h-x86_64-mingw32/bin/../lib/gcc/nios2-elf/5.3.0/../../../../../H-x86_64-mingw32/nios2-elf/lib/pg\libc.a(lib_a-wctomb_r.o)
 .text.__ascii_wctomb
                0x0000000004031620       0x3c c:/intelfpga_lite/18.1/nios2eds/bin/gnu/h-x86_64-mingw32/bin/../lib/gcc/nios2-elf/5.3.0/../../../../../H-x86_64-mingw32/nios2-elf/lib/pg\libc.a(lib_a-wctomb_r.o)
                0x0000000004031620                __ascii_wctomb
 .text._wctomb_r
                0x000000000403165c       0x68 c:/intelfpga_lite/18.1/nios2eds/bin/gnu/h-x86_64-mingw32/bin/../lib/gcc/nios2-elf/5.3.0/../../../../../H-x86_64-mingw32/nios2-elf/lib/pg\libc.a(lib_a-wctomb_r.o)
                0x000000000403165c                _wctomb_r
 .text          0x00000000040316c4       0x6c c:/intelfpga_lite/18.1/nios2eds/bin/gnu/h-x86_64-mingw32/bin/../lib/gcc/nios2-elf/5.3.0/pg\libgcc.a(_muldi3.o)
                0x00000000040316c4                __muldi3
 .text          0x0000000004031730      0x584 c:/intelfpga_lite/18.1/nios2eds/bin/gnu/h-x86_64-mingw32/bin/../lib/gcc/nios2-elf/5.3.0/pg\libgcc.a(_udivdi3.o)
                0x0000000004031730                __udivdi3
 .text          0x0000000004031cb4      0x544 c:/intelfpga_lite/18.1/nios2eds/bin/gnu/h-x86_64-mingw32/bin/../lib/gcc/nios2-elf/5.3.0/pg\libgcc.a(_umoddi3.o)
                0x0000000004031cb4                __umoddi3
 .text          0x00000000040321f8      0x8b8 c:/intelfpga_lite/18.1/nios2eds/bin/gnu/h-x86_64-mingw32/bin/../lib/gcc/nios2-elf/5.3.0/pg\libgcc.a(adddf3.o)
                0x00000000040321f8                __adddf3
 .text          0x0000000004032ab0       0x90 c:/intelfpga_lite/18.1/nios2eds/bin/gnu/h-x86_64-mingw32/bin/../lib/gcc/nios2-elf/5.3.0/pg\libgcc.a(eqdf2.o)
                0x0000000004032ab0                __nedf2
                0x0000000004032ab0                __eqdf2
 .text          0x0000000004032b40       0xe4 c:/intelfpga_lite/18.1/nios2eds/bin/gnu/h-x86_64-mingw32/bin/../lib/gcc/nios2-elf/5.3.0/pg\libgcc.a(gedf2.o)
                0x0000000004032b40                __gedf2
                0x0000000004032b40                __gtdf2
 .text          0x0000000004032c24       0xf8 c:/intelfpga_lite/18.1/nios2eds/bin/gnu/h-x86_64-mingw32/bin/../lib/gcc/nios2-elf/5.3.0/pg\libgcc.a(ledf2.o)
                0x0000000004032c24                __ledf2
                0x0000000004032c24                __ltdf2
 .text          0x0000000004032d1c      0x724 c:/intelfpga_lite/18.1/nios2eds/bin/gnu/h-x86_64-mingw32/bin/../lib/gcc/nios2-elf/5.3.0/pg\libgcc.a(muldf3.o)
                0x0000000004032d1c                __muldf3
 .text          0x0000000004033440      0x908 c:/intelfpga_lite/18.1/nios2eds/bin/gnu/h-x86_64-mingw32/bin/../lib/gcc/nios2-elf/5.3.0/pg\libgcc.a(subdf3.o)
                0x0000000004033440                __subdf3
 .text          0x0000000004033d48       0x8c c:/intelfpga_lite/18.1/nios2eds/bin/gnu/h-x86_64-mingw32/bin/../lib/gcc/nios2-elf/5.3.0/pg\libgcc.a(fixdfsi.o)
                0x0000000004033d48                __fixdfsi
 .text          0x0000000004033dd4       0xb4 c:/intelfpga_lite/18.1/nios2eds/bin/gnu/h-x86_64-mingw32/bin/../lib/gcc/nios2-elf/5.3.0/pg\libgcc.a(floatunsidf.o)
                0x0000000004033dd4                __floatunsidf
 .text          0x0000000004033e88       0xc8 ../LUTBrain_NIOS_bsp/\libhal_bsp.a(alt_close.o)
                0x0000000004033e88                close
 .text          0x0000000004033f50       0x14 ../LUTBrain_NIOS_bsp/\libhal_bsp.a(alt_dev.o)
 .text          0x0000000004033f64        0x0 ../LUTBrain_NIOS_bsp/\libhal_bsp.a(alt_errno.o)
 .text          0x0000000004033f64       0x44 ../LUTBrain_NIOS_bsp/\libhal_bsp.a(alt_exit.o)
                0x0000000004033f64                _exit
 .text          0x0000000004033fa8       0x84 ../LUTBrain_NIOS_bsp/\libhal_bsp.a(alt_fstat.o)
                0x0000000004033fa8                fstat
 .text          0x000000000403402c       0x14 ../LUTBrain_NIOS_bsp/\libhal_bsp.a(alt_getpid.o)
                0x000000000403402c                getpid
 .text          0x0000000004034040      0x1f0 ../LUTBrain_NIOS_bsp/\libhal_bsp.a(alt_gmon.o)
                0x0000000004034088                __mcount_record
 .text          0x0000000004034230       0x90 ../LUTBrain_NIOS_bsp/\libhal_bsp.a(alt_isatty.o)
                0x0000000004034230                isatty
 .text          0x00000000040342c0      0x104 ../LUTBrain_NIOS_bsp/\libhal_bsp.a(alt_kill.o)
                0x00000000040342c0                kill
 .text          0x00000000040343c4       0xd8 ../LUTBrain_NIOS_bsp/\libhal_bsp.a(alt_load.o)
                0x00000000040343c4                alt_load
 .text          0x000000000403449c       0x88 ../LUTBrain_NIOS_bsp/\libhal_bsp.a(alt_lseek.o)
                0x000000000403449c                lseek
 .text          0x0000000004034524       0x6c ../LUTBrain_NIOS_bsp/\libhal_bsp.a(alt_main.o)
                0x0000000004034524                alt_main
 .text          0x0000000004034590       0x20 ../LUTBrain_NIOS_bsp/\libhal_bsp.a(alt_malloc_lock.o)
                0x0000000004034590                __malloc_lock
                0x00000000040345a0                __malloc_unlock
 .text          0x00000000040345b0       0x9c ../LUTBrain_NIOS_bsp/\libhal_bsp.a(alt_mcount.o)
                0x00000000040345b0                _mcount
                0x00000000040345b0                mcount
 .text          0x000000000403464c       0xd4 ../LUTBrain_NIOS_bsp/\libhal_bsp.a(alt_read.o)
                0x000000000403464c                read
 .text          0x0000000004034720       0x30 ../LUTBrain_NIOS_bsp/\libhal_bsp.a(alt_release_fd.o)
                0x0000000004034720                alt_release_fd
 .text          0x0000000004034750       0x4c ../LUTBrain_NIOS_bsp/\libhal_bsp.a(alt_sbrk.o)
                0x0000000004034750                sbrk
 .text          0x000000000403479c      0x140 ../LUTBrain_NIOS_bsp/\libhal_bsp.a(alt_tick.o)
                0x000000000403479c                alt_alarm_stop
                0x00000000040347dc                alt_tick
 .text          0x00000000040348dc       0xd0 ../LUTBrain_NIOS_bsp/\libhal_bsp.a(alt_write.o)
                0x00000000040348dc                write
 .text          0x00000000040349ac       0xa4 ../LUTBrain_NIOS_bsp/\libhal_bsp.a(alt_sys_init.o)
                0x00000000040349ac                alt_irq_init
                0x00000000040349d8                alt_sys_init
 .text          0x0000000004034a50       0x6c ../LUTBrain_NIOS_bsp/\libhal_bsp.a(altera_avalon_jtag_uart_fd.o)
                0x0000000004034a50                altera_avalon_jtag_uart_read_fd
                0x0000000004034a6c                altera_avalon_jtag_uart_write_fd
                0x0000000004034a88                altera_avalon_jtag_uart_close_fd
                0x0000000004034aa4                altera_avalon_jtag_uart_ioctl_fd
 .text          0x0000000004034abc      0x248 ../LUTBrain_NIOS_bsp/\libhal_bsp.a(altera_avalon_jtag_uart_init.o)
                0x0000000004034c28                altera_avalon_jtag_uart_init
                0x0000000004034cac                altera_avalon_jtag_uart_close
 .text          0x0000000004034d04       0x80 ../LUTBrain_NIOS_bsp/\libhal_bsp.a(altera_avalon_jtag_uart_ioctl.o)
                0x0000000004034d04                altera_avalon_jtag_uart_ioctl
 .text          0x0000000004034d84      0x160 ../LUTBrain_NIOS_bsp/\libhal_bsp.a(altera_avalon_jtag_uart_read.o)
                0x0000000004034d84                altera_avalon_jtag_uart_read
 .text          0x0000000004034ee4      0x1ac ../LUTBrain_NIOS_bsp/\libhal_bsp.a(altera_avalon_jtag_uart_write.o)