Archive member included to satisfy reference by file (symbol)

c:/intelfpga_lite/18.1/nios2eds/bin/gnu/h-x86_64-mingw32/bin/../lib/gcc/nios2-elf/5.3.0/../../../../../H-x86_64-mingw32/nios2-elf/lib/pg\libstdc++.a(new_opv.o)
                              obj/default/Image.o (operator new[](unsigned int))
c:/intelfpga_lite/18.1/nios2eds/bin/gnu/h-x86_64-mingw32/bin/../lib/gcc/nios2-elf/5.3.0/../../../../../H-x86_64-mingw32/nios2-elf/lib/pg\libstdc++.a(new_op.o)
                              obj/default/Image.o (operator new(unsigned int))
c:/intelfpga_lite/18.1/nios2eds/bin/gnu/h-x86_64-mingw32/bin/../lib/gcc/nios2-elf/5.3.0/../../../../../H-x86_64-mingw32/nios2-elf/lib/pg\libstdc++.a(del_opv.o)
                              obj/default/Image.o (operator delete[](void*))
c:/intelfpga_lite/18.1/nios2eds/bin/gnu/h-x86_64-mingw32/bin/../lib/gcc/nios2-elf/5.3.0/../../../../../H-x86_64-mingw32/nios2-elf/lib/pg\libstdc++.a(new_handler.o)
                              c:/intelfpga_lite/18.1/nios2eds/bin/gnu/h-x86_64-mingw32/bin/../lib/gcc/nios2-elf/5.3.0/../../../../../H-x86_64-mingw32/nios2-elf/lib/pg\libstdc++.a(new_op.o) (std::get_new_handler())
c:/intelfpga_lite/18.1/nios2eds/bin/gnu/h-x86_64-mingw32/bin/../lib/gcc/nios2-elf/5.3.0/../../../../../H-x86_64-mingw32/nios2-elf/lib/pg\libstdc++.a(eh_personality.o)
                              obj/default/Image.o (__gxx_personality_sj0)
c:/intelfpga_lite/18.1/nios2eds/bin/gnu/h-x86_64-mingw32/bin/../lib/gcc/nios2-elf/5.3.0/../../../../../H-x86_64-mingw32/nios2-elf/lib/pg\libstdc++.a(bad_alloc.o)
                              c:/intelfpga_lite/18.1/nios2eds/bin/gnu/h-x86_64-mingw32/bin/../lib/gcc/nios2-elf/5.3.0/../../../../../H-x86_64-mingw32/nios2-elf/lib/pg\libstdc++.a(new_op.o) (vtable for std::bad_alloc)
c:/intelfpga_lite/18.1/nios2eds/bin/gnu/h-x86_64-mingw32/bin/../lib/gcc/nios2-elf/5.3.0/../../../../../H-x86_64-mingw32/nios2-elf/lib/pg\libstdc++.a(del_op.o)
                              obj/default/Image.o (operator delete(void*))
c:/intelfpga_lite/18.1/nios2eds/bin/gnu/h-x86_64-mingw32/bin/../lib/gcc/nios2-elf/5.3.0/../../../../../H-x86_64-mingw32/nios2-elf/lib/pg\libstdc++.a(eh_throw.o)
                              c:/intelfpga_lite/18.1/nios2eds/bin/gnu/h-x86_64-mingw32/bin/../lib/gcc/nios2-elf/5.3.0/../../../../../H-x86_64-mingw32/nios2-elf/lib/pg\libstdc++.a(new_op.o) (__cxa_throw)
c:/intelfpga_lite/18.1/nios2eds/bin/gnu/h-x86_64-mingw32/bin/../lib/gcc/nios2-elf/5.3.0/../../../../../H-x86_64-mingw32/nios2-elf/lib/pg\libstdc++.a(eh_catch.o)
                              c:/intelfpga_lite/18.1/nios2eds/bin/gnu/h-x86_64-mingw32/bin/../lib/gcc/nios2-elf/5.3.0/../../../../../H-x86_64-mingw32/nios2-elf/lib/pg\libstdc++.a(eh_personality.o) (__cxa_begin_catch)
c:/intelfpga_lite/18.1/nios2eds/bin/gnu/h-x86_64-mingw32/bin/../lib/gcc/nios2-elf/5.3.0/../../../../../H-x86_64-mingw32/nios2-elf/lib/pg\libstdc++.a(class_type_info.o)
                              obj/default/NN.o (vtable for __cxxabiv1::__class_type_info)
c:/intelfpga_lite/18.1/nios2eds/bin/gnu/h-x86_64-mingw32/bin/../lib/gcc/nios2-elf/5.3.0/../../../../../H-x86_64-mingw32/nios2-elf/lib/pg\libstdc++.a(eh_terminate.o)
                              c:/intelfpga_lite/18.1/nios2eds/bin/gnu/h-x86_64-mingw32/bin/../lib/gcc/nios2-elf/5.3.0/../../../../../H-x86_64-mingw32/nios2-elf/lib/pg\libstdc++.a(eh_personality.o) (__cxxabiv1::__terminate(void (*)()))
c:/intelfpga_lite/18.1/nios2eds/bin/gnu/h-x86_64-mingw32/bin/../lib/gcc/nios2-elf/5.3.0/../../../../../H-x86_64-mingw32/nios2-elf/lib/pg\libstdc++.a(eh_unex_handler.o)
                              c:/intelfpga_lite/18.1/nios2eds/bin/gnu/h-x86_64-mingw32/bin/../lib/gcc/nios2-elf/5.3.0/../../../../../H-x86_64-mingw32/nios2-elf/lib/pg\libstdc++.a(eh_terminate.o) (__cxxabiv1::__unexpected_handler)
c:/intelfpga_lite/18.1/nios2eds/bin/gnu/h-x86_64-mingw32/bin/../lib/gcc/nios2-elf/5.3.0/../../../../../H-x86_64-mingw32/nios2-elf/lib/pg\libstdc++.a(eh_alloc.o)
                              c:/intelfpga_lite/18.1/nios2eds/bin/gnu/h-x86_64-mingw32/bin/../lib/gcc/nios2-elf/5.3.0/../../../../../H-x86_64-mingw32/nios2-elf/lib/pg\libstdc++.a(new_op.o) (__cxa_allocate_exception)
c:/intelfpga_lite/18.1/nios2eds/bin/gnu/h-x86_64-mingw32/bin/../lib/gcc/nios2-elf/5.3.0/../../../../../H-x86_64-mingw32/nios2-elf/lib/pg\libstdc++.a(eh_call.o)
                              c:/intelfpga_lite/18.1/nios2eds/bin/gnu/h-x86_64-mingw32/bin/../lib/gcc/nios2-elf/5.3.0/../../../../../H-x86_64-mingw32/nios2-elf/lib/pg\libstdc++.a(eh_personality.o) (__cxa_call_terminate)
c:/intelfpga_lite/18.1/nios2eds/bin/gnu/h-x86_64-mingw32/bin/../lib/gcc/nios2-elf/5.3.0/../../../../../H-x86_64-mingw32/nios2-elf/lib/pg\libstdc++.a(eh_globals.o)
                              c:/intelfpga_lite/18.1/nios2eds/bin/gnu/h-x86_64-mingw32/bin/../lib/gcc/nios2-elf/5.3.0/../../../../../H-x86_64-mingw32/nios2-elf/lib/pg\libstdc++.a(eh_personality.o) (__cxa_get_globals_fast)
[...]
Memory Configuration

Name             Origin             Length             Attributes
sdram            0x0000000000000000 0x0000000004000000
reset            0x0000000004020000 0x0000000000000020
onchip_memory2   0x0000000004020020 0x000000000001f3e0
*default*        0x0000000000000000 0xffffffffffffffff

Linker script and memory map

LOAD ../LUTBrain_NIOS_bsp//obj/HAL/src/crt0.o
LOAD obj/default/Image.o
LOAD obj/default/NN.o
LOAD obj/default/NNLayer.o
LOAD obj/default/VGA.o
LOAD obj/default/main.o
LOAD c:/intelfpga_lite/18.1/nios2eds/bin/gnu/h-x86_64-mingw32/bin/../lib/gcc/nios2-elf/5.3.0/../../../../../H-x86_64-mingw32/nios2-elf/lib/pg\libstdc++.a
LOAD c:/intelfpga_lite/18.1/nios2eds/bin/gnu/h-x86_64-mingw32/bin/../lib/gcc/nios2-elf/5.3.0/../../../../../H-x86_64-mingw32/nios2-elf/lib/pg\libm.a
LOAD c:/intelfpga_lite/18.1/nios2eds/bin/gnu/h-x86_64-mingw32/bin/../lib/gcc/nios2-elf/5.3.0/pg\libgcc.a
START GROUP
LOAD c:/intelfpga_lite/18.1/nios2eds/bin/gnu/h-x86_64-mingw32/bin/../lib/gcc/nios2-elf/5.3.0/../../../../../H-x86_64-mingw32/nios2-elf/lib/pg\libc.a
LOAD c:/intelfpga_lite/18.1/nios2eds/bin/gnu/h-x86_64-mingw32/bin/../lib/gcc/nios2-elf/5.3.0/pg\libgcc.a
LOAD ../LUTBrain_NIOS_bsp/\libhal_bsp.a
LOAD c:/intelfpga_lite/18.1/nios2eds/bin/gnu/h-x86_64-mingw32/bin/../lib/gcc/nios2-elf/5.3.0/../../../../../H-x86_64-mingw32/nios2-elf/lib/pg\libm.a
END GROUP
LOAD c:/intelfpga_lite/18.1/nios2eds/bin/gnu/h-x86_64-mingw32/bin/../lib/gcc/nios2-elf/5.3.0/pg\libgcc.a
                0x0000000000000000                __alt_mem_sdram = 0x0
                0x0000000004020000                __alt_mem_onchip_memory2 = 0x4020000

.entry          0x0000000004020000       0x20
 *(.entry)
 .entry         0x0000000004020000       0x20 ../LUTBrain_NIOS_bsp//obj/HAL/src/crt0.o
                0x0000000004020000                __reset

.exceptions     0x0000000004020020      0x184
                0x0000000004020020                PROVIDE (__ram_exceptions_start, ABSOLUTE (.))
                0x0000000004020020                . = ALIGN (0x20)
 *(.irq)
 *(.exceptions.entry.label)
 .exceptions.entry.label
                0x0000000004020020        0x0 ../LUTBrain_NIOS_bsp/\libhal_bsp.a(alt_irq_entry.o)
                0x0000000004020020                alt_irq_entry
 .exceptions.entry.label
                0x0000000004020020        0x0 ../LUTBrain_NIOS_bsp/\libhal_bsp.a(alt_exception_entry.o)
                0x0000000004020020                alt_exception
 *(.exceptions.entry.user)
 *(.exceptions.entry.ecc_fatal)
 *(.exceptions.entry)
 .exceptions.entry
                0x0000000004020020       0x54 ../LUTBrain_NIOS_bsp/\libhal_bsp.a(alt_exception_entry.o)
 *(.exceptions.irqtest.user)
 *(.exceptions.irqtest)
 .exceptions.irqtest
                0x0000000004020074       0x10 ../LUTBrain_NIOS_bsp/\libhal_bsp.a(alt_irq_entry.o)
 *(.exceptions.irqhandler.user)
 *(.exceptions.irqhandler)
 .exceptions.irqhandler
                0x0000000004020084        0x4 ../LUTBrain_NIOS_bsp/\libhal_bsp.a(alt_irq_entry.o)
 *(.exceptions.irqreturn.user)
 *(.exceptions.irqreturn)
 .exceptions.irqreturn
                0x0000000004020088        0x4 ../LUTBrain_NIOS_bsp/\libhal_bsp.a(alt_irq_entry.o)
 *(.exceptions.notirq.label)
 .exceptions.notirq.label
                0x000000000402008c        0x0 ../LUTBrain_NIOS_bsp/\libhal_bsp.a(alt_irq_entry.o)
 *(.exceptions.notirq.user)
 *(.exceptions.notirq)
 .exceptions.notirq
                0x000000000402008c        0x8 ../LUTBrain_NIOS_bsp/\libhal_bsp.a(alt_exception_entry.o)
 *(.exceptions.soft.user)
 *(.exceptions.soft)
 *(.exceptions.unknown.user)
 *(.exceptions.unknown)
 .exceptions.unknown
                0x0000000004020094       0x14 ../LUTBrain_NIOS_bsp/\libhal_bsp.a(alt_exception_entry.o)
 *(.exceptions.exit.label)
 .exceptions.exit.label
                0x00000000040200a8        0x0 ../LUTBrain_NIOS_bsp/\libhal_bsp.a(alt_irq_entry.o)
 .exceptions.exit.label
                0x00000000040200a8        0x0 ../LUTBrain_NIOS_bsp/\libhal_bsp.a(alt_exception_entry.o)
 *(.exceptions.exit.user)
 *(.exceptions.exit)
 .exceptions.exit
                0x00000000040200a8       0x54 ../LUTBrain_NIOS_bsp/\libhal_bsp.a(alt_exception_entry.o)
 *(.exceptions)
 .exceptions    0x00000000040200fc       0x70 ../LUTBrain_NIOS_bsp/\libhal_bsp.a(alt_irq_handler.o)
                0x00000000040200fc                alt_irq_handler
 .exceptions    0x000000000402016c       0x38 ../LUTBrain_NIOS_bsp/\libhal_bsp.a(alt_instruction_exception_entry.o)
                0x000000000402016c                alt_instruction_exception_entry
                0x00000000040201a4                PROVIDE (__ram_exceptions_end, ABSOLUTE (.))
                0x0000000004020020                PROVIDE (__flash_exceptions_start, LOADADDR (.exceptions))

.text           0x00000000040201a4    0x158ec
                0x00000000040201a4                PROVIDE (stext, ABSOLUTE (.))
 *(.interp)
 *(.hash)
 *(.dynsym)
 *(.dynstr)
 *(.gnu.version)
 *(.gnu.version_d)
 *(.gnu.version_r)
 *(.rel.init)
 *(.rela.init)
 *(.rel.text .rel.text.* .rel.gnu.linkonce.t.*)
 *(.rela.text .rela.text.* .rela.gnu.linkonce.t.*)
 *(.rel.fini)
 *(.rela.fini)
 *(.rel.rodata .rel.rodata.* .rel.gnu.linkonce.r.*)
 *(.rela.rodata .rela.rodata.* .rela.gnu.linkonce.r.*)
 *(.rel.data .rel.data.* .rel.gnu.linkonce.d.*)
 *(.rela.data .rela.data.* .rela.gnu.linkonce.d.*)
 *(.rel.tdata .rel.tdata.* .rel.gnu.linkonce.td.*)
 *(.rela.tdata .rela.tdata.* .rela.gnu.linkonce.td.*)
 *(.rel.tbss .rel.tbss.* .rel.gnu.linkonce.tb.*)
 *(.rela.tbss .rela.tbss.* .rela.gnu.linkonce.tb.*)
 *(.rel.ctors)
 *(.rela.ctors)
 *(.rel.dtors)
 *(.rela.dtors)
 *(.rel.got)
 *(.rela.got)
 *(.rel.sdata .rel.sdata.* .rel.gnu.linkonce.s.*)
 *(.rela.sdata .rela.sdata.* .rela.gnu.linkonce.s.*)
 *(.rel.sbss .rel.sbss.* .rel.gnu.linkonce.sb.*)
 *(.rela.sbss .rela.sbss.* .rela.gnu.linkonce.sb.*)
 *(.rel.sdata2 .rel.sdata2.* .rel.gnu.linkonce.s2.*)
 *(.rela.sdata2 .rela.sdata2.* .rela.gnu.linkonce.s2.*)
 *(.rel.sbss2 .rel.sbss2.* .rel.gnu.linkonce.sb2.*)
 *(.rela.sbss2 .rela.sbss2.* .rela.gnu.linkonce.sb2.*)
 *(.rel.bss .rel.bss.* .rel.gnu.linkonce.b.*)
 *(.rela.bss .rela.bss.* .rela.gnu.linkonce.b.*)
 *(.rel.plt)
 *(.rela.plt)
 *(.rel.dyn)
 *(.init)
 *(.plt)
 *(.text .stub .text.* .gnu.linkonce.t.*)
 .text          0x00000000040201a4       0x4c ../LUTBrain_NIOS_bsp//obj/HAL/src/crt0.o
                0x00000000040201a4                _start
 .text          0x00000000040201f0      0xf00 obj/default/Image.o
                0x00000000040201f0                Image::Image()
                0x00000000040201f0                Image::Image()
                0x0000000004020238                Image::Image(int, int)
                0x0000000004020238                Image::Image(int, int)
                0x0000000004020290                Image::init(int, int)
                0x0000000004020340                Image::randomize()
                0x00000000040203e4                Image::Get_Fractal_Level(float, float)
                0x0000000004020524                Image::Get_Fractal_Color(int)
                0x000000000402057c                Image::make_fractal()
                0x00000000040208d8                Image::source_pixel(int, int)
                0x0000000004020930                Image::make_bw()
                0x0000000004020a08                Image::apply_NN(NN*, int)
                0x0000000004020eec                Image::printToScreen(int, int, VGA*)
                0x0000000004020fd4                Image::print()
                0x0000000004021090                Image::~Image()
                0x0000000004021090                Image::~Image()
 .text._ZN3VGA15Set_Pixel_ColorEjjj
                0x00000000040210f0       0x8c obj/default/Image.o
                0x00000000040210f0                VGA::Set_Pixel_Color(unsigned int, unsigned int, unsigned int)
 .text          0x000000000402117c      0x734 obj/default/NN.o
                0x000000000402117c                NN::NN(int)
                0x000000000402117c                NN::NN(int)
                0x00000000040213a8                NN::~NN()
                0x00000000040213a8                NN::~NN()
                0x00000000040213fc                NN::~NN()
                0x0000000004021440                NN::propagate(int*)
                0x00000000040214c4                NN::getMaxOutputIndex()
                0x000000000402160c                NN::getMaxOutputValue()
                0x0000000004021748                NN::print()
                0x00000000040217d0                NN::printOutputs()
 .text          0x00000000040218b0      0x9d4 obj/default/NNLayer.o
                0x00000000040218b0                NNLayer::NNLayer()
                0x00000000040218b0                NNLayer::NNLayer()
                0x0000000004021928                NNLayer::NNLayer(int, int, int)
                0x0000000004021928                NNLayer::NNLayer(int, int, int)
                0x0000000004021990                NNLayer::init(int, int, int)
                0x0000000004021ac0                simpleRand()
                0x0000000004021b1c                NNLayer::rand_FloatRange(float, float)
                0x0000000004021bcc                NNLayer::MYrand(int)
                0x0000000004021c24                NNLayer::random_init(int, int, int)
                0x0000000004021d78                NNLayer::demo_init(int, int, int, int)
                0x0000000004021dd0                NNLayer::~NNLayer()
                0x0000000004021dd0                NNLayer::~NNLayer()
                0x0000000004021e24                NNLayer::~NNLayer()
                0x0000000004021e68                NNLayer::propagate(int*)
                0x0000000004022050                NNLayer::print_activation()
                0x00000000040220e8                NNLayer::print()
 .text          0x0000000004022284       0x78 obj/default/VGA.o
                0x0000000004022284                VGA::clr()
 .text          0x00000000040222fc      0x440 obj/default/main.o
                0x00000000040222fc                main
 .text._ZN3VGAC2Eii
                0x000000000402273c       0x50 obj/default/main.o
                0x000000000402273c                VGA::VGA(int, int)
                0x000000000402273c                VGA::VGA(int, int)
 .text._ZN3VGA15send_to_displayEv
                0x000000000402278c       0x48 obj/default/main.o
                0x000000000402278c                VGA::send_to_display()
 .text          0x00000000040227d4        0x0 c:/intelfpga_lite/18.1/nios2eds/bin/gnu/h-x86_64-mingw32/bin/../lib/gcc/nios2-elf/5.3.0/../../../../../H-x86_64-mingw32/nios2-elf/lib/pg\libstdc++.a(new_opv.o)
 .text._Znaj    0x00000000040227d4       0xa0 c:/intelfpga_lite/18.1/nios2eds/bin/gnu/h-x86_64-mingw32/bin/../lib/gcc/nios2-elf/5.3.0/../../../../../H-x86_64-mingw32/nios2-elf/lib/pg\libstdc++.a(new_opv.o)
                0x00000000040227d4                operator new[](unsigned int)
 .text          0x0000000004022874        0x0 c:/intelfpga_lite/18.1/nios2eds/bin/gnu/h-x86_64-mingw32/bin/../lib/gcc/nios2-elf/5.3.0/../../../../../H-x86_64-mingw32/nios2-elf/lib/pg\libstdc++.a(new_op.o)
 .text._Znwj    0x0000000004022874       0x7c c:/intelfpga_lite/18.1/nios2eds/bin/gnu/h-x86_64-mingw32/bin/../lib/gcc/nios2-elf/5.3.0/../../../../../H-x86_64-mingw32/nios2-elf/lib/pg\libstdc++.a(new_op.o)
                0x0000000004022874                operator new(unsigned int)
 .text          0x00000000040228f0        0x0 c:/intelfpga_lite/18.1/nios2eds/bin/gnu/h-x86_64-mingw32/bin/../lib/gcc/nios2-elf/5.3.0/../../../../../H-x86_64-mingw32/nios2-elf/lib/pg\libstdc++.a(del_opv.o)
 .text._ZdaPv   0x00000000040228f0       0x10 c:/intelfpga_lite/18.1/nios2eds/bin/gnu/h-x86_64-mingw32/bin/../lib/gcc/nios2-elf/5.3.0/../../../../../H-x86_64-mingw32/nios2-elf/lib/pg\libstdc++.a(del_opv.o)
                0x00000000040228f0                operator delete[](void*)
 .text          0x0000000004022900        0x0 c:/intelfpga_lite/18.1/nios2eds/bin/gnu/h-x86_64-mingw32/bin/../lib/gcc/nios2-elf/5.3.0/../../../../../H-x86_64-mingw32/nios2-elf/lib/pg\libstdc++.a(new_handler.o)
 .text._ZSt15set_new_handlerPFvvE
                0x0000000004022900       0x20 c:/intelfpga_lite/18.1/nios2eds/bin/gnu/h-x86_64-mingw32/bin/../lib/gcc/nios2-elf/5.3.0/../../../../../H-x86_64-mingw32/nios2-elf/lib/pg\libstdc++.a(new_handler.o)
                0x0000000004022900                std::set_new_handler(void (*)())
 .text._ZSt15get_new_handlerv
                0x0000000004022920       0x1c c:/intelfpga_lite/18.1/nios2eds/bin/gnu/h-x86_64-mingw32/bin/../lib/gcc/nios2-elf/5.3.0/../../../../../H-x86_64-mingw32/nios2-elf/lib/pg\libstdc++.a(new_handler.o)
                0x0000000004022920                std::get_new_handler()
 .text          0x000000000402293c        0x0 c:/intelfpga_lite/18.1/nios2eds/bin/gnu/h-x86_64-mingw32/bin/../lib/gcc/nios2-elf/5.3.0/../../../../../H-x86_64-mingw32/nios2-elf/lib/pg\libstdc++.a(eh_personality.o)
 .text._ZL21size_of_encoded_valueh
                0x000000000402293c       0xb0 c:/intelfpga_lite/18.1/nios2eds/bin/gnu/h-x86_64-mingw32/bin/../lib/gcc/nios2-elf/5.3.0/../../../../../H-x86_64-mingw32/nios2-elf/lib/pg\libstdc++.a(eh_personality.o)
 .text._ZL28read_encoded_value_with_basehjPKhPj
                0x00000000040229ec      0x218 c:/intelfpga_lite/18.1/nios2eds/bin/gnu/h-x86_64-mingw32/bin/../lib/gcc/nios2-elf/5.3.0/../../../../../H-x86_64-mingw32/nios2-elf/lib/pg\libstdc++.a(eh_personality.o)
 .text._ZL15get_ttype_entryP16lsda_header_infom
                0x0000000004022c04       0x60 c:/intelfpga_lite/18.1/nios2eds/bin/gnu/h-x86_64-mingw32/bin/../lib/gcc/nios2-elf/5.3.0/../../../../../H-x86_64-mingw32/nios2-elf/lib/pg\libstdc++.a(eh_personality.o)
 .text._ZL21base_of_encoded_valuehP15_Unwind_Context
                0x0000000004022c64       0x98 c:/intelfpga_lite/18.1/nios2eds/bin/gnu/h-x86_64-mingw32/bin/../lib/gcc/nios2-elf/5.3.0/../../../../../H-x86_64-mingw32/nios2-elf/lib/pg\libstdc++.a(eh_personality.o)
 .text._ZL17parse_lsda_headerP15_Unwind_ContextPKhP16lsda_header_info
                0x0000000004022cfc      0x140 c:/intelfpga_lite/18.1/nios2eds/bin/gnu/h-x86_64-mingw32/bin/../lib/gcc/nios2-elf/5.3.0/../../../../../H-x86_64-mingw32/nios2-elf/lib/pg\libstdc++.a(eh_personality.o)
 .text._ZL16get_adjusted_ptrPKSt9type_infoS1_PPv.constprop.3
                0x0000000004022e3c       0x94 c:/intelfpga_lite/18.1/nios2eds/bin/gnu/h-x86_64-mingw32/bin/../lib/gcc/nios2-elf/5.3.0/../../../../../H-x86_64-mingw32/nios2-elf/lib/pg\libstdc++.a(eh_personality.o)
 .text.unlikely._ZL28check_compact_exception_specPKSt9type_infoPvPKhij
                0x0000000004022ed0      0x1cc c:/intelfpga_lite/18.1/nios2eds/bin/gnu/h-x86_64-mingw32/bin/../lib/gcc/nios2-elf/5.3.0/../../../../../H-x86_64-mingw32/nios2-elf/lib/pg\libstdc++.a(eh_personality.o)
 .text._ZL20check_exception_specP16lsda_header_infoPKSt9type_infoPvl
                0x000000000402309c       0xb4 c:/intelfpga_lite/18.1/nios2eds/bin/gnu/h-x86_64-mingw32/bin/../lib/gcc/nios2-elf/5.3.0/../../../../../H-x86_64-mingw32/nios2-elf/lib/pg\libstdc++.a(eh_personality.o)
 .text.__gxx_personality_sj0
                0x0000000004023150      0x60c c:/intelfpga_lite/18.1/nios2eds/bin/gnu/h-x86_64-mingw32/bin/../lib/gcc/nios2-elf/5.3.0/../../../../../H-x86_64-mingw32/nios2-elf/lib/pg\libstdc++.a(eh_personality.o)
                0x0000000004023150                __gxx_personality_sj0
 .text.__cxa_call_unexpected
                0x000000000402375c      0x23c c:/intelfpga_lite/18.1/nios2eds/bin/gnu/h-x86_64-mingw32/bin/../lib/gcc/nios2-elf/5.3.0/../../../../../H-x86_64-mingw32/nios2-elf/lib/pg\libstdc++.a(eh_personality.o)
                0x000000000402375c                __cxa_call_unexpected
 .text          0x0000000004023998        0x0 c:/intelfpga_lite/18.1/nios2eds/bin/gnu/h-x86_64-mingw32/bin/../lib/gcc/nios2-elf/5.3.0/../../../../../H-x86_64-mingw32/nios2-elf/lib/pg\libstdc++.a(bad_alloc.o)
 .text._ZNKSt9bad_alloc4whatEv
                0x0000000004023998       0x18 c:/intelfpga_lite/18.1/nios2eds/bin/gnu/h-x86_64-mingw32/bin/../lib/gcc/nios2-elf/5.3.0/../../../../../H-x86_64-mingw32/nios2-elf/lib/pg\libstdc++.a(bad_alloc.o)
                0x0000000004023998                std::bad_alloc::what() const
 .text._ZNSt9bad_allocD2Ev
                0x00000000040239b0       0x1c c:/intelfpga_lite/18.1/nios2eds/bin/gnu/h-x86_64-mingw32/bin/../lib/gcc/nios2-elf/5.3.0/../../../../../H-x86_64-mingw32/nios2-elf/lib/pg\libstdc++.a(bad_alloc.o)
                0x00000000040239b0                std::bad_alloc::~bad_alloc()
                0x00000000040239b0                std::bad_alloc::~bad_alloc()
 .text._ZNSt9bad_allocD0Ev
                0x00000000040239cc       0x40 c:/intelfpga_lite/18.1/nios2eds/bin/gnu/h-x86_64-mingw32/bin/../lib/gcc/nios2-elf/5.3.0/../../../../../H-x86_64-mingw32/nios2-elf/lib/pg\libstdc++.a(bad_alloc.o)
                0x00000000040239cc                std::bad_alloc::~bad_alloc()
 .text          0x0000000004023a0c        0x0 c:/intelfpga_lite/18.1/nios2eds/bin/gnu/h-x86_64-mingw32/bin/../lib/gcc/nios2-elf/5.3.0/../../../../../H-x86_64-mingw32/nios2-elf/lib/pg\libstdc++.a(del_op.o)
 .text._ZdlPv   0x0000000004023a0c       0x10 c:/intelfpga_lite/18.1/nios2eds/bin/gnu/h-x86_64-mingw32/bin/../lib/gcc/nios2-elf/5.3.0/../../../../../H-x86_64-mingw32/nios2-elf/lib/pg\libstdc++.a(del_op.o)
                0x0000000004023a0c                operator delete(void*)
 .text          0x0000000004023a1c        0x0 c:/intelfpga_lite/18.1/nios2eds/bin/gnu/h-x86_64-mingw32/bin/../lib/gcc/nios2-elf/5.3.0/../../../../../H-x86_64-mingw32/nios2-elf/lib/pg\libstdc++.a(eh_throw.o)
 .text._ZL23__gxx_exception_cleanup19_Unwind_Reason_CodeP17_Unwind_Exception
                0x0000000004023a1c       0x50 c:/intelfpga_lite/18.1/nios2eds/bin/gnu/h-x86_64-mingw32/bin/../lib/gcc/nios2-elf/5.3.0/../../../../../H-x86_64-mingw32/nios2-elf/lib/pg\libstdc++.a(eh_throw.o)
 .text.__cxa_throw
                0x0000000004023a6c       0x9c c:/intelfpga_lite/18.1/nios2eds/bin/gnu/h-x86_64-mingw32/bin/../lib/gcc/nios2-elf/5.3.0/../../../../../H-x86_64-mingw32/nios2-elf/lib/pg\libstdc++.a(eh_throw.o)
                0x0000000004023a6c                __cxa_throw
 .text.__cxa_rethrow
                0x0000000004023b08       0x90 c:/intelfpga_lite/18.1/nios2eds/bin/gnu/h-x86_64-mingw32/bin/../lib/gcc/nios2-elf/5.3.0/../../../../../H-x86_64-mingw32/nios2-elf/lib/pg\libstdc++.a(eh_throw.o)
                0x0000000004023b08                __cxa_rethrow
 .text          0x0000000004023b98        0x0 c:/intelfpga_lite/18.1/nios2eds/bin/gnu/h-x86_64-mingw32/bin/../lib/gcc/nios2-elf/5.3.0/../../../../../H-x86_64-mingw32/nios2-elf/lib/pg\libstdc++.a(eh_catch.o)
 .text.__cxa_get_exception_ptr
                0x0000000004023b98       0x14 c:/intelfpga_lite/18.1/nios2eds/bin/gnu/h-x86_64-mingw32/bin/../lib/gcc/nios2-elf/5.3.0/../../../../../H-x86_64-mingw32/nios2-elf/lib/pg\libstdc++.a(eh_catch.o)
                0x0000000004023b98                __cxa_get_exception_ptr
 .text.__cxa_begin_catch
                0x0000000004023bac       0xc0 c:/intelfpga_lite/18.1/nios2eds/bin/gnu/h-x86_64-mingw32/bin/../lib/gcc/nios2-elf/5.3.0/../../../../../H-x86_64-mingw32/nios2-elf/lib/pg\libstdc++.a(eh_catch.o)
                0x0000000004023bac                __cxa_begin_catch
 .text.__cxa_end_catch
                0x0000000004023c6c       0xc0 c:/intelfpga_lite/18.1/nios2eds/bin/gnu/h-x86_64-mingw32/bin/../lib/gcc/nios2-elf/5.3.0/../../../../../H-x86_64-mingw32/nios2-elf/lib/pg\libstdc++.a(eh_catch.o)
                0x0000000004023c6c                __cxa_end_catch
 .text._ZSt18uncaught_exceptionv
                0x0000000004023d2c       0x2c c:/intelfpga_lite/18.1/nios2eds/bin/gnu/h-x86_64-mingw32/bin/../lib/gcc/nios2-elf/5.3.0/../../../../../H-x86_64-mingw32/nios2-elf/lib/pg\libstdc++.a(eh_catch.o)
                0x0000000004023d2c                std::uncaught_exception()
 .text          0x0000000004023d58        0x0 c:/intelfpga_lite/18.1/nios2eds/bin/gnu/h-x86_64-mingw32/bin/../lib/gcc/nios2-elf/5.3.0/../../../../../H-x86_64-mingw32/nios2-elf/lib/pg\libstdc++.a(class_type_info.o)
 .text._ZNK10__cxxabiv117__class_type_info11__do_upcastEPKS0_PPv
                0x0000000004023d58       0x84 c:/intelfpga_lite/18.1/nios2eds/bin/gnu/h-x86_64-mingw32/bin/../lib/gcc/nios2-elf/5.3.0/../../../../../H-x86_64-mingw32/nios2-elf/lib/pg\libstdc++.a(class_type_info.o)
                0x0000000004023d58                __cxxabiv1::__class_type_info::__do_upcast(__cxxabiv1::__class_type_info const*, void**) const
 .text._ZNK10__cxxabiv117__class_type_info20__do_find_public_srcEiPKvPKS0_S2_
                0x0000000004023ddc       0x24 c:/intelfpga_lite/18.1/nios2eds/bin/gnu/h-x86_64-mingw32/bin/../lib/gcc/nios2-elf/5.3.0/../../../../../H-x86_64-mingw32/nios2-elf/lib/pg\libstdc++.a(class_type_info.o)
                0x0000000004023ddc                __cxxabiv1::__class_type_info::__do_find_public_src(int, void const*, __cxxabiv1::__class_type_info const*, void const*) const
 .text._ZN10__cxxabiv117__class_type_infoD2Ev
                0x0000000004023e00       0x1c c:/intelfpga_lite/18.1/nios2eds/bin/gnu/h-x86_64-mingw32/bin/../lib/gcc/nios2-elf/5.3.0/../../../../../H-x86_64-mingw32/nios2-elf/lib/pg\libstdc++.a(class_type_info.o)
                0x0000000004023e00                __cxxabiv1::__class_type_info::~__class_type_info()
                0x0000000004023e00                __cxxabiv1::__class_type_info::~__class_type_info()
 .text._ZN10__cxxabiv117__class_type_infoD0Ev
                0x0000000004023e1c       0x40 c:/intelfpga_lite/18.1/nios2eds/bin/gnu/h-x86_64-mingw32/bin/../lib/gcc/nios2-elf/5.3.0/../../../../../H-x86_64-mingw32/nios2-elf/lib/pg\libstdc++.a(class_type_info.o)
                0x0000000004023e1c                __cxxabiv1::__class_type_info::~__class_type_info()
 .text._ZNK10__cxxabiv117__class_type_info11__do_upcastEPKS0_PKvRNS0_15__upcast_resultE
                0x0000000004023e5c       0x78 c:/intelfpga_lite/18.1/nios2eds/bin/gnu/h-x86_64-mingw32/bin/../lib/gcc/nios2-elf/5.3.0/../../../../../H-x86_64-mingw32/nios2-elf/lib/pg\libstdc++.a(class_type_info.o)
                0x0000000004023e5c                __cxxabiv1::__class_type_info::__do_upcast(__cxxabiv1::__class_type_info const*, void const*, __cxxabiv1::__class_type_info::__upcast_result&) const
 .text._ZNK10__cxxabiv117__class_type_info12__do_dyncastEiNS0_10__sub_kindEPKS0_PKvS3_S5_RNS0_16__dyncast_resultE
                0x0000000004023ed4       0xdc c:/intelfpga_lite/18.1/nios2eds/bin/gnu/h-x86_64-mingw32/bin/../lib/gcc/nios2-elf/5.3.0/../../../../../H-x86_64-mingw32/nios2-elf/lib/pg\libstdc++.a(class_type_info.o)
                0x0000000004023ed4                __cxxabiv1::__class_type_info::__do_dyncast(int, __cxxabiv1::__class_type_info::__sub_kind, __cxxabiv1::__class_type_info const*, void const*, __cxxabiv1::__class_type_info const*, void const*, __cxxabiv1::__class_type_info::__dyncast_result&) const
 .text._ZNK10__cxxabiv117__class_type_info10__do_catchEPKSt9type_infoPPvj
                0x0000000004023fb0       0xc4 c:/intelfpga_lite/18.1/nios2eds/bin/gnu/h-x86_64-mingw32/bin/../lib/gcc/nios2-elf/5.3.0/../../../../../H-x86_64-mingw32/nios2-elf/lib/pg\libstdc++.a(class_type_info.o)
                0x0000000004023fb0                __cxxabiv1::__class_type_info::__do_catch(std::type_info const*, void**, unsigned int) const
 .text          0x0000000004024074        0x0 c:/intelfpga_lite/18.1/nios2eds/bin/gnu/h-x86_64-mingw32/bin/../lib/gcc/nios2-elf/5.3.0/../../../../../H-x86_64-mingw32/nios2-elf/lib/pg\libstdc++.a(eh_terminate.o)
 .text._ZN10__cxxabiv111__terminateEPFvvE
                0x0000000004024074       0xcc c:/intelfpga_lite/18.1/nios2eds/bin/gnu/h-x86_64-mingw32/bin/../lib/gcc/nios2-elf/5.3.0/../../../../../H-x86_64-mingw32/nios2-elf/lib/pg\libstdc++.a(eh_terminate.o)
                0x0000000004024074                __cxxabiv1::__terminate(void (*)())
 .text._ZSt9terminatev
                0x0000000004024140       0x24 c:/intelfpga_lite/18.1/nios2eds/bin/gnu/h-x86_64-mingw32/bin/../lib/gcc/nios2-elf/5.3.0/../../../../../H-x86_64-mingw32/nios2-elf/lib/pg\libstdc++.a(eh_terminate.o)
                0x0000000004024140                std::terminate()
 .text._ZN10__cxxabiv112__unexpectedEPFvvE
                0x0000000004024164       0x1c c:/intelfpga_lite/18.1/nios2eds/bin/gnu/h-x86_64-mingw32/bin/../lib/gcc/nios2-elf/5.3.0/../../../../../H-x86_64-mingw32/nios2-elf/lib/pg\libstdc++.a(eh_terminate.o)
                0x0000000004024164                __cxxabiv1::__unexpected(void (*)())
 .text._ZSt10unexpectedv
                0x0000000004024180       0x24 c:/intelfpga_lite/18.1/nios2eds/bin/gnu/h-x86_64-mingw32/bin/../lib/gcc/nios2-elf/5.3.0/../../../../../H-x86_64-mingw32/nios2-elf/lib/pg\libstdc++.a(eh_terminate.o)
                0x0000000004024180                std::unexpected()
 .text._ZSt13set_terminatePFvvE
                0x00000000040241a4       0x20 c:/intelfpga_lite/18.1/nios2eds/bin/gnu/h-x86_64-mingw32/bin/../lib/gcc/nios2-elf/5.3.0/../../../../../H-x86_64-mingw32/nios2-elf/lib/pg\libstdc++.a(eh_terminate.o)
                0x00000000040241a4                std::set_terminate(void (*)())
 .text._ZSt13get_terminatev
                0x00000000040241c4       0x1c c:/intelfpga_lite/18.1/nios2eds/bin/gnu/h-x86_64-mingw32/bin/../lib/gcc/nios2-elf/5.3.0/../../../../../H-x86_64-mingw32/nios2-elf/lib/pg\libstdc++.a(eh_terminate.o)
                0x00000000040241c4                std::get_terminate()
 .text._ZSt14set_unexpectedPFvvE
                0x00000000040241e0       0x20 c:/intelfpga_lite/18.1/nios2eds/bin/gnu/h-x86_64-mingw32/bin/../lib/gcc/nios2-elf/5.3.0/../../../../../H-x86_64-mingw32/nios2-elf/lib/pg\libstdc++.a(eh_terminate.o)
                0x00000000040241e0                std::set_unexpected(void (*)())
 .text._ZSt14get_unexpectedv
                0x0000000004024200       0x1c c:/intelfpga_lite/18.1/nios2eds/bin/gnu/h-x86_64-mingw32/bin/../lib/gcc/nios2-elf/5.3.0/../../../../../H-x86_64-mingw32/nios2-elf/lib/pg\libstdc++.a(eh_terminate.o)
                0x0000000004024200                std::get_unexpected()
 .text          0x000000000402421c        0x0 c:/intelfpga_lite/18.1/nios2eds/bin/gnu/h-x86_64-mingw32/bin/../lib/gcc/nios2-elf/5.3.0/../../../../../H-x86_64-mingw32/nios2-elf/lib/pg\libstdc++.a(eh_unex_handler.o)
 .text          0x000000000402421c        0x0 c:/intelfpga_lite/18.1/nios2eds/bin/gnu/h-x86_64-mingw32/bin/../lib/gcc/nios2-elf/5.3.0/../../../../../H-x86_64-mingw32/nios2-elf/lib/pg\libstdc++.a(eh_alloc.o)
 .text._ZN12_GLOBAL__N_14pool4freeEPv.constprop.4
                0x000000000402421c       0xc4 c:/intelfpga_lite/18.1/nios2eds/bin/gnu/h-x86_64-mingw32/bin/../lib/gcc/nios2-elf/5.3.0/../../../../../H-x86_64-mingw32/nios2-elf/lib/pg\libstdc++.a(eh_alloc.o)
 .text._ZN12_GLOBAL__N_14pool8allocateEj.constprop.5
                0x00000000040242e0       0xb0 c:/intelfpga_lite/18.1/nios2eds/bin/gnu/h-x86_64-mingw32/bin/../lib/gcc/nios2-elf/5.3.0/../../../../../H-x86_64-mingw32/nios2-elf/lib/pg\libstdc++.a(eh_alloc.o)
 .text.__cxa_allocate_exception
                0x0000000004024390       0x6c c:/intelfpga_lite/18.1/nios2eds/bin/gnu/h-x86_64-mingw32/bin/../lib/gcc/nios2-elf/5.3.0/../../../../../H-x86_64-mingw32/nios2-elf/lib/pg\libstdc++.a(eh_alloc.o)
                0x0000000004024390                __cxa_allocate_exception
 .text.__cxa_free_exception
                0x00000000040243fc       0x34 c:/intelfpga_lite/18.1/nios2eds/bin/gnu/h-x86_64-mingw32/bin/../lib/gcc/nios2-elf/5.3.0/../../../../../H-x86_64-mingw32/nios2-elf/lib/pg\libstdc++.a(eh_alloc.o)
                0x00000000040243fc                __cxa_free_exception
 .text.__cxa_allocate_dependent_exception
                0x0000000004024430       0x60 c:/intelfpga_lite/18.1/nios2eds/bin/gnu/h-x86_64-mingw32/bin/../lib/gcc/nios2-elf/5.3.0/../../../../../H-x86_64-mingw32/nios2-elf/lib/pg\libstdc++.a(eh_alloc.o)
                0x0000000004024430                __cxa_allocate_dependent_exception
 .text.__cxa_free_dependent_exception
                0x0000000004024490       0x38 c:/intelfpga_lite/18.1/nios2eds/bin/gnu/h-x86_64-mingw32/bin/../lib/gcc/nios2-elf/5.3.0/../../../../../H-x86_64-mingw32/nios2-elf/lib/pg\libstdc++.a(eh_alloc.o)
                0x0000000004024490                __cxa_free_dependent_exception
 .text.startup._GLOBAL__sub_I___cxa_allocate_exception
                0x00000000040244c8       0x68 c:/intelfpga_lite/18.1/nios2eds/bin/gnu/h-x86_64-mingw32/bin/../lib/gcc/nios2-elf/5.3.0/../../../../../H-x86_64-mingw32/nios2-elf/lib/pg\libstdc++.a(eh_alloc.o)
 .text          0x0000000004024530        0x0 c:/intelfpga_lite/18.1/nios2eds/bin/gnu/h-x86_64-mingw32/bin/../lib/gcc/nios2-elf/5.3.0/../../../../../H-x86_64-mingw32/nios2-elf/lib/pg\libstdc++.a(eh_call.o)
 .text.__cxa_call_terminate
                0x0000000004024530       0x64 c:/intelfpga_lite/18.1/nios2eds/bin/gnu/h-x86_64-mingw32/bin/../lib/gcc/nios2-elf/5.3.0/../../../../../H-x86_64-mingw32/nios2-elf/lib/pg\libstdc++.a(eh_call.o)
                0x0000000004024530                __cxa_call_terminate
 .text          0x0000000004024594        0x0 c:/intelfpga_lite/18.1/nios2eds/bin/gnu/h-x86_64-mingw32/bin/../lib/gcc/nios2-elf/5.3.0/../../../../../H-x86_64-mingw32/nios2-elf/lib/pg\libstdc++.a(eh_globals.o)
 .text.__cxa_get_globals_fast
                0x0000000004024594       0x18 c:/intelfpga_lite/18.1/nios2eds/bin/gnu/h-x86_64-mingw32/bin/../lib/gcc/nios2-elf/5.3.0/../../../../../H-x86_64-mingw32/nios2-elf/lib/pg\libstdc++.a(eh_globals.o)
                0x0000000004024594                __cxa_get_globals_fast
 .text.__cxa_get_globals
                0x00000000040245ac       0x18 c:/intelfpga_lite/18.1/nios2eds/bin/gnu/h-x86_64-mingw32/bin/../lib/gcc/nios2-elf/5.3.0/../../../../../H-x86_64-mingw32/nios2-elf/lib/pg\libstdc++.a(eh_globals.o)
                0x00000000040245ac                __cxa_get_globals
 .text          0x00000000040245c4        0x0 c:/intelfpga_lite/18.1/nios2eds/bin/gnu/h-x86_64-mingw32/bin/../lib/gcc/nios2-elf/5.3.0/../../../../../H-x86_64-mingw32/nios2-elf/lib/pg\libstdc++.a(si_class_type_info.o)
 .text._ZN10__cxxabiv120__si_class_type_infoD2Ev
                0x00000000040245c4       0x1c c:/intelfpga_lite/18.1/nios2eds/bin/gnu/h-x86_64-mingw32/bin/../lib/gcc/nios2-elf/5.3.0/../../../../../H-x86_64-mingw32/nios2-elf/lib/pg\libstdc++.a(si_class_type_info.o)
                0x00000000040245c4                __cxxabiv1::__si_class_type_info::~__si_class_type_info()
                0x00000000040245c4                __cxxabiv1::__si_class_type_info::~__si_class_type_info()
 .text._ZN10__cxxabiv120__si_class_type_infoD0Ev
                0x00000000040245e0       0x40 c:/intelfpga_lite/18.1/nios2eds/bin/gnu/h-x86_64-mingw32/bin/../lib/gcc/nios2-elf/5.3.0/../../../../../H-x86_64-mingw32/nios2-elf/lib/pg\libstdc++.a(si_class_type_info.o)
                0x00000000040245e0                __cxxabiv1::__si_class_type_info::~__si_class_type_info()
 .text._ZNK10__cxxabiv120__si_class_type_info12__do_dyncastEiNS_17__class_type_info10__sub_kindEPKS1_PKvS4_S6_RNS1_16__dyncast_resultE
                0x0000000004024620      0x16c c:/intelfpga_lite/18.1/nios2eds/bin/gnu/h-x86_64-mingw32/bin/../lib/gcc/nios2-elf/5.3.0/../../../../../H-x86_64-mingw32/nios2-elf/lib/pg\libstdc++.a(si_class_type_info.o)
                0x0000000004024620                __cxxabiv1::__si_class_type_info::__do_dyncast(int, __cxxabiv1::__class_type_info::__sub_kind, __cxxabiv1::__class_type_info const*, void const*, __cxxabiv1::__class_type_info const*, void const*, __cxxabiv1::__class_type_info::__dyncast_result&) const
 .text._ZNK10__cxxabiv120__si_class_type_info20__do_find_public_srcEiPKvPKNS_17__class_type_infoES2_
                0x000000000402478c       0xa8 c:/intelfpga_lite/18.1/nios2eds/bin/gnu/h-x86_64-mingw32/bin/../lib/gcc/nios2-elf/5.3.0/../../../../../H-x86_64-mingw32/nios2-elf/lib/pg\libstdc++.a(si_class_type_info.o)
                0x000000000402478c                __cxxabiv1::__si_class_type_info::__do_find_public_src(int, void const*, __cxxabiv1::__class_type_info const*, void const*) const
 .text._ZNK10__cxxabiv120__si_class_type_info11__do_upcastEPKNS_17__class_type_infoEPKvRNS1_15__upcast_resultE
                0x0000000004024834       0x90 c:/intelfpga_lite/18.1/nios2eds/bin/gnu/h-x86_64-mingw32/bin/../lib/gcc/nios2-elf/5.3.0/../../../../../H-x86_64-mingw32/nios2-elf/lib/pg\libstdc++.a(si_class_type_info.o)
                0x0000000004024834                __cxxabiv1::__si_class_type_info::__do_upcast(__cxxabiv1::__class_type_info const*, void const*, __cxxabiv1::__class_type_info::__upcast_result&) const
 .text          0x00000000040248c4        0x0 c:/intelfpga_lite/18.1/nios2eds/bin/gnu/h-x86_64-mingw32/bin/../lib/gcc/nios2-elf/5.3.0/../../../../../H-x86_64-mingw32/nios2-elf/lib/pg\libstdc++.a(eh_exception.o)
 .text._ZNSt9exceptionD2Ev
                0x00000000040248c4       0x10 c:/intelfpga_lite/18.1/nios2eds/bin/gnu/h-x86_64-mingw32/bin/../lib/gcc/nios2-elf/5.3.0/../../../../../H-x86_64-mingw32/nios2-elf/lib/pg\libstdc++.a(eh_exception.o)
                0x00000000040248c4                std::exception::~exception()
                0x00000000040248c4                std::exception::~exception()
 .text._ZNSt13bad_exceptionD2Ev
                0x00000000040248d4       0x10 c:/intelfpga_lite/18.1/nios2eds/bin/gnu/h-x86_64-mingw32/bin/../lib/gcc/nios2-elf/5.3.0/../../../../../H-x86_64-mingw32/nios2-elf/lib/pg\libstdc++.a(eh_exception.o)
                0x00000000040248d4                std::bad_exception::~bad_exception()
                0x00000000040248d4                std::bad_exception::~bad_exception()
 .text._ZNKSt9exception4whatEv
                0x00000000040248e4       0x18 c:/intelfpga_lite/18.1/nios2eds/bin/gnu/h-x86_64-mingw32/bin/../lib/gcc/nios2-elf/5.3.0/../../../../../H-x86_64-mingw32/nios2-elf/lib/pg\libstdc++.a(eh_exception.o)
                0x00000000040248e4                std::exception::what() const
 .text._ZNKSt13bad_exception4whatEv
                0x00000000040248fc       0x18 c:/intelfpga_lite/18.1/nios2eds/bin/gnu/h-x86_64-mingw32/bin/../lib/gcc/nios2-elf/5.3.0/../../../../../H-x86_64-mingw32/nios2-elf/lib/pg\libstdc++.a(eh_exception.o)
                0x00000000040248fc                std::bad_exception::what() const
 .text._ZNSt9exceptionD0Ev
                0x0000000004024914       0x10 c:/intelfpga_lite/18.1/nios2eds/bin/gnu/h-x86_64-mingw32/bin/../lib/gcc/nios2-elf/5.3.0/../../../../../H-x86_64-mingw32/nios2-elf/lib/pg\libstdc++.a(eh_exception.o)
                0x0000000004024914                std::exception::~exception()
 .text._ZNSt13bad_exceptionD0Ev
                0x0000000004024924       0x10 c:/intelfpga_lite/18.1/nios2eds/bin/gnu/h-x86_64-mingw32/bin/../lib/gcc/nios2-elf/5.3.0/../../../../../H-x86_64-mingw32/nios2-elf/lib/pg\libstdc++.a(eh_exception.o)
                0x0000000004024924                std::bad_exception::~bad_exception()
 .text._ZN10__cxxabiv115__forced_unwindD2Ev
                0x0000000004024934       0x10 c:/intelfpga_lite/18.1/nios2eds/bin/gnu/h-x86_64-mingw32/bin/../lib/gcc/nios2-elf/5.3.0/../../../../../H-x86_64-mingw32/nios2-elf/lib/pg\libstdc++.a(eh_exception.o)
                0x0000000004024934                __cxxabiv1::__forced_unwind::~__forced_unwind()
                0x0000000004024934                __cxxabiv1::__forced_unwind::~__forced_unwind()
 .text._ZN10__cxxabiv115__forced_unwindD0Ev
                0x0000000004024944       0x10 c:/intelfpga_lite/18.1/nios2eds/bin/gnu/h-x86_64-mingw32/bin/../lib/gcc/nios2-elf/5.3.0/../../../../../H-x86_64-mingw32/nios2-elf/lib/pg\libstdc++.a(eh_exception.o)
                0x0000000004024944                __cxxabiv1::__forced_unwind::~__forced_unwind()
 .text._ZN10__cxxabiv119__foreign_exceptionD2Ev
                0x0000000004024954       0x10 c:/intelfpga_lite/18.1/nios2eds/bin/gnu/h-x86_64-mingw32/bin/../lib/gcc/nios2-elf/5.3.0/../../../../../H-x86_64-mingw32/nios2-elf/lib/pg\libstdc++.a(eh_exception.o)
                0x0000000004024954                __cxxabiv1::__foreign_exception::~__foreign_exception()
                0x0000000004024954                __cxxabiv1::__foreign_exception::~__foreign_exception()
 .text._ZN10__cxxabiv119__foreign_exceptionD0Ev
                0x0000000004024964       0x10 c:/intelfpga_lite/18.1/nios2eds/bin/gnu/h-x86_64-mingw32/bin/../lib/gcc/nios2-elf/5.3.0/../../../../../H-x86_64-mingw32/nios2-elf/lib/pg\libstdc++.a(eh_exception.o)
                0x0000000004024964                __cxxabiv1::__foreign_exception::~__foreign_exception()
 .text          0x0000000004024974        0x0 c:/intelfpga_lite/18.1/nios2eds/bin/gnu/h-x86_64-mingw32/bin/../lib/gcc/nios2-elf/5.3.0/../../../../../H-x86_64-mingw32/nios2-elf/lib/pg\libstdc++.a(eh_term_handler.o)
 .text          0x0000000004024974        0x0 c:/intelfpga_lite/18.1/nios2eds/bin/gnu/h-x86_64-mingw32/bin/../lib/gcc/nios2-elf/5.3.0/../../../../../H-x86_64-mingw32/nios2-elf/lib/pg\libstdc++.a(tinfo.o)
 .text._ZNSt9type_infoD2Ev
                0x0000000004024974       0x10 c:/intelfpga_lite/18.1/nios2eds/bin/gnu/h-x86_64-mingw32/bin/../lib/gcc/nios2-elf/5.3.0/../../../../../H-x86_64-mingw32/nios2-elf/lib/pg\libstdc++.a(tinfo.o)
                0x0000000004024974                std::type_info::~type_info()
                0x0000000004024974                std::type_info::~type_info()
 .text._ZNKSt9type_info15__is_function_pEv
                0x0000000004024984       0x14 c:/intelfpga_lite/18.1/nios2eds/bin/gnu/h-x86_64-mingw32/bin/../lib/gcc/nios2-elf/5.3.0/../../../../../H-x86_64-mingw32/nios2-elf/lib/pg\libstdc++.a(tinfo.o)
                0x0000000004024984                std::type_info::__is_pointer_p() const
                0x0000000004024984                std::type_info::__is_function_p() const
 .text._ZNKSt9type_info11__do_upcastEPKN10__cxxabiv117__class_type_infoEPPv
                0x0000000004024998       0x14 c:/intelfpga_lite/18.1/nios2eds/bin/gnu/h-x86_64-mingw32/bin/../lib/gcc/nios2-elf/5.3.0/../../../../../H-x86_64-mingw32/nios2-elf/lib/pg\libstdc++.a(tinfo.o)
                0x0000000004024998                std::type_info::__do_upcast(__cxxabiv1::__class_type_info const*, void**) const
 .text._ZNSt9type_infoD0Ev
                0x00000000040249ac       0x10 c:/intelfpga_lite/18.1/nios2eds/bin/gnu/h-x86_64-mingw32/bin/../lib/gcc/nios2-elf/5.3.0/../../../../../H-x86_64-mingw32/nios2-elf/lib/pg\libstdc++.a(tinfo.o)
                0x00000000040249ac                std::type_info::~type_info()
 .text._ZNKSt9type_info10__do_catchEPKS_PPvj
                0x00000000040249bc       0x50 c:/intelfpga_lite/18.1/nios2eds/bin/gnu/h-x86_64-mingw32/bin/../lib/gcc/nios2-elf/5.3.0/../../../../../H-x86_64-mingw32/nios2-elf/lib/pg\libstdc++.a(tinfo.o)
                0x00000000040249bc                std::type_info::__do_catch(std::type_info const*, void**, unsigned int) const
 .text          0x0000000004024a0c        0x0 c:/intelfpga_lite/18.1/nios2eds/bin/gnu/h-x86_64-mingw32/bin/../lib/gcc/nios2-elf/5.3.0/../../../../../H-x86_64-mingw32/nios2-elf/lib/pg\libstdc++.a(pure.o)
 .text.__cxa_pure_virtual
                0x0000000004024a0c       0x2c c:/intelfpga_lite/18.1/nios2eds/bin/gnu/h-x86_64-mingw32/bin/../lib/gcc/nios2-elf/5.3.0/../../../../../H-x86_64-mingw32/nios2-elf/lib/pg\libstdc++.a(pure.o)
                0x0000000004024a0c                __cxa_pure_virtual
 .text.__cxa_deleted_virtual
                0x0000000004024a38       0x2c c:/intelfpga_lite/18.1/nios2eds/bin/gnu/h-x86_64-mingw32/bin/../lib/gcc/nios2-elf/5.3.0/../../../../../H-x86_64-mingw32/nios2-elf/lib/pg\libstdc++.a(pure.o)
                0x0000000004024a38                __cxa_deleted_virtual
 .text          0x0000000004024a64      0x1e0 c:/intelfpga_lite/18.1/nios2eds/bin/gnu/h-x86_64-mingw32/bin/../lib/gcc/nios2-elf/5.3.0/pg\libgcc.a(lib2-divmod.o)
                0x0000000004024a64                __divsi3
                0x0000000004024af4                __modsi3
                0x0000000004024b74                __udivsi3
                0x0000000004024be4                __umodsi3
 .text          0x0000000004024c44      0x4d4 c:/intelfpga_lite/18.1/nios2eds/bin/gnu/h-x86_64-mingw32/bin/../lib/gcc/nios2-elf/5.3.0/pg\libgcc.a(addsf3.o)
                0x0000000004024c44                __addsf3
 .text          0x0000000004025118      0x44c c:/intelfpga_lite/18.1/nios2eds/bin/gnu/h-x86_64-mingw32/bin/../lib/gcc/nios2-elf/5.3.0/pg\libgcc.a(divsf3.o)
                0x0000000004025118                __divsf3
 .text          0x0000000004025564       0x80 c:/intelfpga_lite/18.1/nios2eds/bin/gnu/h-x86_64-mingw32/bin/../lib/gcc/nios2-elf/5.3.0/pg\libgcc.a(eqsf2.o)
                0x0000000004025564                __eqsf2
                0x0000000004025564                __nesf2
 .text          0x00000000040255e4       0xc4 c:/intelfpga_lite/18.1/nios2eds/bin/gnu/h-x86_64-mingw32/bin/../lib/gcc/nios2-elf/5.3.0/pg\libgcc.a(gesf2.o)
                0x00000000040255e4                __gesf2
                0x00000000040255e4                __gtsf2
 .text          0x00000000040256a8      0x408 c:/intelfpga_lite/18.1/nios2eds/bin/gnu/h-x86_64-mingw32/bin/../lib/gcc/nios2-elf/5.3.0/pg\libgcc.a(mulsf3.o)
                0x00000000040256a8                __mulsf3
 .text          0x0000000004025ab0      0x4f0 c:/intelfpga_lite/18.1/nios2eds/bin/gnu/h-x86_64-mingw32/bin/../lib/gcc/nios2-elf/5.3.0/pg\libgcc.a(subsf3.o)
                0x0000000004025ab0                __subsf3
 .text          0x0000000004025fa0       0x7c c:/intelfpga_lite/18.1/nios2eds/bin/gnu/h-x86_64-mingw32/bin/../lib/gcc/nios2-elf/5.3.0/pg\libgcc.a(fixsfsi.o)
                0x0000000004025fa0                __fixsfsi
 .text          0x000000000402601c      0x130 c:/intelfpga_lite/18.1/nios2eds/bin/gnu/h-x86_64-mingw32/bin/../lib/gcc/nios2-elf/5.3.0/pg\libgcc.a(floatsisf.o)
                0x000000000402601c                __floatsisf
 .text          0x000000000402614c       0xfc c:/intelfpga_lite/18.1/nios2eds/bin/gnu/h-x86_64-mingw32/bin/../lib/gcc/nios2-elf/5.3.0/pg\libgcc.a(floatunsisf.o)
                0x000000000402614c                __floatunsisf
 .text          0x0000000004026248      0x628 c:/intelfpga_lite/18.1/nios2eds/bin/gnu/h-x86_64-mingw32/bin/../lib/gcc/nios2-elf/5.3.0/pg\libgcc.a(unwind-sjlj.o)
                0x0000000004026474                _Unwind_SjLj_Register
                0x0000000004026498                _Unwind_SjLj_Unregister
                0x00000000040264b8                _Unwind_GetGR
                0x00000000040264e0                _Unwind_GetCFA
                0x0000000004026504                _Unwind_SetGR
                0x000000000402652c                _Unwind_GetIP
                0x0000000004026548                _Unwind_GetIPInfo
                0x0000000004026574                _Unwind_SetIP
                0x0000000004026590                _Unwind_GetLanguageSpecificData
                0x00000000040265a8                _Unwind_GetRegionStart
                0x00000000040265bc                _Unwind_FindEnclosingFunction
                0x00000000040265d0                _Unwind_GetDataRelBase
                0x00000000040265e4                _Unwind_GetTextRelBase
                0x00000000040265f8                _Unwind_SjLj_RaiseException
                0x00000000040266d4                _Unwind_SjLj_ForcedUnwind
                0x0000000004026724                _Unwind_SjLj_Resume
                0x0000000004026774                _Unwind_SjLj_Resume_or_Rethrow
                0x00000000040267cc                _Unwind_DeleteException
                0x00000000040267f0                _Unwind_Backtrace
 .text          0x0000000004026870       0x70 c:/intelfpga_lite/18.1/nios2eds/bin/gnu/h-x86_64-mingw32/bin/../lib/gcc/nios2-elf/5.3.0/pg\libgcc.a(_clzsi2.o)
                0x0000000004026870                __clzsi2
 .text          0x00000000040268e0        0x0 c:/intelfpga_lite/18.1/nios2eds/bin/gnu/h-x86_64-mingw32/bin/../lib/gcc/nios2-elf/5.3.0/pg\libgcc.a(_clz.o)
 .text          0x00000000040268e0        0x0 c:/intelfpga_lite/18.1/nios2eds/bin/gnu/h-x86_64-mingw32/bin/../lib/gcc/nios2-elf/5.3.0/../../../../../H-x86_64-mingw32/nios2-elf/lib/pg\libc.a(lib_a-abort.o)
 .text.abort    0x00000000040268e0       0x24 c:/intelfpga_lite/18.1/nios2eds/bin/gnu/h-x86_64-mingw32/bin/../lib/gcc/nios2-elf/5.3.0/../../../../../H-x86_64-mingw32/nios2-elf/lib/pg\libc.a(lib_a-abort.o)
                0x00000000040268e0                abort
 .text          0x0000000004026904        0x0 c:/intelfpga_lite/18.1/nios2eds/bin/gnu/h-x86_64-mingw32/bin/../lib/gcc/nios2-elf/5.3.0/../../../../../H-x86_64-mingw32/nios2-elf/lib/pg\libc.a(lib_a-malloc.o)
 .text.malloc   0x0000000004026904       0x20 c:/intelfpga_lite/18.1/nios2eds/bin/gnu/h-x86_64-mingw32/bin/../lib/gcc/nios2-elf/5.3.0/../../../../../H-x86_64-mingw32/nios2-elf/lib/pg\libc.a(lib_a-malloc.o)
                0x0000000004026904                malloc
 .text.free     0x0000000004026924       0x20 c:/intelfpga_lite/18.1/nios2eds/bin/gnu/h-x86_64-mingw32/bin/../lib/gcc/nios2-elf/5.3.0/../../../../../H-x86_64-mingw32/nios2-elf/lib/pg\libc.a(lib_a-malloc.o)
                0x0000000004026924                free
 .text          0x0000000004026944        0x0 c:/intelfpga_lite/18.1/nios2eds/bin/gnu/h-x86_64-mingw32/bin/../lib/gcc/nios2-elf/5.3.0/../../../../../H-x86_64-mingw32/nios2-elf/lib/pg\libc.a(lib_a-mallocr.o)
 .text._malloc_r
                0x0000000004026944      0x818 c:/intelfpga_lite/18.1/nios2eds/bin/gnu/h-x86_64-mingw32/bin/../lib/gcc/nios2-elf/5.3.0/../../../../../H-x86_64-mingw32/nios2-elf/lib/pg\libc.a(lib_a-mallocr.o)
                0x0000000004026944                _malloc_r
 .text          0x000000000402715c        0x0 c:/intelfpga_lite/18.1/nios2eds/bin/gnu/h-x86_64-mingw32/bin/../lib/gcc/nios2-elf/5.3.0/../../../../../H-x86_64-mingw32/nios2-elf/lib/pg\libc.a(lib_a-memset.o)
 .text.memset   0x000000000402715c      0x130 c:/intelfpga_lite/18.1/nios2eds/bin/gnu/h-x86_64-mingw32/bin/../lib/gcc/nios2-elf/5.3.0/../../../../../H-x86_64-mingw32/nios2-elf/lib/pg\libc.a(lib_a-memset.o)
                0x000000000402715c                memset
 .text          0x000000000402728c        0x0 c:/intelfpga_lite/18.1/nios2eds/bin/gnu/h-x86_64-mingw32/bin/../lib/gcc/nios2-elf/5.3.0/../../../../../H-x86_64-mingw32/nios2-elf/lib/pg\libc.a(lib_a-printf.o)
 .text._printf_r
                0x000000000402728c       0x3c c:/intelfpga_lite/18.1/nios2eds/bin/gnu/h-x86_64-mingw32/bin/../lib/gcc/nios2-elf/5.3.0/../../../../../H-x86_64-mingw32/nios2-elf/lib/pg\libc.a(lib_a-printf.o)
                0x000000000402728c                _printf_r
 .text.printf   0x00000000040272c8       0x48 c:/intelfpga_lite/18.1/nios2eds/bin/gnu/h-x86_64-mingw32/bin/../lib/gcc/nios2-elf/5.3.0/../../../../../H-x86_64-mingw32/nios2-elf/lib/pg\libc.a(lib_a-printf.o)
                0x00000000040272c8                printf
 .text          0x0000000004027310        0x0 c:/intelfpga_lite/18.1/nios2eds/bin/gnu/h-x86_64-mingw32/bin/../lib/gcc/nios2-elf/5.3.0/../../../../../H-x86_64-mingw32/nios2-elf/lib/pg\libc.a(lib_a-putchar.o)
 .text._putchar_r
                0x0000000004027310       0x14 c:/intelfpga_lite/18.1/nios2eds/bin/gnu/h-x86_64-mingw32/bin/../lib/gcc/nios2-elf/5.3.0/../../../../../H-x86_64-mingw32/nios2-elf/lib/pg\libc.a(lib_a-putchar.o)
                0x0000000004027310                _putchar_r
 .text.putchar  0x0000000004027324       0x24 c:/intelfpga_lite/18.1/nios2eds/bin/gnu/h-x86_64-mingw32/bin/../lib/gcc/nios2-elf/5.3.0/../../../../../H-x86_64-mingw32/nios2-elf/lib/pg\libc.a(lib_a-putchar.o)
                0x0000000004027324                putchar
 .text          0x0000000004027348        0x0 c:/intelfpga_lite/18.1/nios2eds/bin/gnu/h-x86_64-mingw32/bin/../lib/gcc/nios2-elf/5.3.0/../../../../../H-x86_64-mingw32/nios2-elf/lib/pg\libc.a(lib_a-puts.o)
 .text._puts_r  0x0000000004027348       0xcc c:/intelfpga_lite/18.1/nios2eds/bin/gnu/h-x86_64-mingw32/bin/../lib/gcc/nios2-elf/5.3.0/../../../../../H-x86_64-mingw32/nios2-elf/lib/pg\libc.a(lib_a-puts.o)
                0x0000000004027348                _puts_r
 .text.puts     0x0000000004027414       0x20 c:/intelfpga_lite/18.1/nios2eds/bin/gnu/h-x86_64-mingw32/bin/../lib/gcc/nios2-elf/5.3.0/../../../../../H-x86_64-mingw32/nios2-elf/lib/pg\libc.a(lib_a-puts.o)
                0x0000000004027414                puts
 .text          0x0000000004027434        0x0 c:/intelfpga_lite/18.1/nios2eds/bin/gnu/h-x86_64-mingw32/bin/../lib/gcc/nios2-elf/5.3.0/../../../../../H-x86_64-mingw32/nios2-elf/lib/pg\libc.a(lib_a-rand.o)
 .text.srand    0x0000000004027434       0x24 c:/intelfpga_lite/18.1/nios2eds/bin/gnu/h-x86_64-mingw32/bin/../lib/gcc/nios2-elf/5.3.0/../../../../../H-x86_64-mingw32/nios2-elf/lib/pg\libc.a(lib_a-rand.o)
                0x0000000004027434                srand
 .text.rand     0x0000000004027458       0x70 c:/intelfpga_lite/18.1/nios2eds/bin/gnu/h-x86_64-mingw32/bin/../lib/gcc/nios2-elf/5.3.0/../../../../../H-x86_64-mingw32/nios2-elf/lib/pg\libc.a(lib_a-rand.o)
                0x0000000004027458                rand
 .text          0x00000000040274c8        0x0 c:/intelfpga_lite/18.1/nios2eds/bin/gnu/h-x86_64-mingw32/bin/../lib/gcc/nios2-elf/5.3.0/../../../../../H-x86_64-mingw32/nios2-elf/lib/pg\libc.a(lib_a-sbrkr.o)
 .text._sbrk_r  0x00000000040274c8       0x60 c:/intelfpga_lite/18.1/nios2eds/bin/gnu/h-x86_64-mingw32/bin/../lib/gcc/nios2-elf/5.3.0/../../../../../H-x86_64-mingw32/nios2-elf/lib/pg\libc.a(lib_a-sbrkr.o)
                0x00000000040274c8                _sbrk_r
 .text          0x0000000004027528        0x0 c:/intelfpga_lite/18.1/nios2eds/bin/gnu/h-x86_64-mingw32/bin/../lib/gcc/nios2-elf/5.3.0/../../../../../H-x86_64-mingw32/nios2-elf/lib/pg\libc.a(lib_a-signal.o)
 .text._init_signal_r
                0x0000000004027528       0x78 c:/intelfpga_lite/18.1/nios2eds/bin/gnu/h-x86_64-mingw32/bin/../lib/gcc/nios2-elf/5.3.0/../../../../../H-x86_64-mingw32/nios2-elf/lib/pg\libc.a(lib_a-signal.o)
                0x0000000004027528                _init_signal_r
 .text._signal_r
                0x00000000040275a0       0x90 c:/intelfpga_lite/18.1/nios2eds/bin/gnu/h-x86_64-mingw32/bin/../lib/gcc/nios2-elf/5.3.0/../../../../../H-x86_64-mingw32/nios2-elf/lib/pg\libc.a(lib_a-signal.o)
                0x00000000040275a0                _signal_r
 .text._raise_r
                0x0000000004027630       0xc8 c:/intelfpga_lite/18.1/nios2eds/bin/gnu/h-x86_64-mingw32/bin/../lib/gcc/nios2-elf/5.3.0/../../../../../H-x86_64-mingw32/nios2-elf/lib/pg\libc.a(lib_a-signal.o)
                0x0000000004027630                _raise_r
 .text.__sigtramp_r
                0x00000000040276f8       0xb4 c:/intelfpga_lite/18.1/nios2eds/bin/gnu/h-x86_64-mingw32/bin/../lib/gcc/nios2-elf/5.3.0/../../../../../H-x86_64-mingw32/nios2-elf/lib/pg\libc.a(lib_a-signal.o)
                0x00000000040276f8                __sigtramp_r
 .text.raise    0x00000000040277ac       0x20 c:/intelfpga_lite/18.1/nios2eds/bin/gnu/h-x86_64-mingw32/bin/../lib/gcc/nios2-elf/5.3.0/../../../../../H-x86_64-mingw32/nios2-elf/lib/pg\libc.a(lib_a-signal.o)
                0x00000000040277ac                raise
 .text.signal   0x00000000040277cc       0x24 c:/intelfpga_lite/18.1/nios2eds/bin/gnu/h-x86_64-mingw32/bin/../lib/gcc/nios2-elf/5.3.0/../../../../../H-x86_64-mingw32/nios2-elf/lib/pg\libc.a(lib_a-signal.o)
                0x00000000040277cc                signal
 .text._init_signal
                0x00000000040277f0       0x1c c:/intelfpga_lite/18.1/nios2eds/bin/gnu/h-x86_64-mingw32/bin/../lib/gcc/nios2-elf/5.3.0/../../../../../H-x86_64-mingw32/nios2-elf/lib/pg\libc.a(lib_a-signal.o)
                0x00000000040277f0                _init_signal
 .text.__sigtramp
                0x000000000402780c       0x20 c:/intelfpga_lite/18.1/nios2eds/bin/gnu/h-x86_64-mingw32/bin/../lib/gcc/nios2-elf/5.3.0/../../../../../H-x86_64-mingw32/nios2-elf/lib/pg\libc.a(lib_a-signal.o)
                0x000000000402780c                __sigtramp
 .text          0x000000000402782c        0x0 c:/intelfpga_lite/18.1/nios2eds/bin/gnu/h-x86_64-mingw32/bin/../lib/gcc/nios2-elf/5.3.0/../../../../../H-x86_64-mingw32/nios2-elf/lib/pg\libc.a(lib_a-signalr.o)
 .text._kill_r  0x000000000402782c       0x68 c:/intelfpga_lite/18.1/nios2eds/bin/gnu/h-x86_64-mingw32/bin/../lib/gcc/nios2-elf/5.3.0/../../../../../H-x86_64-mingw32/nios2-elf/lib/pg\libc.a(lib_a-signalr.o)
                0x000000000402782c                _kill_r
 .text._getpid_r
                0x0000000004027894       0x10 c:/intelfpga_lite/18.1/nios2eds/bin/gnu/h-x86_64-mingw32/bin/../lib/gcc/nios2-elf/5.3.0/../../../../../H-x86_64-mingw32/nios2-elf/lib/pg\libc.a(lib_a-signalr.o)
                0x0000000004027894                _getpid_r
 .text          0x00000000040278a4        0x0 c:/intelfpga_lite/18.1/nios2eds/bin/gnu/h-x86_64-mingw32/bin/../lib/gcc/nios2-elf/5.3.0/../../../../../H-x86_64-mingw32/nios2-elf/lib/pg\libc.a(lib_a-strcmp.o)
 .text.strcmp   0x00000000040278a4       0xe0 c:/intelfpga_lite/18.1/nios2eds/bin/gnu/h-x86_64-mingw32/bin/../lib/gcc/nios2-elf/5.3.0/../../../../../H-x86_64-mingw32/nios2-elf/lib/pg\libc.a(lib_a-strcmp.o)
                0x00000000040278a4                strcmp
 .text          0x0000000004027984        0x0 c:/intelfpga_lite/18.1/nios2eds/bin/gnu/h-x86_64-mingw32/bin/../lib/gcc/nios2-elf/5.3.0/../../../../../H-x86_64-mingw32/nios2-elf/lib/pg\libc.a(lib_a-strlen.o)
 .text.strlen   0x0000000004027984       0xa4 c:/intelfpga_lite/18.1/nios2eds/bin/gnu/h-x86_64-mingw32/bin/../lib/gcc/nios2-elf/5.3.0/../../../../../H-x86_64-mingw32/nios2-elf/lib/pg\libc.a(lib_a-strlen.o)
                0x0000000004027984                strlen
 .text          0x0000000004027a28        0x0 c:/intelfpga_lite/18.1/nios2eds/bin/gnu/h-x86_64-mingw32/bin/../lib/gcc/nios2-elf/5.3.0/../../../../../H-x86_64-mingw32/nios2-elf/lib/pg\libc.a(lib_a-vfprintf.o)
 .text.___vfprintf_internal_r
                0x0000000004027a28     0x2204 c:/intelfpga_lite/18.1/nios2eds/bin/gnu/h-x86_64-mingw32/bin/../lib/gcc/nios2-elf/5.3.0/../../../../../H-x86_64-mingw32/nios2-elf/lib/pg\libc.a(lib_a-vfprintf.o)
                0x0000000004027a28                ___vfprintf_internal_r
 .text.__vfprintf_internal
                0x0000000004029c2c       0x28 c:/intelfpga_lite/18.1/nios2eds/bin/gnu/h-x86_64-mingw32/bin/../lib/gcc/nios2-elf/5.3.0/../../../../../H-x86_64-mingw32/nios2-elf/lib/pg\libc.a(lib_a-vfprintf.o)
                0x0000000004029c2c                __vfprintf_internal
 .text.__sbprintf
                0x0000000004029c54       0xc8 c:/intelfpga_lite/18.1/nios2eds/bin/gnu/h-x86_64-mingw32/bin/../lib/gcc/nios2-elf/5.3.0/../../../../../H-x86_64-mingw32/nios2-elf/lib/pg\libc.a(lib_a-vfprintf.o)
 .text          0x0000000004029d1c        0x0 c:/intelfpga_lite/18.1/nios2eds/bin/gnu/h-x86_64-mingw32/bin/../lib/gcc/nios2-elf/5.3.0/../../../../../H-x86_64-mingw32/nios2-elf/lib/pg\libc.a(lib_a-wsetup.o)
 .text.__swsetup_r
                0x0000000004029d1c      0x160 c:/intelfpga_lite/18.1/nios2eds/bin/gnu/h-x86_64-mingw32/bin/../lib/gcc/nios2-elf/5.3.0/../../../../../H-x86_64-mingw32/nios2-elf/lib/pg\libc.a(lib_a-wsetup.o)
                0x0000000004029d1c                __swsetup_r
 .text          0x0000000004029e7c        0x0 c:/intelfpga_lite/18.1/nios2eds/bin/gnu/h-x86_64-mingw32/bin/../lib/gcc/nios2-elf/5.3.0/../../../../../H-x86_64-mingw32/nios2-elf/lib/pg\libc.a(lib_a-dtoa.o)
 .text.quorem   0x0000000004029e7c      0x20c c:/intelfpga_lite/18.1/nios2eds/bin/gnu/h-x86_64-mingw32/bin/../lib/gcc/nios2-elf/5.3.0/../../../../../H-x86_64-mingw32/nios2-elf/lib/pg\libc.a(lib_a-dtoa.o)
 .text._dtoa_r  0x000000000402a088     0x1694 c:/intelfpga_lite/18.1/nios2eds/bin/gnu/h-x86_64-mingw32/bin/../lib/gcc/nios2-elf/5.3.0/../../../../../H-x86_64-mingw32/nios2-elf/lib/pg\libc.a(lib_a-dtoa.o)
                0x000000000402a088                _dtoa_r
 .text          0x000000000402b71c        0x0 c:/intelfpga_lite/18.1/nios2eds/bin/gnu/h-x86_64-mingw32/bin/../lib/gcc/nios2-elf/5.3.0/../../../../../H-x86_64-mingw32/nios2-elf/lib/pg\libc.a(lib_a-fflush.o)
 .text.__sflush_r
                0x000000000402b71c      0x228 c:/intelfpga_lite/18.1/nios2eds/bin/gnu/h-x86_64-mingw32/bin/../lib/gcc/nios2-elf/5.3.0/../../../../../H-x86_64-mingw32/nios2-elf/lib/pg\libc.a(lib_a-fflush.o)
                0x000000000402b71c                __sflush_r
 .text._fflush_r
                0x000000000402b944       0x68 c:/intelfpga_lite/18.1/nios2eds/bin/gnu/h-x86_64-mingw32/bin/../lib/gcc/nios2-elf/5.3.0/../../../../../H-x86_64-mingw32/nios2-elf/lib/pg\libc.a(lib_a-fflush.o)
                0x000000000402b944                _fflush_r
 .text.fflush   0x000000000402b9ac       0x3c c:/intelfpga_lite/18.1/nios2eds/bin/gnu/h-x86_64-mingw32/bin/../lib/gcc/nios2-elf/5.3.0/../../../../../H-x86_64-mingw32/nios2-elf/lib/pg\libc.a(lib_a-fflush.o)
                0x000000000402b9ac                fflush
 .text          0x000000000402b9e8        0x0 c:/intelfpga_lite/18.1/nios2eds/bin/gnu/h-x86_64-mingw32/bin/../lib/gcc/nios2-elf/5.3.0/../../../../../H-x86_64-mingw32/nios2-elf/lib/pg\libc.a(lib_a-findfp.o)
 .text.__fp_unlock
                0x000000000402b9e8       0x14 c:/intelfpga_lite/18.1/nios2eds/bin/gnu/h-x86_64-mingw32/bin/../lib/gcc/nios2-elf/5.3.0/../../../../../H-x86_64-mingw32/nios2-elf/lib/pg\libc.a(lib_a-findfp.o)
 .text._cleanup_r
                0x000000000402b9fc       0x18 c:/intelfpga_lite/18.1/nios2eds/bin/gnu/h-x86_64-mingw32/bin/../lib/gcc/nios2-elf/5.3.0/../../../../../H-x86_64-mingw32/nios2-elf/lib/pg\libc.a(lib_a-findfp.o)
                0x000000000402b9fc                _cleanup_r
 .text.__sinit.part.1
                0x000000000402ba14      0x1a8 c:/intelfpga_lite/18.1/nios2eds/bin/gnu/h-x86_64-mingw32/bin/../lib/gcc/nios2-elf/5.3.0/../../../../../H-x86_64-mingw32/nios2-elf/lib/pg\libc.a(lib_a-findfp.o)
 .text.__fp_lock
                0x000000000402bbbc       0x14 c:/intelfpga_lite/18.1/nios2eds/bin/gnu/h-x86_64-mingw32/bin/../lib/gcc/nios2-elf/5.3.0/../../../../../H-x86_64-mingw32/nios2-elf/lib/pg\libc.a(lib_a-findfp.o)
 .text.__sfmoreglue
                0x000000000402bbd0       0x74 c:/intelfpga_lite/18.1/nios2eds/bin/gnu/h-x86_64-mingw32/bin/../lib/gcc/nios2-elf/5.3.0/../../../../../H-x86_64-mingw32/nios2-elf/lib/pg\libc.a(lib_a-findfp.o)
                0x000000000402bbd0                __sfmoreglue
 .text.__sfp    0x000000000402bc44      0x124 c:/intelfpga_lite/18.1/nios2eds/bin/gnu/h-x86_64-mingw32/bin/../lib/gcc/nios2-elf/5.3.0/../../../../../H-x86_64-mingw32/nios2-elf/lib/pg\libc.a(lib_a-findfp.o)
                0x000000000402bc44                __sfp
 .text._cleanup
                0x000000000402bd68       0x24 c:/intelfpga_lite/18.1/nios2eds/bin/gnu/h-x86_64-mingw32/bin/../lib/gcc/nios2-elf/5.3.0/../../../../../H-x86_64-mingw32/nios2-elf/lib/pg\libc.a(lib_a-findfp.o)
                0x000000000402bd68                _cleanup
 .text.__sinit  0x000000000402bd8c       0x1c c:/intelfpga_lite/18.1/nios2eds/bin/gnu/h-x86_64-mingw32/bin/../lib/gcc/nios2-elf/5.3.0/../../../../../H-x86_64-mingw32/nios2-elf/lib/pg\libc.a(lib_a-findfp.o)
                0x000000000402bd8c                __sinit
 .text.__sfp_lock_acquire
                0x000000000402bda8       0x10 c:/intelfpga_lite/18.1/nios2eds/bin/gnu/h-x86_64-mingw32/bin/../lib/gcc/nios2-elf/5.3.0/../../../../../H-x86_64-mingw32/nios2-elf/lib/pg\libc.a(lib_a-findfp.o)
                0x000000000402bda8                __sfp_lock_acquire
 .text.__sfp_lock_release
                0x000000000402bdb8       0x10 c:/intelfpga_lite/18.1/nios2eds/bin/gnu/h-x86_64-mingw32/bin/../lib/gcc/nios2-elf/5.3.0/../../../../../H-x86_64-mingw32/nios2-elf/lib/pg\libc.a(lib_a-findfp.o)
                0x000000000402bdb8                __sfp_lock_release
 .text.__sinit_lock_acquire
                0x000000000402bdc8       0x10 c:/intelfpga_lite/18.1/nios2eds/bin/gnu/h-x86_64-mingw32/bin/../lib/gcc/nios2-elf/5.3.0/../../../../../H-x86_64-mingw32/nios2-elf/lib/pg\libc.a(lib_a-findfp.o)
                0x000000000402bdc8                __sinit_lock_acquire
 .text.__sinit_lock_release
                0x000000000402bdd8       0x10 c:/intelfpga_lite/18.1/nios2eds/bin/gnu/h-x86_64-mingw32/bin/../lib/gcc/nios2-elf/5.3.0/../../../../../H-x86_64-mingw32/nios2-elf/lib/pg\libc.a(lib_a-findfp.o)
                0x000000000402bdd8                __sinit_lock_release
 .text.__fp_lock_all
                0x000000000402bde8       0x24 c:/intelfpga_lite/18.1/nios2eds/bin/gnu/h-x86_64-mingw32/bin/../lib/gcc/nios2-elf/5.3.0/../../../../../H-x86_64-mingw32/nios2-elf/lib/pg\libc.a(lib_a-findfp.o)
                0x000000000402bde8                __fp_lock_all
 .text.__fp_unlock_all
                0x000000000402be0c       0x24 c:/intelfpga_lite/18.1/nios2eds/bin/gnu/h-x86_64-mingw32/bin/../lib/gcc/nios2-elf/5.3.0/../../../../../H-x86_64-mingw32/nios2-elf/lib/pg\libc.a(lib_a-findfp.o)
                0x000000000402be0c                __fp_unlock_all
 .text          0x000000000402be30        0x0 c:/intelfpga_lite/18.1/nios2eds/bin/gnu/h-x86_64-mingw32/bin/../lib/gcc/nios2-elf/5.3.0/../../../../../H-x86_64-mingw32/nios2-elf/lib/pg\libc.a(lib_a-freer.o)
 .text._malloc_trim_r
                0x000000000402be30      0x130 c:/intelfpga_lite/18.1/nios2eds/bin/gnu/h-x86_64-mingw32/bin/../lib/gcc/nios2-elf/5.3.0/../../../../../H-x86_64-mingw32/nios2-elf/lib/pg\libc.a(lib_a-freer.o)
                0x000000000402be30                _malloc_trim_r
 .text._free_r  0x000000000402bf60      0x31c c:/intelfpga_lite/18.1/nios2eds/bin/gnu/h-x86_64-mingw32/bin/../lib/gcc/nios2-elf/5.3.0/../../../../../H-x86_64-mingw32/nios2-elf/lib/pg\libc.a(lib_a-freer.o)
                0x000000000402bf60                _free_r
 .text          0x000000000402c27c        0x0 c:/intelfpga_lite/18.1/nios2eds/bin/gnu/h-x86_64-mingw32/bin/../lib/gcc/nios2-elf/5.3.0/../../../../../H-x86_64-mingw32/nios2-elf/lib/pg\libc.a(lib_a-fvwrite.o)
 .text.__sfvwrite_r
                0x000000000402c27c      0x4c8 c:/intelfpga_lite/18.1/nios2eds/bin/gnu/h-x86_64-mingw32/bin/../lib/gcc/nios2-elf/5.3.0/../../../../../H-x86_64-mingw32/nios2-elf/lib/pg\libc.a(lib_a-fvwrite.o)
                0x000000000402c27c                __sfvwrite_r
 .text          0x000000000402c744        0x0 c:/intelfpga_lite/18.1/nios2eds/bin/gnu/h-x86_64-mingw32/bin/../lib/gcc/nios2-elf/5.3.0/../../../../../H-x86_64-mingw32/nios2-elf/lib/pg\libc.a(lib_a-fwalk.o)
 .text._fwalk   0x000000000402c744       0xd0 c:/intelfpga_lite/18.1/nios2eds/bin/gnu/h-x86_64-mingw32/bin/../lib/gcc/nios2-elf/5.3.0/../../../../../H-x86_64-mingw32/nios2-elf/lib/pg\libc.a(lib_a-fwalk.o)
                0x000000000402c744                _fwalk
 .text._fwalk_reent
                0x000000000402c814       0xd0 c:/intelfpga_lite/18.1/nios2eds/bin/gnu/h-x86_64-mingw32/bin/../lib/gcc/nios2-elf/5.3.0/../../../../../H-x86_64-mingw32/nios2-elf/lib/pg\libc.a(lib_a-fwalk.o)
                0x000000000402c814                _fwalk_reent
 .text          0x000000000402c8e4        0x0 c:/intelfpga_lite/18.1/nios2eds/bin/gnu/h-x86_64-mingw32/bin/../lib/gcc/nios2-elf/5.3.0/../../../../../H-x86_64-mingw32/nios2-elf/lib/pg\libc.a(lib_a-impure.o)
 .text          0x000000000402c8e4        0x0 c:/intelfpga_lite/18.1/nios2eds/bin/gnu/h-x86_64-mingw32/bin/../lib/gcc/nios2-elf/5.3.0/../../../../../H-x86_64-mingw32/nios2-elf/lib/pg\libc.a(lib_a-int_errno.o)
 .text          0x000000000402c8e4        0x0 c:/intelfpga_lite/18.1/nios2eds/bin/gnu/h-x86_64-mingw32/bin/../lib/gcc/nios2-elf/5.3.0/../../../../../H-x86_64-mingw32/nios2-elf/lib/pg\libc.a(lib_a-locale.o)
 .text._setlocale_r
                0x000000000402c8e4       0x88 c:/intelfpga_lite/18.1/nios2eds/bin/gnu/h-x86_64-mingw32/bin/../lib/gcc/nios2-elf/5.3.0/../../../../../H-x86_64-mingw32/nios2-elf/lib/pg\libc.a(lib_a-locale.o)
                0x000000000402c8e4                _setlocale_r
 .text.__locale_charset
                0x000000000402c96c       0x18 c:/intelfpga_lite/18.1/nios2eds/bin/gnu/h-x86_64-mingw32/bin/../lib/gcc/nios2-elf/5.3.0/../../../../../H-x86_64-mingw32/nios2-elf/lib/pg\libc.a(lib_a-locale.o)
                0x000000000402c96c                __locale_charset
 .text.__locale_mb_cur_max
                0x000000000402c984       0x1c c:/intelfpga_lite/18.1/nios2eds/bin/gnu/h-x86_64-mingw32/bin/../lib/gcc/nios2-elf/5.3.0/../../../../../H-x86_64-mingw32/nios2-elf/lib/pg\libc.a(lib_a-locale.o)
                0x000000000402c984                __locale_mb_cur_max
 .text.__locale_msgcharset
                0x000000000402c9a0       0x18 c:/intelfpga_lite/18.1/nios2eds/bin/gnu/h-x86_64-mingw32/bin/../lib/gcc/nios2-elf/5.3.0/../../../../../H-x86_64-mingw32/nios2-elf/lib/pg\libc.a(lib_a-locale.o)
                0x000000000402c9a0                __locale_msgcharset
 .text.__locale_cjk_lang
                0x000000000402c9b8       0x14 c:/intelfpga_lite/18.1/nios2eds/bin/gnu/h-x86_64-mingw32/bin/../lib/gcc/nios2-elf/5.3.0/../../../../../H-x86_64-mingw32/nios2-elf/lib/pg\libc.a(lib_a-locale.o)
                0x000000000402c9b8                __locale_cjk_lang
 .text._localeconv_r
                0x000000000402c9cc       0x18 c:/intelfpga_lite/18.1/nios2eds/bin/gnu/h-x86_64-mingw32/bin/../lib/gcc/nios2-elf/5.3.0/../../../../../H-x86_64-mingw32/nios2-elf/lib/pg\libc.a(lib_a-locale.o)
                0x000000000402c9cc                _localeconv_r
 .text.setlocale
                0x000000000402c9e4       0x24 c:/intelfpga_lite/18.1/nios2eds/bin/gnu/h-x86_64-mingw32/bin/../lib/gcc/nios2-elf/5.3.0/../../../../../H-x86_64-mingw32/nios2-elf/lib/pg\libc.a(lib_a-locale.o)
                0x000000000402c9e4                setlocale
 .text.localeconv
                0x000000000402ca08       0x18 c:/intelfpga_lite/18.1/nios2eds/bin/gnu/h-x86_64-mingw32/bin/../lib/gcc/nios2-elf/5.3.0/../../../../../H-x86_64-mingw32/nios2-elf/lib/pg\libc.a(lib_a-locale.o)
                0x000000000402ca08                localeconv
 .text          0x000000000402ca20        0x0 c:/intelfpga_lite/18.1/nios2eds/bin/gnu/h-x86_64-mingw32/bin/../lib/gcc/nios2-elf/5.3.0/../../../../../H-x86_64-mingw32/nios2-elf/lib/pg\libc.a(lib_a-makebuf.o)
 .text.__smakebuf_r
                0x000000000402ca20      0x1c8 c:/intelfpga_lite/18.1/nios2eds/bin/gnu/h-x86_64-mingw32/bin/../lib/gcc/nios2-elf/5.3.0/../../../../../H-x86_64-mingw32/nios2-elf/lib/pg\libc.a(lib_a-makebuf.o)
                0x000000000402ca20                __smakebuf_r
 .text          0x000000000402cbe8        0x0 c:/intelfpga_lite/18.1/nios2eds/bin/gnu/h-x86_64-mingw32/bin/../lib/gcc/nios2-elf/5.3.0/../../../../../H-x86_64-mingw32/nios2-elf/lib/pg\libc.a(lib_a-memchr.o)
 .text.memchr   0x000000000402cbe8       0xf0 c:/intelfpga_lite/18.1/nios2eds/bin/gnu/h-x86_64-mingw32/bin/../lib/gcc/nios2-elf/5.3.0/../../../../../H-x86_64-mingw32/nios2-elf/lib/pg\libc.a(lib_a-memchr.o)
                0x000000000402cbe8                memchr
 .text          0x000000000402ccd8        0x0 c:/intelfpga_lite/18.1/nios2eds/bin/gnu/h-x86_64-mingw32/bin/../lib/gcc/nios2-elf/5.3.0/../../../../../H-x86_64-mingw32/nios2-elf/lib/pg\libc.a(lib_a-memcpy.o)
 .text.memcpy   0x000000000402ccd8      0x154 c:/intelfpga_lite/18.1/nios2eds/bin/gnu/h-x86_64-mingw32/bin/../lib/gcc/nios2-elf/5.3.0/../../../../../H-x86_64-mingw32/nios2-elf/lib/pg\libc.a(lib_a-memcpy.o)
                0x000000000402ccd8                memcpy
 .text          0x000000000402ce2c        0x0 c:/intelfpga_lite/18.1/nios2eds/bin/gnu/h-x86_64-mingw32/bin/../lib/gcc/nios2-elf/5.3.0/../../../../../H-x86_64-mingw32/nios2-elf/lib/pg\libc.a(lib_a-memmove.o)
 .text.memmove  0x000000000402ce2c      0x164 c:/intelfpga_lite/18.1/nios2eds/bin/gnu/h-x86_64-mingw32/bin/../lib/gcc/nios2-elf/5.3.0/../../../../../H-x86_64-mingw32/nios2-elf/lib/pg\libc.a(lib_a-memmove.o)
                0x000000000402ce2c                memmove
 .text          0x000000000402cf90        0x0 c:/intelfpga_lite/18.1/nios2eds/bin/gnu/h-x86_64-mingw32/bin/../lib/gcc/nios2-elf/5.3.0/../../../../../H-x86_64-mingw32/nios2-elf/lib/pg\libc.a(lib_a-mprec.o)
 .text._Balloc  0x000000000402cf90       0xb4 c:/intelfpga_lite/18.1/nios2eds/bin/gnu/h-x86_64-mingw32/bin/../lib/gcc/nios2-elf/5.3.0/../../../../../H-x86_64-mingw32/nios2-elf/lib/pg\libc.a(lib_a-mprec.o)
                0x000000000402cf90                _Balloc
 .text._Bfree   0x000000000402d044       0x34 c:/intelfpga_lite/18.1/nios2eds/bin/gnu/h-x86_64-mingw32/bin/../lib/gcc/nios2-elf/5.3.0/../../../../../H-x86_64-mingw32/nios2-elf/lib/pg\libc.a(lib_a-mprec.o)
                0x000000000402d044                _Bfree
 .text.__multadd
                0x000000000402d078      0x12c c:/intelfpga_lite/18.1/nios2eds/bin/gnu/h-x86_64-mingw32/bin/../lib/gcc/nios2-elf/5.3.0/../../../../../H-x86_64-mingw32/nios2-elf/lib/pg\libc.a(lib_a-mprec.o)
                0x000000000402d078                __multadd
 .text.__s2b    0x000000000402d1a4      0x110 c:/intelfpga_lite/18.1/nios2eds/bin/gnu/h-x86_64-mingw32/bin/../lib/gcc/nios2-elf/5.3.0/../../../../../H-x86_64-mingw32/nios2-elf/lib/pg\libc.a(lib_a-mprec.o)
                0x000000000402d1a4                __s2b
 .text.__hi0bits
                0x000000000402d2b4       0x74 c:/intelfpga_lite/18.1/nios2eds/bin/gnu/h-x86_64-mingw32/bin/../lib/gcc/nios2-elf/5.3.0/../../../../../H-x86_64-mingw32/nios2-elf/lib/pg\libc.a(lib_a-mprec.o)
                0x000000000402d2b4                __hi0bits
 .text.__lo0bits
                0x000000000402d328       0xbc c:/intelfpga_lite/18.1/nios2eds/bin/gnu/h-x86_64-mingw32/bin/../lib/gcc/nios2-elf/5.3.0/../../../../../H-x86_64-mingw32/nios2-elf/lib/pg\libc.a(lib_a-mprec.o)
                0x000000000402d328                __lo0bits
 .text.__i2b    0x000000000402d3e4       0x48 c:/intelfpga_lite/18.1/nios2eds/bin/gnu/h-x86_64-mingw32/bin/../lib/gcc/nios2-elf/5.3.0/../../../../../H-x86_64-mingw32/nios2-elf/lib/pg\libc.a(lib_a-mprec.o)
                0x000000000402d3e4                __i2b
 .text.__multiply
                0x000000000402d42c      0x204 c:/intelfpga_lite/18.1/nios2eds/bin/gnu/h-x86_64-mingw32/bin/../lib/gcc/nios2-elf/5.3.0/../../../../../H-x86_64-mingw32/nios2-elf/lib/pg\libc.a(lib_a-mprec.o)
                0x000000000402d42c                __multiply
 .text.__pow5mult
                0x000000000402d630      0x14c c:/intelfpga_lite/18.1/nios2eds/bin/gnu/h-x86_64-mingw32/bin/../lib/gcc/nios2-elf/5.3.0/../../../../../H-x86_64-mingw32/nios2-elf/lib/pg\libc.a(lib_a-mprec.o)
                0x000000000402d630                __pow5mult
 .text.__lshift
                0x000000000402d77c      0x154 c:/intelfpga_lite/18.1/nios2eds/bin/gnu/h-x86_64-mingw32/bin/../lib/gcc/nios2-elf/5.3.0/../../../../../H-x86_64-mingw32/nios2-elf/lib/pg\libc.a(lib_a-mprec.o)
                0x000000000402d77c                __lshift
 .text.__mcmp   0x000000000402d8d0       0x6c c:/intelfpga_lite/18.1/nios2eds/bin/gnu/h-x86_64-mingw32/bin/../lib/gcc/nios2-elf/5.3.0/../../../../../H-x86_64-mingw32/nios2-elf/lib/pg\libc.a(lib_a-mprec.o)
                0x000000000402d8d0                __mcmp
 .text.__mdiff  0x000000000402d93c      0x208 c:/intelfpga_lite/18.1/nios2eds/bin/gnu/h-x86_64-mingw32/bin/../lib/gcc/nios2-elf/5.3.0/../../../../../H-x86_64-mingw32/nios2-elf/lib/pg\libc.a(lib_a-mprec.o)
                0x000000000402d93c                __mdiff
 .text.__ulp    0x000000000402db44       0x6c c:/intelfpga_lite/18.1/nios2eds/bin/gnu/h-x86_64-mingw32/bin/../lib/gcc/nios2-elf/5.3.0/../../../../../H-x86_64-mingw32/nios2-elf/lib/pg\libc.a(lib_a-mprec.o)
                0x000000000402db44                __ulp
 .text.__b2d    0x000000000402dbb0      0x118 c:/intelfpga_lite/18.1/nios2eds/bin/gnu/h-x86_64-mingw32/bin/../lib/gcc/nios2-elf/5.3.0/../../../../../H-x86_64-mingw32/nios2-elf/lib/pg\libc.a(lib_a-mprec.o)
                0x000000000402dbb0                __b2d
 .text.__d2b    0x000000000402dcc8      0x158 c:/intelfpga_lite/18.1/nios2eds/bin/gnu/h-x86_64-mingw32/bin/../lib/gcc/nios2-elf/5.3.0/../../../../../H-x86_64-mingw32/nios2-elf/lib/pg\libc.a(lib_a-mprec.o)
                0x000000000402dcc8                __d2b
 .text.__ratio  0x000000000402de20       0xb0 c:/intelfpga_lite/18.1/nios2eds/bin/gnu/h-x86_64-mingw32/bin/../lib/gcc/nios2-elf/5.3.0/../../../../../H-x86_64-mingw32/nios2-elf/lib/pg\libc.a(lib_a-mprec.o)
                0x000000000402de20                __ratio
 .text._mprec_log10
                0x000000000402ded0       0x80 c:/intelfpga_lite/18.1/nios2eds/bin/gnu/h-x86_64-mingw32/bin/../lib/gcc/nios2-elf/5.3.0/../../../../../H-x86_64-mingw32/nios2-elf/lib/pg\libc.a(lib_a-mprec.o)
                0x000000000402ded0                _mprec_log10
 .text.__copybits
                0x000000000402df50       0x84 c:/intelfpga_lite/18.1/nios2eds/bin/gnu/h-x86_64-mingw32/bin/../lib/gcc/nios2-elf/5.3.0/../../../../../H-x86_64-mingw32/nios2-elf/lib/pg\libc.a(lib_a-mprec.o)
                0x000000000402df50                __copybits
 .text.__any_on
                0x000000000402dfd4       0x94 c:/intelfpga_lite/18.1/nios2eds/bin/gnu/h-x86_64-mingw32/bin/../lib/gcc/nios2-elf/5.3.0/../../../../../H-x86_64-mingw32/nios2-elf/lib/pg\libc.a(lib_a-mprec.o)
                0x000000000402dfd4                __any_on
 .text          0x000000000402e068        0x0 c:/intelfpga_lite/18.1/nios2eds/bin/gnu/h-x86_64-mingw32/bin/../lib/gcc/nios2-elf/5.3.0/../../../../../H-x86_64-mingw32/nios2-elf/lib/pg\libc.a(lib_a-putc.o)
 .text._putc_r  0x000000000402e068       0xac c:/intelfpga_lite/18.1/nios2eds/bin/gnu/h-x86_64-mingw32/bin/../lib/gcc/nios2-elf/5.3.0/../../../../../H-x86_64-mingw32/nios2-elf/lib/pg\libc.a(lib_a-putc.o)
                0x000000000402e068                _putc_r
 .text.putc     0x000000000402e114       0xd4 c:/intelfpga_lite/18.1/nios2eds/bin/gnu/h-x86_64-mingw32/bin/../lib/gcc/nios2-elf/5.3.0/../../../../../H-x86_64-mingw32/nios2-elf/lib/pg\libc.a(lib_a-putc.o)
                0x000000000402e114                putc
 .text          0x000000000402e1e8        0x0 c:/intelfpga_lite/18.1/nios2eds/bin/gnu/h-x86_64-mingw32/bin/../lib/gcc/nios2-elf/5.3.0/../../../../../H-x86_64-mingw32/nios2-elf/lib/pg\libc.a(lib_a-reallocr.o)
 .text._realloc_r
                0x000000000402e1e8      0x570 c:/intelfpga_lite/18.1/nios2eds/bin/gnu/h-x86_64-mingw32/bin/../lib/gcc/nios2-elf/5.3.0/../../../../../H-x86_64-mingw32/nios2-elf/lib/pg\libc.a(lib_a-reallocr.o)
                0x000000000402e1e8                _realloc_r
 .text          0x000000000402e758        0x0 c:/intelfpga_lite/18.1/nios2eds/bin/gnu/h-x86_64-mingw32/bin/../lib/gcc/nios2-elf/5.3.0/../../../../../H-x86_64-mingw32/nios2-elf/lib/pg\libc.a(lib_a-s_fpclassify.o)
 .text.__fpclassifyd
                0x000000000402e758       0x80 c:/intelfpga_lite/18.1/nios2eds/bin/gnu/h-x86_64-mingw32/bin/../lib/gcc/nios2-elf/5.3.0/../../../../../H-x86_64-mingw32/nios2-elf/lib/pg\libc.a(lib_a-s_fpclassify.o)
                0x000000000402e758                __fpclassifyd
 .text          0x000000000402e7d8        0x0 c:/intelfpga_lite/18.1/nios2eds/bin/gnu/h-x86_64-mingw32/bin/../lib/gcc/nios2-elf/5.3.0/../../../../../H-x86_64-mingw32/nios2-elf/lib/pg\libc.a(lib_a-stdio.o)
 .text.__sread  0x000000000402e7d8       0x60 c:/intelfpga_lite/18.1/nios2eds/bin/gnu/h-x86_64-mingw32/bin/../lib/gcc/nios2-elf/5.3.0/../../../../../H-x86_64-mingw32/nios2-elf/lib/pg\libc.a(lib_a-stdio.o)
                0x000000000402e7d8                __sread
 .text.__seofread
                0x000000000402e838       0x14 c:/intelfpga_lite/18.1/nios2eds/bin/gnu/h-x86_64-mingw32/bin/../lib/gcc/nios2-elf/5.3.0/../../../../../H-x86_64-mingw32/nios2-elf/lib/pg\libc.a(lib_a-stdio.o)
                0x000000000402e838                __seofread
 .text.__swrite
                0x000000000402e84c       0x88 c:/intelfpga_lite/18.1/nios2eds/bin/gnu/h-x86_64-mingw32/bin/../lib/gcc/nios2-elf/5.3.0/../../../../../H-x86_64-mingw32/nios2-elf/lib/pg\libc.a(lib_a-stdio.o)
                0x000000000402e84c                __swrite
 .text.__sseek  0x000000000402e8d4       0x68 c:/intelfpga_lite/18.1/nios2eds/bin/gnu/h-x86_64-mingw32/bin/../lib/gcc/nios2-elf/5.3.0/../../../../../H-x86_64-mingw32/nios2-elf/lib/pg\libc.a(lib_a-stdio.o)
                0x000000000402e8d4                __sseek
 .text.__sclose
                0x000000000402e93c       0x14 c:/intelfpga_lite/18.1/nios2eds/bin/gnu/h-x86_64-mingw32/bin/../lib/gcc/nios2-elf/5.3.0/../../../../../H-x86_64-mingw32/nios2-elf/lib/pg\libc.a(lib_a-stdio.o)
                0x000000000402e93c                __sclose
 .text          0x000000000402e950        0x0 c:/intelfpga_lite/18.1/nios2eds/bin/gnu/h-x86_64-mingw32/bin/../lib/gcc/nios2-elf/5.3.0/../../../../../H-x86_64-mingw32/nios2-elf/lib/pg\libc.a(lib_a-vfiprintf.o)
 .text.__sprint_r.part.0
                0x000000000402e950      0x108 c:/intelfpga_lite/18.1/nios2eds/bin/gnu/h-x86_64-mingw32/bin/../lib/gcc/nios2-elf/5.3.0/../../../../../H-x86_64-mingw32/nios2-elf/lib/pg\libc.a(lib_a-vfiprintf.o)
 .text.__sprint_r
                0x000000000402ea58       0x24 c:/intelfpga_lite/18.1/nios2eds/bin/gnu/h-x86_64-mingw32/bin/../lib/gcc/nios2-elf/5.3.0/../../../../../H-x86_64-mingw32/nios2-elf/lib/pg\libc.a(lib_a-vfiprintf.o)
                0x000000000402ea58                __sprint_r
 .text.___vfiprintf_internal_r
                0x000000000402ea7c     0x1468 c:/intelfpga_lite/18.1/nios2eds/bin/gnu/h-x86_64-mingw32/bin/../lib/gcc/nios2-elf/5.3.0/../../../../../H-x86_64-mingw32/nios2-elf/lib/pg\libc.a(lib_a-vfiprintf.o)
                0x000000000402ea7c                ___vfiprintf_internal_r
 .text.__vfiprintf_internal
                0x000000000402fee4       0x28 c:/intelfpga_lite/18.1/nios2eds/bin/gnu/h-x86_64-mingw32/bin/../lib/gcc/nios2-elf/5.3.0/../../../../../H-x86_64-mingw32/nios2-elf/lib/pg\libc.a(lib_a-vfiprintf.o)
                0x000000000402fee4                __vfiprintf_internal
 .text.__sbprintf
                0x000000000402ff0c       0xc8 c:/intelfpga_lite/18.1/nios2eds/bin/gnu/h-x86_64-mingw32/bin/../lib/gcc/nios2-elf/5.3.0/../../../../../H-x86_64-mingw32/nios2-elf/lib/pg\libc.a(lib_a-vfiprintf.o)
 .text          0x000000000402ffd4        0x0 c:/intelfpga_lite/18.1/nios2eds/bin/gnu/h-x86_64-mingw32/bin/../lib/gcc/nios2-elf/5.3.0/../../../../../H-x86_64-mingw32/nios2-elf/lib/pg\libc.a(lib_a-wbuf.o)
 .text.__swbuf_r
                0x000000000402ffd4      0x14c c:/intelfpga_lite/18.1/nios2eds/bin/gnu/h-x86_64-mingw32/bin/../lib/gcc/nios2-elf/5.3.0/../../../../../H-x86_64-mingw32/nios2-elf/lib/pg\libc.a(lib_a-wbuf.o)
                0x000000000402ffd4                __swbuf_r
 .text.__swbuf  0x0000000004030120       0x24 c:/intelfpga_lite/18.1/nios2eds/bin/gnu/h-x86_64-mingw32/bin/../lib/gcc/nios2-elf/5.3.0/../../../../../H-x86_64-mingw32/nios2-elf/lib/pg\libc.a(lib_a-wbuf.o)
                0x0000000004030120                __swbuf
 .text          0x0000000004030144        0x0 c:/intelfpga_lite/18.1/nios2eds/bin/gnu/h-x86_64-mingw32/bin/../lib/gcc/nios2-elf/5.3.0/../../../../../H-x86_64-mingw32/nios2-elf/lib/pg\libc.a(lib_a-writer.o)
 .text._write_r
                0x0000000004030144       0x6c c:/intelfpga_lite/18.1/nios2eds/bin/gnu/h-x86_64-mingw32/bin/../lib/gcc/nios2-elf/5.3.0/../../../../../H-x86_64-mingw32/nios2-elf/lib/pg\libc.a(lib_a-writer.o)
                0x0000000004030144                _write_r
 .text          0x00000000040301b0        0x0 c:/intelfpga_lite/18.1/nios2eds/bin/gnu/h-x86_64-mingw32/bin/../lib/gcc/nios2-elf/5.3.0/../../../../../H-x86_64-mingw32/nios2-elf/lib/pg\libc.a(closer.o)
 .text._close_r
                0x00000000040301b0       0x60 c:/intelfpga_lite/18.1/nios2eds/bin/gnu/h-x86_64-mingw32/bin/../lib/gcc/nios2-elf/5.3.0/../../../../../H-x86_64-mingw32/nios2-elf/lib/pg\libc.a(closer.o)
                0x00000000040301b0                _close_r
 .text          0x0000000004030210        0x0 c:/intelfpga_lite/18.1/nios2eds/bin/gnu/h-x86_64-mingw32/bin/../lib/gcc/nios2-elf/5.3.0/../../../../../H-x86_64-mingw32/nios2-elf/lib/pg\libc.a(lib_a-callocr.o)
 .text._calloc_r
                0x0000000004030210       0xd0 c:/intelfpga_lite/18.1/nios2eds/bin/gnu/h-x86_64-mingw32/bin/../lib/gcc/nios2-elf/5.3.0/../../../../../H-x86_64-mingw32/nios2-elf/lib/pg\libc.a(lib_a-callocr.o)
                0x0000000004030210                _calloc_r
 .text          0x00000000040302e0        0x0 c:/intelfpga_lite/18.1/nios2eds/bin/gnu/h-x86_64-mingw32/bin/../lib/gcc/nios2-elf/5.3.0/../../../../../H-x86_64-mingw32/nios2-elf/lib/pg\libc.a(lib_a-fclose.o)
 .text._fclose_r
                0x00000000040302e0       0xfc c:/intelfpga_lite/18.1/nios2eds/bin/gnu/h-x86_64-mingw32/bin/../lib/gcc/nios2-elf/5.3.0/../../../../../H-x86_64-mingw32/nios2-elf/lib/pg\libc.a(lib_a-fclose.o)
                0x00000000040302e0                _fclose_r
 .text.fclose   0x00000000040303dc       0x20 c:/intelfpga_lite/18.1/nios2eds/bin/gnu/h-x86_64-mingw32/bin/../lib/gcc/nios2-elf/5.3.0/../../../../../H-x86_64-mingw32/nios2-elf/lib/pg\libc.a(lib_a-fclose.o)
                0x00000000040303dc                fclose
 .text          0x00000000040303fc        0x0 c:/intelfpga_lite/18.1/nios2eds/bin/gnu/h-x86_64-mingw32/bin/../lib/gcc/nios2-elf/5.3.0/../../../../../H-x86_64-mingw32/nios2-elf/lib/pg\libc.a(lib_a-fputwc.o)
 .text.__fputwc
                0x00000000040303fc      0x170 c:/intelfpga_lite/18.1/nios2eds/bin/gnu/h-x86_64-mingw32/bin/../lib/gcc/nios2-elf/5.3.0/../../../../../H-x86_64-mingw32/nios2-elf/lib/pg\libc.a(lib_a-fputwc.o)
                0x00000000040303fc                __fputwc
 .text._fputwc_r
                0x000000000403056c       0x30 c:/intelfpga_lite/18.1/nios2eds/bin/gnu/h-x86_64-mingw32/bin/../lib/gcc/nios2-elf/5.3.0/../../../../../H-x86_64-mingw32/nios2-elf/lib/pg\libc.a(lib_a-fputwc.o)
                0x000000000403056c                _fputwc_r
 .text.fputwc   0x000000000403059c       0x8c c:/intelfpga_lite/18.1/nios2eds/bin/gnu/h-x86_64-mingw32/bin/../lib/gcc/nios2-elf/5.3.0/../../../../../H-x86_64-mingw32/nios2-elf/lib/pg\libc.a(lib_a-fputwc.o)
                0x000000000403059c                fputwc
 .text          0x0000000004030628        0x0 c:/intelfpga_lite/18.1/nios2eds/bin/gnu/h-x86_64-mingw32/bin/../lib/gcc/nios2-elf/5.3.0/../../../../../H-x86_64-mingw32/nios2-elf/lib/pg\libc.a(lib_a-fstatr.o)
 .text._fstat_r
                0x0000000004030628       0x68 c:/intelfpga_lite/18.1/nios2eds/bin/gnu/h-x86_64-mingw32/bin/../lib/gcc/nios2-elf/5.3.0/../../../../../H-x86_64-mingw32/nios2-elf/lib/pg\libc.a(lib_a-fstatr.o)
                0x0000000004030628                _fstat_r
 .text          0x0000000004030690        0x0 c:/intelfpga_lite/18.1/nios2eds/bin/gnu/h-x86_64-mingw32/bin/../lib/gcc/nios2-elf/5.3.0/../../../../../H-x86_64-mingw32/nios2-elf/lib/pg\libc.a(lib_a-isattyr.o)
 .text._isatty_r
                0x0000000004030690       0x60 c:/intelfpga_lite/18.1/nios2eds/bin/gnu/h-x86_64-mingw32/bin/../lib/gcc/nios2-elf/5.3.0/../../../../../H-x86_64-mingw32/nios2-elf/lib/pg\libc.a(lib_a-isattyr.o)
                0x0000000004030690                _isatty_r
 .text          0x00000000040306f0        0x0 c:/intelfpga_lite/18.1/nios2eds/bin/gnu/h-x86_64-mingw32/bin/../lib/gcc/nios2-elf/5.3.0/../../../../../H-x86_64-mingw32/nios2-elf/lib/pg\libc.a(lib_a-lseekr.o)
 .text._lseek_r
                0x00000000040306f0       0x6c c:/intelfpga_lite/18.1/nios2eds/bin/gnu/h-x86_64-mingw32/bin/../lib/gcc/nios2-elf/5.3.0/../../../../../H-x86_64-mingw32/nios2-elf/lib/pg\libc.a(lib_a-lseekr.o)
                0x00000000040306f0                _lseek_r
 .text          0x000000000403075c        0x0 c:/intelfpga_lite/18.1/nios2eds/bin/gnu/h-x86_64-mingw32/bin/../lib/gcc/nios2-elf/5.3.0/../../../../../H-x86_64-mingw32/nios2-elf/lib/pg\libc.a(lib_a-readr.o)
 .text._read_r  0x000000000403075c       0x6c c:/intelfpga_lite/18.1/nios2eds/bin/gnu/h-x86_64-mingw32/bin/../lib/gcc/nios2-elf/5.3.0/../../../../../H-x86_64-mingw32/nios2-elf/lib/pg\libc.a(lib_a-readr.o)
                0x000000000403075c                _read_r
 .text          0x00000000040307c8        0x0 c:/intelfpga_lite/18.1/nios2eds/bin/gnu/h-x86_64-mingw32/bin/../lib/gcc/nios2-elf/5.3.0/../../../../../H-x86_64-mingw32/nios2-elf/lib/pg\libc.a(lib_a-wcrtomb.o)
 .text._wcrtomb_r
                0x00000000040307c8       0xa8 c:/intelfpga_lite/18.1/nios2eds/bin/gnu/h-x86_64-mingw32/bin/../lib/gcc/nios2-elf/5.3.0/../../../../../H-x86_64-mingw32/nios2-elf/lib/pg\libc.a(lib_a-wcrtomb.o)
                0x00000000040307c8                _wcrtomb_r
 .text.wcrtomb  0x0000000004030870       0xcc c:/intelfpga_lite/18.1/nios2eds/bin/gnu/h-x86_64-mingw32/bin/../lib/gcc/nios2-elf/5.3.0/../../../../../H-x86_64-mingw32/nios2-elf/lib/pg\libc.a(lib_a-wcrtomb.o)
                0x0000000004030870                wcrtomb
 .text          0x000000000403093c        0x0 c:/intelfpga_lite/18.1/nios2eds/bin/gnu/h-x86_64-mingw32/bin/../lib/gcc/nios2-elf/5.3.0/../../../../../H-x86_64-mingw32/nios2-elf/lib/pg\libc.a(lib_a-wctomb_r.o)
 .text.__ascii_wctomb
                0x000000000403093c       0x3c c:/intelfpga_lite/18.1/nios2eds/bin/gnu/h-x86_64-mingw32/bin/../lib/gcc/nios2-elf/5.3.0/../../../../../H-x86_64-mingw32/nios2-elf/lib/pg\libc.a(lib_a-wctomb_r.o)
                0x000000000403093c                __ascii_wctomb
 .text._wctomb_r
                0x0000000004030978       0x68 c:/intelfpga_lite/18.1/nios2eds/bin/gnu/h-x86_64-mingw32/bin/../lib/gcc/nios2-elf/5.3.0/../../../../../H-x86_64-mingw32/nios2-elf/lib/pg\libc.a(lib_a-wctomb_r.o)
                0x0000000004030978                _wctomb_r
 .text          0x00000000040309e0       0x6c c:/intelfpga_lite/18.1/nios2eds/bin/gnu/h-x86_64-mingw32/bin/../lib/gcc/nios2-elf/5.3.0/pg\libgcc.a(_muldi3.o)
                0x00000000040309e0                __muldi3
 .text          0x0000000004030a4c      0x584 c:/intelfpga_lite/18.1/nios2eds/bin/gnu/h-x86_64-mingw32/bin/../lib/gcc/nios2-elf/5.3.0/pg\libgcc.a(_udivdi3.o)
                0x0000000004030a4c                __udivdi3
 .text          0x0000000004030fd0      0x544 c:/intelfpga_lite/18.1/nios2eds/bin/gnu/h-x86_64-mingw32/bin/../lib/gcc/nios2-elf/5.3.0/pg\libgcc.a(_umoddi3.o)
                0x0000000004030fd0                __umoddi3
 .text          0x0000000004031514      0x8b8 c:/intelfpga_lite/18.1/nios2eds/bin/gnu/h-x86_64-mingw32/bin/../lib/gcc/nios2-elf/5.3.0/pg\libgcc.a(adddf3.o)
                0x0000000004031514                __adddf3
 .text          0x0000000004031dcc      0x8f4 c:/intelfpga_lite/18.1/nios2eds/bin/gnu/h-x86_64-mingw32/bin/../lib/gcc/nios2-elf/5.3.0/pg\libgcc.a(divdf3.o)
                0x0000000004031dcc                __divdf3
 .text          0x00000000040326c0       0x90 c:/intelfpga_lite/18.1/nios2eds/bin/gnu/h-x86_64-mingw32/bin/../lib/gcc/nios2-elf/5.3.0/pg\libgcc.a(eqdf2.o)
                0x00000000040326c0                __nedf2
                0x00000000040326c0                __eqdf2
 .text          0x0000000004032750       0xe4 c:/intelfpga_lite/18.1/nios2eds/bin/gnu/h-x86_64-mingw32/bin/../lib/gcc/nios2-elf/5.3.0/pg\libgcc.a(gedf2.o)
                0x0000000004032750                __gedf2
                0x0000000004032750                __gtdf2
 .text          0x0000000004032834       0xf8 c:/intelfpga_lite/18.1/nios2eds/bin/gnu/h-x86_64-mingw32/bin/../lib/gcc/nios2-elf/5.3.0/pg\libgcc.a(ledf2.o)
                0x0000000004032834                __ledf2
                0x0000000004032834                __ltdf2
 .text          0x000000000403292c      0x724 c:/intelfpga_lite/18.1/nios2eds/bin/gnu/h-x86_64-mingw32/bin/../lib/gcc/nios2-elf/5.3.0/pg\libgcc.a(muldf3.o)
                0x000000000403292c                __muldf3
 .text          0x0000000004033050      0x908 c:/intelfpga_lite/18.1/nios2eds/bin/gnu/h-x86_64-mingw32/bin/../lib/gcc/nios2-elf/5.3.0/pg\libgcc.a(subdf3.o)
                0x0000000004033050                __subdf3
 .text          0x0000000004033958       0x8c c:/intelfpga_lite/18.1/nios2eds/bin/gnu/h-x86_64-mingw32/bin/../lib/gcc/nios2-elf/5.3.0/pg\libgcc.a(fixdfsi.o)
                0x0000000004033958                __fixdfsi
 .text          0x00000000040339e4       0xe8 c:/intelfpga_lite/18.1/nios2eds/bin/gnu/h-x86_64-mingw32/bin/../lib/gcc/nios2-elf/5.3.0/pg\libgcc.a(floatsidf.o)
                0x00000000040339e4                __floatsidf
 .text          0x0000000004033acc       0xb4 c:/intelfpga_lite/18.1/nios2eds/bin/gnu/h-x86_64-mingw32/bin/../lib/gcc/nios2-elf/5.3.0/pg\libgcc.a(floatunsidf.o)
                0x0000000004033acc                __floatunsidf
 .text          0x0000000004033b80       0xc8 ../LUTBrain_NIOS_bsp/\libhal_bsp.a(alt_close.o)
                0x0000000004033b80                close
 .text          0x0000000004033c48       0x14 ../LUTBrain_NIOS_bsp/\libhal_bsp.a(alt_dev.o)
 .text          0x0000000004033c5c        0x0 ../LUTBrain_NIOS_bsp/\libhal_bsp.a(alt_errno.o)
 .text          0x0000000004033c5c       0x44 ../LUTBrain_NIOS_bsp/\libhal_bsp.a(alt_exit.o)
                0x0000000004033c5c                _exit
 .text          0x0000000004033ca0       0x84 ../LUTBrain_NIOS_bsp/\libhal_bsp.a(alt_fstat.o)
                0x0000000004033ca0                fstat
 .text          0x0000000004033d24       0x14 ../LUTBrain_NIOS_bsp/\libhal_bsp.a(alt_getpid.o)
                0x0000000004033d24                getpid
 .text          0x0000000004033d38      0x1f0 ../LUTBrain_NIOS_bsp/\libhal_bsp.a(alt_gmon.o)
                0x0000000004033d80                __mcount_record
 .text          0x0000000004033f28       0x90 ../LUTBrain_NIOS_bsp/\libhal_bsp.a(alt_isatty.o)
                0x0000000004033f28                isatty
 .text          0x0000000004033fb8      0x104 ../LUTBrain_NIOS_bsp/\libhal_bsp.a(alt_kill.o)
                0x0000000004033fb8                kill
 .text          0x00000000040340bc       0xd8 ../LUTBrain_NIOS_bsp/\libhal_bsp.a(alt_load.o)
                0x00000000040340bc                alt_load
 .text          0x0000000004034194       0x88 ../LUTBrain_NIOS_bsp/\libhal_bsp.a(alt_lseek.o)
                0x0000000004034194                lseek
 .text          0x000000000403421c       0x6c ../LUTBrain_NIOS_bsp/\libhal_bsp.a(alt_main.o)
                0x000000000403421c                alt_main
 .text          0x0000000004034288       0x20 ../LUTBrain_NIOS_bsp/\libhal_bsp.a(alt_malloc_lock.o)
                0x0000000004034288                __malloc_lock
                0x0000000004034298                __malloc_unlock
 .text          0x00000000040342a8       0x9c ../LUTBrain_NIOS_bsp/\libhal_bsp.a(alt_mcount.o)
                0x00000000040342a8                _mcount
                0x00000000040342a8                mcount
 .text          0x0000000004034344       0xd4 ../LUTBrain_NIOS_bsp/\libhal_bsp.a(alt_read.o)
                0x0000000004034344                read
 .text          0x0000000004034418       0x30 ../LUTBrain_NIOS_bsp/\libhal_bsp.a(alt_release_fd.o)
                0x0000000004034418                alt_release_fd
 .text          0x0000000004034448       0x4c ../LUTBrain_NIOS_bsp/\libhal_bsp.a(alt_sbrk.o)
                0x0000000004034448                sbrk
 .text          0x0000000004034494      0x140 ../LUTBrain_NIOS_bsp/\libhal_bsp.a(alt_tick.o)
                0x0000000004034494                alt_alarm_stop
                0x00000000040344d4                alt_tick
 .text          0x00000000040345d4       0xd0 ../LUTBrain_NIOS_bsp/\libhal_bsp.a(alt_write.o)
                0x00000000040345d4                write
 .text          0x00000000040346a4       0xa4 ../LUTBrain_NIOS_bsp/\libhal_bsp.a(alt_sys_init.o)
                0x00000000040346a4                alt_irq_init
                0x00000000040346d0                alt_sys_init
 .text          0x0000000004034748       0x6c ../LUTBrain_NIOS_bsp/\libhal_bsp.a(altera_avalon_jtag_uart_fd.o)
                0x0000000004034748                altera_avalon_jtag_uart_read_fd
                0x0000000004034764                altera_avalon_jtag_uart_write_fd
                0x0000000004034780                altera_avalon_jtag_uart_close_fd
                0x000000000403479c                altera_avalon_jtag_uart_ioctl_fd
 .text          0x00000000040347b4      0x248 ../LUTBrain_NIOS_bsp/\libhal_bsp.a(altera_avalon_jtag_uart_init.o)
                0x0000000004034920                altera_avalon_jtag_uart_init
                0x00000000040349a4                altera_avalon_jtag_uart_close
 .text          0x00000000040349fc       0x80 ../LUTBrain_NIOS_bsp/\libhal_bsp.a(altera_avalon_jtag_uart_ioctl.o)
                0x00000000040349fc                altera_avalon_jtag_uart_ioctl
 .text          0x0000000004034a7c      0x160 ../LUTBrain_NIOS_bsp/\libhal_bsp.a(altera_avalon_jtag_uart_read.o)
                0x0000000004034a7c                altera_avalon_jtag_uart_read
 .text          0x0000000004034bdc      0x1ac ../LUTBrain_NIOS_bsp/\libhal_bsp.a(altera_avalon_jtag_uart_write.o)
                0x0000000004034bdc                altera_avalon_jtag_uart_write
 .text          0x0000000004034d88       0x9c ../LUTBrain_NIOS_bsp/\libhal_bsp.a(altera_avalon_timer_sc.o)
                0x0000000004034dd0                alt_avalon_timer_sc_init
 .text          0x0000000004034e24        0x0 ../LUTBrain_NIOS_bsp/\libhal_bsp.a(altera_avalon_timer_vars.o)
 .text          0x0000000004034e24       0x8c ../LUTBrain_NIOS_bsp/\libhal_bsp.a(alt_alarm_start.o)
                0x0000000004034e24                alt_alarm_start
 .text          0x0000000004034eb0       0x24 ../LUTBrain_NIOS_bsp/\libhal_bsp.a(alt_dcache_flush_all.o)